<?xml version="1.0" encoding="utf-8"?>
<CoverageSession xmlns:xsd="http://www.w3.org/2001/XMLSchema" xmlns:xsi="http://www.w3.org/2001/XMLSchema-instance" Version="4.7.922.0">
  <Summary numSequencePoints="2090" visitedSequencePoints="0" numBranchPoints="1619" visitedBranchPoints="0" sequenceCoverage="0" branchCoverage="0" maxCyclomaticComplexity="67" minCyclomaticComplexity="1" maxCrapScore="4556" minCrapScore="2" visitedClasses="0" numClasses="94" visitedMethods="0" numMethods="474" />
  <Modules>
    <Module skippedDueTo="Filter" hash="44-9C-80-98-C8-8D-FB-A7-9D-94-FD-E6-5A-C2-4F-FF-CB-3B-3F-CD">
      <ModulePath>C:\Program Files\dotnet\shared\Microsoft.NETCore.App\2.0.9\System.Private.CoreLib.dll</ModulePath>
      <ModuleTime>2018-06-14T14:46:04Z</ModuleTime>
      <ModuleName>System.Private.CoreLib</ModuleName>
      <Classes />
    </Module>
    <Module hash="24-96-32-32-51-E5-0C-91-7E-17-32-1D-60-52-9A-ED-3B-87-7B-EE">
      <Summary numSequencePoints="2090" visitedSequencePoints="0" numBranchPoints="1619" visitedBranchPoints="0" sequenceCoverage="0" branchCoverage="0" maxCyclomaticComplexity="67" minCyclomaticComplexity="1" maxCrapScore="4556" minCrapScore="2" visitedClasses="0" numClasses="94" visitedMethods="0" numMethods="474" />
      <ModulePath>c:\Projects\NetworkAdapterManager\packages\xunit.runner.console.2.4.1\tools\netcoreapp2.0\xunit.console.dll</ModulePath>
      <ModuleTime>2018-10-29T02:17:04Z</ModuleTime>
      <ModuleName>xunit.console</ModuleName>
      <Files>
        <File uid="1" fullPath="C:\Dev\xunit\xunit\src\common\AssemblyExtensions.cs" />
        <File uid="2" fullPath="C:\Dev\xunit\xunit\src\common\DictionaryExtensions.cs" />
        <File uid="5" fullPath="C:\Dev\xunit\xunit\src\common\Guard.cs" />
        <File uid="6" fullPath="C:\Dev\xunit\xunit\src\common\AssemblyResolution\Microsoft.Extensions.DependencyModel\CollectionExtensions.cs" />
        <File uid="10" fullPath="C:\Dev\xunit\xunit\src\common\AssemblyResolution\Microsoft.Extensions.DependencyModel\CompilationLibrary.cs" />
        <File uid="11" fullPath="C:\Dev\xunit\xunit\src\common\AssemblyResolution\Microsoft.Extensions.DependencyModel\CompilationOptions.cs" />
        <File uid="12" fullPath="C:\Dev\xunit\xunit\src\common\AssemblyResolution\Microsoft.Extensions.DependencyModel\Dependency.cs" />
        <File uid="13" fullPath="C:\Dev\xunit\xunit\src\common\AssemblyResolution\Microsoft.Extensions.DependencyModel\DependencyContext.cs" />
        <File uid="15" fullPath="C:\Dev\xunit\xunit\src\common\AssemblyResolution\Microsoft.Extensions.DependencyModel\DependencyContextExtensions.cs" />
        <File uid="22" fullPath="C:\Dev\xunit\xunit\src\common\AssemblyResolution\Microsoft.Extensions.DependencyModel\DependencyContextJsonReader.cs" />
        <File uid="26" fullPath="C:\Dev\xunit\xunit\src\common\AssemblyResolution\Microsoft.Extensions.DependencyModel\DependencyContextLoader.cs" />
        <File uid="28" fullPath="C:\Dev\xunit\xunit\src\common\AssemblyResolution\Microsoft.Extensions.DependencyModel\DependencyContextPaths.cs" />
        <File uid="29" fullPath="C:\Dev\xunit\xunit\src\common\AssemblyResolution\Microsoft.Extensions.DependencyModel\DirectoryWrapper.cs" />
        <File uid="30" fullPath="C:\Dev\xunit\xunit\src\common\AssemblyResolution\Microsoft.Extensions.DependencyModel\EnvironmentWrapper.cs" />
        <File uid="31" fullPath="C:\Dev\xunit\xunit\src\common\AssemblyResolution\Microsoft.Extensions.DependencyModel\FileSystemWrapper.cs" />
        <File uid="32" fullPath="C:\Dev\xunit\xunit\src\common\AssemblyResolution\Microsoft.Extensions.DependencyModel\FileWrapper.cs" />
        <File uid="33" fullPath="C:\Dev\xunit\xunit\src\common\AssemblyResolution\Microsoft.Extensions.DependencyModel\Library.cs" />
        <File uid="34" fullPath="C:\Dev\xunit\xunit\src\common\AssemblyResolution\Microsoft.Extensions.DependencyModel\ResourceAssembly.cs" />
        <File uid="35" fullPath="C:\Dev\xunit\xunit\src\common\AssemblyResolution\Microsoft.Extensions.DependencyModel\RuntimeAssembly.cs" />
        <File uid="36" fullPath="C:\Dev\xunit\xunit\src\common\AssemblyResolution\Microsoft.Extensions.DependencyModel\RuntimeAssetGroup.cs" />
        <File uid="37" fullPath="C:\Dev\xunit\xunit\src\common\AssemblyResolution\Microsoft.Extensions.DependencyModel\RuntimeFallbacks.cs" />
        <File uid="38" fullPath="C:\Dev\xunit\xunit\src\common\AssemblyResolution\Microsoft.Extensions.DependencyModel\RuntimeLibrary.cs" />
        <File uid="39" fullPath="C:\Dev\xunit\xunit\src\common\AssemblyResolution\Microsoft.Extensions.DependencyModel\TargetInfo.cs" />
        <File uid="40" fullPath="C:\Dev\xunit\xunit\src\common\AssemblyResolution\Microsoft.Extensions.DependencyModel\Resolution\AppBaseCompilationAssemblyResolver.cs" />
        <File uid="41" fullPath="C:\Dev\xunit\xunit\src\common\AssemblyResolution\Microsoft.Extensions.DependencyModel\Resolution\CompositeCompilationAssemblyResolver.cs" />
        <File uid="42" fullPath="C:\Dev\xunit\xunit\src\common\AssemblyResolution\Microsoft.Extensions.DependencyModel\Resolution\DotNetReferenceAssembliesPathResolver.cs" />
        <File uid="43" fullPath="C:\Dev\xunit\xunit\src\common\AssemblyResolution\Microsoft.Extensions.DependencyModel\Resolution\PackageCompilationAssemblyResolver.cs" />
        <File uid="44" fullPath="C:\Dev\xunit\xunit\src\common\AssemblyResolution\Microsoft.Extensions.DependencyModel\Resolution\ReferenceAssemblyPathResolver.cs" />
        <File uid="45" fullPath="C:\Dev\xunit\xunit\src\common\AssemblyResolution\Microsoft.Extensions.DependencyModel\Resolution\ResolverUtils.cs" />
        <File uid="46" fullPath="C:\Dev\xunit\xunit\src\common\AssemblyResolution\Microsoft.DotNet.PlatformAbstractions\ApplicationEnvironment.cs" />
        <File uid="47" fullPath="C:\Dev\xunit\xunit\src\common\AssemblyResolution\Microsoft.DotNet.PlatformAbstractions\HashCodeCombiner.cs" />
        <File uid="48" fullPath="C:\Dev\xunit\xunit\src\common\AssemblyResolution\Microsoft.DotNet.PlatformAbstractions\RuntimeEnvironment.cs" />
        <File uid="49" fullPath="C:\Dev\xunit\xunit\src\common\AssemblyResolution\Microsoft.DotNet.PlatformAbstractions\Native\NativeMethods.Darwin.cs" />
        <File uid="50" fullPath="C:\Dev\xunit\xunit\src\common\AssemblyResolution\Microsoft.DotNet.PlatformAbstractions\Native\NativeMethods.Windows.cs" />
        <File uid="51" fullPath="C:\Dev\xunit\xunit\src\common\AssemblyResolution\Microsoft.DotNet.PlatformAbstractions\Native\PlatformApis.cs" />
        <File uid="52" fullPath="C:\Dev\xunit\xunit\src\common\ConsoleHelper.cs" />
        <File uid="53" fullPath="C:\Dev\xunit\xunit\src\common\Json.cs" />
        <File uid="64" fullPath="C:\Dev\xunit\xunit\src\common\AssemblyResolution\AssemblyHelper_NetCoreApp.cs" />
        <File uid="65" fullPath="C:\Dev\xunit\xunit\src\common\AssemblyResolution\DependencyContextAssemblyCache.cs" />
        <File uid="77" fullPath="C:\Dev\xunit\xunit\src\common\AssemblyResolution\XunitPackageCompilationAssemblyResolver.cs" />
        <File uid="79" fullPath="C:\Dev\xunit\xunit\src\common\AssemblyResolution\_DiagnosticMessage.cs" />
        <File uid="80" fullPath="C:\Dev\xunit\xunit\src\xunit.console\CommandLine.cs" />
        <File uid="84" fullPath="C:\Dev\xunit\xunit\src\xunit.console\ConsoleRunner.cs" />
        <File uid="89" fullPath="C:\Dev\xunit\xunit\src\xunit.console\Program.cs" />
        <File uid="90" fullPath="C:\Dev\xunit\xunit\src\xunit.console\Sinks\DiagnosticMessageSink.cs" />
        <File uid="91" fullPath="C:\Dev\xunit\xunit\src\xunit.console\Utility\ConsoleLogger.cs" />
        <File uid="92" fullPath="C:\Dev\xunit\xunit\src\xunit.console\Utility\TransformFactory.cs" />
      </Files>
      <Classes>
        <Class>
          <Summary numSequencePoints="0" visitedSequencePoints="0" numBranchPoints="0" visitedBranchPoints="0" sequenceCoverage="0" branchCoverage="0" maxCyclomaticComplexity="0" minCyclomaticComplexity="0" maxCrapScore="0" minCrapScore="0" visitedClasses="0" numClasses="0" visitedMethods="0" numMethods="0" />
          <FullName>&lt;Module&gt;</FullName>
          <Methods />
        </Class>
        <Class>
          <Summary numSequencePoints="16" visitedSequencePoints="0" numBranchPoints="18" visitedBranchPoints="0" sequenceCoverage="0" branchCoverage="0" maxCyclomaticComplexity="8" minCyclomaticComplexity="3" maxCrapScore="72" minCrapScore="12" visitedClasses="0" numClasses="1" visitedMethods="0" numMethods="2" />
          <FullName>AssemblyExtensions</FullName>
          <Methods>
            <Method visited="false" cyclomaticComplexity="3" nPathComplexity="2" sequenceCoverage="0" branchCoverage="0" crapScore="12" isConstructor="false" isStatic="true" isGetter="false" isSetter="false">
              <Summary numSequencePoints="1" visitedSequencePoints="0" numBranchPoints="3" visitedBranchPoints="0" sequenceCoverage="0" branchCoverage="0" maxCyclomaticComplexity="3" minCyclomaticComplexity="3" maxCrapScore="12" minCrapScore="12" visitedClasses="0" numClasses="0" visitedMethods="0" numMethods="1" />
              <MetadataToken>100663297</MetadataToken>
              <Name>System.String AssemblyExtensions::GetLocalCodeBase(System.Reflection.Assembly)</Name>
              <FileRef uid="1" />
              <SequencePoints>
                <SequencePoint vc="0" uspid="1" ordinal="0" offset="0" sl="11" sc="9" el="11" ec="82" bec="2" bev="0" fileid="1" />
              </SequencePoints>
              <BranchPoints>
                <BranchPoint vc="0" uspid="2" ordinal="0" offset="1" sl="11" path="0" offsetend="3" fileid="1" />
                <BranchPoint vc="0" uspid="3" ordinal="1" offset="1" sl="11" path="1" offsetend="6" fileid="1" />
              </BranchPoints>
              <MethodPoint xsi:type="SequencePoint" vc="0" uspid="1" ordinal="0" offset="0" sl="11" sc="9" el="11" ec="82" bec="2" bev="0" fileid="1" />
            </Method>
            <Method visited="false" cyclomaticComplexity="8" nPathComplexity="128" sequenceCoverage="0" branchCoverage="0" crapScore="72" isConstructor="false" isStatic="true" isGetter="false" isSetter="false">
              <Summary numSequencePoints="15" visitedSequencePoints="0" numBranchPoints="15" visitedBranchPoints="0" sequenceCoverage="0" branchCoverage="0" maxCyclomaticComplexity="8" minCyclomaticComplexity="8" maxCrapScore="72" minCrapScore="72" visitedClasses="0" numClasses="0" visitedMethods="0" numMethods="1" />
              <MetadataToken>100663298</MetadataToken>
              <Name>System.String AssemblyExtensions::GetLocalCodeBase(System.String,System.Char)</Name>
              <FileRef uid="1" />
              <SequencePoints>
                <SequencePoint vc="0" uspid="4" ordinal="0" offset="0" sl="16" sc="9" el="16" ec="30" bec="2" bev="0" fileid="1" />
                <SequencePoint vc="0" uspid="5" ordinal="1" offset="3" sl="17" sc="13" el="17" ec="25" bec="0" bev="0" fileid="1" />
                <SequencePoint vc="0" uspid="6" ordinal="2" offset="5" sl="19" sc="9" el="19" ec="71" bec="2" bev="0" fileid="1" />
                <SequencePoint vc="0" uspid="7" ordinal="3" offset="19" sl="20" sc="13" el="20" ec="128" bec="0" bev="0" fileid="1" />
                <SequencePoint vc="0" uspid="8" ordinal="4" offset="46" sl="23" sc="9" el="23" ec="67" bec="2" bev="0" fileid="1" />
                <SequencePoint vc="0" uspid="9" ordinal="5" offset="70" sl="26" sc="9" el="26" ec="39" bec="2" bev="0" fileid="1" />
                <SequencePoint vc="0" uspid="10" ordinal="6" offset="75" sl="28" sc="13" el="28" ec="27" bec="2" bev="0" fileid="1" />
                <SequencePoint vc="0" uspid="11" ordinal="7" offset="78" sl="29" sc="17" el="29" ec="46" bec="0" bev="0" fileid="1" />
                <SequencePoint vc="0" uspid="12" ordinal="8" offset="86" sl="31" sc="13" el="31" ec="141" bec="0" bev="0" fileid="1" />
                <SequencePoint vc="0" uspid="13" ordinal="9" offset="113" sl="35" sc="9" el="35" ec="40" bec="2" bev="0" fileid="1" />
                <SequencePoint vc="0" uspid="14" ordinal="10" offset="118" sl="37" sc="13" el="37" ec="52" bec="0" bev="0" fileid="1" />
                <SequencePoint vc="0" uspid="15" ordinal="11" offset="130" sl="39" sc="13" el="39" ec="27" bec="2" bev="0" fileid="1" />
                <SequencePoint vc="0" uspid="16" ordinal="12" offset="133" sl="40" sc="17" el="40" ec="46" bec="0" bev="0" fileid="1" />
                <SequencePoint vc="0" uspid="17" ordinal="13" offset="141" sl="42" sc="13" el="42" ec="42" bec="0" bev="0" fileid="1" />
                <SequencePoint vc="0" uspid="18" ordinal="14" offset="149" sl="45" sc="9" el="45" ec="149" bec="0" bev="0" fileid="1" />
              </SequencePoints>
              <BranchPoints>
                <BranchPoint vc="0" uspid="19" ordinal="0" offset="1" sl="16" path="0" offsetend="3" fileid="1" />
                <BranchPoint vc="0" uspid="20" ordinal="1" offset="1" sl="16" path="1" offsetend="5" fileid="1" />
                <BranchPoint vc="0" uspid="21" ordinal="2" offset="17" sl="19" path="0" offsetend="19" fileid="1" />
                <BranchPoint vc="0" uspid="22" ordinal="3" offset="17" sl="19" path="1" offsetend="46" fileid="1" />
                <BranchPoint vc="0" uspid="23" ordinal="4" offset="53" sl="23" path="0" offsetend="55" fileid="1" />
                <BranchPoint vc="0" uspid="24" ordinal="5" offset="53" sl="23" path="1" offsetend="68" fileid="1" />
                <BranchPoint vc="0" uspid="25" ordinal="6" offset="73" sl="26" path="0" offsetend="75" fileid="1" />
                <BranchPoint vc="0" uspid="26" ordinal="7" offset="73" sl="26" path="1" offsetend="113" fileid="1" />
                <BranchPoint vc="0" uspid="27" ordinal="8" offset="76" sl="28" path="0" offsetend="78" fileid="1" />
                <BranchPoint vc="0" uspid="28" ordinal="9" offset="76" sl="28" path="1" offsetend="86" fileid="1" />
                <BranchPoint vc="0" uspid="29" ordinal="10" offset="116" sl="35" path="0" offsetend="118" fileid="1" />
                <BranchPoint vc="0" uspid="30" ordinal="11" offset="116" sl="35" path="1" offsetend="149" fileid="1" />
                <BranchPoint vc="0" uspid="31" ordinal="12" offset="131" sl="39" path="0" offsetend="133" fileid="1" />
                <BranchPoint vc="0" uspid="32" ordinal="13" offset="131" sl="39" path="1" offsetend="141" fileid="1" />
              </BranchPoints>
              <MethodPoint xsi:type="SequencePoint" vc="0" uspid="4" ordinal="0" offset="0" sl="16" sc="9" el="16" ec="30" bec="2" bev="0" fileid="1" />
            </Method>
          </Methods>
        </Class>
        <Class>
          <Summary numSequencePoints="19" visitedSequencePoints="0" numBranchPoints="16" visitedBranchPoints="0" sequenceCoverage="0" branchCoverage="0" maxCyclomaticComplexity="4" minCyclomaticComplexity="1" maxCrapScore="20" minCrapScore="2" visitedClasses="0" numClasses="1" visitedMethods="0" numMethods="6" />
          <FullName>DictionaryExtensions</FullName>
          <Methods>
            <Method visited="false" cyclomaticComplexity="1" nPathComplexity="0" sequenceCoverage="0" branchCoverage="0" crapScore="2" isConstructor="false" isStatic="true" isGetter="false" isSetter="false">
              <Summary numSequencePoints="2" visitedSequencePoints="0" numBranchPoints="1" visitedBranchPoints="0" sequenceCoverage="0" branchCoverage="0" maxCyclomaticComplexity="1" minCyclomaticComplexity="1" maxCrapScore="2" minCrapScore="2" visitedClasses="0" numClasses="0" visitedMethods="0" numMethods="1" />
              <MetadataToken>100663299</MetadataToken>
              <Name>System.Void DictionaryExtensions::Add(System.Collections.Generic.IDictionary`2&lt;TKey,System.Collections.Generic.List`1&lt;TValue&gt;&gt;,TKey,TValue)</Name>
              <FileRef uid="2" />
              <SequencePoints>
                <SequencePoint vc="0" uspid="33" ordinal="0" offset="0" sl="9" sc="9" el="9" ec="45" bec="0" bev="0" fileid="2" />
                <SequencePoint vc="0" uspid="34" ordinal="1" offset="13" sl="10" sc="5" el="10" ec="6" bec="0" bev="0" fileid="2" />
              </SequencePoints>
              <BranchPoints />
              <MethodPoint xsi:type="SequencePoint" vc="0" uspid="33" ordinal="0" offset="0" sl="9" sc="9" el="9" ec="45" bec="0" bev="0" fileid="2" />
            </Method>
            <Method visited="false" cyclomaticComplexity="2" nPathComplexity="2" sequenceCoverage="0" branchCoverage="0" crapScore="6" isConstructor="false" isStatic="true" isGetter="false" isSetter="false">
              <Summary numSequencePoints="3" visitedSequencePoints="0" numBranchPoints="3" visitedBranchPoints="0" sequenceCoverage="0" branchCoverage="0" maxCyclomaticComplexity="2" minCyclomaticComplexity="2" maxCrapScore="6" minCrapScore="6" visitedClasses="0" numClasses="0" visitedMethods="0" numMethods="1" />
              <MetadataToken>100663300</MetadataToken>
              <Name>System.Boolean DictionaryExtensions::Contains(System.Collections.Generic.IDictionary`2&lt;TKey,System.Collections.Generic.List`1&lt;TValue&gt;&gt;,TKey,TValue,System.Collections.Generic.IEqualityComparer`1&lt;TValue&gt;)</Name>
              <FileRef uid="2" />
              <SequencePoints>
                <SequencePoint vc="0" uspid="35" ordinal="0" offset="0" sl="16" sc="9" el="16" ec="54" bec="2" bev="0" fileid="2" />
                <SequencePoint vc="0" uspid="36" ordinal="1" offset="11" sl="17" sc="13" el="17" ec="26" bec="0" bev="0" fileid="2" />
                <SequencePoint vc="0" uspid="37" ordinal="2" offset="13" sl="19" sc="9" el="19" ec="54" bec="0" bev="0" fileid="2" />
              </SequencePoints>
              <BranchPoints>
                <BranchPoint vc="0" uspid="38" ordinal="0" offset="9" sl="16" path="0" offsetend="11" fileid="2" />
                <BranchPoint vc="0" uspid="39" ordinal="1" offset="9" sl="16" path="1" offsetend="13" fileid="2" />
              </BranchPoints>
              <MethodPoint xsi:type="SequencePoint" vc="0" uspid="35" ordinal="0" offset="0" sl="16" sc="9" el="16" ec="54" bec="2" bev="0" fileid="2" />
            </Method>
            <Method visited="false" cyclomaticComplexity="2" nPathComplexity="2" sequenceCoverage="0" branchCoverage="0" crapScore="6" isConstructor="false" isStatic="true" isGetter="false" isSetter="false">
              <Summary numSequencePoints="1" visitedSequencePoints="0" numBranchPoints="3" visitedBranchPoints="0" sequenceCoverage="0" branchCoverage="0" maxCyclomaticComplexity="2" minCyclomaticComplexity="2" maxCrapScore="6" minCrapScore="6" visitedClasses="0" numClasses="0" visitedMethods="0" numMethods="1" />
              <MetadataToken>100663301</MetadataToken>
              <Name>TValue DictionaryExtensions::GetOrAdd(System.Collections.Generic.IDictionary`2&lt;TKey,TValue&gt;,TKey)</Name>
              <FileRef uid="2" />
              <SequencePoints>
                <SequencePoint vc="0" uspid="40" ordinal="0" offset="0" sl="25" sc="9" el="25" ec="75" bec="2" bev="0" fileid="2" />
              </SequencePoints>
              <BranchPoints>
                <BranchPoint vc="0" uspid="41" ordinal="0" offset="8" sl="25" path="0" offsetend="10" fileid="2" />
                <BranchPoint vc="0" uspid="42" ordinal="1" offset="8" sl="25" path="1" offsetend="33" fileid="2" />
              </BranchPoints>
              <MethodPoint xsi:type="SequencePoint" vc="0" uspid="40" ordinal="0" offset="0" sl="25" sc="9" el="25" ec="75" bec="2" bev="0" fileid="2" />
            </Method>
            <Method visited="false" cyclomaticComplexity="2" nPathComplexity="2" sequenceCoverage="0" branchCoverage="0" crapScore="6" isConstructor="false" isStatic="true" isGetter="false" isSetter="false">
              <Summary numSequencePoints="4" visitedSequencePoints="0" numBranchPoints="3" visitedBranchPoints="0" sequenceCoverage="0" branchCoverage="0" maxCyclomaticComplexity="2" minCyclomaticComplexity="2" maxCrapScore="6" minCrapScore="6" visitedClasses="0" numClasses="0" visitedMethods="0" numMethods="1" />
              <MetadataToken>100663302</MetadataToken>
              <Name>TValue DictionaryExtensions::GetOrAdd(System.Collections.Generic.IDictionary`2&lt;TKey,TValue&gt;,TKey,System.Func`1&lt;TValue&gt;)</Name>
              <FileRef uid="2" />
              <SequencePoints>
                <SequencePoint vc="0" uspid="43" ordinal="0" offset="0" sl="32" sc="9" el="32" ec="54" bec="2" bev="0" fileid="2" />
                <SequencePoint vc="0" uspid="44" ordinal="1" offset="11" sl="34" sc="13" el="34" ec="33" bec="0" bev="0" fileid="2" />
                <SequencePoint vc="0" uspid="45" ordinal="2" offset="18" sl="35" sc="13" el="35" ec="38" bec="0" bev="0" fileid="2" />
                <SequencePoint vc="0" uspid="46" ordinal="3" offset="26" sl="38" sc="9" el="38" ec="23" bec="0" bev="0" fileid="2" />
              </SequencePoints>
              <BranchPoints>
                <BranchPoint vc="0" uspid="47" ordinal="0" offset="9" sl="32" path="0" offsetend="11" fileid="2" />
                <BranchPoint vc="0" uspid="48" ordinal="1" offset="9" sl="32" path="1" offsetend="26" fileid="2" />
              </BranchPoints>
              <MethodPoint xsi:type="SequencePoint" vc="0" uspid="43" ordinal="0" offset="0" sl="32" sc="9" el="32" ec="54" bec="2" bev="0" fileid="2" />
            </Method>
            <Method visited="false" cyclomaticComplexity="2" nPathComplexity="2" sequenceCoverage="0" branchCoverage="0" crapScore="6" isConstructor="false" isStatic="true" isGetter="false" isSetter="false">
              <Summary numSequencePoints="1" visitedSequencePoints="0" numBranchPoints="3" visitedBranchPoints="0" sequenceCoverage="0" branchCoverage="0" maxCyclomaticComplexity="2" minCyclomaticComplexity="2" maxCrapScore="6" minCrapScore="6" visitedClasses="0" numClasses="0" visitedMethods="0" numMethods="1" />
              <MetadataToken>100663303</MetadataToken>
              <Name>System.Collections.Generic.Dictionary`2&lt;TKey,TValue&gt; DictionaryExtensions::ToDictionaryIgnoringDuplicateKeys(System.Collections.Generic.IEnumerable`1&lt;TValue&gt;,System.Func`2&lt;TValue,TKey&gt;,System.Collections.Generic.IEqualityComparer`1&lt;TKey&gt;)</Name>
              <FileRef uid="2" />
              <SequencePoints>
                <SequencePoint vc="0" uspid="49" ordinal="0" offset="0" sl="44" sc="12" el="44" ec="74" bec="2" bev="0" fileid="2" />
              </SequencePoints>
              <BranchPoints>
                <BranchPoint vc="0" uspid="50" ordinal="0" offset="8" sl="44" path="0" offsetend="10" fileid="2" />
                <BranchPoint vc="0" uspid="51" ordinal="1" offset="8" sl="44" path="1" offsetend="33" fileid="2" />
              </BranchPoints>
              <MethodPoint xsi:type="SequencePoint" vc="0" uspid="49" ordinal="0" offset="0" sl="44" sc="12" el="44" ec="74" bec="2" bev="0" fileid="2" />
            </Method>
            <Method visited="false" cyclomaticComplexity="4" nPathComplexity="2" sequenceCoverage="0" branchCoverage="0" crapScore="20" isConstructor="false" isStatic="true" isGetter="false" isSetter="false">
              <Summary numSequencePoints="8" visitedSequencePoints="0" numBranchPoints="3" visitedBranchPoints="0" sequenceCoverage="0" branchCoverage="0" maxCyclomaticComplexity="4" minCyclomaticComplexity="4" maxCrapScore="20" minCrapScore="20" visitedClasses="0" numClasses="0" visitedMethods="0" numMethods="1" />
              <MetadataToken>100663304</MetadataToken>
              <Name>System.Collections.Generic.Dictionary`2&lt;TKey,TValue&gt; DictionaryExtensions::ToDictionaryIgnoringDuplicateKeys(System.Collections.Generic.IEnumerable`1&lt;TInput&gt;,System.Func`2&lt;TInput,TKey&gt;,System.Func`2&lt;TInput,TValue&gt;,System.Collections.Generic.IEqualityComparer`1&lt;TKey&gt;)</Name>
              <FileRef uid="2" />
              <SequencePoints>
                <SequencePoint vc="0" uspid="52" ordinal="0" offset="0" sl="51" sc="9" el="51" ec="61" bec="0" bev="0" fileid="2" />
                <SequencePoint vc="0" uspid="53" ordinal="1" offset="7" sl="53" sc="36" el="53" ec="47" bec="0" bev="0" fileid="2" />
                <SequencePoint vc="0" uspid="54" ordinal="2" offset="16" sl="53" sc="18" el="53" ec="32" bec="0" bev="0" fileid="2" />
                <SequencePoint vc="0" uspid="55" ordinal="3" offset="23" sl="55" sc="13" el="55" ec="47" bec="0" bev="0" fileid="2" />
                <SequencePoint vc="0" uspid="56" ordinal="4" offset="31" sl="56" sc="13" el="56" ec="42" bec="2" bev="0" fileid="2" />
                <SequencePoint vc="0" uspid="57" ordinal="5" offset="40" sl="57" sc="17" el="57" ec="60" bec="0" bev="0" fileid="2" />
                <SequencePoint vc="0" uspid="58" ordinal="6" offset="54" sl="53" sc="33" el="53" ec="35" bec="0" bev="0" fileid="2" />
                <SequencePoint vc="0" uspid="59" ordinal="7" offset="74" sl="60" sc="9" el="60" ec="23" bec="0" bev="0" fileid="2" />
              </SequencePoints>
              <BranchPoints>
                <BranchPoint vc="0" uspid="60" ordinal="0" offset="38" sl="56" path="0" offsetend="40" fileid="2" />
                <BranchPoint vc="0" uspid="61" ordinal="1" offset="38" sl="56" path="1" offsetend="54" fileid="2" />
              </BranchPoints>
              <MethodPoint xsi:type="SequencePoint" vc="0" uspid="52" ordinal="0" offset="0" sl="51" sc="9" el="51" ec="61" bec="0" bev="0" fileid="2" />
            </Method>
          </Methods>
        </Class>
        <Class>
          <Summary numSequencePoints="1" visitedSequencePoints="0" numBranchPoints="1" visitedBranchPoints="0" sequenceCoverage="0" branchCoverage="0" maxCyclomaticComplexity="1" minCyclomaticComplexity="1" maxCrapScore="2" minCrapScore="2" visitedClasses="0" numClasses="1" visitedMethods="0" numMethods="1" />
          <FullName>DictionaryExtensions/&lt;&gt;c__2`2</FullName>
          <Methods>
            <Method visited="false" cyclomaticComplexity="1" nPathComplexity="0" sequenceCoverage="0" branchCoverage="0" crapScore="2" isConstructor="true" isStatic="true" isGetter="false" isSetter="false">
              <Summary numSequencePoints="0" visitedSequencePoints="0" numBranchPoints="0" visitedBranchPoints="0" sequenceCoverage="0" branchCoverage="0" maxCyclomaticComplexity="1" minCyclomaticComplexity="1" maxCrapScore="2" minCrapScore="2" visitedClasses="0" numClasses="0" visitedMethods="0" numMethods="0" />
              <MetadataToken>100663704</MetadataToken>
              <Name>System.Void DictionaryExtensions/&lt;&gt;c__2`2::.cctor()</Name>
              <SequencePoints />
              <BranchPoints />
              <MethodPoint vc="0" uspid="64" ordinal="0" offset="0" />
            </Method>
            <Method visited="false" cyclomaticComplexity="1" nPathComplexity="0" sequenceCoverage="0" branchCoverage="0" crapScore="2" isConstructor="true" isStatic="false" isGetter="false" isSetter="false">
              <Summary numSequencePoints="0" visitedSequencePoints="0" numBranchPoints="0" visitedBranchPoints="0" sequenceCoverage="0" branchCoverage="0" maxCyclomaticComplexity="1" minCyclomaticComplexity="1" maxCrapScore="2" minCrapScore="2" visitedClasses="0" numClasses="0" visitedMethods="0" numMethods="0" />
              <MetadataToken>100663705</MetadataToken>
              <Name>System.Void DictionaryExtensions/&lt;&gt;c__2`2::.ctor()</Name>
              <SequencePoints />
              <BranchPoints />
              <MethodPoint vc="0" uspid="65" ordinal="0" offset="0" />
            </Method>
            <Method visited="false" cyclomaticComplexity="1" nPathComplexity="0" sequenceCoverage="0" branchCoverage="0" crapScore="2" isConstructor="false" isStatic="false" isGetter="false" isSetter="false">
              <Summary numSequencePoints="1" visitedSequencePoints="0" numBranchPoints="1" visitedBranchPoints="0" sequenceCoverage="0" branchCoverage="0" maxCyclomaticComplexity="1" minCyclomaticComplexity="1" maxCrapScore="2" minCrapScore="2" visitedClasses="0" numClasses="0" visitedMethods="0" numMethods="1" />
              <MetadataToken>100663706</MetadataToken>
              <Name>TValue DictionaryExtensions/&lt;&gt;c__2`2::&lt;GetOrAdd&gt;b__2_0()</Name>
              <FileRef uid="2" />
              <SequencePoints>
                <SequencePoint vc="0" uspid="66" ordinal="0" offset="0" sl="25" sc="61" el="25" ec="73" bec="0" bev="0" fileid="2" />
              </SequencePoints>
              <BranchPoints />
              <MethodPoint xsi:type="SequencePoint" vc="0" uspid="66" ordinal="0" offset="0" sl="25" sc="61" el="25" ec="73" bec="0" bev="0" fileid="2" />
            </Method>
          </Methods>
        </Class>
        <Class>
          <Summary numSequencePoints="1" visitedSequencePoints="0" numBranchPoints="1" visitedBranchPoints="0" sequenceCoverage="0" branchCoverage="0" maxCyclomaticComplexity="1" minCyclomaticComplexity="1" maxCrapScore="2" minCrapScore="2" visitedClasses="0" numClasses="1" visitedMethods="0" numMethods="1" />
          <FullName>DictionaryExtensions/&lt;&gt;c__4`2</FullName>
          <Methods>
            <Method visited="false" cyclomaticComplexity="1" nPathComplexity="0" sequenceCoverage="0" branchCoverage="0" crapScore="2" isConstructor="true" isStatic="true" isGetter="false" isSetter="false">
              <Summary numSequencePoints="0" visitedSequencePoints="0" numBranchPoints="0" visitedBranchPoints="0" sequenceCoverage="0" branchCoverage="0" maxCyclomaticComplexity="1" minCyclomaticComplexity="1" maxCrapScore="2" minCrapScore="2" visitedClasses="0" numClasses="0" visitedMethods="0" numMethods="0" />
              <MetadataToken>100663707</MetadataToken>
              <Name>System.Void DictionaryExtensions/&lt;&gt;c__4`2::.cctor()</Name>
              <SequencePoints />
              <BranchPoints />
              <MethodPoint vc="0" uspid="67" ordinal="0" offset="0" />
            </Method>
            <Method visited="false" cyclomaticComplexity="1" nPathComplexity="0" sequenceCoverage="0" branchCoverage="0" crapScore="2" isConstructor="true" isStatic="false" isGetter="false" isSetter="false">
              <Summary numSequencePoints="0" visitedSequencePoints="0" numBranchPoints="0" visitedBranchPoints="0" sequenceCoverage="0" branchCoverage="0" maxCyclomaticComplexity="1" minCyclomaticComplexity="1" maxCrapScore="2" minCrapScore="2" visitedClasses="0" numClasses="0" visitedMethods="0" numMethods="0" />
              <MetadataToken>100663708</MetadataToken>
              <Name>System.Void DictionaryExtensions/&lt;&gt;c__4`2::.ctor()</Name>
              <SequencePoints />
              <BranchPoints />
              <MethodPoint vc="0" uspid="68" ordinal="0" offset="0" />
            </Method>
            <Method visited="false" cyclomaticComplexity="1" nPathComplexity="0" sequenceCoverage="0" branchCoverage="0" crapScore="2" isConstructor="false" isStatic="false" isGetter="false" isSetter="false">
              <Summary numSequencePoints="1" visitedSequencePoints="0" numBranchPoints="1" visitedBranchPoints="0" sequenceCoverage="0" branchCoverage="0" maxCyclomaticComplexity="1" minCyclomaticComplexity="1" maxCrapScore="2" minCrapScore="2" visitedClasses="0" numClasses="0" visitedMethods="0" numMethods="1" />
              <MetadataToken>100663709</MetadataToken>
              <Name>TValue DictionaryExtensions/&lt;&gt;c__4`2::&lt;ToDictionaryIgnoringDuplicateKeys&gt;b__4_0(TValue)</Name>
              <FileRef uid="2" />
              <SequencePoints>
                <SequencePoint vc="0" uspid="69" ordinal="0" offset="0" sl="44" sc="72" el="44" ec="73" bec="0" bev="0" fileid="2" />
              </SequencePoints>
              <BranchPoints />
              <MethodPoint xsi:type="SequencePoint" vc="0" uspid="69" ordinal="0" offset="0" sl="44" sc="72" el="44" ec="73" bec="0" bev="0" fileid="2" />
            </Method>
          </Methods>
        </Class>
        <Class>
          <Summary numSequencePoints="13" visitedSequencePoints="0" numBranchPoints="10" visitedBranchPoints="0" sequenceCoverage="0" branchCoverage="0" maxCyclomaticComplexity="2" minCyclomaticComplexity="1" maxCrapScore="6" minCrapScore="2" visitedClasses="0" numClasses="1" visitedMethods="0" numMethods="4" />
          <FullName>Guard</FullName>
          <Methods>
            <Method visited="false" cyclomaticComplexity="2" nPathComplexity="2" sequenceCoverage="0" branchCoverage="0" crapScore="6" isConstructor="false" isStatic="true" isGetter="false" isSetter="false">
              <Summary numSequencePoints="3" visitedSequencePoints="0" numBranchPoints="3" visitedBranchPoints="0" sequenceCoverage="0" branchCoverage="0" maxCyclomaticComplexity="2" minCyclomaticComplexity="2" maxCrapScore="6" minCrapScore="6" visitedClasses="0" numClasses="0" visitedMethods="0" numMethods="1" />
              <MetadataToken>100663305</MetadataToken>
              <Name>System.Void Guard::ArgumentNotNull(System.String,System.Object)</Name>
              <FileRef uid="5" />
              <SequencePoints>
                <SequencePoint vc="0" uspid="70" ordinal="0" offset="0" sl="13" sc="9" el="13" ec="30" bec="2" bev="0" fileid="5" />
                <SequencePoint vc="0" uspid="71" ordinal="1" offset="3" sl="14" sc="13" el="14" ec="54" bec="0" bev="0" fileid="5" />
                <SequencePoint vc="0" uspid="72" ordinal="2" offset="10" sl="15" sc="5" el="15" ec="6" bec="0" bev="0" fileid="5" />
              </SequencePoints>
              <BranchPoints>
                <BranchPoint vc="0" uspid="73" ordinal="0" offset="1" sl="13" path="0" offsetend="3" fileid="5" />
                <BranchPoint vc="0" uspid="74" ordinal="1" offset="1" sl="13" path="1" offsetend="10" fileid="5" />
              </BranchPoints>
              <MethodPoint xsi:type="SequencePoint" vc="0" uspid="70" ordinal="0" offset="0" sl="13" sc="9" el="13" ec="30" bec="2" bev="0" fileid="5" />
            </Method>
            <Method visited="false" cyclomaticComplexity="2" nPathComplexity="2" sequenceCoverage="0" branchCoverage="0" crapScore="6" isConstructor="false" isStatic="true" isGetter="false" isSetter="false">
              <Summary numSequencePoints="4" visitedSequencePoints="0" numBranchPoints="3" visitedBranchPoints="0" sequenceCoverage="0" branchCoverage="0" maxCyclomaticComplexity="2" minCyclomaticComplexity="2" maxCrapScore="6" minCrapScore="6" visitedClasses="0" numClasses="0" visitedMethods="0" numMethods="1" />
              <MetadataToken>100663306</MetadataToken>
              <Name>System.Void Guard::ArgumentNotNullOrEmpty(System.String,System.Collections.IEnumerable)</Name>
              <FileRef uid="5" />
              <SequencePoints>
                <SequencePoint vc="0" uspid="75" ordinal="0" offset="0" sl="20" sc="9" el="20" ec="44" bec="0" bev="0" fileid="5" />
                <SequencePoint vc="0" uspid="76" ordinal="1" offset="7" sl="22" sc="9" el="22" ec="50" bec="2" bev="0" fileid="5" />
                <SequencePoint vc="0" uspid="77" ordinal="2" offset="20" sl="23" sc="13" el="23" ec="72" bec="0" bev="0" fileid="5" />
                <SequencePoint vc="0" uspid="78" ordinal="3" offset="32" sl="24" sc="5" el="24" ec="6" bec="0" bev="0" fileid="5" />
              </SequencePoints>
              <BranchPoints>
                <BranchPoint vc="0" uspid="79" ordinal="0" offset="18" sl="22" path="0" offsetend="20" fileid="5" />
                <BranchPoint vc="0" uspid="80" ordinal="1" offset="18" sl="22" path="1" offsetend="32" fileid="5" />
              </BranchPoints>
              <MethodPoint xsi:type="SequencePoint" vc="0" uspid="75" ordinal="0" offset="0" sl="20" sc="9" el="20" ec="44" bec="0" bev="0" fileid="5" />
            </Method>
            <Method visited="false" cyclomaticComplexity="2" nPathComplexity="2" sequenceCoverage="0" branchCoverage="0" crapScore="6" isConstructor="false" isStatic="true" isGetter="false" isSetter="false">
              <Summary numSequencePoints="3" visitedSequencePoints="0" numBranchPoints="3" visitedBranchPoints="0" sequenceCoverage="0" branchCoverage="0" maxCyclomaticComplexity="2" minCyclomaticComplexity="2" maxCrapScore="6" minCrapScore="6" visitedClasses="0" numClasses="0" visitedMethods="0" numMethods="1" />
              <MetadataToken>100663307</MetadataToken>
              <Name>System.Void Guard::ArgumentValid(System.String,System.String,System.Boolean)</Name>
              <FileRef uid="5" />
              <SequencePoints>
                <SequencePoint vc="0" uspid="81" ordinal="0" offset="0" sl="29" sc="9" el="29" ec="19" bec="2" bev="0" fileid="5" />
                <SequencePoint vc="0" uspid="82" ordinal="1" offset="3" sl="30" sc="13" el="30" ec="59" bec="0" bev="0" fileid="5" />
                <SequencePoint vc="0" uspid="83" ordinal="2" offset="11" sl="31" sc="5" el="31" ec="6" bec="0" bev="0" fileid="5" />
              </SequencePoints>
              <BranchPoints>
                <BranchPoint vc="0" uspid="84" ordinal="0" offset="1" sl="29" path="0" offsetend="3" fileid="5" />
                <BranchPoint vc="0" uspid="85" ordinal="1" offset="1" sl="29" path="1" offsetend="11" fileid="5" />
              </BranchPoints>
              <MethodPoint xsi:type="SequencePoint" vc="0" uspid="81" ordinal="0" offset="0" sl="29" sc="9" el="29" ec="19" bec="2" bev="0" fileid="5" />
            </Method>
            <Method visited="false" cyclomaticComplexity="1" nPathComplexity="0" sequenceCoverage="0" branchCoverage="0" crapScore="2" isConstructor="false" isStatic="true" isGetter="false" isSetter="false">
              <Summary numSequencePoints="3" visitedSequencePoints="0" numBranchPoints="1" visitedBranchPoints="0" sequenceCoverage="0" branchCoverage="0" maxCyclomaticComplexity="1" minCyclomaticComplexity="1" maxCrapScore="2" minCrapScore="2" visitedClasses="0" numClasses="0" visitedMethods="0" numMethods="1" />
              <MetadataToken>100663308</MetadataToken>
              <Name>System.Void Guard::FileExists(System.String,System.String)</Name>
              <FileRef uid="5" />
              <SequencePoints>
                <SequencePoint vc="0" uspid="86" ordinal="0" offset="0" sl="37" sc="9" el="37" ec="51" bec="0" bev="0" fileid="5" />
                <SequencePoint vc="0" uspid="87" ordinal="1" offset="7" sl="39" sc="9" el="39" ec="86" bec="0" bev="0" fileid="5" />
                <SequencePoint vc="0" uspid="88" ordinal="2" offset="30" sl="41" sc="5" el="41" ec="6" bec="0" bev="0" fileid="5" />
              </SequencePoints>
              <BranchPoints />
              <MethodPoint xsi:type="SequencePoint" vc="0" uspid="86" ordinal="0" offset="0" sl="37" sc="9" el="37" ec="51" bec="0" bev="0" fileid="5" />
            </Method>
          </Methods>
        </Class>
        <Class>
          <Summary numSequencePoints="10" visitedSequencePoints="0" numBranchPoints="12" visitedBranchPoints="0" sequenceCoverage="0" branchCoverage="0" maxCyclomaticComplexity="2" minCyclomaticComplexity="1" maxCrapScore="6" minCrapScore="2" visitedClasses="0" numClasses="1" visitedMethods="0" numMethods="6" />
          <FullName>System.Collections.Generic.CollectionExtensions</FullName>
          <Methods>
            <Method visited="false" cyclomaticComplexity="1" nPathComplexity="0" sequenceCoverage="0" branchCoverage="0" crapScore="2" isConstructor="false" isStatic="true" isGetter="false" isSetter="false">
              <Summary numSequencePoints="1" visitedSequencePoints="0" numBranchPoints="1" visitedBranchPoints="0" sequenceCoverage="0" branchCoverage="0" maxCyclomaticComplexity="1" minCyclomaticComplexity="1" maxCrapScore="2" minCrapScore="2" visitedClasses="0" numClasses="0" visitedMethods="0" numMethods="1" />
              <MetadataToken>100663309</MetadataToken>
              <Name>Internal.Microsoft.Extensions.DependencyModel.RuntimeAssetGroup System.Collections.Generic.CollectionExtensions::GetDefaultGroup(System.Collections.Generic.IEnumerable`1&lt;Internal.Microsoft.Extensions.DependencyModel.RuntimeAssetGroup&gt;)</Name>
              <FileRef uid="6" />
              <SequencePoints>
                <SequencePoint vc="0" uspid="89" ordinal="0" offset="0" sl="10" sc="102" el="10" ec="130" bec="0" bev="0" fileid="6" />
              </SequencePoints>
              <BranchPoints />
              <MethodPoint xsi:type="SequencePoint" vc="0" uspid="89" ordinal="0" offset="0" sl="10" sc="102" el="10" ec="130" bec="0" bev="0" fileid="6" />
            </Method>
            <Method visited="false" cyclomaticComplexity="2" nPathComplexity="2" sequenceCoverage="0" branchCoverage="0" crapScore="6" isConstructor="false" isStatic="true" isGetter="false" isSetter="false">
              <Summary numSequencePoints="3" visitedSequencePoints="0" numBranchPoints="3" visitedBranchPoints="0" sequenceCoverage="0" branchCoverage="0" maxCyclomaticComplexity="2" minCyclomaticComplexity="2" maxCrapScore="6" minCrapScore="6" visitedClasses="0" numClasses="0" visitedMethods="0" numMethods="1" />
              <MetadataToken>100663310</MetadataToken>
              <Name>Internal.Microsoft.Extensions.DependencyModel.RuntimeAssetGroup System.Collections.Generic.CollectionExtensions::GetRuntimeGroup(System.Collections.Generic.IEnumerable`1&lt;Internal.Microsoft.Extensions.DependencyModel.RuntimeAssetGroup&gt;,System.String)</Name>
              <FileRef uid="6" />
              <SequencePoints>
                <SequencePoint vc="0" uspid="90" ordinal="0" offset="0" sl="13" sc="13" el="13" ec="46" bec="2" bev="0" fileid="6" />
                <SequencePoint vc="0" uspid="91" ordinal="1" offset="8" sl="15" sc="17" el="15" ec="66" bec="0" bev="0" fileid="6" />
                <SequencePoint vc="0" uspid="92" ordinal="2" offset="19" sl="17" sc="13" el="17" ec="44" bec="0" bev="0" fileid="6" />
              </SequencePoints>
              <BranchPoints>
                <BranchPoint vc="0" uspid="93" ordinal="0" offset="6" sl="13" path="0" offsetend="8" fileid="6" />
                <BranchPoint vc="0" uspid="94" ordinal="1" offset="6" sl="13" path="1" offsetend="19" fileid="6" />
              </BranchPoints>
              <MethodPoint xsi:type="SequencePoint" vc="0" uspid="90" ordinal="0" offset="0" sl="13" sc="13" el="13" ec="46" bec="2" bev="0" fileid="6" />
            </Method>
            <Method visited="false" cyclomaticComplexity="1" nPathComplexity="0" sequenceCoverage="0" branchCoverage="0" crapScore="2" isConstructor="false" isStatic="true" isGetter="false" isSetter="false">
              <Summary numSequencePoints="1" visitedSequencePoints="0" numBranchPoints="1" visitedBranchPoints="0" sequenceCoverage="0" branchCoverage="0" maxCyclomaticComplexity="1" minCyclomaticComplexity="1" maxCrapScore="2" minCrapScore="2" visitedClasses="0" numClasses="0" visitedMethods="0" numMethods="1" />
              <MetadataToken>100663311</MetadataToken>
              <Name>Internal.Microsoft.Extensions.DependencyModel.RuntimeAssetGroup System.Collections.Generic.CollectionExtensions::GetGroup(System.Collections.Generic.IEnumerable`1&lt;Internal.Microsoft.Extensions.DependencyModel.RuntimeAssetGroup&gt;,System.String)</Name>
              <FileRef uid="6" />
              <SequencePoints>
                <SequencePoint vc="0" uspid="95" ordinal="0" offset="13" sl="22" sc="13" el="22" ec="69" bec="0" bev="0" fileid="6" />
              </SequencePoints>
              <BranchPoints />
              <MethodPoint vc="0" uspid="96" ordinal="0" offset="0" />
            </Method>
            <Method visited="false" cyclomaticComplexity="1" nPathComplexity="0" sequenceCoverage="0" branchCoverage="0" crapScore="2" isConstructor="false" isStatic="true" isGetter="false" isSetter="false">
              <Summary numSequencePoints="1" visitedSequencePoints="0" numBranchPoints="1" visitedBranchPoints="0" sequenceCoverage="0" branchCoverage="0" maxCyclomaticComplexity="1" minCyclomaticComplexity="1" maxCrapScore="2" minCrapScore="2" visitedClasses="0" numClasses="0" visitedMethods="0" numMethods="1" />
              <MetadataToken>100663312</MetadataToken>
              <Name>System.Collections.Generic.IEnumerable`1&lt;System.String&gt; System.Collections.Generic.CollectionExtensions::GetDefaultAssets(System.Collections.Generic.IEnumerable`1&lt;Internal.Microsoft.Extensions.DependencyModel.RuntimeAssetGroup&gt;)</Name>
              <FileRef uid="6" />
              <SequencePoints>
                <SequencePoint vc="0" uspid="97" ordinal="0" offset="0" sl="25" sc="105" el="25" ec="134" bec="0" bev="0" fileid="6" />
              </SequencePoints>
              <BranchPoints />
              <MethodPoint xsi:type="SequencePoint" vc="0" uspid="97" ordinal="0" offset="0" sl="25" sc="105" el="25" ec="134" bec="0" bev="0" fileid="6" />
            </Method>
            <Method visited="false" cyclomaticComplexity="2" nPathComplexity="2" sequenceCoverage="0" branchCoverage="0" crapScore="6" isConstructor="false" isStatic="true" isGetter="false" isSetter="false">
              <Summary numSequencePoints="3" visitedSequencePoints="0" numBranchPoints="3" visitedBranchPoints="0" sequenceCoverage="0" branchCoverage="0" maxCyclomaticComplexity="2" minCyclomaticComplexity="2" maxCrapScore="6" minCrapScore="6" visitedClasses="0" numClasses="0" visitedMethods="0" numMethods="1" />
              <MetadataToken>100663313</MetadataToken>
              <Name>System.Collections.Generic.IEnumerable`1&lt;System.String&gt; System.Collections.Generic.CollectionExtensions::GetRuntimeAssets(System.Collections.Generic.IEnumerable`1&lt;Internal.Microsoft.Extensions.DependencyModel.RuntimeAssetGroup&gt;,System.String)</Name>
              <FileRef uid="6" />
              <SequencePoints>
                <SequencePoint vc="0" uspid="98" ordinal="0" offset="0" sl="28" sc="13" el="28" ec="46" bec="2" bev="0" fileid="6" />
                <SequencePoint vc="0" uspid="99" ordinal="1" offset="8" sl="30" sc="17" el="30" ec="66" bec="0" bev="0" fileid="6" />
                <SequencePoint vc="0" uspid="100" ordinal="2" offset="19" sl="32" sc="13" el="32" ec="45" bec="0" bev="0" fileid="6" />
              </SequencePoints>
              <BranchPoints>
                <BranchPoint vc="0" uspid="101" ordinal="0" offset="6" sl="28" path="0" offsetend="8" fileid="6" />
                <BranchPoint vc="0" uspid="102" ordinal="1" offset="6" sl="28" path="1" offsetend="19" fileid="6" />
              </BranchPoints>
              <MethodPoint xsi:type="SequencePoint" vc="0" uspid="98" ordinal="0" offset="0" sl="28" sc="13" el="28" ec="46" bec="2" bev="0" fileid="6" />
            </Method>
            <Method visited="false" cyclomaticComplexity="2" nPathComplexity="2" sequenceCoverage="0" branchCoverage="0" crapScore="6" isConstructor="false" isStatic="true" isGetter="false" isSetter="false">
              <Summary numSequencePoints="1" visitedSequencePoints="0" numBranchPoints="3" visitedBranchPoints="0" sequenceCoverage="0" branchCoverage="0" maxCyclomaticComplexity="2" minCyclomaticComplexity="2" maxCrapScore="6" minCrapScore="6" visitedClasses="0" numClasses="0" visitedMethods="0" numMethods="1" />
              <MetadataToken>100663314</MetadataToken>
              <Name>System.Collections.Generic.IEnumerable`1&lt;System.String&gt; System.Collections.Generic.CollectionExtensions::GetAssets(System.Collections.Generic.IEnumerable`1&lt;Internal.Microsoft.Extensions.DependencyModel.RuntimeAssetGroup&gt;,System.String)</Name>
              <FileRef uid="6" />
              <SequencePoints>
                <SequencePoint vc="0" uspid="103" ordinal="0" offset="13" sl="37" sc="13" el="39" ec="48" bec="2" bev="0" fileid="6" />
              </SequencePoints>
              <BranchPoints>
                <BranchPoint vc="0" uspid="104" ordinal="0" offset="37" sl="37" path="0" offsetend="39" fileid="6" />
                <BranchPoint vc="0" uspid="105" ordinal="1" offset="37" sl="37" path="1" offsetend="62" fileid="6" />
              </BranchPoints>
              <MethodPoint vc="0" uspid="106" ordinal="0" offset="0" />
            </Method>
          </Methods>
        </Class>
        <Class>
          <Summary numSequencePoints="1" visitedSequencePoints="0" numBranchPoints="1" visitedBranchPoints="0" sequenceCoverage="0" branchCoverage="0" maxCyclomaticComplexity="1" minCyclomaticComplexity="1" maxCrapScore="2" minCrapScore="2" visitedClasses="0" numClasses="1" visitedMethods="0" numMethods="1" />
          <FullName>System.Collections.Generic.CollectionExtensions/&lt;&gt;c__DisplayClass2_0</FullName>
          <Methods>
            <Method visited="false" cyclomaticComplexity="1" nPathComplexity="0" sequenceCoverage="0" branchCoverage="0" crapScore="2" isConstructor="true" isStatic="false" isGetter="false" isSetter="false">
              <Summary numSequencePoints="0" visitedSequencePoints="0" numBranchPoints="0" visitedBranchPoints="0" sequenceCoverage="0" branchCoverage="0" maxCyclomaticComplexity="1" minCyclomaticComplexity="1" maxCrapScore="2" minCrapScore="2" visitedClasses="0" numClasses="0" visitedMethods="0" numMethods="0" />
              <MetadataToken>100663710</MetadataToken>
              <Name>System.Void System.Collections.Generic.CollectionExtensions/&lt;&gt;c__DisplayClass2_0::.ctor()</Name>
              <SequencePoints />
              <BranchPoints />
              <MethodPoint vc="0" uspid="107" ordinal="0" offset="0" />
            </Method>
            <Method visited="false" cyclomaticComplexity="1" nPathComplexity="0" sequenceCoverage="0" branchCoverage="0" crapScore="2" isConstructor="false" isStatic="false" isGetter="false" isSetter="false">
              <Summary numSequencePoints="1" visitedSequencePoints="0" numBranchPoints="1" visitedBranchPoints="0" sequenceCoverage="0" branchCoverage="0" maxCyclomaticComplexity="1" minCyclomaticComplexity="1" maxCrapScore="2" minCrapScore="2" visitedClasses="0" numClasses="0" visitedMethods="0" numMethods="1" />
              <MetadataToken>100663711</MetadataToken>
              <Name>System.Boolean System.Collections.Generic.CollectionExtensions/&lt;&gt;c__DisplayClass2_0::&lt;GetGroup&gt;b__0(Internal.Microsoft.Extensions.DependencyModel.RuntimeAssetGroup)</Name>
              <FileRef uid="6" />
              <SequencePoints>
                <SequencePoint vc="0" uspid="108" ordinal="0" offset="0" sl="22" sc="47" el="22" ec="67" bec="0" bev="0" fileid="6" />
              </SequencePoints>
              <BranchPoints />
              <MethodPoint xsi:type="SequencePoint" vc="0" uspid="108" ordinal="0" offset="0" sl="22" sc="47" el="22" ec="67" bec="0" bev="0" fileid="6" />
            </Method>
          </Methods>
        </Class>
        <Class>
          <Summary numSequencePoints="1" visitedSequencePoints="0" numBranchPoints="1" visitedBranchPoints="0" sequenceCoverage="0" branchCoverage="0" maxCyclomaticComplexity="1" minCyclomaticComplexity="1" maxCrapScore="2" minCrapScore="2" visitedClasses="0" numClasses="1" visitedMethods="0" numMethods="1" />
          <FullName>System.Collections.Generic.CollectionExtensions/&lt;&gt;c__DisplayClass5_0</FullName>
          <Methods>
            <Method visited="false" cyclomaticComplexity="1" nPathComplexity="0" sequenceCoverage="0" branchCoverage="0" crapScore="2" isConstructor="true" isStatic="false" isGetter="false" isSetter="false">
              <Summary numSequencePoints="0" visitedSequencePoints="0" numBranchPoints="0" visitedBranchPoints="0" sequenceCoverage="0" branchCoverage="0" maxCyclomaticComplexity="1" minCyclomaticComplexity="1" maxCrapScore="2" minCrapScore="2" visitedClasses="0" numClasses="0" visitedMethods="0" numMethods="0" />
              <MetadataToken>100663712</MetadataToken>
              <Name>System.Void System.Collections.Generic.CollectionExtensions/&lt;&gt;c__DisplayClass5_0::.ctor()</Name>
              <SequencePoints />
              <BranchPoints />
              <MethodPoint vc="0" uspid="109" ordinal="0" offset="0" />
            </Method>
            <Method visited="false" cyclomaticComplexity="1" nPathComplexity="0" sequenceCoverage="0" branchCoverage="0" crapScore="2" isConstructor="false" isStatic="false" isGetter="false" isSetter="false">
              <Summary numSequencePoints="1" visitedSequencePoints="0" numBranchPoints="1" visitedBranchPoints="0" sequenceCoverage="0" branchCoverage="0" maxCyclomaticComplexity="1" minCyclomaticComplexity="1" maxCrapScore="2" minCrapScore="2" visitedClasses="0" numClasses="0" visitedMethods="0" numMethods="1" />
              <MetadataToken>100663713</MetadataToken>
              <Name>System.Boolean System.Collections.Generic.CollectionExtensions/&lt;&gt;c__DisplayClass5_0::&lt;GetAssets&gt;b__0(Internal.Microsoft.Extensions.DependencyModel.RuntimeAssetGroup)</Name>
              <FileRef uid="6" />
              <SequencePoints>
                <SequencePoint vc="0" uspid="110" ordinal="0" offset="0" sl="38" sc="29" el="38" ec="88" bec="0" bev="0" fileid="6" />
              </SequencePoints>
              <BranchPoints />
              <MethodPoint xsi:type="SequencePoint" vc="0" uspid="110" ordinal="0" offset="0" sl="38" sc="29" el="38" ec="88" bec="0" bev="0" fileid="6" />
            </Method>
          </Methods>
        </Class>
        <Class>
          <Summary numSequencePoints="1" visitedSequencePoints="0" numBranchPoints="1" visitedBranchPoints="0" sequenceCoverage="0" branchCoverage="0" maxCyclomaticComplexity="1" minCyclomaticComplexity="1" maxCrapScore="2" minCrapScore="2" visitedClasses="0" numClasses="1" visitedMethods="0" numMethods="1" />
          <FullName>System.Collections.Generic.CollectionExtensions/&lt;&gt;c</FullName>
          <Methods>
            <Method visited="false" cyclomaticComplexity="1" nPathComplexity="0" sequenceCoverage="0" branchCoverage="0" crapScore="2" isConstructor="true" isStatic="true" isGetter="false" isSetter="false">
              <Summary numSequencePoints="0" visitedSequencePoints="0" numBranchPoints="0" visitedBranchPoints="0" sequenceCoverage="0" branchCoverage="0" maxCyclomaticComplexity="1" minCyclomaticComplexity="1" maxCrapScore="2" minCrapScore="2" visitedClasses="0" numClasses="0" visitedMethods="0" numMethods="0" />
              <MetadataToken>100663714</MetadataToken>
              <Name>System.Void System.Collections.Generic.CollectionExtensions/&lt;&gt;c::.cctor()</Name>
              <SequencePoints />
              <BranchPoints />
              <MethodPoint vc="0" uspid="111" ordinal="0" offset="0" />
            </Method>
            <Method visited="false" cyclomaticComplexity="1" nPathComplexity="0" sequenceCoverage="0" branchCoverage="0" crapScore="2" isConstructor="true" isStatic="false" isGetter="false" isSetter="false">
              <Summary numSequencePoints="0" visitedSequencePoints="0" numBranchPoints="0" visitedBranchPoints="0" sequenceCoverage="0" branchCoverage="0" maxCyclomaticComplexity="1" minCyclomaticComplexity="1" maxCrapScore="2" minCrapScore="2" visitedClasses="0" numClasses="0" visitedMethods="0" numMethods="0" />
              <MetadataToken>100663715</MetadataToken>
              <Name>System.Void System.Collections.Generic.CollectionExtensions/&lt;&gt;c::.ctor()</Name>
              <SequencePoints />
              <BranchPoints />
              <MethodPoint vc="0" uspid="112" ordinal="0" offset="0" />
            </Method>
            <Method visited="false" cyclomaticComplexity="1" nPathComplexity="0" sequenceCoverage="0" branchCoverage="0" crapScore="2" isConstructor="false" isStatic="false" isGetter="false" isSetter="false">
              <Summary numSequencePoints="1" visitedSequencePoints="0" numBranchPoints="1" visitedBranchPoints="0" sequenceCoverage="0" branchCoverage="0" maxCyclomaticComplexity="1" minCyclomaticComplexity="1" maxCrapScore="2" minCrapScore="2" visitedClasses="0" numClasses="0" visitedMethods="0" numMethods="1" />
              <MetadataToken>100663716</MetadataToken>
              <Name>System.Collections.Generic.IEnumerable`1&lt;System.String&gt; System.Collections.Generic.CollectionExtensions/&lt;&gt;c::&lt;GetAssets&gt;b__5_1(Internal.Microsoft.Extensions.DependencyModel.RuntimeAssetGroup)</Name>
              <FileRef uid="6" />
              <SequencePoints>
                <SequencePoint vc="0" uspid="113" ordinal="0" offset="0" sl="39" sc="34" el="39" ec="46" bec="0" bev="0" fileid="6" />
              </SequencePoints>
              <BranchPoints />
              <MethodPoint xsi:type="SequencePoint" vc="0" uspid="113" ordinal="0" offset="0" sl="39" sc="34" el="39" ec="46" bec="0" bev="0" fileid="6" />
            </Method>
          </Methods>
        </Class>
        <Class>
          <Summary numSequencePoints="23" visitedSequencePoints="0" numBranchPoints="18" visitedBranchPoints="0" sequenceCoverage="0" branchCoverage="0" maxCyclomaticComplexity="5" minCyclomaticComplexity="1" maxCrapScore="30" minCrapScore="2" visitedClasses="0" numClasses="1" visitedMethods="0" numMethods="8" />
          <FullName>Internal.Microsoft.Extensions.DependencyModel.CompilationLibrary</FullName>
          <Methods>
            <Method visited="false" cyclomaticComplexity="1" nPathComplexity="0" sequenceCoverage="0" branchCoverage="0" crapScore="2" isConstructor="false" isStatic="false" isGetter="true" isSetter="false">
              <Summary numSequencePoints="1" visitedSequencePoints="0" numBranchPoints="1" visitedBranchPoints="0" sequenceCoverage="0" branchCoverage="0" maxCyclomaticComplexity="1" minCyclomaticComplexity="1" maxCrapScore="2" minCrapScore="2" visitedClasses="0" numClasses="0" visitedMethods="0" numMethods="1" />
              <MetadataToken>100663317</MetadataToken>
              <Name>System.Collections.Generic.IReadOnlyList`1&lt;System.String&gt; Internal.Microsoft.Extensions.DependencyModel.CompilationLibrary::get_Assemblies()</Name>
              <FileRef uid="10" />
              <SequencePoints>
                <SequencePoint vc="0" uspid="114" ordinal="0" offset="0" sl="44" sc="51" el="44" ec="55" bec="0" bev="0" fileid="10" />
              </SequencePoints>
              <BranchPoints />
              <MethodPoint xsi:type="SequencePoint" vc="0" uspid="114" ordinal="0" offset="0" sl="44" sc="51" el="44" ec="55" bec="0" bev="0" fileid="10" />
            </Method>
            <Method visited="false" cyclomaticComplexity="1" nPathComplexity="0" sequenceCoverage="0" branchCoverage="0" crapScore="2" isConstructor="false" isStatic="true" isGetter="true" isSetter="false">
              <Summary numSequencePoints="1" visitedSequencePoints="0" numBranchPoints="1" visitedBranchPoints="0" sequenceCoverage="0" branchCoverage="0" maxCyclomaticComplexity="1" minCyclomaticComplexity="1" maxCrapScore="2" minCrapScore="2" visitedClasses="0" numClasses="0" visitedMethods="0" numMethods="1" />
              <MetadataToken>100663318</MetadataToken>
              <Name>Internal.Microsoft.Extensions.DependencyModel.Resolution.ICompilationAssemblyResolver Internal.Microsoft.Extensions.DependencyModel.CompilationLibrary::get_DefaultResolver()</Name>
              <FileRef uid="10" />
              <SequencePoints>
                <SequencePoint vc="0" uspid="115" ordinal="0" offset="0" sl="46" sc="72" el="46" ec="76" bec="0" bev="0" fileid="10" />
              </SequencePoints>
              <BranchPoints />
              <MethodPoint xsi:type="SequencePoint" vc="0" uspid="115" ordinal="0" offset="0" sl="46" sc="72" el="46" ec="76" bec="0" bev="0" fileid="10" />
            </Method>
            <Method visited="false" cyclomaticComplexity="1" nPathComplexity="0" sequenceCoverage="0" branchCoverage="0" crapScore="2" isConstructor="true" isStatic="false" isGetter="false" isSetter="false">
              <Summary numSequencePoints="2" visitedSequencePoints="0" numBranchPoints="1" visitedBranchPoints="0" sequenceCoverage="0" branchCoverage="0" maxCyclomaticComplexity="1" minCyclomaticComplexity="1" maxCrapScore="2" minCrapScore="2" visitedClasses="0" numClasses="0" visitedMethods="0" numMethods="1" />
              <MetadataToken>100663315</MetadataToken>
              <Name>System.Void Internal.Microsoft.Extensions.DependencyModel.CompilationLibrary::.ctor(System.String,System.String,System.String,System.String,System.Collections.Generic.IEnumerable`1&lt;System.String&gt;,System.Collections.Generic.IEnumerable`1&lt;Internal.Microsoft.Extensions.DependencyModel.Dependency&gt;,System.Boolean)</Name>
              <FileRef uid="10" />
              <SequencePoints>
                <SequencePoint vc="0" uspid="116" ordinal="0" offset="0" sl="22" sc="15" el="22" ec="113" bec="0" bev="0" fileid="10" />
                <SequencePoint vc="0" uspid="117" ordinal="1" offset="19" sl="24" sc="9" el="24" ec="10" bec="0" bev="0" fileid="10" />
              </SequencePoints>
              <BranchPoints />
              <MethodPoint xsi:type="SequencePoint" vc="0" uspid="116" ordinal="0" offset="0" sl="22" sc="15" el="22" ec="113" bec="0" bev="0" fileid="10" />
            </Method>
            <Method visited="false" cyclomaticComplexity="2" nPathComplexity="2" sequenceCoverage="0" branchCoverage="0" crapScore="6" isConstructor="true" isStatic="false" isGetter="false" isSetter="false">
              <Summary numSequencePoints="5" visitedSequencePoints="0" numBranchPoints="3" visitedBranchPoints="0" sequenceCoverage="0" branchCoverage="0" maxCyclomaticComplexity="2" minCyclomaticComplexity="2" maxCrapScore="6" minCrapScore="6" visitedClasses="0" numClasses="0" visitedMethods="0" numMethods="1" />
              <MetadataToken>100663316</MetadataToken>
              <Name>System.Void Internal.Microsoft.Extensions.DependencyModel.CompilationLibrary::.ctor(System.String,System.String,System.String,System.String,System.Collections.Generic.IEnumerable`1&lt;System.String&gt;,System.Collections.Generic.IEnumerable`1&lt;Internal.Microsoft.Extensions.DependencyModel.Dependency&gt;,System.Boolean,System.String,System.String)</Name>
              <FileRef uid="10" />
              <SequencePoints>
                <SequencePoint vc="0" uspid="118" ordinal="0" offset="0" sl="35" sc="15" el="35" ec="89" bec="0" bev="0" fileid="10" />
                <SequencePoint vc="0" uspid="119" ordinal="1" offset="19" sl="37" sc="13" el="37" ec="36" bec="2" bev="0" fileid="10" />
                <SequencePoint vc="0" uspid="120" ordinal="2" offset="23" sl="39" sc="17" el="39" ec="69" bec="0" bev="0" fileid="10" />
                <SequencePoint vc="0" uspid="121" ordinal="3" offset="34" sl="41" sc="13" el="41" ec="47" bec="0" bev="0" fileid="10" />
                <SequencePoint vc="0" uspid="122" ordinal="4" offset="47" sl="42" sc="9" el="42" ec="10" bec="0" bev="0" fileid="10" />
              </SequencePoints>
              <BranchPoints>
                <BranchPoint vc="0" uspid="123" ordinal="0" offset="21" sl="37" path="0" offsetend="23" fileid="10" />
                <BranchPoint vc="0" uspid="124" ordinal="1" offset="21" sl="37" path="1" offsetend="34" fileid="10" />
              </BranchPoints>
              <MethodPoint xsi:type="SequencePoint" vc="0" uspid="118" ordinal="0" offset="0" sl="35" sc="15" el="35" ec="89" bec="0" bev="0" fileid="10" />
            </Method>
            <Method visited="false" cyclomaticComplexity="1" nPathComplexity="0" sequenceCoverage="0" branchCoverage="0" crapScore="2" isConstructor="false" isStatic="false" isGetter="false" isSetter="false">
              <Summary numSequencePoints="2" visitedSequencePoints="0" numBranchPoints="1" visitedBranchPoints="0" sequenceCoverage="0" branchCoverage="0" maxCyclomaticComplexity="1" minCyclomaticComplexity="1" maxCrapScore="2" minCrapScore="2" visitedClasses="0" numClasses="0" visitedMethods="0" numMethods="1" />
              <MetadataToken>100663319</MetadataToken>
              <Name>System.Collections.Generic.IEnumerable`1&lt;System.String&gt; Internal.Microsoft.Extensions.DependencyModel.CompilationLibrary::ResolveReferencePaths()</Name>
              <FileRef uid="10" />
              <SequencePoints>
                <SequencePoint vc="0" uspid="125" ordinal="0" offset="0" sl="55" sc="13" el="55" ec="49" bec="0" bev="0" fileid="10" />
                <SequencePoint vc="0" uspid="126" ordinal="1" offset="6" sl="57" sc="13" el="57" ec="71" bec="0" bev="0" fileid="10" />
              </SequencePoints>
              <BranchPoints />
              <MethodPoint xsi:type="SequencePoint" vc="0" uspid="125" ordinal="0" offset="0" sl="55" sc="13" el="55" ec="49" bec="0" bev="0" fileid="10" />
            </Method>
            <Method visited="false" cyclomaticComplexity="5" nPathComplexity="8" sequenceCoverage="0" branchCoverage="0" crapScore="30" isConstructor="false" isStatic="false" isGetter="false" isSetter="false">
              <Summary numSequencePoints="8" visitedSequencePoints="0" numBranchPoints="7" visitedBranchPoints="0" sequenceCoverage="0" branchCoverage="0" maxCyclomaticComplexity="5" minCyclomaticComplexity="5" maxCrapScore="30" minCrapScore="30" visitedClasses="0" numClasses="0" visitedMethods="0" numMethods="1" />
              <MetadataToken>100663320</MetadataToken>
              <Name>System.Collections.Generic.IEnumerable`1&lt;System.String&gt; Internal.Microsoft.Extensions.DependencyModel.CompilationLibrary::ResolveReferencePaths(Internal.Microsoft.Extensions.DependencyModel.Resolution.ICompilationAssemblyResolver[])</Name>
              <FileRef uid="10" />
              <SequencePoints>
                <SequencePoint vc="0" uspid="127" ordinal="0" offset="0" sl="62" sc="13" el="62" ec="49" bec="0" bev="0" fileid="10" />
                <SequencePoint vc="0" uspid="128" ordinal="1" offset="6" sl="64" sc="13" el="64" ec="45" bec="3" bev="0" fileid="10" />
                <SequencePoint vc="0" uspid="129" ordinal="2" offset="13" sl="66" sc="42" el="66" ec="57" bec="0" bev="0" fileid="10" />
                <SequencePoint vc="0" uspid="130" ordinal="3" offset="19" sl="66" sc="26" el="66" ec="38" bec="0" bev="0" fileid="10" />
                <SequencePoint vc="0" uspid="131" ordinal="4" offset="22" sl="68" sc="21" el="68" ec="76" bec="2" bev="0" fileid="10" />
                <SequencePoint vc="0" uspid="132" ordinal="5" offset="31" sl="70" sc="25" el="70" ec="43" bec="0" bev="0" fileid="10" />
                <SequencePoint vc="0" uspid="133" ordinal="6" offset="37" sl="66" sc="39" el="66" ec="41" bec="0" bev="0" fileid="10" />
                <SequencePoint vc="0" uspid="134" ordinal="7" offset="43" sl="75" sc="13" el="75" ec="71" bec="0" bev="0" fileid="10" />
              </SequencePoints>
              <BranchPoints>
                <BranchPoint vc="0" uspid="135" ordinal="0" offset="7" sl="64" path="0" offsetend="9" fileid="10" />
                <BranchPoint vc="0" uspid="136" ordinal="1" offset="7" sl="64" path="1" offsetend="43" fileid="10" />
                <BranchPoint vc="0" uspid="137" ordinal="2" offset="11" sl="64" path="0" offsetend="13" fileid="10" />
                <BranchPoint vc="0" uspid="138" ordinal="3" offset="11" sl="64" path="1" offsetend="43" fileid="10" />
                <BranchPoint vc="0" uspid="139" ordinal="4" offset="29" sl="68" path="0" offsetend="31" fileid="10" />
                <BranchPoint vc="0" uspid="140" ordinal="5" offset="29" sl="68" path="1" offsetend="33" fileid="10" />
              </BranchPoints>
              <MethodPoint xsi:type="SequencePoint" vc="0" uspid="127" ordinal="0" offset="0" sl="62" sc="13" el="62" ec="49" bec="0" bev="0" fileid="10" />
            </Method>
            <Method visited="false" cyclomaticComplexity="2" nPathComplexity="2" sequenceCoverage="0" branchCoverage="0" crapScore="6" isConstructor="false" isStatic="false" isGetter="false" isSetter="false">
              <Summary numSequencePoints="3" visitedSequencePoints="0" numBranchPoints="3" visitedBranchPoints="0" sequenceCoverage="0" branchCoverage="0" maxCyclomaticComplexity="2" minCyclomaticComplexity="2" maxCrapScore="6" minCrapScore="6" visitedClasses="0" numClasses="0" visitedMethods="0" numMethods="1" />
              <MetadataToken>100663321</MetadataToken>
              <Name>System.Collections.Generic.IEnumerable`1&lt;System.String&gt; Internal.Microsoft.Extensions.DependencyModel.CompilationLibrary::ResolveReferencePaths(Internal.Microsoft.Extensions.DependencyModel.Resolution.ICompilationAssemblyResolver,System.Collections.Generic.List`1&lt;System.String&gt;)</Name>
              <FileRef uid="10" />
              <SequencePoints>
                <SequencePoint vc="0" uspid="143" ordinal="0" offset="0" sl="80" sc="13" el="80" ec="69" bec="2" bev="0" fileid="10" />
                <SequencePoint vc="0" uspid="144" ordinal="1" offset="10" sl="82" sc="17" el="82" ec="119" bec="0" bev="0" fileid="10" />
                <SequencePoint vc="0" uspid="145" ordinal="2" offset="37" sl="84" sc="13" el="84" ec="31" bec="0" bev="0" fileid="10" />
              </SequencePoints>
              <BranchPoints>
                <BranchPoint vc="0" uspid="146" ordinal="0" offset="8" sl="80" path="0" offsetend="10" fileid="10" />
                <BranchPoint vc="0" uspid="147" ordinal="1" offset="8" sl="80" path="1" offsetend="37" fileid="10" />
              </BranchPoints>
              <MethodPoint xsi:type="SequencePoint" vc="0" uspid="143" ordinal="0" offset="0" sl="80" sc="13" el="80" ec="69" bec="2" bev="0" fileid="10" />
            </Method>
            <Method visited="false" cyclomaticComplexity="1" nPathComplexity="0" sequenceCoverage="0" branchCoverage="0" crapScore="2" isConstructor="true" isStatic="true" isGetter="false" isSetter="false">
              <Summary numSequencePoints="1" visitedSequencePoints="0" numBranchPoints="1" visitedBranchPoints="0" sequenceCoverage="0" branchCoverage="0" maxCyclomaticComplexity="1" minCyclomaticComplexity="1" maxCrapScore="2" minCrapScore="2" visitedClasses="0" numClasses="0" visitedMethods="0" numMethods="1" />
              <MetadataToken>100663322</MetadataToken>
              <Name>System.Void Internal.Microsoft.Extensions.DependencyModel.CompilationLibrary::.cctor()</Name>
              <FileRef uid="10" />
              <SequencePoints>
                <SequencePoint vc="0" uspid="148" ordinal="0" offset="0" sl="46" sc="81" el="51" ec="11" bec="0" bev="0" fileid="10" />
              </SequencePoints>
              <BranchPoints />
              <MethodPoint xsi:type="SequencePoint" vc="0" uspid="148" ordinal="0" offset="0" sl="46" sc="81" el="51" ec="11" bec="0" bev="0" fileid="10" />
            </Method>
          </Methods>
        </Class>
        <Class>
          <Summary numSequencePoints="30" visitedSequencePoints="0" numBranchPoints="17" visitedBranchPoints="0" sequenceCoverage="0" branchCoverage="0" maxCyclomaticComplexity="2" minCyclomaticComplexity="1" maxCrapScore="6" minCrapScore="2" visitedClasses="0" numClasses="1" visitedMethods="0" numMethods="15" />
          <FullName>Internal.Microsoft.Extensions.DependencyModel.CompilationOptions</FullName>
          <Methods>
            <Method visited="false" cyclomaticComplexity="1" nPathComplexity="0" sequenceCoverage="0" branchCoverage="0" crapScore="2" isConstructor="false" isStatic="false" isGetter="true" isSetter="false">
              <Summary numSequencePoints="1" visitedSequencePoints="0" numBranchPoints="1" visitedBranchPoints="0" sequenceCoverage="0" branchCoverage="0" maxCyclomaticComplexity="1" minCyclomaticComplexity="1" maxCrapScore="2" minCrapScore="2" visitedClasses="0" numClasses="0" visitedMethods="0" numMethods="1" />
              <MetadataToken>100663323</MetadataToken>
              <Name>System.Collections.Generic.IReadOnlyList`1&lt;System.String&gt; Internal.Microsoft.Extensions.DependencyModel.CompilationOptions::get_Defines()</Name>
              <FileRef uid="11" />
              <SequencePoints>
                <SequencePoint vc="0" uspid="149" ordinal="0" offset="0" sl="14" sc="48" el="14" ec="52" bec="0" bev="0" fileid="11" />
              </SequencePoints>
              <BranchPoints />
              <MethodPoint xsi:type="SequencePoint" vc="0" uspid="149" ordinal="0" offset="0" sl="14" sc="48" el="14" ec="52" bec="0" bev="0" fileid="11" />
            </Method>
            <Method visited="false" cyclomaticComplexity="1" nPathComplexity="0" sequenceCoverage="0" branchCoverage="0" crapScore="2" isConstructor="false" isStatic="false" isGetter="true" isSetter="false">
              <Summary numSequencePoints="1" visitedSequencePoints="0" numBranchPoints="1" visitedBranchPoints="0" sequenceCoverage="0" branchCoverage="0" maxCyclomaticComplexity="1" minCyclomaticComplexity="1" maxCrapScore="2" minCrapScore="2" visitedClasses="0" numClasses="0" visitedMethods="0" numMethods="1" />
              <MetadataToken>100663324</MetadataToken>
              <Name>System.String Internal.Microsoft.Extensions.DependencyModel.CompilationOptions::get_LanguageVersion()</Name>
              <FileRef uid="11" />
              <SequencePoints>
                <SequencePoint vc="0" uspid="150" ordinal="0" offset="0" sl="16" sc="41" el="16" ec="45" bec="0" bev="0" fileid="11" />
              </SequencePoints>
              <BranchPoints />
              <MethodPoint xsi:type="SequencePoint" vc="0" uspid="150" ordinal="0" offset="0" sl="16" sc="41" el="16" ec="45" bec="0" bev="0" fileid="11" />
            </Method>
            <Method visited="false" cyclomaticComplexity="1" nPathComplexity="0" sequenceCoverage="0" branchCoverage="0" crapScore="2" isConstructor="false" isStatic="false" isGetter="true" isSetter="false">
              <Summary numSequencePoints="1" visitedSequencePoints="0" numBranchPoints="1" visitedBranchPoints="0" sequenceCoverage="0" branchCoverage="0" maxCyclomaticComplexity="1" minCyclomaticComplexity="1" maxCrapScore="2" minCrapScore="2" visitedClasses="0" numClasses="0" visitedMethods="0" numMethods="1" />
              <MetadataToken>100663325</MetadataToken>
              <Name>System.String Internal.Microsoft.Extensions.DependencyModel.CompilationOptions::get_Platform()</Name>
              <FileRef uid="11" />
              <SequencePoints>
                <SequencePoint vc="0" uspid="151" ordinal="0" offset="0" sl="18" sc="34" el="18" ec="38" bec="0" bev="0" fileid="11" />
              </SequencePoints>
              <BranchPoints />
              <MethodPoint xsi:type="SequencePoint" vc="0" uspid="151" ordinal="0" offset="0" sl="18" sc="34" el="18" ec="38" bec="0" bev="0" fileid="11" />
            </Method>
            <Method visited="false" cyclomaticComplexity="1" nPathComplexity="0" sequenceCoverage="0" branchCoverage="0" crapScore="2" isConstructor="false" isStatic="false" isGetter="true" isSetter="false">
              <Summary numSequencePoints="1" visitedSequencePoints="0" numBranchPoints="1" visitedBranchPoints="0" sequenceCoverage="0" branchCoverage="0" maxCyclomaticComplexity="1" minCyclomaticComplexity="1" maxCrapScore="2" minCrapScore="2" visitedClasses="0" numClasses="0" visitedMethods="0" numMethods="1" />
              <MetadataToken>100663326</MetadataToken>
              <Name>System.Nullable`1&lt;System.Boolean&gt; Internal.Microsoft.Extensions.DependencyModel.CompilationOptions::get_AllowUnsafe()</Name>
              <FileRef uid="11" />
              <SequencePoints>
                <SequencePoint vc="0" uspid="152" ordinal="0" offset="0" sl="20" sc="36" el="20" ec="40" bec="0" bev="0" fileid="11" />
              </SequencePoints>
              <BranchPoints />
              <MethodPoint xsi:type="SequencePoint" vc="0" uspid="152" ordinal="0" offset="0" sl="20" sc="36" el="20" ec="40" bec="0" bev="0" fileid="11" />
            </Method>
            <Method visited="false" cyclomaticComplexity="1" nPathComplexity="0" sequenceCoverage="0" branchCoverage="0" crapScore="2" isConstructor="false" isStatic="false" isGetter="true" isSetter="false">
              <Summary numSequencePoints="1" visitedSequencePoints="0" numBranchPoints="1" visitedBranchPoints="0" sequenceCoverage="0" branchCoverage="0" maxCyclomaticComplexity="1" minCyclomaticComplexity="1" maxCrapScore="2" minCrapScore="2" visitedClasses="0" numClasses="0" visitedMethods="0" numMethods="1" />
              <MetadataToken>100663327</MetadataToken>
              <Name>System.Nullable`1&lt;System.Boolean&gt; Internal.Microsoft.Extensions.DependencyModel.CompilationOptions::get_WarningsAsErrors()</Name>
              <FileRef uid="11" />
              <SequencePoints>
                <SequencePoint vc="0" uspid="153" ordinal="0" offset="0" sl="22" sc="41" el="22" ec="45" bec="0" bev="0" fileid="11" />
              </SequencePoints>
              <BranchPoints />
              <MethodPoint xsi:type="SequencePoint" vc="0" uspid="153" ordinal="0" offset="0" sl="22" sc="41" el="22" ec="45" bec="0" bev="0" fileid="11" />
            </Method>
            <Method visited="false" cyclomaticComplexity="1" nPathComplexity="0" sequenceCoverage="0" branchCoverage="0" crapScore="2" isConstructor="false" isStatic="false" isGetter="true" isSetter="false">
              <Summary numSequencePoints="1" visitedSequencePoints="0" numBranchPoints="1" visitedBranchPoints="0" sequenceCoverage="0" branchCoverage="0" maxCyclomaticComplexity="1" minCyclomaticComplexity="1" maxCrapScore="2" minCrapScore="2" visitedClasses="0" numClasses="0" visitedMethods="0" numMethods="1" />
              <MetadataToken>100663328</MetadataToken>
              <Name>System.Nullable`1&lt;System.Boolean&gt; Internal.Microsoft.Extensions.DependencyModel.CompilationOptions::get_Optimize()</Name>
              <FileRef uid="11" />
              <SequencePoints>
                <SequencePoint vc="0" uspid="154" ordinal="0" offset="0" sl="24" sc="33" el="24" ec="37" bec="0" bev="0" fileid="11" />
              </SequencePoints>
              <BranchPoints />
              <MethodPoint xsi:type="SequencePoint" vc="0" uspid="154" ordinal="0" offset="0" sl="24" sc="33" el="24" ec="37" bec="0" bev="0" fileid="11" />
            </Method>
            <Method visited="false" cyclomaticComplexity="1" nPathComplexity="0" sequenceCoverage="0" branchCoverage="0" crapScore="2" isConstructor="false" isStatic="false" isGetter="true" isSetter="false">
              <Summary numSequencePoints="1" visitedSequencePoints="0" numBranchPoints="1" visitedBranchPoints="0" sequenceCoverage="0" branchCoverage="0" maxCyclomaticComplexity="1" minCyclomaticComplexity="1" maxCrapScore="2" minCrapScore="2" visitedClasses="0" numClasses="0" visitedMethods="0" numMethods="1" />
              <MetadataToken>100663329</MetadataToken>
              <Name>System.String Internal.Microsoft.Extensions.DependencyModel.CompilationOptions::get_KeyFile()</Name>
              <FileRef uid="11" />
              <SequencePoints>
                <SequencePoint vc="0" uspid="155" ordinal="0" offset="0" sl="26" sc="33" el="26" ec="37" bec="0" bev="0" fileid="11" />
              </SequencePoints>
              <BranchPoints />
              <MethodPoint xsi:type="SequencePoint" vc="0" uspid="155" ordinal="0" offset="0" sl="26" sc="33" el="26" ec="37" bec="0" bev="0" fileid="11" />
            </Method>
            <Method visited="false" cyclomaticComplexity="1" nPathComplexity="0" sequenceCoverage="0" branchCoverage="0" crapScore="2" isConstructor="false" isStatic="false" isGetter="true" isSetter="false">
              <Summary numSequencePoints="1" visitedSequencePoints="0" numBranchPoints="1" visitedBranchPoints="0" sequenceCoverage="0" branchCoverage="0" maxCyclomaticComplexity="1" minCyclomaticComplexity="1" maxCrapScore="2" minCrapScore="2" visitedClasses="0" numClasses="0" visitedMethods="0" numMethods="1" />
              <MetadataToken>100663330</MetadataToken>
              <Name>System.Nullable`1&lt;System.Boolean&gt; Internal.Microsoft.Extensions.DependencyModel.CompilationOptions::get_DelaySign()</Name>
              <FileRef uid="11" />
              <SequencePoints>
                <SequencePoint vc="0" uspid="156" ordinal="0" offset="0" sl="28" sc="34" el="28" ec="38" bec="0" bev="0" fileid="11" />
              </SequencePoints>
              <BranchPoints />
              <MethodPoint xsi:type="SequencePoint" vc="0" uspid="156" ordinal="0" offset="0" sl="28" sc="34" el="28" ec="38" bec="0" bev="0" fileid="11" />
            </Method>
            <Method visited="false" cyclomaticComplexity="1" nPathComplexity="0" sequenceCoverage="0" branchCoverage="0" crapScore="2" isConstructor="false" isStatic="false" isGetter="true" isSetter="false">
              <Summary numSequencePoints="1" visitedSequencePoints="0" numBranchPoints="1" visitedBranchPoints="0" sequenceCoverage="0" branchCoverage="0" maxCyclomaticComplexity="1" minCyclomaticComplexity="1" maxCrapScore="2" minCrapScore="2" visitedClasses="0" numClasses="0" visitedMethods="0" numMethods="1" />
              <MetadataToken>100663331</MetadataToken>
              <Name>System.Nullable`1&lt;System.Boolean&gt; Internal.Microsoft.Extensions.DependencyModel.CompilationOptions::get_PublicSign()</Name>
              <FileRef uid="11" />
              <SequencePoints>
                <SequencePoint vc="0" uspid="157" ordinal="0" offset="0" sl="30" sc="35" el="30" ec="39" bec="0" bev="0" fileid="11" />
              </SequencePoints>
              <BranchPoints />
              <MethodPoint xsi:type="SequencePoint" vc="0" uspid="157" ordinal="0" offset="0" sl="30" sc="35" el="30" ec="39" bec="0" bev="0" fileid="11" />
            </Method>
            <Method visited="false" cyclomaticComplexity="1" nPathComplexity="0" sequenceCoverage="0" branchCoverage="0" crapScore="2" isConstructor="false" isStatic="false" isGetter="true" isSetter="false">
              <Summary numSequencePoints="1" visitedSequencePoints="0" numBranchPoints="1" visitedBranchPoints="0" sequenceCoverage="0" branchCoverage="0" maxCyclomaticComplexity="1" minCyclomaticComplexity="1" maxCrapScore="2" minCrapScore="2" visitedClasses="0" numClasses="0" visitedMethods="0" numMethods="1" />
              <MetadataToken>100663332</MetadataToken>
              <Name>System.String Internal.Microsoft.Extensions.DependencyModel.CompilationOptions::get_DebugType()</Name>
              <FileRef uid="11" />
              <SequencePoints>
                <SequencePoint vc="0" uspid="158" ordinal="0" offset="0" sl="32" sc="35" el="32" ec="39" bec="0" bev="0" fileid="11" />
              </SequencePoints>
              <BranchPoints />
              <MethodPoint xsi:type="SequencePoint" vc="0" uspid="158" ordinal="0" offset="0" sl="32" sc="35" el="32" ec="39" bec="0" bev="0" fileid="11" />
            </Method>
            <Method visited="false" cyclomaticComplexity="1" nPathComplexity="0" sequenceCoverage="0" branchCoverage="0" crapScore="2" isConstructor="false" isStatic="false" isGetter="true" isSetter="false">
              <Summary numSequencePoints="1" visitedSequencePoints="0" numBranchPoints="1" visitedBranchPoints="0" sequenceCoverage="0" branchCoverage="0" maxCyclomaticComplexity="1" minCyclomaticComplexity="1" maxCrapScore="2" minCrapScore="2" visitedClasses="0" numClasses="0" visitedMethods="0" numMethods="1" />
              <MetadataToken>100663333</MetadataToken>
              <Name>System.Nullable`1&lt;System.Boolean&gt; Internal.Microsoft.Extensions.DependencyModel.CompilationOptions::get_EmitEntryPoint()</Name>
              <FileRef uid="11" />
              <SequencePoints>
                <SequencePoint vc="0" uspid="159" ordinal="0" offset="0" sl="34" sc="39" el="34" ec="43" bec="0" bev="0" fileid="11" />
              </SequencePoints>
              <BranchPoints />
              <MethodPoint xsi:type="SequencePoint" vc="0" uspid="159" ordinal="0" offset="0" sl="34" sc="39" el="34" ec="43" bec="0" bev="0" fileid="11" />
            </Method>
            <Method visited="false" cyclomaticComplexity="1" nPathComplexity="0" sequenceCoverage="0" branchCoverage="0" crapScore="2" isConstructor="false" isStatic="false" isGetter="true" isSetter="false">
              <Summary numSequencePoints="1" visitedSequencePoints="0" numBranchPoints="1" visitedBranchPoints="0" sequenceCoverage="0" branchCoverage="0" maxCyclomaticComplexity="1" minCyclomaticComplexity="1" maxCrapScore="2" minCrapScore="2" visitedClasses="0" numClasses="0" visitedMethods="0" numMethods="1" />
              <MetadataToken>100663334</MetadataToken>
              <Name>System.Nullable`1&lt;System.Boolean&gt; Internal.Microsoft.Extensions.DependencyModel.CompilationOptions::get_GenerateXmlDocumentation()</Name>
              <FileRef uid="11" />
              <SequencePoints>
                <SequencePoint vc="0" uspid="160" ordinal="0" offset="0" sl="36" sc="49" el="36" ec="53" bec="0" bev="0" fileid="11" />
              </SequencePoints>
              <BranchPoints />
              <MethodPoint xsi:type="SequencePoint" vc="0" uspid="160" ordinal="0" offset="0" sl="36" sc="49" el="36" ec="53" bec="0" bev="0" fileid="11" />
            </Method>
            <Method visited="false" cyclomaticComplexity="1" nPathComplexity="0" sequenceCoverage="0" branchCoverage="0" crapScore="2" isConstructor="false" isStatic="true" isGetter="true" isSetter="false">
              <Summary numSequencePoints="1" visitedSequencePoints="0" numBranchPoints="1" visitedBranchPoints="0" sequenceCoverage="0" branchCoverage="0" maxCyclomaticComplexity="1" minCyclomaticComplexity="1" maxCrapScore="2" minCrapScore="2" visitedClasses="0" numClasses="0" visitedMethods="0" numMethods="1" />
              <MetadataToken>100663335</MetadataToken>
              <Name>Internal.Microsoft.Extensions.DependencyModel.CompilationOptions Internal.Microsoft.Extensions.DependencyModel.CompilationOptions::get_Default()</Name>
              <FileRef uid="11" />
              <SequencePoints>
                <SequencePoint vc="0" uspid="161" ordinal="0" offset="0" sl="38" sc="52" el="38" ec="56" bec="0" bev="0" fileid="11" />
              </SequencePoints>
              <BranchPoints />
              <MethodPoint xsi:type="SequencePoint" vc="0" uspid="161" ordinal="0" offset="0" sl="38" sc="52" el="38" ec="56" bec="0" bev="0" fileid="11" />
            </Method>
            <Method visited="false" cyclomaticComplexity="2" nPathComplexity="2" sequenceCoverage="0" branchCoverage="0" crapScore="6" isConstructor="true" isStatic="false" isGetter="false" isSetter="false">
              <Summary numSequencePoints="16" visitedSequencePoints="0" numBranchPoints="3" visitedBranchPoints="0" sequenceCoverage="0" branchCoverage="0" maxCyclomaticComplexity="2" minCyclomaticComplexity="2" maxCrapScore="6" minCrapScore="6" visitedClasses="0" numClasses="0" visitedMethods="0" numMethods="1" />
              <MetadataToken>100663336</MetadataToken>
              <Name>System.Void Internal.Microsoft.Extensions.DependencyModel.CompilationOptions::.ctor(System.Collections.Generic.IEnumerable`1&lt;System.String&gt;,System.String,System.String,System.Nullable`1&lt;System.Boolean&gt;,System.Nullable`1&lt;System.Boolean&gt;,System.Nullable`1&lt;System.Boolean&gt;,System.String,System.Nullable`1&lt;System.Boolean&gt;,System.Nullable`1&lt;System.Boolean&gt;,System.String,System.Nullable`1&lt;System.Boolean&gt;,System.Nullable`1&lt;System.Boolean&gt;)</Name>
              <FileRef uid="11" />
              <SequencePoints>
                <SequencePoint vc="0" uspid="162" ordinal="0" offset="0" sl="52" sc="9" el="63" ec="44" bec="0" bev="0" fileid="11" />
                <SequencePoint vc="0" uspid="163" ordinal="1" offset="6" sl="65" sc="13" el="65" ec="33" bec="2" bev="0" fileid="11" />
                <SequencePoint vc="0" uspid="164" ordinal="2" offset="9" sl="67" sc="17" el="67" ec="66" bec="0" bev="0" fileid="11" />
                <SequencePoint vc="0" uspid="165" ordinal="3" offset="20" sl="69" sc="13" el="69" ec="41" bec="0" bev="0" fileid="11" />
                <SequencePoint vc="0" uspid="166" ordinal="4" offset="32" sl="70" sc="13" el="70" ec="47" bec="0" bev="0" fileid="11" />
                <SequencePoint vc="0" uspid="167" ordinal="5" offset="39" sl="71" sc="13" el="71" ec="33" bec="0" bev="0" fileid="11" />
                <SequencePoint vc="0" uspid="168" ordinal="6" offset="46" sl="72" sc="13" el="72" ec="39" bec="0" bev="0" fileid="11" />
                <SequencePoint vc="0" uspid="169" ordinal="7" offset="54" sl="73" sc="13" el="73" ec="49" bec="0" bev="0" fileid="11" />
                <SequencePoint vc="0" uspid="170" ordinal="8" offset="62" sl="74" sc="13" el="74" ec="33" bec="0" bev="0" fileid="11" />
                <SequencePoint vc="0" uspid="171" ordinal="9" offset="70" sl="75" sc="13" el="75" ec="31" bec="0" bev="0" fileid="11" />
                <SequencePoint vc="0" uspid="172" ordinal="10" offset="78" sl="76" sc="13" el="76" ec="35" bec="0" bev="0" fileid="11" />
                <SequencePoint vc="0" uspid="173" ordinal="11" offset="86" sl="77" sc="13" el="77" ec="37" bec="0" bev="0" fileid="11" />
                <SequencePoint vc="0" uspid="174" ordinal="12" offset="94" sl="78" sc="13" el="78" ec="35" bec="0" bev="0" fileid="11" />
                <SequencePoint vc="0" uspid="175" ordinal="13" offset="102" sl="79" sc="13" el="79" ec="45" bec="0" bev="0" fileid="11" />
                <SequencePoint vc="0" uspid="176" ordinal="14" offset="110" sl="80" sc="13" el="80" ec="65" bec="0" bev="0" fileid="11" />
                <SequencePoint vc="0" uspid="177" ordinal="15" offset="118" sl="81" sc="9" el="81" ec="10" bec="0" bev="0" fileid="11" />
              </SequencePoints>
              <BranchPoints>
                <BranchPoint vc="0" uspid="178" ordinal="0" offset="7" sl="65" path="0" offsetend="9" fileid="11" />
                <BranchPoint vc="0" uspid="179" ordinal="1" offset="7" sl="65" path="1" offsetend="20" fileid="11" />
              </BranchPoints>
              <MethodPoint xsi:type="SequencePoint" vc="0" uspid="162" ordinal="0" offset="0" sl="52" sc="9" el="63" ec="44" bec="0" bev="0" fileid="11" />
            </Method>
            <Method visited="false" cyclomaticComplexity="1" nPathComplexity="0" sequenceCoverage="0" branchCoverage="0" crapScore="2" isConstructor="true" isStatic="true" isGetter="false" isSetter="false">
              <Summary numSequencePoints="1" visitedSequencePoints="0" numBranchPoints="1" visitedBranchPoints="0" sequenceCoverage="0" branchCoverage="0" maxCyclomaticComplexity="1" minCyclomaticComplexity="1" maxCrapScore="2" minCrapScore="2" visitedClasses="0" numClasses="0" visitedMethods="0" numMethods="1" />
              <MetadataToken>100663337</MetadataToken>
              <Name>System.Void Internal.Microsoft.Extensions.DependencyModel.CompilationOptions::.cctor()</Name>
              <FileRef uid="11" />
              <SequencePoints>
                <SequencePoint vc="0" uspid="180" ordinal="0" offset="0" sl="38" sc="61" el="50" ec="44" bec="0" bev="0" fileid="11" />
              </SequencePoints>
              <BranchPoints />
              <MethodPoint xsi:type="SequencePoint" vc="0" uspid="180" ordinal="0" offset="0" sl="38" sc="61" el="50" ec="44" bec="0" bev="0" fileid="11" />
            </Method>
          </Methods>
        </Class>
        <Class>
          <Summary numSequencePoints="17" visitedSequencePoints="0" numBranchPoints="16" visitedBranchPoints="0" sequenceCoverage="0" branchCoverage="0" maxCyclomaticComplexity="3" minCyclomaticComplexity="1" maxCrapScore="12" minCrapScore="2" visitedClasses="0" numClasses="1" visitedMethods="0" numMethods="6" />
          <FullName>Internal.Microsoft.Extensions.DependencyModel.Dependency</FullName>
          <Methods>
            <Method visited="false" cyclomaticComplexity="1" nPathComplexity="0" sequenceCoverage="0" branchCoverage="0" crapScore="2" isConstructor="false" isStatic="false" isGetter="true" isSetter="false">
              <Summary numSequencePoints="1" visitedSequencePoints="0" numBranchPoints="1" visitedBranchPoints="0" sequenceCoverage="0" branchCoverage="0" maxCyclomaticComplexity="1" minCyclomaticComplexity="1" maxCrapScore="2" minCrapScore="2" visitedClasses="0" numClasses="0" visitedMethods="0" numMethods="1" />
              <MetadataToken>100663339</MetadataToken>
              <Name>System.String Internal.Microsoft.Extensions.DependencyModel.Dependency::get_Name()</Name>
              <FileRef uid="12" />
              <SequencePoints>
                <SequencePoint vc="0" uspid="181" ordinal="0" offset="0" sl="27" sc="30" el="27" ec="34" bec="0" bev="0" fileid="12" />
              </SequencePoints>
              <BranchPoints />
              <MethodPoint xsi:type="SequencePoint" vc="0" uspid="181" ordinal="0" offset="0" sl="27" sc="30" el="27" ec="34" bec="0" bev="0" fileid="12" />
            </Method>
            <Method visited="false" cyclomaticComplexity="1" nPathComplexity="0" sequenceCoverage="0" branchCoverage="0" crapScore="2" isConstructor="false" isStatic="false" isGetter="true" isSetter="false">
              <Summary numSequencePoints="1" visitedSequencePoints="0" numBranchPoints="1" visitedBranchPoints="0" sequenceCoverage="0" branchCoverage="0" maxCyclomaticComplexity="1" minCyclomaticComplexity="1" maxCrapScore="2" minCrapScore="2" visitedClasses="0" numClasses="0" visitedMethods="0" numMethods="1" />
              <MetadataToken>100663340</MetadataToken>
              <Name>System.String Internal.Microsoft.Extensions.DependencyModel.Dependency::get_Version()</Name>
              <FileRef uid="12" />
              <SequencePoints>
                <SequencePoint vc="0" uspid="182" ordinal="0" offset="0" sl="28" sc="33" el="28" ec="37" bec="0" bev="0" fileid="12" />
              </SequencePoints>
              <BranchPoints />
              <MethodPoint xsi:type="SequencePoint" vc="0" uspid="182" ordinal="0" offset="0" sl="28" sc="33" el="28" ec="37" bec="0" bev="0" fileid="12" />
            </Method>
            <Method visited="false" cyclomaticComplexity="3" nPathComplexity="4" sequenceCoverage="0" branchCoverage="0" crapScore="12" isConstructor="true" isStatic="false" isGetter="false" isSetter="false">
              <Summary numSequencePoints="7" visitedSequencePoints="0" numBranchPoints="5" visitedBranchPoints="0" sequenceCoverage="0" branchCoverage="0" maxCyclomaticComplexity="3" minCyclomaticComplexity="3" maxCrapScore="12" minCrapScore="12" visitedClasses="0" numClasses="0" visitedMethods="0" numMethods="1" />
              <MetadataToken>100663338</MetadataToken>
              <Name>System.Void Internal.Microsoft.Extensions.DependencyModel.Dependency::.ctor(System.String,System.String)</Name>
              <FileRef uid="12" />
              <SequencePoints>
                <SequencePoint vc="0" uspid="183" ordinal="0" offset="0" sl="15" sc="13" el="15" ec="44" bec="2" bev="0" fileid="12" />
                <SequencePoint vc="0" uspid="184" ordinal="1" offset="8" sl="17" sc="17" el="17" ec="59" bec="0" bev="0" fileid="12" />
                <SequencePoint vc="0" uspid="185" ordinal="2" offset="19" sl="19" sc="13" el="19" ec="47" bec="2" bev="0" fileid="12" />
                <SequencePoint vc="0" uspid="186" ordinal="3" offset="27" sl="21" sc="17" el="21" ec="62" bec="0" bev="0" fileid="12" />
                <SequencePoint vc="0" uspid="187" ordinal="4" offset="38" sl="23" sc="13" el="23" ec="25" bec="0" bev="0" fileid="12" />
                <SequencePoint vc="0" uspid="188" ordinal="5" offset="45" sl="24" sc="13" el="24" ec="31" bec="0" bev="0" fileid="12" />
                <SequencePoint vc="0" uspid="189" ordinal="6" offset="52" sl="25" sc="9" el="25" ec="10" bec="0" bev="0" fileid="12" />
              </SequencePoints>
              <BranchPoints>
                <BranchPoint vc="0" uspid="190" ordinal="0" offset="6" sl="15" path="0" offsetend="8" fileid="12" />
                <BranchPoint vc="0" uspid="191" ordinal="1" offset="6" sl="15" path="1" offsetend="19" fileid="12" />
                <BranchPoint vc="0" uspid="192" ordinal="2" offset="25" sl="19" path="0" offsetend="27" fileid="12" />
                <BranchPoint vc="0" uspid="193" ordinal="3" offset="25" sl="19" path="1" offsetend="38" fileid="12" />
              </BranchPoints>
              <MethodPoint xsi:type="SequencePoint" vc="0" uspid="183" ordinal="0" offset="0" sl="15" sc="13" el="15" ec="44" bec="2" bev="0" fileid="12" />
            </Method>
            <Method visited="false" cyclomaticComplexity="2" nPathComplexity="2" sequenceCoverage="0" branchCoverage="0" crapScore="6" isConstructor="false" isStatic="false" isGetter="false" isSetter="false">
              <Summary numSequencePoints="1" visitedSequencePoints="0" numBranchPoints="3" visitedBranchPoints="0" sequenceCoverage="0" branchCoverage="0" maxCyclomaticComplexity="2" minCyclomaticComplexity="2" maxCrapScore="6" minCrapScore="6" visitedClasses="0" numClasses="0" visitedMethods="0" numMethods="1" />
              <MetadataToken>100663341</MetadataToken>
              <Name>System.Boolean Internal.Microsoft.Extensions.DependencyModel.Dependency::Equals(Internal.Microsoft.Extensions.DependencyModel.Dependency)</Name>
              <FileRef uid="12" />
              <SequencePoints>
                <SequencePoint vc="0" uspid="194" ordinal="0" offset="0" sl="32" sc="13" el="32" ec="93" bec="2" bev="0" fileid="12" />
              </SequencePoints>
              <BranchPoints>
                <BranchPoint vc="0" uspid="195" ordinal="0" offset="18" sl="32" path="0" offsetend="20" fileid="12" />
                <BranchPoint vc="0" uspid="196" ordinal="1" offset="18" sl="32" path="1" offsetend="39" fileid="12" />
              </BranchPoints>
              <MethodPoint xsi:type="SequencePoint" vc="0" uspid="194" ordinal="0" offset="0" sl="32" sc="13" el="32" ec="93" bec="2" bev="0" fileid="12" />
            </Method>
            <Method visited="false" cyclomaticComplexity="3" nPathComplexity="4" sequenceCoverage="0" branchCoverage="0" crapScore="12" isConstructor="false" isStatic="false" isGetter="false" isSetter="false">
              <Summary numSequencePoints="3" visitedSequencePoints="0" numBranchPoints="5" visitedBranchPoints="0" sequenceCoverage="0" branchCoverage="0" maxCyclomaticComplexity="3" minCyclomaticComplexity="3" maxCrapScore="12" minCrapScore="12" visitedClasses="0" numClasses="0" visitedMethods="0" numMethods="1" />
              <MetadataToken>100663342</MetadataToken>
              <Name>System.Boolean Internal.Microsoft.Extensions.DependencyModel.Dependency::Equals(System.Object)</Name>
              <FileRef uid="12" />
              <SequencePoints>
                <SequencePoint vc="0" uspid="197" ordinal="0" offset="0" sl="37" sc="13" el="37" ec="44" bec="2" bev="0" fileid="12" />
                <SequencePoint vc="0" uspid="198" ordinal="1" offset="3" sl="37" sc="45" el="37" ec="58" bec="0" bev="0" fileid="12" />
                <SequencePoint vc="0" uspid="199" ordinal="2" offset="5" sl="38" sc="13" el="38" ec="66" bec="2" bev="0" fileid="12" />
              </SequencePoints>
              <BranchPoints>
                <BranchPoint vc="0" uspid="200" ordinal="0" offset="1" sl="37" path="0" offsetend="3" fileid="12" />
                <BranchPoint vc="0" uspid="201" ordinal="1" offset="1" sl="37" path="1" offsetend="5" fileid="12" />
                <BranchPoint vc="0" uspid="202" ordinal="2" offset="11" sl="38" path="0" offsetend="13" fileid="12" />
                <BranchPoint vc="0" uspid="203" ordinal="3" offset="11" sl="38" path="1" offsetend="26" fileid="12" />
              </BranchPoints>
              <MethodPoint xsi:type="SequencePoint" vc="0" uspid="197" ordinal="0" offset="0" sl="37" sc="13" el="37" ec="44" bec="2" bev="0" fileid="12" />
            </Method>
            <Method visited="false" cyclomaticComplexity="1" nPathComplexity="0" sequenceCoverage="0" branchCoverage="0" crapScore="2" isConstructor="false" isStatic="false" isGetter="false" isSetter="false">
              <Summary numSequencePoints="4" visitedSequencePoints="0" numBranchPoints="1" visitedBranchPoints="0" sequenceCoverage="0" branchCoverage="0" maxCyclomaticComplexity="1" minCyclomaticComplexity="1" maxCrapScore="2" minCrapScore="2" visitedClasses="0" numClasses="0" visitedMethods="0" numMethods="1" />
              <MetadataToken>100663343</MetadataToken>
              <Name>System.Int32 Internal.Microsoft.Extensions.DependencyModel.Dependency::GetHashCode()</Name>
              <FileRef uid="12" />
              <SequencePoints>
                <SequencePoint vc="0" uspid="204" ordinal="0" offset="0" sl="43" sc="13" el="43" ec="53" bec="0" bev="0" fileid="12" />
                <SequencePoint vc="0" uspid="205" ordinal="1" offset="6" sl="44" sc="13" el="44" ec="32" bec="0" bev="0" fileid="12" />
                <SequencePoint vc="0" uspid="206" ordinal="2" offset="19" sl="45" sc="13" el="45" ec="35" bec="0" bev="0" fileid="12" />
                <SequencePoint vc="0" uspid="207" ordinal="3" offset="32" sl="46" sc="13" el="46" ec="42" bec="0" bev="0" fileid="12" />
              </SequencePoints>
              <BranchPoints />
              <MethodPoint xsi:type="SequencePoint" vc="0" uspid="204" ordinal="0" offset="0" sl="43" sc="13" el="43" ec="53" bec="0" bev="0" fileid="12" />
            </Method>
          </Methods>
        </Class>
        <Class>
          <Summary numSequencePoints="32" visitedSequencePoints="0" numBranchPoints="25" visitedBranchPoints="0" sequenceCoverage="0" branchCoverage="0" maxCyclomaticComplexity="6" minCyclomaticComplexity="1" maxCrapScore="42" minCrapScore="2" visitedClasses="0" numClasses="1" visitedMethods="0" numMethods="11" />
          <FullName>Internal.Microsoft.Extensions.DependencyModel.DependencyContext</FullName>
          <Methods>
            <Method visited="false" cyclomaticComplexity="1" nPathComplexity="0" sequenceCoverage="0" branchCoverage="0" crapScore="2" isConstructor="false" isStatic="true" isGetter="true" isSetter="false">
              <Summary numSequencePoints="1" visitedSequencePoints="0" numBranchPoints="1" visitedBranchPoints="0" sequenceCoverage="0" branchCoverage="0" maxCyclomaticComplexity="1" minCyclomaticComplexity="1" maxCrapScore="2" minCrapScore="2" visitedClasses="0" numClasses="0" visitedMethods="0" numMethods="1" />
              <MetadataToken>100663345</MetadataToken>
              <Name>Internal.Microsoft.Extensions.DependencyModel.DependencyContext Internal.Microsoft.Extensions.DependencyModel.DependencyContext::get_Default()</Name>
              <FileRef uid="13" />
              <SequencePoints>
                <SequencePoint vc="0" uspid="208" ordinal="0" offset="0" sl="51" sc="52" el="51" ec="73" bec="0" bev="0" fileid="13" />
              </SequencePoints>
              <BranchPoints />
              <MethodPoint xsi:type="SequencePoint" vc="0" uspid="208" ordinal="0" offset="0" sl="51" sc="52" el="51" ec="73" bec="0" bev="0" fileid="13" />
            </Method>
            <Method visited="false" cyclomaticComplexity="1" nPathComplexity="0" sequenceCoverage="0" branchCoverage="0" crapScore="2" isConstructor="false" isStatic="false" isGetter="true" isSetter="false">
              <Summary numSequencePoints="1" visitedSequencePoints="0" numBranchPoints="1" visitedBranchPoints="0" sequenceCoverage="0" branchCoverage="0" maxCyclomaticComplexity="1" minCyclomaticComplexity="1" maxCrapScore="2" minCrapScore="2" visitedClasses="0" numClasses="0" visitedMethods="0" numMethods="1" />
              <MetadataToken>100663346</MetadataToken>
              <Name>Internal.Microsoft.Extensions.DependencyModel.TargetInfo Internal.Microsoft.Extensions.DependencyModel.DependencyContext::get_Target()</Name>
              <FileRef uid="13" />
              <SequencePoints>
                <SequencePoint vc="0" uspid="209" ordinal="0" offset="0" sl="53" sc="36" el="53" ec="40" bec="0" bev="0" fileid="13" />
              </SequencePoints>
              <BranchPoints />
              <MethodPoint xsi:type="SequencePoint" vc="0" uspid="209" ordinal="0" offset="0" sl="53" sc="36" el="53" ec="40" bec="0" bev="0" fileid="13" />
            </Method>
            <Method visited="false" cyclomaticComplexity="1" nPathComplexity="0" sequenceCoverage="0" branchCoverage="0" crapScore="2" isConstructor="false" isStatic="false" isGetter="true" isSetter="false">
              <Summary numSequencePoints="1" visitedSequencePoints="0" numBranchPoints="1" visitedBranchPoints="0" sequenceCoverage="0" branchCoverage="0" maxCyclomaticComplexity="1" minCyclomaticComplexity="1" maxCrapScore="2" minCrapScore="2" visitedClasses="0" numClasses="0" visitedMethods="0" numMethods="1" />
              <MetadataToken>100663347</MetadataToken>
              <Name>Internal.Microsoft.Extensions.DependencyModel.CompilationOptions Internal.Microsoft.Extensions.DependencyModel.DependencyContext::get_CompilationOptions()</Name>
              <FileRef uid="13" />
              <SequencePoints>
                <SequencePoint vc="0" uspid="210" ordinal="0" offset="0" sl="55" sc="56" el="55" ec="60" bec="0" bev="0" fileid="13" />
              </SequencePoints>
              <BranchPoints />
              <MethodPoint xsi:type="SequencePoint" vc="0" uspid="210" ordinal="0" offset="0" sl="55" sc="56" el="55" ec="60" bec="0" bev="0" fileid="13" />
            </Method>
            <Method visited="false" cyclomaticComplexity="1" nPathComplexity="0" sequenceCoverage="0" branchCoverage="0" crapScore="2" isConstructor="false" isStatic="false" isGetter="true" isSetter="false">
              <Summary numSequencePoints="1" visitedSequencePoints="0" numBranchPoints="1" visitedBranchPoints="0" sequenceCoverage="0" branchCoverage="0" maxCyclomaticComplexity="1" minCyclomaticComplexity="1" maxCrapScore="2" minCrapScore="2" visitedClasses="0" numClasses="0" visitedMethods="0" numMethods="1" />
              <MetadataToken>100663348</MetadataToken>
              <Name>System.Collections.Generic.IReadOnlyList`1&lt;Internal.Microsoft.Extensions.DependencyModel.CompilationLibrary&gt; Internal.Microsoft.Extensions.DependencyModel.DependencyContext::get_CompileLibraries()</Name>
              <FileRef uid="13" />
              <SequencePoints>
                <SequencePoint vc="0" uspid="211" ordinal="0" offset="0" sl="57" sc="69" el="57" ec="73" bec="0" bev="0" fileid="13" />
              </SequencePoints>
              <BranchPoints />
              <MethodPoint xsi:type="SequencePoint" vc="0" uspid="211" ordinal="0" offset="0" sl="57" sc="69" el="57" ec="73" bec="0" bev="0" fileid="13" />
            </Method>
            <Method visited="false" cyclomaticComplexity="1" nPathComplexity="0" sequenceCoverage="0" branchCoverage="0" crapScore="2" isConstructor="false" isStatic="false" isGetter="true" isSetter="false">
              <Summary numSequencePoints="1" visitedSequencePoints="0" numBranchPoints="1" visitedBranchPoints="0" sequenceCoverage="0" branchCoverage="0" maxCyclomaticComplexity="1" minCyclomaticComplexity="1" maxCrapScore="2" minCrapScore="2" visitedClasses="0" numClasses="0" visitedMethods="0" numMethods="1" />
              <MetadataToken>100663349</MetadataToken>
              <Name>System.Collections.Generic.IReadOnlyList`1&lt;Internal.Microsoft.Extensions.DependencyModel.RuntimeLibrary&gt; Internal.Microsoft.Extensions.DependencyModel.DependencyContext::get_RuntimeLibraries()</Name>
              <FileRef uid="13" />
              <SequencePoints>
                <SequencePoint vc="0" uspid="212" ordinal="0" offset="0" sl="59" sc="65" el="59" ec="69" bec="0" bev="0" fileid="13" />
              </SequencePoints>
              <BranchPoints />
              <MethodPoint xsi:type="SequencePoint" vc="0" uspid="212" ordinal="0" offset="0" sl="59" sc="65" el="59" ec="69" bec="0" bev="0" fileid="13" />
            </Method>
            <Method visited="false" cyclomaticComplexity="1" nPathComplexity="0" sequenceCoverage="0" branchCoverage="0" crapScore="2" isConstructor="false" isStatic="false" isGetter="true" isSetter="false">
              <Summary numSequencePoints="1" visitedSequencePoints="0" numBranchPoints="1" visitedBranchPoints="0" sequenceCoverage="0" branchCoverage="0" maxCyclomaticComplexity="1" minCyclomaticComplexity="1" maxCrapScore="2" minCrapScore="2" visitedClasses="0" numClasses="0" visitedMethods="0" numMethods="1" />
              <MetadataToken>100663350</MetadataToken>
              <Name>System.Collections.Generic.IReadOnlyList`1&lt;Internal.Microsoft.Extensions.DependencyModel.RuntimeFallbacks&gt; Internal.Microsoft.Extensions.DependencyModel.DependencyContext::get_RuntimeGraph()</Name>
              <FileRef uid="13" />
              <SequencePoints>
                <SequencePoint vc="0" uspid="213" ordinal="0" offset="0" sl="61" sc="63" el="61" ec="67" bec="0" bev="0" fileid="13" />
              </SequencePoints>
              <BranchPoints />
              <MethodPoint xsi:type="SequencePoint" vc="0" uspid="213" ordinal="0" offset="0" sl="61" sc="63" el="61" ec="67" bec="0" bev="0" fileid="13" />
            </Method>
            <Method visited="false" cyclomaticComplexity="6" nPathComplexity="32" sequenceCoverage="0" branchCoverage="0" crapScore="42" isConstructor="true" isStatic="false" isGetter="false" isSetter="false">
              <Summary numSequencePoints="17" visitedSequencePoints="0" numBranchPoints="11" visitedBranchPoints="0" sequenceCoverage="0" branchCoverage="0" maxCyclomaticComplexity="6" minCyclomaticComplexity="6" maxCrapScore="42" minCrapScore="42" visitedClasses="0" numClasses="0" visitedMethods="0" numMethods="1" />
              <MetadataToken>100663344</MetadataToken>
              <Name>System.Void Internal.Microsoft.Extensions.DependencyModel.DependencyContext::.ctor(Internal.Microsoft.Extensions.DependencyModel.TargetInfo,Internal.Microsoft.Extensions.DependencyModel.CompilationOptions,System.Collections.Generic.IEnumerable`1&lt;Internal.Microsoft.Extensions.DependencyModel.CompilationLibrary&gt;,System.Collections.Generic.IEnumerable`1&lt;Internal.Microsoft.Extensions.DependencyModel.RuntimeLibrary&gt;,System.Collections.Generic.IEnumerable`1&lt;Internal.Microsoft.Extensions.DependencyModel.RuntimeFallbacks&gt;)</Name>
              <FileRef uid="13" />
              <SequencePoints>
                <SequencePoint vc="0" uspid="214" ordinal="0" offset="0" sl="17" sc="9" el="21" ec="56" bec="0" bev="0" fileid="13" />
                <SequencePoint vc="0" uspid="215" ordinal="1" offset="6" sl="23" sc="13" el="23" ec="32" bec="2" bev="0" fileid="13" />
                <SequencePoint vc="0" uspid="216" ordinal="2" offset="9" sl="25" sc="17" el="25" ec="65" bec="0" bev="0" fileid="13" />
                <SequencePoint vc="0" uspid="217" ordinal="3" offset="20" sl="27" sc="13" el="27" ec="44" bec="2" bev="0" fileid="13" />
                <SequencePoint vc="0" uspid="218" ordinal="4" offset="23" sl="29" sc="17" el="29" ec="77" bec="0" bev="0" fileid="13" />
                <SequencePoint vc="0" uspid="219" ordinal="5" offset="34" sl="31" sc="13" el="31" ec="42" bec="2" bev="0" fileid="13" />
                <SequencePoint vc="0" uspid="220" ordinal="6" offset="37" sl="33" sc="17" el="33" ec="75" bec="0" bev="0" fileid="13" />
                <SequencePoint vc="0" uspid="221" ordinal="7" offset="48" sl="35" sc="13" el="35" ec="42" bec="2" bev="0" fileid="13" />
                <SequencePoint vc="0" uspid="222" ordinal="8" offset="52" sl="37" sc="17" el="37" ec="75" bec="0" bev="0" fileid="13" />
                <SequencePoint vc="0" uspid="223" ordinal="9" offset="63" sl="39" sc="13" el="39" ec="38" bec="2" bev="0" fileid="13" />
                <SequencePoint vc="0" uspid="224" ordinal="10" offset="67" sl="41" sc="17" el="41" ec="71" bec="0" bev="0" fileid="13" />
                <SequencePoint vc="0" uspid="225" ordinal="11" offset="78" sl="44" sc="13" el="44" ec="29" bec="0" bev="0" fileid="13" />
                <SequencePoint vc="0" uspid="226" ordinal="12" offset="85" sl="45" sc="13" el="45" ec="53" bec="0" bev="0" fileid="13" />
                <SequencePoint vc="0" uspid="227" ordinal="13" offset="92" sl="46" sc="13" el="46" ec="59" bec="0" bev="0" fileid="13" />
                <SequencePoint vc="0" uspid="228" ordinal="14" offset="104" sl="47" sc="13" el="47" ec="59" bec="0" bev="0" fileid="13" />
                <SequencePoint vc="0" uspid="229" ordinal="15" offset="117" sl="48" sc="13" el="48" ec="51" bec="0" bev="0" fileid="13" />
                <SequencePoint vc="0" uspid="230" ordinal="16" offset="130" sl="49" sc="9" el="49" ec="10" bec="0" bev="0" fileid="13" />
              </SequencePoints>
              <BranchPoints>
                <BranchPoint vc="0" uspid="231" ordinal="0" offset="7" sl="23" path="0" offsetend="9" fileid="13" />
                <BranchPoint vc="0" uspid="232" ordinal="1" offset="7" sl="23" path="1" offsetend="20" fileid="13" />
                <BranchPoint vc="0" uspid="233" ordinal="2" offset="21" sl="27" path="0" offsetend="23" fileid="13" />
                <BranchPoint vc="0" uspid="234" ordinal="3" offset="21" sl="27" path="1" offsetend="34" fileid="13" />
                <BranchPoint vc="0" uspid="235" ordinal="4" offset="35" sl="31" path="0" offsetend="37" fileid="13" />
                <BranchPoint vc="0" uspid="236" ordinal="5" offset="35" sl="31" path="1" offsetend="48" fileid="13" />
                <BranchPoint vc="0" uspid="237" ordinal="6" offset="50" sl="35" path="0" offsetend="52" fileid="13" />
                <BranchPoint vc="0" uspid="238" ordinal="7" offset="50" sl="35" path="1" offsetend="63" fileid="13" />
                <BranchPoint vc="0" uspid="239" ordinal="8" offset="65" sl="39" path="0" offsetend="67" fileid="13" />
                <BranchPoint vc="0" uspid="240" ordinal="9" offset="65" sl="39" path="1" offsetend="78" fileid="13" />
              </BranchPoints>
              <MethodPoint xsi:type="SequencePoint" vc="0" uspid="214" ordinal="0" offset="0" sl="17" sc="9" el="21" ec="56" bec="0" bev="0" fileid="13" />
            </Method>
            <Method visited="false" cyclomaticComplexity="2" nPathComplexity="2" sequenceCoverage="0" branchCoverage="0" crapScore="6" isConstructor="false" isStatic="false" isGetter="false" isSetter="false">
              <Summary numSequencePoints="3" visitedSequencePoints="0" numBranchPoints="3" visitedBranchPoints="0" sequenceCoverage="0" branchCoverage="0" maxCyclomaticComplexity="2" minCyclomaticComplexity="2" maxCrapScore="6" minCrapScore="6" visitedClasses="0" numClasses="0" visitedMethods="0" numMethods="1" />
              <MetadataToken>100663351</MetadataToken>
              <Name>Internal.Microsoft.Extensions.DependencyModel.DependencyContext Internal.Microsoft.Extensions.DependencyModel.DependencyContext::Merge(Internal.Microsoft.Extensions.DependencyModel.DependencyContext)</Name>
              <FileRef uid="13" />
              <SequencePoints>
                <SequencePoint vc="0" uspid="241" ordinal="0" offset="0" sl="65" sc="13" el="65" ec="31" bec="2" bev="0" fileid="13" />
                <SequencePoint vc="0" uspid="242" ordinal="1" offset="3" sl="67" sc="17" el="67" ec="64" bec="0" bev="0" fileid="13" />
                <SequencePoint vc="0" uspid="243" ordinal="2" offset="14" sl="70" sc="13" el="76" ec="19" bec="0" bev="0" fileid="13" />
              </SequencePoints>
              <BranchPoints>
                <BranchPoint vc="0" uspid="244" ordinal="0" offset="1" sl="65" path="0" offsetend="3" fileid="13" />
                <BranchPoint vc="0" uspid="245" ordinal="1" offset="1" sl="65" path="1" offsetend="14" fileid="13" />
              </BranchPoints>
              <MethodPoint xsi:type="SequencePoint" vc="0" uspid="241" ordinal="0" offset="0" sl="65" sc="13" el="65" ec="31" bec="2" bev="0" fileid="13" />
            </Method>
            <Method visited="false" cyclomaticComplexity="2" nPathComplexity="2" sequenceCoverage="0" branchCoverage="0" crapScore="6" isConstructor="false" isStatic="true" isGetter="false" isSetter="false">
              <Summary numSequencePoints="4" visitedSequencePoints="0" numBranchPoints="3" visitedBranchPoints="0" sequenceCoverage="0" branchCoverage="0" maxCyclomaticComplexity="2" minCyclomaticComplexity="2" maxCrapScore="6" minCrapScore="6" visitedClasses="0" numClasses="0" visitedMethods="0" numMethods="1" />
              <MetadataToken>100663352</MetadataToken>
              <Name>Internal.Microsoft.Extensions.DependencyModel.DependencyContext Internal.Microsoft.Extensions.DependencyModel.DependencyContext::LoadDefault()</Name>
              <FileRef uid="13" />
              <SequencePoints>
                <SequencePoint vc="0" uspid="246" ordinal="0" offset="0" sl="81" sc="13" el="81" ec="61" bec="0" bev="0" fileid="13" />
                <SequencePoint vc="0" uspid="247" ordinal="1" offset="6" sl="82" sc="13" el="82" ec="39" bec="2" bev="0" fileid="13" />
                <SequencePoint vc="0" uspid="248" ordinal="2" offset="15" sl="84" sc="17" el="84" ec="29" bec="0" bev="0" fileid="13" />
                <SequencePoint vc="0" uspid="249" ordinal="3" offset="17" sl="87" sc="13" el="87" ec="40" bec="0" bev="0" fileid="13" />
              </SequencePoints>
              <BranchPoints>
                <BranchPoint vc="0" uspid="250" ordinal="0" offset="13" sl="82" path="0" offsetend="15" fileid="13" />
                <BranchPoint vc="0" uspid="251" ordinal="1" offset="13" sl="82" path="1" offsetend="17" fileid="13" />
              </BranchPoints>
              <MethodPoint xsi:type="SequencePoint" vc="0" uspid="246" ordinal="0" offset="0" sl="81" sc="13" el="81" ec="61" bec="0" bev="0" fileid="13" />
            </Method>
            <Method visited="false" cyclomaticComplexity="1" nPathComplexity="0" sequenceCoverage="0" branchCoverage="0" crapScore="2" isConstructor="false" isStatic="true" isGetter="false" isSetter="false">
              <Summary numSequencePoints="1" visitedSequencePoints="0" numBranchPoints="1" visitedBranchPoints="0" sequenceCoverage="0" branchCoverage="0" maxCyclomaticComplexity="1" minCyclomaticComplexity="1" maxCrapScore="2" minCrapScore="2" visitedClasses="0" numClasses="0" visitedMethods="0" numMethods="1" />
              <MetadataToken>100663353</MetadataToken>
              <Name>Internal.Microsoft.Extensions.DependencyModel.DependencyContext Internal.Microsoft.Extensions.DependencyModel.DependencyContext::Load(System.Reflection.Assembly)</Name>
              <FileRef uid="13" />
              <SequencePoints>
                <SequencePoint vc="0" uspid="252" ordinal="0" offset="0" sl="92" sc="13" el="92" ec="67" bec="0" bev="0" fileid="13" />
              </SequencePoints>
              <BranchPoints />
              <MethodPoint xsi:type="SequencePoint" vc="0" uspid="252" ordinal="0" offset="0" sl="92" sc="13" el="92" ec="67" bec="0" bev="0" fileid="13" />
            </Method>
            <Method visited="false" cyclomaticComplexity="1" nPathComplexity="0" sequenceCoverage="0" branchCoverage="0" crapScore="2" isConstructor="true" isStatic="true" isGetter="false" isSetter="false">
              <Summary numSequencePoints="1" visitedSequencePoints="0" numBranchPoints="1" visitedBranchPoints="0" sequenceCoverage="0" branchCoverage="0" maxCyclomaticComplexity="1" minCyclomaticComplexity="1" maxCrapScore="2" minCrapScore="2" visitedClasses="0" numClasses="0" visitedMethods="0" numMethods="1" />
              <MetadataToken>100663354</MetadataToken>
              <Name>System.Void Internal.Microsoft.Extensions.DependencyModel.DependencyContext::.cctor()</Name>
              <FileRef uid="13" />
              <SequencePoints>
                <SequencePoint vc="0" uspid="253" ordinal="0" offset="0" sl="15" sc="9" el="15" ec="116" bec="0" bev="0" fileid="13" />
              </SequencePoints>
              <BranchPoints />
              <MethodPoint xsi:type="SequencePoint" vc="0" uspid="253" ordinal="0" offset="0" sl="15" sc="9" el="15" ec="116" bec="0" bev="0" fileid="13" />
            </Method>
          </Methods>
        </Class>
        <Class>
          <Summary numSequencePoints="2" visitedSequencePoints="0" numBranchPoints="2" visitedBranchPoints="0" sequenceCoverage="0" branchCoverage="0" maxCyclomaticComplexity="1" minCyclomaticComplexity="1" maxCrapScore="2" minCrapScore="2" visitedClasses="0" numClasses="1" visitedMethods="0" numMethods="2" />
          <FullName>Internal.Microsoft.Extensions.DependencyModel.DependencyContext/LibraryMergeEqualityComparer`1</FullName>
          <Methods>
            <Method visited="false" cyclomaticComplexity="1" nPathComplexity="0" sequenceCoverage="0" branchCoverage="0" crapScore="2" isConstructor="false" isStatic="false" isGetter="false" isSetter="false">
              <Summary numSequencePoints="1" visitedSequencePoints="0" numBranchPoints="1" visitedBranchPoints="0" sequenceCoverage="0" branchCoverage="0" maxCyclomaticComplexity="1" minCyclomaticComplexity="1" maxCrapScore="2" minCrapScore="2" visitedClasses="0" numClasses="0" visitedMethods="0" numMethods="1" />
              <MetadataToken>100663717</MetadataToken>
              <Name>System.Boolean Internal.Microsoft.Extensions.DependencyModel.DependencyContext/LibraryMergeEqualityComparer`1::Equals(T,T)</Name>
              <FileRef uid="13" />
              <SequencePoints>
                <SequencePoint vc="0" uspid="254" ordinal="0" offset="0" sl="99" sc="17" el="99" ec="80" bec="0" bev="0" fileid="13" />
              </SequencePoints>
              <BranchPoints />
              <MethodPoint xsi:type="SequencePoint" vc="0" uspid="254" ordinal="0" offset="0" sl="99" sc="17" el="99" ec="80" bec="0" bev="0" fileid="13" />
            </Method>
            <Method visited="false" cyclomaticComplexity="1" nPathComplexity="0" sequenceCoverage="0" branchCoverage="0" crapScore="2" isConstructor="false" isStatic="false" isGetter="false" isSetter="false">
              <Summary numSequencePoints="1" visitedSequencePoints="0" numBranchPoints="1" visitedBranchPoints="0" sequenceCoverage="0" branchCoverage="0" maxCyclomaticComplexity="1" minCyclomaticComplexity="1" maxCrapScore="2" minCrapScore="2" visitedClasses="0" numClasses="0" visitedMethods="0" numMethods="1" />
              <MetadataToken>100663718</MetadataToken>
              <Name>System.Int32 Internal.Microsoft.Extensions.DependencyModel.DependencyContext/LibraryMergeEqualityComparer`1::GetHashCode(T)</Name>
              <FileRef uid="13" />
              <SequencePoints>
                <SequencePoint vc="0" uspid="255" ordinal="0" offset="0" sl="104" sc="17" el="104" ec="79" bec="0" bev="0" fileid="13" />
              </SequencePoints>
              <BranchPoints />
              <MethodPoint xsi:type="SequencePoint" vc="0" uspid="255" ordinal="0" offset="0" sl="104" sc="17" el="104" ec="79" bec="0" bev="0" fileid="13" />
            </Method>
            <Method visited="false" cyclomaticComplexity="1" nPathComplexity="0" sequenceCoverage="0" branchCoverage="0" crapScore="2" isConstructor="true" isStatic="false" isGetter="false" isSetter="false">
              <Summary numSequencePoints="0" visitedSequencePoints="0" numBranchPoints="0" visitedBranchPoints="0" sequenceCoverage="0" branchCoverage="0" maxCyclomaticComplexity="1" minCyclomaticComplexity="1" maxCrapScore="2" minCrapScore="2" visitedClasses="0" numClasses="0" visitedMethods="0" numMethods="0" />
              <MetadataToken>100663719</MetadataToken>
              <Name>System.Void Internal.Microsoft.Extensions.DependencyModel.DependencyContext/LibraryMergeEqualityComparer`1::.ctor()</Name>
              <SequencePoints />
              <BranchPoints />
              <MethodPoint vc="0" uspid="256" ordinal="0" offset="0" />
            </Method>
          </Methods>
        </Class>
        <Class>
          <Summary numSequencePoints="55" visitedSequencePoints="0" numBranchPoints="51" visitedBranchPoints="0" sequenceCoverage="0" branchCoverage="0" maxCyclomaticComplexity="4" minCyclomaticComplexity="2" maxCrapScore="20" minCrapScore="6" visitedClasses="0" numClasses="1" visitedMethods="0" numMethods="11" />
          <FullName>Internal.Microsoft.Extensions.DependencyModel.DependencyContextExtensions</FullName>
          <Methods>
            <Method visited="false" cyclomaticComplexity="2" nPathComplexity="2" sequenceCoverage="0" branchCoverage="0" crapScore="6" isConstructor="false" isStatic="true" isGetter="false" isSetter="false">
              <Summary numSequencePoints="3" visitedSequencePoints="0" numBranchPoints="3" visitedBranchPoints="0" sequenceCoverage="0" branchCoverage="0" maxCyclomaticComplexity="2" minCyclomaticComplexity="2" maxCrapScore="6" minCrapScore="6" visitedClasses="0" numClasses="0" visitedMethods="0" numMethods="1" />
              <MetadataToken>100663355</MetadataToken>
              <Name>System.Collections.Generic.IEnumerable`1&lt;System.String&gt; Internal.Microsoft.Extensions.DependencyModel.DependencyContextExtensions::GetDefaultNativeAssets(Internal.Microsoft.Extensions.DependencyModel.DependencyContext)</Name>
              <FileRef uid="15" />
              <SequencePoints>
                <SequencePoint vc="0" uspid="257" ordinal="0" offset="13" sl="17" sc="13" el="17" ec="30" bec="2" bev="0" fileid="15" />
                <SequencePoint vc="0" uspid="258" ordinal="1" offset="21" sl="19" sc="17" el="19" ec="63" bec="0" bev="0" fileid="15" />
                <SequencePoint vc="0" uspid="259" ordinal="2" offset="32" sl="21" sc="13" el="21" ec="102" bec="0" bev="0" fileid="15" />
              </SequencePoints>
              <BranchPoints>
                <BranchPoint vc="0" uspid="260" ordinal="0" offset="19" sl="17" path="0" offsetend="21" fileid="15" />
                <BranchPoint vc="0" uspid="261" ordinal="1" offset="19" sl="17" path="1" offsetend="32" fileid="15" />
              </BranchPoints>
              <MethodPoint vc="0" uspid="262" ordinal="0" offset="0" />
            </Method>
            <Method visited="false" cyclomaticComplexity="3" nPathComplexity="4" sequenceCoverage="0" branchCoverage="0" crapScore="12" isConstructor="false" isStatic="true" isGetter="false" isSetter="false">
              <Summary numSequencePoints="5" visitedSequencePoints="0" numBranchPoints="5" visitedBranchPoints="0" sequenceCoverage="0" branchCoverage="0" maxCyclomaticComplexity="3" minCyclomaticComplexity="3" maxCrapScore="12" minCrapScore="12" visitedClasses="0" numClasses="0" visitedMethods="0" numMethods="1" />
              <MetadataToken>100663356</MetadataToken>
              <Name>System.Collections.Generic.IEnumerable`1&lt;System.String&gt; Internal.Microsoft.Extensions.DependencyModel.DependencyContextExtensions::GetRuntimeNativeAssets(Internal.Microsoft.Extensions.DependencyModel.DependencyContext,System.String)</Name>
              <FileRef uid="15" />
              <SequencePoints>
                <SequencePoint vc="0" uspid="263" ordinal="0" offset="20" sl="26" sc="13" el="26" ec="30" bec="2" bev="0" fileid="15" />
                <SequencePoint vc="0" uspid="264" ordinal="1" offset="28" sl="28" sc="17" el="28" ec="63" bec="0" bev="0" fileid="15" />
                <SequencePoint vc="0" uspid="265" ordinal="2" offset="39" sl="30" sc="13" el="30" ec="43" bec="2" bev="0" fileid="15" />
                <SequencePoint vc="0" uspid="266" ordinal="3" offset="47" sl="32" sc="17" el="32" ec="76" bec="0" bev="0" fileid="15" />
                <SequencePoint vc="0" uspid="267" ordinal="4" offset="58" sl="34" sc="13" el="34" ec="121" bec="0" bev="0" fileid="15" />
              </SequencePoints>
              <BranchPoints>
                <BranchPoint vc="0" uspid="268" ordinal="0" offset="26" sl="26" path="0" offsetend="28" fileid="15" />
                <BranchPoint vc="0" uspid="269" ordinal="1" offset="26" sl="26" path="1" offsetend="39" fileid="15" />
                <BranchPoint vc="0" uspid="270" ordinal="2" offset="45" sl="30" path="0" offsetend="47" fileid="15" />
                <BranchPoint vc="0" uspid="271" ordinal="3" offset="45" sl="30" path="1" offsetend="58" fileid="15" />
              </BranchPoints>
              <MethodPoint vc="0" uspid="272" ordinal="0" offset="0" />
            </Method>
            <Method visited="false" cyclomaticComplexity="2" nPathComplexity="2" sequenceCoverage="0" branchCoverage="0" crapScore="6" isConstructor="false" isStatic="true" isGetter="false" isSetter="false">
              <Summary numSequencePoints="3" visitedSequencePoints="0" numBranchPoints="3" visitedBranchPoints="0" sequenceCoverage="0" branchCoverage="0" maxCyclomaticComplexity="2" minCyclomaticComplexity="2" maxCrapScore="6" minCrapScore="6" visitedClasses="0" numClasses="0" visitedMethods="0" numMethods="1" />
              <MetadataToken>100663357</MetadataToken>
              <Name>System.Collections.Generic.IEnumerable`1&lt;System.String&gt; Internal.Microsoft.Extensions.DependencyModel.DependencyContextExtensions::GetDefaultNativeAssets(Internal.Microsoft.Extensions.DependencyModel.RuntimeLibrary,Internal.Microsoft.Extensions.DependencyModel.DependencyContext)</Name>
              <FileRef uid="15" />
              <SequencePoints>
                <SequencePoint vc="0" uspid="273" ordinal="0" offset="0" sl="39" sc="13" el="39" ec="30" bec="2" bev="0" fileid="15" />
                <SequencePoint vc="0" uspid="274" ordinal="1" offset="3" sl="41" sc="17" el="41" ec="63" bec="0" bev="0" fileid="15" />
                <SequencePoint vc="0" uspid="275" ordinal="2" offset="14" sl="43" sc="13" el="43" ec="83" bec="0" bev="0" fileid="15" />
              </SequencePoints>
              <BranchPoints>
                <BranchPoint vc="0" uspid="276" ordinal="0" offset="1" sl="39" path="0" offsetend="3" fileid="15" />
                <BranchPoint vc="0" uspid="277" ordinal="1" offset="1" sl="39" path="1" offsetend="14" fileid="15" />
              </BranchPoints>
              <MethodPoint xsi:type="SequencePoint" vc="0" uspid="273" ordinal="0" offset="0" sl="39" sc="13" el="39" ec="30" bec="2" bev="0" fileid="15" />
            </Method>
            <Method visited="false" cyclomaticComplexity="4" nPathComplexity="8" sequenceCoverage="0" branchCoverage="0" crapScore="20" isConstructor="false" isStatic="true" isGetter="false" isSetter="false">
              <Summary numSequencePoints="7" visitedSequencePoints="0" numBranchPoints="7" visitedBranchPoints="0" sequenceCoverage="0" branchCoverage="0" maxCyclomaticComplexity="4" minCyclomaticComplexity="4" maxCrapScore="20" minCrapScore="20" visitedClasses="0" numClasses="0" visitedMethods="0" numMethods="1" />
              <MetadataToken>100663358</MetadataToken>
              <Name>System.Collections.Generic.IEnumerable`1&lt;System.String&gt; Internal.Microsoft.Extensions.DependencyModel.DependencyContextExtensions::GetRuntimeNativeAssets(Internal.Microsoft.Extensions.DependencyModel.RuntimeLibrary,Internal.Microsoft.Extensions.DependencyModel.DependencyContext,System.String)</Name>
              <FileRef uid="15" />
              <SequencePoints>
                <SequencePoint vc="0" uspid="278" ordinal="0" offset="0" sl="48" sc="13" el="48" ec="30" bec="2" bev="0" fileid="15" />
                <SequencePoint vc="0" uspid="279" ordinal="1" offset="3" sl="50" sc="17" el="50" ec="63" bec="0" bev="0" fileid="15" />
                <SequencePoint vc="0" uspid="280" ordinal="2" offset="14" sl="52" sc="13" el="52" ec="33" bec="2" bev="0" fileid="15" />
                <SequencePoint vc="0" uspid="281" ordinal="3" offset="17" sl="54" sc="17" el="54" ec="66" bec="0" bev="0" fileid="15" />
                <SequencePoint vc="0" uspid="282" ordinal="4" offset="28" sl="56" sc="13" el="56" ec="43" bec="2" bev="0" fileid="15" />
                <SequencePoint vc="0" uspid="283" ordinal="5" offset="31" sl="58" sc="17" el="58" ec="76" bec="0" bev="0" fileid="15" />
                <SequencePoint vc="0" uspid="284" ordinal="6" offset="42" sl="60" sc="13" el="60" ec="88" bec="0" bev="0" fileid="15" />
              </SequencePoints>
              <BranchPoints>
                <BranchPoint vc="0" uspid="285" ordinal="0" offset="1" sl="48" path="0" offsetend="3" fileid="15" />
                <BranchPoint vc="0" uspid="286" ordinal="1" offset="1" sl="48" path="1" offsetend="14" fileid="15" />
                <BranchPoint vc="0" uspid="287" ordinal="2" offset="15" sl="52" path="0" offsetend="17" fileid="15" />
                <BranchPoint vc="0" uspid="288" ordinal="3" offset="15" sl="52" path="1" offsetend="28" fileid="15" />
                <BranchPoint vc="0" uspid="289" ordinal="4" offset="29" sl="56" path="0" offsetend="31" fileid="15" />
                <BranchPoint vc="0" uspid="290" ordinal="5" offset="29" sl="56" path="1" offsetend="42" fileid="15" />
              </BranchPoints>
              <MethodPoint xsi:type="SequencePoint" vc="0" uspid="278" ordinal="0" offset="0" sl="48" sc="13" el="48" ec="30" bec="2" bev="0" fileid="15" />
            </Method>
            <Method visited="false" cyclomaticComplexity="2" nPathComplexity="2" sequenceCoverage="0" branchCoverage="0" crapScore="6" isConstructor="false" isStatic="true" isGetter="false" isSetter="false">
              <Summary numSequencePoints="3" visitedSequencePoints="0" numBranchPoints="3" visitedBranchPoints="0" sequenceCoverage="0" branchCoverage="0" maxCyclomaticComplexity="2" minCyclomaticComplexity="2" maxCrapScore="6" minCrapScore="6" visitedClasses="0" numClasses="0" visitedMethods="0" numMethods="1" />
              <MetadataToken>100663359</MetadataToken>
              <Name>System.Collections.Generic.IEnumerable`1&lt;System.Reflection.AssemblyName&gt; Internal.Microsoft.Extensions.DependencyModel.DependencyContextExtensions::GetDefaultAssemblyNames(Internal.Microsoft.Extensions.DependencyModel.DependencyContext)</Name>
              <FileRef uid="15" />
              <SequencePoints>
                <SequencePoint vc="0" uspid="291" ordinal="0" offset="13" sl="65" sc="13" el="65" ec="30" bec="2" bev="0" fileid="15" />
                <SequencePoint vc="0" uspid="292" ordinal="1" offset="21" sl="67" sc="17" el="67" ec="63" bec="0" bev="0" fileid="15" />
                <SequencePoint vc="0" uspid="293" ordinal="2" offset="32" sl="69" sc="13" el="69" ec="103" bec="0" bev="0" fileid="15" />
              </SequencePoints>
              <BranchPoints>
                <BranchPoint vc="0" uspid="294" ordinal="0" offset="19" sl="65" path="0" offsetend="21" fileid="15" />
                <BranchPoint vc="0" uspid="295" ordinal="1" offset="19" sl="65" path="1" offsetend="32" fileid="15" />
              </BranchPoints>
              <MethodPoint vc="0" uspid="296" ordinal="0" offset="0" />
            </Method>
            <Method visited="false" cyclomaticComplexity="3" nPathComplexity="4" sequenceCoverage="0" branchCoverage="0" crapScore="12" isConstructor="false" isStatic="true" isGetter="false" isSetter="false">
              <Summary numSequencePoints="5" visitedSequencePoints="0" numBranchPoints="5" visitedBranchPoints="0" sequenceCoverage="0" branchCoverage="0" maxCyclomaticComplexity="3" minCyclomaticComplexity="3" maxCrapScore="12" minCrapScore="12" visitedClasses="0" numClasses="0" visitedMethods="0" numMethods="1" />
              <MetadataToken>100663360</MetadataToken>
              <Name>System.Collections.Generic.IEnumerable`1&lt;System.Reflection.AssemblyName&gt; Internal.Microsoft.Extensions.DependencyModel.DependencyContextExtensions::GetRuntimeAssemblyNames(Internal.Microsoft.Extensions.DependencyModel.DependencyContext,System.String)</Name>
              <FileRef uid="15" />
              <SequencePoints>
                <SequencePoint vc="0" uspid="297" ordinal="0" offset="20" sl="74" sc="13" el="74" ec="30" bec="2" bev="0" fileid="15" />
                <SequencePoint vc="0" uspid="298" ordinal="1" offset="28" sl="76" sc="17" el="76" ec="63" bec="0" bev="0" fileid="15" />
                <SequencePoint vc="0" uspid="299" ordinal="2" offset="39" sl="78" sc="13" el="78" ec="43" bec="2" bev="0" fileid="15" />
                <SequencePoint vc="0" uspid="300" ordinal="3" offset="47" sl="80" sc="17" el="80" ec="76" bec="0" bev="0" fileid="15" />
                <SequencePoint vc="0" uspid="301" ordinal="4" offset="58" sl="82" sc="13" el="82" ec="122" bec="0" bev="0" fileid="15" />
              </SequencePoints>
              <BranchPoints>
                <BranchPoint vc="0" uspid="302" ordinal="0" offset="26" sl="74" path="0" offsetend="28" fileid="15" />
                <BranchPoint vc="0" uspid="303" ordinal="1" offset="26" sl="74" path="1" offsetend="39" fileid="15" />
                <BranchPoint vc="0" uspid="304" ordinal="2" offset="45" sl="78" path="0" offsetend="47" fileid="15" />
                <BranchPoint vc="0" uspid="305" ordinal="3" offset="45" sl="78" path="1" offsetend="58" fileid="15" />
              </BranchPoints>
              <MethodPoint vc="0" uspid="306" ordinal="0" offset="0" />
            </Method>
            <Method visited="false" cyclomaticComplexity="3" nPathComplexity="4" sequenceCoverage="0" branchCoverage="0" crapScore="12" isConstructor="false" isStatic="true" isGetter="false" isSetter="false">
              <Summary numSequencePoints="5" visitedSequencePoints="0" numBranchPoints="5" visitedBranchPoints="0" sequenceCoverage="0" branchCoverage="0" maxCyclomaticComplexity="3" minCyclomaticComplexity="3" maxCrapScore="12" minCrapScore="12" visitedClasses="0" numClasses="0" visitedMethods="0" numMethods="1" />
              <MetadataToken>100663361</MetadataToken>
              <Name>System.Collections.Generic.IEnumerable`1&lt;System.Reflection.AssemblyName&gt; Internal.Microsoft.Extensions.DependencyModel.DependencyContextExtensions::GetDefaultAssemblyNames(Internal.Microsoft.Extensions.DependencyModel.RuntimeLibrary,Internal.Microsoft.Extensions.DependencyModel.DependencyContext)</Name>
              <FileRef uid="15" />
              <SequencePoints>
                <SequencePoint vc="0" uspid="307" ordinal="0" offset="0" sl="87" sc="13" el="87" ec="30" bec="2" bev="0" fileid="15" />
                <SequencePoint vc="0" uspid="308" ordinal="1" offset="3" sl="89" sc="17" el="89" ec="63" bec="0" bev="0" fileid="15" />
                <SequencePoint vc="0" uspid="309" ordinal="2" offset="14" sl="91" sc="13" el="91" ec="33" bec="2" bev="0" fileid="15" />
                <SequencePoint vc="0" uspid="310" ordinal="3" offset="17" sl="93" sc="17" el="93" ec="66" bec="0" bev="0" fileid="15" />
                <SequencePoint vc="0" uspid="311" ordinal="4" offset="28" sl="95" sc="13" el="95" ec="109" bec="0" bev="0" fileid="15" />
              </SequencePoints>
              <BranchPoints>
                <BranchPoint vc="0" uspid="312" ordinal="0" offset="1" sl="87" path="0" offsetend="3" fileid="15" />
                <BranchPoint vc="0" uspid="313" ordinal="1" offset="1" sl="87" path="1" offsetend="14" fileid="15" />
                <BranchPoint vc="0" uspid="314" ordinal="2" offset="15" sl="91" path="0" offsetend="17" fileid="15" />
                <BranchPoint vc="0" uspid="315" ordinal="3" offset="15" sl="91" path="1" offsetend="28" fileid="15" />
              </BranchPoints>
              <MethodPoint xsi:type="SequencePoint" vc="0" uspid="307" ordinal="0" offset="0" sl="87" sc="13" el="87" ec="30" bec="2" bev="0" fileid="15" />
            </Method>
            <Method visited="false" cyclomaticComplexity="4" nPathComplexity="8" sequenceCoverage="0" branchCoverage="0" crapScore="20" isConstructor="false" isStatic="true" isGetter="false" isSetter="false">
              <Summary numSequencePoints="7" visitedSequencePoints="0" numBranchPoints="7" visitedBranchPoints="0" sequenceCoverage="0" branchCoverage="0" maxCyclomaticComplexity="4" minCyclomaticComplexity="4" maxCrapScore="20" minCrapScore="20" visitedClasses="0" numClasses="0" visitedMethods="0" numMethods="1" />
              <MetadataToken>100663362</MetadataToken>
              <Name>System.Collections.Generic.IEnumerable`1&lt;System.Reflection.AssemblyName&gt; Internal.Microsoft.Extensions.DependencyModel.DependencyContextExtensions::GetRuntimeAssemblyNames(Internal.Microsoft.Extensions.DependencyModel.RuntimeLibrary,Internal.Microsoft.Extensions.DependencyModel.DependencyContext,System.String)</Name>
              <FileRef uid="15" />
              <SequencePoints>
                <SequencePoint vc="0" uspid="316" ordinal="0" offset="0" sl="100" sc="13" el="100" ec="30" bec="2" bev="0" fileid="15" />
                <SequencePoint vc="0" uspid="317" ordinal="1" offset="3" sl="102" sc="17" el="102" ec="63" bec="0" bev="0" fileid="15" />
                <SequencePoint vc="0" uspid="318" ordinal="2" offset="14" sl="104" sc="13" el="104" ec="33" bec="2" bev="0" fileid="15" />
                <SequencePoint vc="0" uspid="319" ordinal="3" offset="17" sl="106" sc="17" el="106" ec="66" bec="0" bev="0" fileid="15" />
                <SequencePoint vc="0" uspid="320" ordinal="4" offset="28" sl="108" sc="13" el="108" ec="43" bec="2" bev="0" fileid="15" />
                <SequencePoint vc="0" uspid="321" ordinal="5" offset="31" sl="110" sc="17" el="110" ec="76" bec="0" bev="0" fileid="15" />
                <SequencePoint vc="0" uspid="322" ordinal="6" offset="42" sl="112" sc="13" el="112" ec="114" bec="0" bev="0" fileid="15" />
              </SequencePoints>
              <BranchPoints>
                <BranchPoint vc="0" uspid="323" ordinal="0" offset="1" sl="100" path="0" offsetend="3" fileid="15" />
                <BranchPoint vc="0" uspid="324" ordinal="1" offset="1" sl="100" path="1" offsetend="14" fileid="15" />
                <BranchPoint vc="0" uspid="325" ordinal="2" offset="15" sl="104" path="0" offsetend="17" fileid="15" />
                <BranchPoint vc="0" uspid="326" ordinal="3" offset="15" sl="104" path="1" offsetend="28" fileid="15" />
                <BranchPoint vc="0" uspid="327" ordinal="4" offset="29" sl="108" path="0" offsetend="31" fileid="15" />
                <BranchPoint vc="0" uspid="328" ordinal="5" offset="29" sl="108" path="1" offsetend="42" fileid="15" />
              </BranchPoints>
              <MethodPoint xsi:type="SequencePoint" vc="0" uspid="316" ordinal="0" offset="0" sl="100" sc="13" el="100" ec="30" bec="2" bev="0" fileid="15" />
            </Method>
            <Method visited="false" cyclomaticComplexity="3" nPathComplexity="4" sequenceCoverage="0" branchCoverage="0" crapScore="12" isConstructor="false" isStatic="true" isGetter="false" isSetter="false">
              <Summary numSequencePoints="6" visitedSequencePoints="0" numBranchPoints="5" visitedBranchPoints="0" sequenceCoverage="0" branchCoverage="0" maxCyclomaticComplexity="3" minCyclomaticComplexity="3" maxCrapScore="12" minCrapScore="12" visitedClasses="0" numClasses="0" visitedMethods="0" numMethods="1" />
              <MetadataToken>100663363</MetadataToken>
              <Name>System.Reflection.AssemblyName Internal.Microsoft.Extensions.DependencyModel.DependencyContextExtensions::GetAssemblyName(System.String)</Name>
              <FileRef uid="15" />
              <SequencePoints>
                <SequencePoint vc="0" uspid="329" ordinal="0" offset="0" sl="117" sc="13" el="117" ec="68" bec="0" bev="0" fileid="15" />
                <SequencePoint vc="0" uspid="330" ordinal="1" offset="7" sl="118" sc="13" el="118" ec="30" bec="2" bev="0" fileid="15" />
                <SequencePoint vc="0" uspid="331" ordinal="2" offset="10" sl="120" sc="17" el="120" ec="116" bec="0" bev="0" fileid="15" />
                <SequencePoint vc="0" uspid="332" ordinal="3" offset="37" sl="123" sc="13" el="123" ec="49" bec="2" bev="0" fileid="15" />
                <SequencePoint vc="0" uspid="333" ordinal="4" offset="50" sl="125" sc="17" el="125" ec="81" bec="0" bev="0" fileid="15" />
                <SequencePoint vc="0" uspid="334" ordinal="5" offset="75" sl="128" sc="13" el="128" ec="43" bec="0" bev="0" fileid="15" />
              </SequencePoints>
              <BranchPoints>
                <BranchPoint vc="0" uspid="335" ordinal="0" offset="8" sl="118" path="0" offsetend="10" fileid="15" />
                <BranchPoint vc="0" uspid="336" ordinal="1" offset="8" sl="118" path="1" offsetend="37" fileid="15" />
                <BranchPoint vc="0" uspid="337" ordinal="2" offset="48" sl="123" path="0" offsetend="50" fileid="15" />
                <BranchPoint vc="0" uspid="338" ordinal="3" offset="48" sl="123" path="1" offsetend="75" fileid="15" />
              </BranchPoints>
              <MethodPoint xsi:type="SequencePoint" vc="0" uspid="329" ordinal="0" offset="0" sl="117" sc="13" el="117" ec="68" bec="0" bev="0" fileid="15" />
            </Method>
            <Method visited="false" cyclomaticComplexity="4" nPathComplexity="4" sequenceCoverage="0" branchCoverage="0" crapScore="20" isConstructor="false" isStatic="true" isGetter="false" isSetter="false">
              <Summary numSequencePoints="3" visitedSequencePoints="0" numBranchPoints="5" visitedBranchPoints="0" sequenceCoverage="0" branchCoverage="0" maxCyclomaticComplexity="4" minCyclomaticComplexity="4" maxCrapScore="20" minCrapScore="20" visitedClasses="0" numClasses="0" visitedMethods="0" numMethods="1" />
              <MetadataToken>100663364</MetadataToken>
              <Name>System.Collections.Generic.IEnumerable`1&lt;System.String&gt; Internal.Microsoft.Extensions.DependencyModel.DependencyContextExtensions::ResolveAssets(Internal.Microsoft.Extensions.DependencyModel.DependencyContext,System.String,System.Collections.Generic.IEnumerable`1&lt;Internal.Microsoft.Extensions.DependencyModel.RuntimeAssetGroup&gt;)</Name>
              <FileRef uid="15" />
              <SequencePoints>
                <SequencePoint vc="0" uspid="339" ordinal="0" offset="13" sl="136" sc="13" el="136" ec="102" bec="0" bev="0" fileid="15" />
                <SequencePoint vc="0" uspid="340" ordinal="1" offset="37" sl="137" sc="13" el="137" ec="123" bec="4" bev="0" fileid="15" />
                <SequencePoint vc="0" uspid="341" ordinal="2" offset="80" sl="138" sc="13" el="138" ec="47" bec="0" bev="0" fileid="15" />
              </SequencePoints>
              <BranchPoints>
                <BranchPoint vc="0" uspid="342" ordinal="0" offset="53" sl="137" path="0" offsetend="55" fileid="15" />
                <BranchPoint vc="0" uspid="343" ordinal="1" offset="53" sl="137" path="1" offsetend="58" fileid="15" />
                <BranchPoint vc="0" uspid="344" ordinal="2" offset="67" sl="137" path="0" offsetend="69" fileid="15" />
                <BranchPoint vc="0" uspid="345" ordinal="3" offset="67" sl="137" path="1" offsetend="75" fileid="15" />
              </BranchPoints>
              <MethodPoint vc="0" uspid="346" ordinal="0" offset="0" />
            </Method>
            <Method visited="false" cyclomaticComplexity="4" nPathComplexity="2" sequenceCoverage="0" branchCoverage="0" crapScore="20" isConstructor="false" isStatic="true" isGetter="false" isSetter="false">
              <Summary numSequencePoints="8" visitedSequencePoints="0" numBranchPoints="3" visitedBranchPoints="0" sequenceCoverage="0" branchCoverage="0" maxCyclomaticComplexity="4" minCyclomaticComplexity="4" maxCrapScore="20" minCrapScore="20" visitedClasses="0" numClasses="0" visitedMethods="0" numMethods="1" />
              <MetadataToken>100663365</MetadataToken>
              <Name>System.Collections.Generic.IEnumerable`1&lt;System.String&gt; Internal.Microsoft.Extensions.DependencyModel.DependencyContextExtensions::SelectAssets(System.Collections.Generic.IEnumerable`1&lt;System.String&gt;,System.Collections.Generic.IEnumerable`1&lt;Internal.Microsoft.Extensions.DependencyModel.RuntimeAssetGroup&gt;)</Name>
              <FileRef uid="15" />
              <SequencePoints>
                <SequencePoint vc="0" uspid="347" ordinal="0" offset="0" sl="143" sc="33" el="143" ec="37" bec="0" bev="0" fileid="15" />
                <SequencePoint vc="0" uspid="348" ordinal="1" offset="15" sl="143" sc="22" el="143" ec="29" bec="0" bev="0" fileid="15" />
                <SequencePoint vc="0" uspid="349" ordinal="2" offset="27" sl="145" sc="17" el="145" ec="74" bec="0" bev="0" fileid="15" />
                <SequencePoint vc="0" uspid="350" ordinal="3" offset="46" sl="146" sc="17" el="146" ec="35" bec="2" bev="0" fileid="15" />
                <SequencePoint vc="0" uspid="351" ordinal="4" offset="49" sl="148" sc="21" el="148" ec="45" bec="0" bev="0" fileid="15" />
                <SequencePoint vc="0" uspid="352" ordinal="5" offset="58" sl="143" sc="30" el="143" ec="32" bec="0" bev="0" fileid="15" />
                <SequencePoint vc="0" uspid="353" ordinal="6" offset="78" sl="153" sc="13" el="153" ec="46" bec="0" bev="0" fileid="15" />
                <SequencePoint vc="0" uspid="354" ordinal="7" offset="85" sl="154" sc="9" el="154" ec="10" bec="0" bev="0" fileid="15" />
              </SequencePoints>
              <BranchPoints>
                <BranchPoint vc="0" uspid="355" ordinal="0" offset="47" sl="146" path="0" offsetend="49" fileid="15" />
                <BranchPoint vc="0" uspid="356" ordinal="1" offset="47" sl="146" path="1" offsetend="58" fileid="15" />
              </BranchPoints>
              <MethodPoint xsi:type="SequencePoint" vc="0" uspid="347" ordinal="0" offset="0" sl="143" sc="33" el="143" ec="37" bec="0" bev="0" fileid="15" />
            </Method>
          </Methods>
        </Class>
        <Class>
          <Summary numSequencePoints="1" visitedSequencePoints="0" numBranchPoints="1" visitedBranchPoints="0" sequenceCoverage="0" branchCoverage="0" maxCyclomaticComplexity="1" minCyclomaticComplexity="1" maxCrapScore="2" minCrapScore="2" visitedClasses="0" numClasses="1" visitedMethods="0" numMethods="1" />
          <FullName>Internal.Microsoft.Extensions.DependencyModel.DependencyContextExtensions/&lt;&gt;c__DisplayClass1_0</FullName>
          <Methods>
            <Method visited="false" cyclomaticComplexity="1" nPathComplexity="0" sequenceCoverage="0" branchCoverage="0" crapScore="2" isConstructor="true" isStatic="false" isGetter="false" isSetter="false">
              <Summary numSequencePoints="0" visitedSequencePoints="0" numBranchPoints="0" visitedBranchPoints="0" sequenceCoverage="0" branchCoverage="0" maxCyclomaticComplexity="1" minCyclomaticComplexity="1" maxCrapScore="2" minCrapScore="2" visitedClasses="0" numClasses="0" visitedMethods="0" numMethods="0" />
              <MetadataToken>100663720</MetadataToken>
              <Name>System.Void Internal.Microsoft.Extensions.DependencyModel.DependencyContextExtensions/&lt;&gt;c__DisplayClass1_0::.ctor()</Name>
              <SequencePoints />
              <BranchPoints />
              <MethodPoint vc="0" uspid="359" ordinal="0" offset="0" />
            </Method>
            <Method visited="false" cyclomaticComplexity="1" nPathComplexity="0" sequenceCoverage="0" branchCoverage="0" crapScore="2" isConstructor="false" isStatic="false" isGetter="false" isSetter="false">
              <Summary numSequencePoints="1" visitedSequencePoints="0" numBranchPoints="1" visitedBranchPoints="0" sequenceCoverage="0" branchCoverage="0" maxCyclomaticComplexity="1" minCyclomaticComplexity="1" maxCrapScore="2" minCrapScore="2" visitedClasses="0" numClasses="0" visitedMethods="0" numMethods="1" />
              <MetadataToken>100663721</MetadataToken>
              <Name>System.Collections.Generic.IEnumerable`1&lt;System.String&gt; Internal.Microsoft.Extensions.DependencyModel.DependencyContextExtensions/&lt;&gt;c__DisplayClass1_0::&lt;GetDefaultNativeAssets&gt;b__0(Internal.Microsoft.Extensions.DependencyModel.RuntimeLibrary)</Name>
              <FileRef uid="15" />
              <SequencePoints>
                <SequencePoint vc="0" uspid="360" ordinal="0" offset="0" sl="21" sc="64" el="21" ec="100" bec="0" bev="0" fileid="15" />
              </SequencePoints>
              <BranchPoints />
              <MethodPoint xsi:type="SequencePoint" vc="0" uspid="360" ordinal="0" offset="0" sl="21" sc="64" el="21" ec="100" bec="0" bev="0" fileid="15" />
            </Method>
          </Methods>
        </Class>
        <Class>
          <Summary numSequencePoints="1" visitedSequencePoints="0" numBranchPoints="1" visitedBranchPoints="0" sequenceCoverage="0" branchCoverage="0" maxCyclomaticComplexity="1" minCyclomaticComplexity="1" maxCrapScore="2" minCrapScore="2" visitedClasses="0" numClasses="1" visitedMethods="0" numMethods="1" />
          <FullName>Internal.Microsoft.Extensions.DependencyModel.DependencyContextExtensions/&lt;&gt;c__DisplayClass2_0</FullName>
          <Methods>
            <Method visited="false" cyclomaticComplexity="1" nPathComplexity="0" sequenceCoverage="0" branchCoverage="0" crapScore="2" isConstructor="true" isStatic="false" isGetter="false" isSetter="false">
              <Summary numSequencePoints="0" visitedSequencePoints="0" numBranchPoints="0" visitedBranchPoints="0" sequenceCoverage="0" branchCoverage="0" maxCyclomaticComplexity="1" minCyclomaticComplexity="1" maxCrapScore="2" minCrapScore="2" visitedClasses="0" numClasses="0" visitedMethods="0" numMethods="0" />
              <MetadataToken>100663722</MetadataToken>
              <Name>System.Void Internal.Microsoft.Extensions.DependencyModel.DependencyContextExtensions/&lt;&gt;c__DisplayClass2_0::.ctor()</Name>
              <SequencePoints />
              <BranchPoints />
              <MethodPoint vc="0" uspid="361" ordinal="0" offset="0" />
            </Method>
            <Method visited="false" cyclomaticComplexity="1" nPathComplexity="0" sequenceCoverage="0" branchCoverage="0" crapScore="2" isConstructor="false" isStatic="false" isGetter="false" isSetter="false">
              <Summary numSequencePoints="1" visitedSequencePoints="0" numBranchPoints="1" visitedBranchPoints="0" sequenceCoverage="0" branchCoverage="0" maxCyclomaticComplexity="1" minCyclomaticComplexity="1" maxCrapScore="2" minCrapScore="2" visitedClasses="0" numClasses="0" visitedMethods="0" numMethods="1" />
              <MetadataToken>100663723</MetadataToken>
              <Name>System.Collections.Generic.IEnumerable`1&lt;System.String&gt; Internal.Microsoft.Extensions.DependencyModel.DependencyContextExtensions/&lt;&gt;c__DisplayClass2_0::&lt;GetRuntimeNativeAssets&gt;b__0(Internal.Microsoft.Extensions.DependencyModel.RuntimeLibrary)</Name>
              <FileRef uid="15" />
              <SequencePoints>
                <SequencePoint vc="0" uspid="362" ordinal="0" offset="0" sl="34" sc="64" el="34" ec="119" bec="0" bev="0" fileid="15" />
              </SequencePoints>
              <BranchPoints />
              <MethodPoint xsi:type="SequencePoint" vc="0" uspid="362" ordinal="0" offset="0" sl="34" sc="64" el="34" ec="119" bec="0" bev="0" fileid="15" />
            </Method>
          </Methods>
        </Class>
        <Class>
          <Summary numSequencePoints="1" visitedSequencePoints="0" numBranchPoints="1" visitedBranchPoints="0" sequenceCoverage="0" branchCoverage="0" maxCyclomaticComplexity="1" minCyclomaticComplexity="1" maxCrapScore="2" minCrapScore="2" visitedClasses="0" numClasses="1" visitedMethods="0" numMethods="1" />
          <FullName>Internal.Microsoft.Extensions.DependencyModel.DependencyContextExtensions/&lt;&gt;c__DisplayClass5_0</FullName>
          <Methods>
            <Method visited="false" cyclomaticComplexity="1" nPathComplexity="0" sequenceCoverage="0" branchCoverage="0" crapScore="2" isConstructor="true" isStatic="false" isGetter="false" isSetter="false">
              <Summary numSequencePoints="0" visitedSequencePoints="0" numBranchPoints="0" visitedBranchPoints="0" sequenceCoverage="0" branchCoverage="0" maxCyclomaticComplexity="1" minCyclomaticComplexity="1" maxCrapScore="2" minCrapScore="2" visitedClasses="0" numClasses="0" visitedMethods="0" numMethods="0" />
              <MetadataToken>100663724</MetadataToken>
              <Name>System.Void Internal.Microsoft.Extensions.DependencyModel.DependencyContextExtensions/&lt;&gt;c__DisplayClass5_0::.ctor()</Name>
              <SequencePoints />
              <BranchPoints />
              <MethodPoint vc="0" uspid="363" ordinal="0" offset="0" />
            </Method>
            <Method visited="false" cyclomaticComplexity="1" nPathComplexity="0" sequenceCoverage="0" branchCoverage="0" crapScore="2" isConstructor="false" isStatic="false" isGetter="false" isSetter="false">
              <Summary numSequencePoints="1" visitedSequencePoints="0" numBranchPoints="1" visitedBranchPoints="0" sequenceCoverage="0" branchCoverage="0" maxCyclomaticComplexity="1" minCyclomaticComplexity="1" maxCrapScore="2" minCrapScore="2" visitedClasses="0" numClasses="0" visitedMethods="0" numMethods="1" />
              <MetadataToken>100663725</MetadataToken>
              <Name>System.Collections.Generic.IEnumerable`1&lt;System.Reflection.AssemblyName&gt; Internal.Microsoft.Extensions.DependencyModel.DependencyContextExtensions/&lt;&gt;c__DisplayClass5_0::&lt;GetDefaultAssemblyNames&gt;b__0(Internal.Microsoft.Extensions.DependencyModel.RuntimeLibrary)</Name>
              <FileRef uid="15" />
              <SequencePoints>
                <SequencePoint vc="0" uspid="364" ordinal="0" offset="0" sl="69" sc="64" el="69" ec="101" bec="0" bev="0" fileid="15" />
              </SequencePoints>
              <BranchPoints />
              <MethodPoint xsi:type="SequencePoint" vc="0" uspid="364" ordinal="0" offset="0" sl="69" sc="64" el="69" ec="101" bec="0" bev="0" fileid="15" />
            </Method>
          </Methods>
        </Class>
        <Class>
          <Summary numSequencePoints="1" visitedSequencePoints="0" numBranchPoints="1" visitedBranchPoints="0" sequenceCoverage="0" branchCoverage="0" maxCyclomaticComplexity="1" minCyclomaticComplexity="1" maxCrapScore="2" minCrapScore="2" visitedClasses="0" numClasses="1" visitedMethods="0" numMethods="1" />
          <FullName>Internal.Microsoft.Extensions.DependencyModel.DependencyContextExtensions/&lt;&gt;c__DisplayClass6_0</FullName>
          <Methods>
            <Method visited="false" cyclomaticComplexity="1" nPathComplexity="0" sequenceCoverage="0" branchCoverage="0" crapScore="2" isConstructor="true" isStatic="false" isGetter="false" isSetter="false">
              <Summary numSequencePoints="0" visitedSequencePoints="0" numBranchPoints="0" visitedBranchPoints="0" sequenceCoverage="0" branchCoverage="0" maxCyclomaticComplexity="1" minCyclomaticComplexity="1" maxCrapScore="2" minCrapScore="2" visitedClasses="0" numClasses="0" visitedMethods="0" numMethods="0" />
              <MetadataToken>100663726</MetadataToken>
              <Name>System.Void Internal.Microsoft.Extensions.DependencyModel.DependencyContextExtensions/&lt;&gt;c__DisplayClass6_0::.ctor()</Name>
              <SequencePoints />
              <BranchPoints />
              <MethodPoint vc="0" uspid="365" ordinal="0" offset="0" />
            </Method>
            <Method visited="false" cyclomaticComplexity="1" nPathComplexity="0" sequenceCoverage="0" branchCoverage="0" crapScore="2" isConstructor="false" isStatic="false" isGetter="false" isSetter="false">
              <Summary numSequencePoints="1" visitedSequencePoints="0" numBranchPoints="1" visitedBranchPoints="0" sequenceCoverage="0" branchCoverage="0" maxCyclomaticComplexity="1" minCyclomaticComplexity="1" maxCrapScore="2" minCrapScore="2" visitedClasses="0" numClasses="0" visitedMethods="0" numMethods="1" />
              <MetadataToken>100663727</MetadataToken>
              <Name>System.Collections.Generic.IEnumerable`1&lt;System.Reflection.AssemblyName&gt; Internal.Microsoft.Extensions.DependencyModel.DependencyContextExtensions/&lt;&gt;c__DisplayClass6_0::&lt;GetRuntimeAssemblyNames&gt;b__0(Internal.Microsoft.Extensions.DependencyModel.RuntimeLibrary)</Name>
              <FileRef uid="15" />
              <SequencePoints>
                <SequencePoint vc="0" uspid="366" ordinal="0" offset="0" sl="82" sc="64" el="82" ec="120" bec="0" bev="0" fileid="15" />
              </SequencePoints>
              <BranchPoints />
              <MethodPoint xsi:type="SequencePoint" vc="0" uspid="366" ordinal="0" offset="0" sl="82" sc="64" el="82" ec="120" bec="0" bev="0" fileid="15" />
            </Method>
          </Methods>
        </Class>
        <Class>
          <Summary numSequencePoints="1" visitedSequencePoints="0" numBranchPoints="1" visitedBranchPoints="0" sequenceCoverage="0" branchCoverage="0" maxCyclomaticComplexity="1" minCyclomaticComplexity="1" maxCrapScore="2" minCrapScore="2" visitedClasses="0" numClasses="1" visitedMethods="0" numMethods="1" />
          <FullName>Internal.Microsoft.Extensions.DependencyModel.DependencyContextExtensions/&lt;&gt;c__DisplayClass10_0</FullName>
          <Methods>
            <Method visited="false" cyclomaticComplexity="1" nPathComplexity="0" sequenceCoverage="0" branchCoverage="0" crapScore="2" isConstructor="true" isStatic="false" isGetter="false" isSetter="false">
              <Summary numSequencePoints="0" visitedSequencePoints="0" numBranchPoints="0" visitedBranchPoints="0" sequenceCoverage="0" branchCoverage="0" maxCyclomaticComplexity="1" minCyclomaticComplexity="1" maxCrapScore="2" minCrapScore="2" visitedClasses="0" numClasses="0" visitedMethods="0" numMethods="0" />
              <MetadataToken>100663728</MetadataToken>
              <Name>System.Void Internal.Microsoft.Extensions.DependencyModel.DependencyContextExtensions/&lt;&gt;c__DisplayClass10_0::.ctor()</Name>
              <SequencePoints />
              <BranchPoints />
              <MethodPoint vc="0" uspid="367" ordinal="0" offset="0" />
            </Method>
            <Method visited="false" cyclomaticComplexity="1" nPathComplexity="0" sequenceCoverage="0" branchCoverage="0" crapScore="2" isConstructor="false" isStatic="false" isGetter="false" isSetter="false">
              <Summary numSequencePoints="1" visitedSequencePoints="0" numBranchPoints="1" visitedBranchPoints="0" sequenceCoverage="0" branchCoverage="0" maxCyclomaticComplexity="1" minCyclomaticComplexity="1" maxCrapScore="2" minCrapScore="2" visitedClasses="0" numClasses="0" visitedMethods="0" numMethods="1" />
              <MetadataToken>100663729</MetadataToken>
              <Name>System.Boolean Internal.Microsoft.Extensions.DependencyModel.DependencyContextExtensions/&lt;&gt;c__DisplayClass10_0::&lt;ResolveAssets&gt;b__0(Internal.Microsoft.Extensions.DependencyModel.RuntimeFallbacks)</Name>
              <FileRef uid="15" />
              <SequencePoints>
                <SequencePoint vc="0" uspid="368" ordinal="0" offset="0" sl="136" sc="70" el="136" ec="100" bec="0" bev="0" fileid="15" />
              </SequencePoints>
              <BranchPoints />
              <MethodPoint xsi:type="SequencePoint" vc="0" uspid="368" ordinal="0" offset="0" sl="136" sc="70" el="136" ec="100" bec="0" bev="0" fileid="15" />
            </Method>
          </Methods>
        </Class>
        <Class>
          <Summary numSequencePoints="1" visitedSequencePoints="0" numBranchPoints="1" visitedBranchPoints="0" sequenceCoverage="0" branchCoverage="0" maxCyclomaticComplexity="1" minCyclomaticComplexity="1" maxCrapScore="2" minCrapScore="2" visitedClasses="0" numClasses="1" visitedMethods="0" numMethods="1" />
          <FullName>Internal.Microsoft.Extensions.DependencyModel.DependencyContextExtensions/&lt;&gt;c__DisplayClass11_0</FullName>
          <Methods>
            <Method visited="false" cyclomaticComplexity="1" nPathComplexity="0" sequenceCoverage="0" branchCoverage="0" crapScore="2" isConstructor="true" isStatic="false" isGetter="false" isSetter="false">
              <Summary numSequencePoints="0" visitedSequencePoints="0" numBranchPoints="0" visitedBranchPoints="0" sequenceCoverage="0" branchCoverage="0" maxCyclomaticComplexity="1" minCyclomaticComplexity="1" maxCrapScore="2" minCrapScore="2" visitedClasses="0" numClasses="0" visitedMethods="0" numMethods="0" />
              <MetadataToken>100663730</MetadataToken>
              <Name>System.Void Internal.Microsoft.Extensions.DependencyModel.DependencyContextExtensions/&lt;&gt;c__DisplayClass11_0::.ctor()</Name>
              <SequencePoints />
              <BranchPoints />
              <MethodPoint vc="0" uspid="369" ordinal="0" offset="0" />
            </Method>
            <Method visited="false" cyclomaticComplexity="1" nPathComplexity="0" sequenceCoverage="0" branchCoverage="0" crapScore="2" isConstructor="false" isStatic="false" isGetter="false" isSetter="false">
              <Summary numSequencePoints="1" visitedSequencePoints="0" numBranchPoints="1" visitedBranchPoints="0" sequenceCoverage="0" branchCoverage="0" maxCyclomaticComplexity="1" minCyclomaticComplexity="1" maxCrapScore="2" minCrapScore="2" visitedClasses="0" numClasses="0" visitedMethods="0" numMethods="1" />
              <MetadataToken>100663731</MetadataToken>
              <Name>System.Boolean Internal.Microsoft.Extensions.DependencyModel.DependencyContextExtensions/&lt;&gt;c__DisplayClass11_0::&lt;SelectAssets&gt;b__0(Internal.Microsoft.Extensions.DependencyModel.RuntimeAssetGroup)</Name>
              <FileRef uid="15" />
              <SequencePoints>
                <SequencePoint vc="0" uspid="370" ordinal="0" offset="0" sl="145" sc="56" el="145" ec="72" bec="0" bev="0" fileid="15" />
              </SequencePoints>
              <BranchPoints />
              <MethodPoint xsi:type="SequencePoint" vc="0" uspid="370" ordinal="0" offset="0" sl="145" sc="56" el="145" ec="72" bec="0" bev="0" fileid="15" />
            </Method>
          </Methods>
        </Class>
        <Class>
          <Summary numSequencePoints="177" visitedSequencePoints="0" numBranchPoints="149" visitedBranchPoints="0" sequenceCoverage="0" branchCoverage="0" maxCyclomaticComplexity="23" minCyclomaticComplexity="1" maxCrapScore="552" minCrapScore="2" visitedClasses="0" numClasses="1" visitedMethods="0" numMethods="23" />
          <FullName>Internal.Microsoft.Extensions.DependencyModel.DependencyContextJsonReader</FullName>
          <Methods>
            <Method visited="false" cyclomaticComplexity="3" nPathComplexity="2" sequenceCoverage="0" branchCoverage="0" crapScore="12" isConstructor="false" isStatic="false" isGetter="false" isSetter="false">
              <Summary numSequencePoints="5" visitedSequencePoints="0" numBranchPoints="3" visitedBranchPoints="0" sequenceCoverage="0" branchCoverage="0" maxCyclomaticComplexity="3" minCyclomaticComplexity="3" maxCrapScore="12" minCrapScore="12" visitedClasses="0" numClasses="0" visitedMethods="0" numMethods="1" />
              <MetadataToken>100663366</MetadataToken>
              <Name>Internal.Microsoft.Extensions.DependencyModel.DependencyContext Internal.Microsoft.Extensions.DependencyModel.DependencyContextJsonReader::Read(System.IO.Stream)</Name>
              <FileRef uid="22" />
              <SequencePoints>
                <SequencePoint vc="0" uspid="371" ordinal="0" offset="0" sl="22" sc="13" el="22" ec="32" bec="2" bev="0" fileid="22" />
                <SequencePoint vc="0" uspid="372" ordinal="1" offset="3" sl="24" sc="17" el="24" ec="65" bec="0" bev="0" fileid="22" />
                <SequencePoint vc="0" uspid="373" ordinal="2" offset="14" sl="27" sc="20" el="27" ec="63" bec="0" bev="0" fileid="22" />
                <SequencePoint vc="0" uspid="374" ordinal="3" offset="21" sl="29" sc="17" el="29" ec="43" bec="0" bev="0" fileid="22" />
                <SequencePoint vc="0" uspid="375" ordinal="4" offset="41" sl="31" sc="9" el="31" ec="10" bec="0" bev="0" fileid="22" />
              </SequencePoints>
              <BranchPoints>
                <BranchPoint vc="0" uspid="376" ordinal="0" offset="1" sl="22" path="0" offsetend="3" fileid="22" />
                <BranchPoint vc="0" uspid="377" ordinal="1" offset="1" sl="22" path="1" offsetend="14" fileid="22" />
              </BranchPoints>
              <MethodPoint xsi:type="SequencePoint" vc="0" uspid="371" ordinal="0" offset="0" sl="22" sc="13" el="22" ec="32" bec="2" bev="0" fileid="22" />
            </Method>
            <Method visited="false" cyclomaticComplexity="2" nPathComplexity="2" sequenceCoverage="0" branchCoverage="0" crapScore="6" isConstructor="false" isStatic="false" isGetter="false" isSetter="false">
              <Summary numSequencePoints="3" visitedSequencePoints="0" numBranchPoints="3" visitedBranchPoints="0" sequenceCoverage="0" branchCoverage="0" maxCyclomaticComplexity="2" minCyclomaticComplexity="2" maxCrapScore="6" minCrapScore="6" visitedClasses="0" numClasses="0" visitedMethods="0" numMethods="1" />
              <MetadataToken>100663367</MetadataToken>
              <Name>System.Void Internal.Microsoft.Extensions.DependencyModel.DependencyContextJsonReader::Dispose(System.Boolean)</Name>
              <FileRef uid="22" />
              <SequencePoints>
                <SequencePoint vc="0" uspid="378" ordinal="0" offset="0" sl="35" sc="13" el="35" ec="27" bec="2" bev="0" fileid="22" />
                <SequencePoint vc="0" uspid="379" ordinal="1" offset="3" sl="37" sc="17" el="37" ec="37" bec="0" bev="0" fileid="22" />
                <SequencePoint vc="0" uspid="380" ordinal="2" offset="14" sl="39" sc="9" el="39" ec="10" bec="0" bev="0" fileid="22" />
              </SequencePoints>
              <BranchPoints>
                <BranchPoint vc="0" uspid="381" ordinal="0" offset="1" sl="35" path="0" offsetend="3" fileid="22" />
                <BranchPoint vc="0" uspid="382" ordinal="1" offset="1" sl="35" path="1" offsetend="14" fileid="22" />
              </BranchPoints>
              <MethodPoint xsi:type="SequencePoint" vc="0" uspid="378" ordinal="0" offset="0" sl="35" sc="13" el="35" ec="27" bec="2" bev="0" fileid="22" />
            </Method>
            <Method visited="false" cyclomaticComplexity="1" nPathComplexity="0" sequenceCoverage="0" branchCoverage="0" crapScore="2" isConstructor="false" isStatic="false" isGetter="false" isSetter="false">
              <Summary numSequencePoints="2" visitedSequencePoints="0" numBranchPoints="1" visitedBranchPoints="0" sequenceCoverage="0" branchCoverage="0" maxCyclomaticComplexity="1" minCyclomaticComplexity="1" maxCrapScore="2" minCrapScore="2" visitedClasses="0" numClasses="0" visitedMethods="0" numMethods="1" />
              <MetadataToken>100663368</MetadataToken>
              <Name>System.Void Internal.Microsoft.Extensions.DependencyModel.DependencyContextJsonReader::Dispose()</Name>
              <FileRef uid="22" />
              <SequencePoints>
                <SequencePoint vc="0" uspid="383" ordinal="0" offset="0" sl="43" sc="13" el="43" ec="27" bec="0" bev="0" fileid="22" />
                <SequencePoint vc="0" uspid="384" ordinal="1" offset="7" sl="44" sc="9" el="44" ec="10" bec="0" bev="0" fileid="22" />
              </SequencePoints>
              <BranchPoints />
              <MethodPoint xsi:type="SequencePoint" vc="0" uspid="383" ordinal="0" offset="0" sl="43" sc="13" el="43" ec="27" bec="0" bev="0" fileid="22" />
            </Method>
            <Method visited="false" cyclomaticComplexity="14" nPathComplexity="2048" sequenceCoverage="0" branchCoverage="0" crapScore="210" isConstructor="false" isStatic="false" isGetter="false" isSetter="false">
              <Summary numSequencePoints="33" visitedSequencePoints="0" numBranchPoints="23" visitedBranchPoints="0" sequenceCoverage="0" branchCoverage="0" maxCyclomaticComplexity="14" minCyclomaticComplexity="14" maxCrapScore="210" minCrapScore="210" visitedClasses="0" numClasses="0" visitedMethods="0" numMethods="1" />
              <MetadataToken>100663369</MetadataToken>
              <Name>Internal.Microsoft.Extensions.DependencyModel.DependencyContext Internal.Microsoft.Extensions.DependencyModel.DependencyContextJsonReader::Read(System.IO.TextReader)</Name>
              <FileRef uid="22" />
              <SequencePoints>
                <SequencePoint vc="0" uspid="385" ordinal="0" offset="0" sl="56" sc="13" el="56" ec="75" bec="0" bev="0" fileid="22" />
                <SequencePoint vc="0" uspid="386" ordinal="1" offset="12" sl="57" sc="13" el="57" ec="30" bec="2" bev="0" fileid="22" />
                <SequencePoint vc="0" uspid="387" ordinal="2" offset="15" sl="58" sc="17" el="58" ec="29" bec="0" bev="0" fileid="22" />
                <SequencePoint vc="0" uspid="388" ordinal="3" offset="17" sl="60" sc="13" el="60" ec="40" bec="0" bev="0" fileid="22" />
                <SequencePoint vc="0" uspid="389" ordinal="4" offset="23" sl="61" sc="13" el="61" ec="42" bec="0" bev="0" fileid="22" />
                <SequencePoint vc="0" uspid="390" ordinal="5" offset="29" sl="62" sc="13" el="62" ec="35" bec="0" bev="0" fileid="22" />
                <SequencePoint vc="0" uspid="391" ordinal="6" offset="31" sl="64" sc="13" el="64" ec="160" bec="0" bev="0" fileid="22" />
                <SequencePoint vc="0" uspid="392" ordinal="7" offset="52" sl="65" sc="13" el="65" ec="141" bec="0" bev="0" fileid="22" />
                <SequencePoint vc="0" uspid="393" ordinal="8" offset="71" sl="66" sc="13" el="66" ec="109" bec="0" bev="0" fileid="22" />
                <SequencePoint vc="0" uspid="394" ordinal="9" offset="90" sl="67" sc="13" el="67" ec="118" bec="0" bev="0" fileid="22" />
                <SequencePoint vc="0" uspid="395" ordinal="10" offset="109" sl="68" sc="13" el="68" ec="120" bec="0" bev="0" fileid="22" />
                <SequencePoint vc="0" uspid="396" ordinal="11" offset="128" sl="70" sc="13" el="70" ec="44" bec="2" bev="0" fileid="22" />
                <SequencePoint vc="0" uspid="397" ordinal="12" offset="132" sl="71" sc="17" el="71" ec="65" bec="0" bev="0" fileid="22" />
                <SequencePoint vc="0" uspid="398" ordinal="13" offset="139" sl="73" sc="13" el="73" ec="84" bec="0" bev="0" fileid="22" />
                <SequencePoint vc="0" uspid="399" ordinal="14" offset="151" sl="74" sc="13" el="74" ec="53" bec="2" bev="0" fileid="22" />
                <SequencePoint vc="0" uspid="400" ordinal="15" offset="167" sl="76" sc="13" el="76" ec="43" bec="2" bev="0" fileid="22" />
                <SequencePoint vc="0" uspid="401" ordinal="16" offset="171" sl="78" sc="17" el="78" ec="107" bec="0" bev="0" fileid="22" />
                <SequencePoint vc="0" uspid="402" ordinal="17" offset="182" sl="79" sc="17" el="79" ec="86" bec="3" bev="0" fileid="22" />
                <SequencePoint vc="0" uspid="403" ordinal="18" offset="198" sl="81" sc="21" el="81" ec="79" bec="0" bev="0" fileid="22" />
                <SequencePoint vc="0" uspid="404" ordinal="19" offset="210" sl="82" sc="21" el="82" ec="80" bec="0" bev="0" fileid="22" />
                <SequencePoint vc="0" uspid="405" ordinal="20" offset="221" sl="83" sc="21" el="83" ec="40" bec="0" bev="0" fileid="22" />
                <SequencePoint vc="0" uspid="406" ordinal="21" offset="223" sl="84" sc="17" el="84" ec="18" bec="0" bev="0" fileid="22" />
                <SequencePoint vc="0" uspid="407" ordinal="22" offset="225" sl="87" sc="21" el="87" ec="51" bec="0" bev="0" fileid="22" />
                <SequencePoint vc="0" uspid="408" ordinal="23" offset="228" sl="91" sc="13" el="91" ec="41" bec="0" bev="0" fileid="22" />
                <SequencePoint vc="0" uspid="409" ordinal="24" offset="231" sl="93" sc="13" el="93" ec="87" bec="0" bev="0" fileid="22" />
                <SequencePoint vc="0" uspid="410" ordinal="25" offset="252" sl="94" sc="13" el="94" ec="39" bec="2" bev="0" fileid="22" />
                <SequencePoint vc="0" uspid="411" ordinal="26" offset="256" sl="96" sc="17" el="96" ec="47" bec="0" bev="0" fileid="22" />
                <SequencePoint vc="0" uspid="412" ordinal="27" offset="260" sl="97" sc="17" el="97" ec="43" bec="2" bev="0" fileid="22" />
                <SequencePoint vc="0" uspid="413" ordinal="28" offset="264" sl="99" sc="21" el="99" ec="51" bec="0" bev="0" fileid="22" />
                <SequencePoint vc="0" uspid="414" ordinal="29" offset="268" sl="100" sc="21" el="100" ec="52" bec="0" bev="0" fileid="22" />
                <SequencePoint vc="0" uspid="415" ordinal="30" offset="276" sl="104" sc="13" el="104" ec="39" bec="2" bev="0" fileid="22" />
                <SequencePoint vc="0" uspid="416" ordinal="31" offset="280" sl="105" sc="17" el="105" ec="70" bec="0" bev="0" fileid="22" />
                <SequencePoint vc="0" uspid="417" ordinal="32" offset="291" sl="107" sc="13" el="112" ec="75" bec="4" bev="0" fileid="22" />
              </SequencePoints>
              <BranchPoints>
                <BranchPoint vc="0" uspid="418" ordinal="0" offset="13" sl="57" path="0" offsetend="15" fileid="22" />
                <BranchPoint vc="0" uspid="419" ordinal="1" offset="13" sl="57" path="1" offsetend="17" fileid="22" />
                <BranchPoint vc="0" uspid="420" ordinal="2" offset="130" sl="70" path="0" offsetend="132" fileid="22" />
                <BranchPoint vc="0" uspid="421" ordinal="3" offset="130" sl="70" path="1" offsetend="139" fileid="22" />
                <BranchPoint vc="0" uspid="422" ordinal="4" offset="153" sl="74" path="0" offsetend="155" fileid="22" />
                <BranchPoint vc="0" uspid="423" ordinal="5" offset="153" sl="74" path="1" offsetend="158" fileid="22" />
                <BranchPoint vc="0" uspid="424" ordinal="6" offset="169" sl="76" path="0" offsetend="171" fileid="22" />
                <BranchPoint vc="0" uspid="425" ordinal="7" offset="169" sl="76" path="1" offsetend="228" fileid="22" />
                <BranchPoint vc="0" uspid="426" ordinal="8" offset="185" sl="79" path="0" offsetend="187" fileid="22" />
                <BranchPoint vc="0" uspid="427" ordinal="9" offset="185" sl="79" path="1" offsetend="225" fileid="22" />
                <BranchPoint vc="0" uspid="428" ordinal="10" offset="196" sl="79" path="0" offsetend="198" fileid="22" />
                <BranchPoint vc="0" uspid="429" ordinal="11" offset="196" sl="79" path="1" offsetend="225" fileid="22" />
                <BranchPoint vc="0" uspid="430" ordinal="12" offset="254" sl="94" path="0" offsetend="256" fileid="22" />
                <BranchPoint vc="0" uspid="431" ordinal="13" offset="254" sl="94" path="1" offsetend="276" fileid="22" />
                <BranchPoint vc="0" uspid="432" ordinal="14" offset="262" sl="97" path="0" offsetend="264" fileid="22" />
                <BranchPoint vc="0" uspid="433" ordinal="15" offset="262" sl="97" path="1" offsetend="276" fileid="22" />
                <BranchPoint vc="0" uspid="434" ordinal="16" offset="278" sl="104" path="0" offsetend="280" fileid="22" />
                <BranchPoint vc="0" uspid="435" ordinal="17" offset="278" sl="104" path="1" offsetend="291" fileid="22" />
                <BranchPoint vc="0" uspid="436" ordinal="18" offset="306" sl="107" path="0" offsetend="308" fileid="22" />
                <BranchPoint vc="0" uspid="437" ordinal="19" offset="306" sl="107" path="1" offsetend="311" fileid="22" />
                <BranchPoint vc="0" uspid="438" ordinal="20" offset="369" sl="107" path="0" offsetend="371" fileid="22" />
                <BranchPoint vc="0" uspid="439" ordinal="21" offset="369" sl="107" path="1" offsetend="377" fileid="22" />
              </BranchPoints>
              <MethodPoint xsi:type="SequencePoint" vc="0" uspid="385" ordinal="0" offset="0" sl="56" sc="13" el="56" ec="75" bec="0" bev="0" fileid="22" />
            </Method>
            <Method visited="false" cyclomaticComplexity="5" nPathComplexity="16" sequenceCoverage="0" branchCoverage="0" crapScore="30" isConstructor="false" isStatic="false" isGetter="false" isSetter="false">
              <Summary numSequencePoints="8" visitedSequencePoints="0" numBranchPoints="9" visitedBranchPoints="0" sequenceCoverage="0" branchCoverage="0" maxCyclomaticComplexity="5" minCyclomaticComplexity="5" maxCrapScore="30" minCrapScore="30" visitedClasses="0" numClasses="0" visitedMethods="0" numMethods="1" />
              <MetadataToken>100663370</MetadataToken>
              <Name>Internal.Microsoft.Extensions.DependencyModel.DependencyContextJsonReader/Target Internal.Microsoft.Extensions.DependencyModel.DependencyContextJsonReader::SelectRuntimeTarget(System.Collections.Generic.List`1&lt;Internal.Microsoft.Extensions.DependencyModel.DependencyContextJsonReader/Target&gt;,System.String)</Name>
              <FileRef uid="22" />
              <SequencePoints>
                <SequencePoint vc="0" uspid="440" ordinal="0" offset="20" sl="119" sc="13" el="119" ec="55" bec="3" bev="0" fileid="22" />
                <SequencePoint vc="0" uspid="441" ordinal="1" offset="31" sl="120" sc="17" el="120" ec="94" bec="0" bev="0" fileid="22" />
                <SequencePoint vc="0" uspid="442" ordinal="2" offset="42" sl="122" sc="13" el="122" ec="58" bec="2" bev="0" fileid="22" />
                <SequencePoint vc="0" uspid="443" ordinal="3" offset="55" sl="124" sc="17" el="124" ec="83" bec="0" bev="0" fileid="22" />
                <SequencePoint vc="0" uspid="444" ordinal="4" offset="74" sl="125" sc="17" el="125" ec="36" bec="2" bev="0" fileid="22" />
                <SequencePoint vc="0" uspid="445" ordinal="5" offset="77" sl="126" sc="21" el="126" ec="98" bec="0" bev="0" fileid="22" />
                <SequencePoint vc="0" uspid="446" ordinal="6" offset="104" sl="130" sc="17" el="130" ec="79" bec="0" bev="0" fileid="22" />
                <SequencePoint vc="0" uspid="447" ordinal="7" offset="123" sl="133" sc="13" el="133" ec="27" bec="0" bev="0" fileid="22" />
              </SequencePoints>
              <BranchPoints>
                <BranchPoint vc="0" uspid="448" ordinal="0" offset="21" sl="119" path="0" offsetend="23" fileid="22" />
                <BranchPoint vc="0" uspid="449" ordinal="1" offset="21" sl="119" path="1" offsetend="31" fileid="22" />
                <BranchPoint vc="0" uspid="450" ordinal="2" offset="29" sl="119" path="0" offsetend="31" fileid="22" />
                <BranchPoint vc="0" uspid="451" ordinal="3" offset="29" sl="119" path="1" offsetend="42" fileid="22" />
                <BranchPoint vc="0" uspid="452" ordinal="4" offset="53" sl="122" path="0" offsetend="55" fileid="22" />
                <BranchPoint vc="0" uspid="453" ordinal="5" offset="53" sl="122" path="1" offsetend="104" fileid="22" />
                <BranchPoint vc="0" uspid="454" ordinal="6" offset="75" sl="125" path="0" offsetend="77" fileid="22" />
                <BranchPoint vc="0" uspid="455" ordinal="7" offset="75" sl="125" path="1" offsetend="123" fileid="22" />
              </BranchPoints>
              <MethodPoint vc="0" uspid="456" ordinal="0" offset="0" />
            </Method>
            <Method visited="false" cyclomaticComplexity="1" nPathComplexity="0" sequenceCoverage="0" branchCoverage="0" crapScore="2" isConstructor="false" isStatic="false" isGetter="false" isSetter="false">
              <Summary numSequencePoints="1" visitedSequencePoints="0" numBranchPoints="1" visitedBranchPoints="0" sequenceCoverage="0" branchCoverage="0" maxCyclomaticComplexity="1" minCyclomaticComplexity="1" maxCrapScore="2" minCrapScore="2" visitedClasses="0" numClasses="0" visitedMethods="0" numMethods="1" />
              <MetadataToken>100663371</MetadataToken>
              <Name>System.Boolean Internal.Microsoft.Extensions.DependencyModel.DependencyContextJsonReader::IsRuntimeTarget(System.String)</Name>
              <FileRef uid="22" />
              <SequencePoints>
                <SequencePoint vc="0" uspid="457" ordinal="0" offset="0" sl="137" sc="16" el="137" ec="72" bec="0" bev="0" fileid="22" />
              </SequencePoints>
              <BranchPoints />
              <MethodPoint xsi:type="SequencePoint" vc="0" uspid="457" ordinal="0" offset="0" sl="137" sc="16" el="137" ec="72" bec="0" bev="0" fileid="22" />
            </Method>
            <Method visited="false" cyclomaticComplexity="5" nPathComplexity="4" sequenceCoverage="0" branchCoverage="0" crapScore="30" isConstructor="false" isStatic="false" isGetter="false" isSetter="false">
              <Summary numSequencePoints="3" visitedSequencePoints="0" numBranchPoints="5" visitedBranchPoints="0" sequenceCoverage="0" branchCoverage="0" maxCyclomaticComplexity="5" minCyclomaticComplexity="5" maxCrapScore="30" minCrapScore="30" visitedClasses="0" numClasses="0" visitedMethods="0" numMethods="1" />
              <MetadataToken>100663372</MetadataToken>
              <Name>System.Void Internal.Microsoft.Extensions.DependencyModel.DependencyContextJsonReader::ReadRuntimeTarget(Xunit.JsonObject,System.String&amp;,System.String&amp;)</Name>
              <FileRef uid="22" />
              <SequencePoints>
                <SequencePoint vc="0" uspid="458" ordinal="0" offset="0" sl="146" sc="13" el="146" ec="122" bec="2" bev="0" fileid="22" />
                <SequencePoint vc="0" uspid="459" ordinal="1" offset="24" sl="147" sc="13" el="147" ec="126" bec="2" bev="0" fileid="22" />
                <SequencePoint vc="0" uspid="460" ordinal="2" offset="48" sl="148" sc="9" el="148" ec="10" bec="0" bev="0" fileid="22" />
              </SequencePoints>
              <BranchPoints>
                <BranchPoint vc="0" uspid="461" ordinal="0" offset="2" sl="146" path="0" offsetend="4" fileid="22" />
                <BranchPoint vc="0" uspid="462" ordinal="1" offset="2" sl="146" path="1" offsetend="7" fileid="22" />
                <BranchPoint vc="0" uspid="463" ordinal="2" offset="26" sl="147" path="0" offsetend="28" fileid="22" />
                <BranchPoint vc="0" uspid="464" ordinal="3" offset="26" sl="147" path="1" offsetend="31" fileid="22" />
              </BranchPoints>
              <MethodPoint xsi:type="SequencePoint" vc="0" uspid="458" ordinal="0" offset="0" sl="146" sc="13" el="146" ec="122" bec="2" bev="0" fileid="22" />
            </Method>
            <Method visited="false" cyclomaticComplexity="3" nPathComplexity="4" sequenceCoverage="0" branchCoverage="0" crapScore="12" isConstructor="false" isStatic="false" isGetter="false" isSetter="false">
              <Summary numSequencePoints="15" visitedSequencePoints="0" numBranchPoints="5" visitedBranchPoints="0" sequenceCoverage="0" branchCoverage="0" maxCyclomaticComplexity="3" minCyclomaticComplexity="3" maxCrapScore="12" minCrapScore="12" visitedClasses="0" numClasses="0" visitedMethods="0" numMethods="1" />
              <MetadataToken>100663373</MetadataToken>
              <Name>Internal.Microsoft.Extensions.DependencyModel.CompilationOptions Internal.Microsoft.Extensions.DependencyModel.DependencyContextJsonReader::ReadCompilationOptions(Xunit.JsonObject)</Name>
              <FileRef uid="22" />
              <SequencePoints>
                <SequencePoint vc="0" uspid="465" ordinal="0" offset="0" sl="167" sc="13" el="167" ec="48" bec="2" bev="0" fileid="22" />
                <SequencePoint vc="0" uspid="466" ordinal="1" offset="3" sl="168" sc="17" el="168" ec="29" bec="0" bev="0" fileid="22" />
                <SequencePoint vc="0" uspid="467" ordinal="2" offset="5" sl="170" sc="13" el="170" ec="135" bec="2" bev="0" fileid="22" />
                <SequencePoint vc="0" uspid="468" ordinal="3" offset="25" sl="171" sc="13" el="171" ec="126" bec="0" bev="0" fileid="22" />
                <SequencePoint vc="0" uspid="469" ordinal="4" offset="37" sl="172" sc="13" el="172" ec="112" bec="0" bev="0" fileid="22" />
                <SequencePoint vc="0" uspid="470" ordinal="5" offset="49" sl="173" sc="13" el="173" ec="127" bec="0" bev="0" fileid="22" />
                <SequencePoint vc="0" uspid="471" ordinal="6" offset="61" sl="174" sc="13" el="174" ec="137" bec="0" bev="0" fileid="22" />
                <SequencePoint vc="0" uspid="472" ordinal="7" offset="73" sl="175" sc="13" el="175" ec="121" bec="0" bev="0" fileid="22" />
                <SequencePoint vc="0" uspid="473" ordinal="8" offset="86" sl="176" sc="13" el="176" ec="110" bec="0" bev="0" fileid="22" />
                <SequencePoint vc="0" uspid="474" ordinal="9" offset="99" sl="177" sc="13" el="177" ec="123" bec="0" bev="0" fileid="22" />
                <SequencePoint vc="0" uspid="475" ordinal="10" offset="112" sl="178" sc="13" el="178" ec="125" bec="0" bev="0" fileid="22" />
                <SequencePoint vc="0" uspid="476" ordinal="11" offset="125" sl="179" sc="13" el="179" ec="114" bec="0" bev="0" fileid="22" />
                <SequencePoint vc="0" uspid="477" ordinal="12" offset="138" sl="180" sc="13" el="180" ec="133" bec="0" bev="0" fileid="22" />
                <SequencePoint vc="0" uspid="478" ordinal="13" offset="151" sl="181" sc="13" el="181" ec="153" bec="0" bev="0" fileid="22" />
                <SequencePoint vc="0" uspid="479" ordinal="14" offset="164" sl="183" sc="13" el="183" ec="205" bec="0" bev="0" fileid="22" />
              </SequencePoints>
              <BranchPoints>
                <BranchPoint vc="0" uspid="480" ordinal="0" offset="1" sl="167" path="0" offsetend="3" fileid="22" />
                <BranchPoint vc="0" uspid="481" ordinal="1" offset="1" sl="167" path="1" offsetend="5" fileid="22" />
                <BranchPoint vc="0" uspid="482" ordinal="2" offset="17" sl="170" path="0" offsetend="19" fileid="22" />
                <BranchPoint vc="0" uspid="483" ordinal="3" offset="17" sl="170" path="1" offsetend="25" fileid="22" />
              </BranchPoints>
              <MethodPoint xsi:type="SequencePoint" vc="0" uspid="465" ordinal="0" offset="0" sl="167" sc="13" el="167" ec="48" bec="2" bev="0" fileid="22" />
            </Method>
            <Method visited="false" cyclomaticComplexity="4" nPathComplexity="2" sequenceCoverage="0" branchCoverage="0" crapScore="20" isConstructor="false" isStatic="false" isGetter="false" isSetter="false">
              <Summary numSequencePoints="7" visitedSequencePoints="0" numBranchPoints="3" visitedBranchPoints="0" sequenceCoverage="0" branchCoverage="0" maxCyclomaticComplexity="4" minCyclomaticComplexity="4" maxCrapScore="20" minCrapScore="20" visitedClasses="0" numClasses="0" visitedMethods="0" numMethods="1" />
              <MetadataToken>100663374</MetadataToken>
              <Name>System.Collections.Generic.List`1&lt;Internal.Microsoft.Extensions.DependencyModel.DependencyContextJsonReader/Target&gt; Internal.Microsoft.Extensions.DependencyModel.DependencyContextJsonReader::ReadTargets(Xunit.JsonObject)</Name>
              <FileRef uid="22" />
              <SequencePoints>
                <SequencePoint vc="0" uspid="484" ordinal="0" offset="0" sl="190" sc="13" el="190" ec="46" bec="0" bev="0" fileid="22" />
                <SequencePoint vc="0" uspid="485" ordinal="1" offset="6" sl="192" sc="13" el="192" ec="37" bec="2" bev="0" fileid="22" />
                <SequencePoint vc="0" uspid="486" ordinal="2" offset="9" sl="193" sc="37" el="193" ec="53" bec="0" bev="0" fileid="22" />
                <SequencePoint vc="0" uspid="487" ordinal="3" offset="23" sl="193" sc="26" el="193" ec="33" bec="0" bev="0" fileid="22" />
                <SequencePoint vc="0" uspid="488" ordinal="4" offset="30" sl="194" sc="21" el="194" ec="86" bec="0" bev="0" fileid="22" />
                <SequencePoint vc="0" uspid="489" ordinal="5" offset="50" sl="193" sc="34" el="193" ec="36" bec="0" bev="0" fileid="22" />
                <SequencePoint vc="0" uspid="490" ordinal="6" offset="70" sl="196" sc="13" el="196" ec="28" bec="0" bev="0" fileid="22" />
              </SequencePoints>
              <BranchPoints>
                <BranchPoint vc="0" uspid="491" ordinal="0" offset="7" sl="192" path="0" offsetend="9" fileid="22" />
                <BranchPoint vc="0" uspid="492" ordinal="1" offset="7" sl="192" path="1" offsetend="70" fileid="22" />
              </BranchPoints>
              <MethodPoint xsi:type="SequencePoint" vc="0" uspid="484" ordinal="0" offset="0" sl="190" sc="13" el="190" ec="46" bec="0" bev="0" fileid="22" />
            </Method>
            <Method visited="false" cyclomaticComplexity="3" nPathComplexity="0" sequenceCoverage="0" branchCoverage="0" crapScore="12" isConstructor="false" isStatic="false" isGetter="false" isSetter="false">
              <Summary numSequencePoints="6" visitedSequencePoints="0" numBranchPoints="1" visitedBranchPoints="0" sequenceCoverage="0" branchCoverage="0" maxCyclomaticComplexity="3" minCyclomaticComplexity="3" maxCrapScore="12" minCrapScore="12" visitedClasses="0" numClasses="0" visitedMethods="0" numMethods="1" />
              <MetadataToken>100663375</MetadataToken>
              <Name>Internal.Microsoft.Extensions.DependencyModel.DependencyContextJsonReader/Target Internal.Microsoft.Extensions.DependencyModel.DependencyContextJsonReader::ReadTarget(System.String,Xunit.JsonObject)</Name>
              <FileRef uid="22" />
              <SequencePoints>
                <SequencePoint vc="0" uspid="495" ordinal="0" offset="0" sl="203" sc="13" el="203" ec="55" bec="0" bev="0" fileid="22" />
                <SequencePoint vc="0" uspid="496" ordinal="1" offset="6" sl="205" sc="33" el="205" ec="48" bec="0" bev="0" fileid="22" />
                <SequencePoint vc="0" uspid="497" ordinal="2" offset="20" sl="205" sc="22" el="205" ec="29" bec="0" bev="0" fileid="22" />
                <SequencePoint vc="0" uspid="498" ordinal="3" offset="27" sl="206" sc="17" el="206" ec="90" bec="0" bev="0" fileid="22" />
                <SequencePoint vc="0" uspid="499" ordinal="4" offset="47" sl="205" sc="30" el="205" ec="32" bec="0" bev="0" fileid="22" />
                <SequencePoint vc="0" uspid="500" ordinal="5" offset="67" sl="208" sc="13" el="208" ec="76" bec="0" bev="0" fileid="22" />
              </SequencePoints>
              <BranchPoints />
              <MethodPoint xsi:type="SequencePoint" vc="0" uspid="495" ordinal="0" offset="0" sl="203" sc="13" el="203" ec="55" bec="0" bev="0" fileid="22" />
            </Method>
            <Method visited="false" cyclomaticComplexity="14" nPathComplexity="128" sequenceCoverage="0" branchCoverage="0" crapScore="210" isConstructor="false" isStatic="false" isGetter="false" isSetter="false">
              <Summary numSequencePoints="8" visitedSequencePoints="0" numBranchPoints="15" visitedBranchPoints="0" sequenceCoverage="0" branchCoverage="0" maxCyclomaticComplexity="14" minCyclomaticComplexity="14" maxCrapScore="210" minCrapScore="210" visitedClasses="0" numClasses="0" visitedMethods="0" numMethods="1" />
              <MetadataToken>100663376</MetadataToken>
              <Name>Internal.Microsoft.Extensions.DependencyModel.DependencyContextJsonReader/TargetLibrary Internal.Microsoft.Extensions.DependencyModel.DependencyContextJsonReader::ReadTargetLibrary(System.String,Xunit.JsonObject)</Name>
              <FileRef uid="22" />
              <SequencePoints>
                <SequencePoint vc="0" uspid="503" ordinal="0" offset="0" sl="223" sc="13" el="223" ec="150" bec="0" bev="0" fileid="22" />
                <SequencePoint vc="0" uspid="504" ordinal="1" offset="18" sl="224" sc="13" el="224" ec="117" bec="2" bev="0" fileid="22" />
                <SequencePoint vc="0" uspid="505" ordinal="2" offset="42" sl="225" sc="13" el="225" ec="114" bec="2" bev="0" fileid="22" />
                <SequencePoint vc="0" uspid="506" ordinal="3" offset="66" sl="226" sc="13" el="226" ec="125" bec="2" bev="0" fileid="22" />
                <SequencePoint vc="0" uspid="507" ordinal="4" offset="90" sl="227" sc="13" el="227" ec="156" bec="0" bev="0" fileid="22" />
                <SequencePoint vc="0" uspid="508" ordinal="5" offset="109" sl="228" sc="13" el="228" ec="150" bec="0" bev="0" fileid="22" />
                <SequencePoint vc="0" uspid="509" ordinal="6" offset="128" sl="229" sc="13" el="229" ec="126" bec="0" bev="0" fileid="22" />
                <SequencePoint vc="0" uspid="510" ordinal="7" offset="141" sl="231" sc="13" el="241" ec="15" bec="8" bev="0" fileid="22" />
              </SequencePoints>
              <BranchPoints>
                <BranchPoint vc="0" uspid="511" ordinal="0" offset="30" sl="224" path="0" offsetend="32" fileid="22" />
                <BranchPoint vc="0" uspid="512" ordinal="1" offset="30" sl="224" path="1" offsetend="36" fileid="22" />
                <BranchPoint vc="0" uspid="513" ordinal="2" offset="54" sl="225" path="0" offsetend="56" fileid="22" />
                <BranchPoint vc="0" uspid="514" ordinal="3" offset="54" sl="225" path="1" offsetend="60" fileid="22" />
                <BranchPoint vc="0" uspid="515" ordinal="4" offset="78" sl="226" path="0" offsetend="80" fileid="22" />
                <BranchPoint vc="0" uspid="516" ordinal="5" offset="78" sl="226" path="1" offsetend="84" fileid="22" />
                <BranchPoint vc="0" uspid="517" ordinal="6" offset="161" sl="231" path="0" offsetend="163" fileid="22" />
                <BranchPoint vc="0" uspid="518" ordinal="7" offset="161" sl="231" path="1" offsetend="169" fileid="22" />
                <BranchPoint vc="0" uspid="519" ordinal="8" offset="177" sl="231" path="0" offsetend="179" fileid="22" />
                <BranchPoint vc="0" uspid="520" ordinal="9" offset="177" sl="231" path="1" offsetend="182" fileid="22" />
                <BranchPoint vc="0" uspid="521" ordinal="10" offset="196" sl="231" path="0" offsetend="198" fileid="22" />
                <BranchPoint vc="0" uspid="522" ordinal="11" offset="196" sl="231" path="1" offsetend="201" fileid="22" />
                <BranchPoint vc="0" uspid="523" ordinal="12" offset="215" sl="231" path="0" offsetend="217" fileid="22" />
                <BranchPoint vc="0" uspid="524" ordinal="13" offset="215" sl="231" path="1" offsetend="220" fileid="22" />
              </BranchPoints>
              <MethodPoint xsi:type="SequencePoint" vc="0" uspid="503" ordinal="0" offset="0" sl="223" sc="13" el="223" ec="150" bec="0" bev="0" fileid="22" />
            </Method>
            <Method visited="false" cyclomaticComplexity="4" nPathComplexity="2" sequenceCoverage="0" branchCoverage="0" crapScore="20" isConstructor="false" isStatic="false" isGetter="false" isSetter="false">
              <Summary numSequencePoints="7" visitedSequencePoints="0" numBranchPoints="3" visitedBranchPoints="0" sequenceCoverage="0" branchCoverage="0" maxCyclomaticComplexity="4" minCyclomaticComplexity="4" maxCrapScore="20" minCrapScore="20" visitedClasses="0" numClasses="0" visitedMethods="0" numMethods="1" />
              <MetadataToken>100663377</MetadataToken>
              <Name>System.Collections.Generic.IEnumerable`1&lt;Internal.Microsoft.Extensions.DependencyModel.Dependency&gt; Internal.Microsoft.Extensions.DependencyModel.DependencyContextJsonReader::ReadTargetLibraryDependencies(Xunit.JsonObject)</Name>
              <FileRef uid="22" />
              <SequencePoints>
                <SequencePoint vc="0" uspid="525" ordinal="0" offset="0" sl="248" sc="13" el="248" ec="55" bec="0" bev="0" fileid="22" />
                <SequencePoint vc="0" uspid="526" ordinal="1" offset="6" sl="250" sc="13" el="250" ec="55" bec="2" bev="0" fileid="22" />
                <SequencePoint vc="0" uspid="527" ordinal="2" offset="9" sl="251" sc="37" el="251" ec="71" bec="0" bev="0" fileid="22" />
                <SequencePoint vc="0" uspid="528" ordinal="3" offset="23" sl="251" sc="26" el="251" ec="33" bec="0" bev="0" fileid="22" />
                <SequencePoint vc="0" uspid="529" ordinal="4" offset="30" sl="252" sc="21" el="252" ec="121" bec="0" bev="0" fileid="22" />
                <SequencePoint vc="0" uspid="530" ordinal="5" offset="66" sl="251" sc="34" el="251" ec="36" bec="0" bev="0" fileid="22" />
                <SequencePoint vc="0" uspid="531" ordinal="6" offset="86" sl="254" sc="13" el="254" ec="33" bec="0" bev="0" fileid="22" />
              </SequencePoints>
              <BranchPoints>
                <BranchPoint vc="0" uspid="532" ordinal="0" offset="7" sl="250" path="0" offsetend="9" fileid="22" />
                <BranchPoint vc="0" uspid="533" ordinal="1" offset="7" sl="250" path="1" offsetend="86" fileid="22" />
              </BranchPoints>
              <MethodPoint xsi:type="SequencePoint" vc="0" uspid="525" ordinal="0" offset="0" sl="248" sc="13" el="248" ec="55" bec="0" bev="0" fileid="22" />
            </Method>
            <Method visited="false" cyclomaticComplexity="8" nPathComplexity="8" sequenceCoverage="0" branchCoverage="0" crapScore="72" isConstructor="false" isStatic="false" isGetter="false" isSetter="false">
              <Summary numSequencePoints="8" visitedSequencePoints="0" numBranchPoints="7" visitedBranchPoints="0" sequenceCoverage="0" branchCoverage="0" maxCyclomaticComplexity="8" minCyclomaticComplexity="8" maxCrapScore="72" minCrapScore="72" visitedClasses="0" numClasses="0" visitedMethods="0" numMethods="1" />
              <MetadataToken>100663378</MetadataToken>
              <Name>System.Collections.Generic.List`1&lt;Internal.Microsoft.Extensions.DependencyModel.DependencyContextJsonReader/RuntimeTargetEntryStub&gt; Internal.Microsoft.Extensions.DependencyModel.DependencyContextJsonReader::ReadTargetLibraryRuntimeTargets(Xunit.JsonObject)</Name>
              <FileRef uid="22" />
              <SequencePoints>
                <SequencePoint vc="0" uspid="536" ordinal="0" offset="0" sl="261" sc="13" el="261" ec="69" bec="0" bev="0" fileid="22" />
                <SequencePoint vc="0" uspid="537" ordinal="1" offset="6" sl="263" sc="13" el="263" ec="57" bec="2" bev="0" fileid="22" />
                <SequencePoint vc="0" uspid="538" ordinal="2" offset="12" sl="265" sc="37" el="265" ec="73" bec="0" bev="0" fileid="22" />
                <SequencePoint vc="0" uspid="539" ordinal="3" offset="26" sl="265" sc="26" el="265" ec="33" bec="0" bev="0" fileid="22" />
                <SequencePoint vc="0" uspid="540" ordinal="4" offset="33" sl="267" sc="21" el="267" ec="100" bec="0" bev="0" fileid="22" />
                <SequencePoint vc="0" uspid="541" ordinal="5" offset="41" sl="269" sc="21" el="274" ec="24" bec="4" bev="0" fileid="22" />
                <SequencePoint vc="0" uspid="542" ordinal="6" offset="135" sl="265" sc="34" el="265" ec="36" bec="0" bev="0" fileid="22" />
                <SequencePoint vc="0" uspid="543" ordinal="7" offset="155" sl="278" sc="13" el="278" ec="35" bec="0" bev="0" fileid="22" />
              </SequencePoints>
              <BranchPoints>
                <BranchPoint vc="0" uspid="544" ordinal="0" offset="7" sl="263" path="0" offsetend="12" fileid="22" />
                <BranchPoint vc="0" uspid="545" ordinal="1" offset="7" sl="263" path="1" offsetend="155" fileid="22" />
                <BranchPoint vc="0" uspid="546" ordinal="2" offset="62" sl="269" path="0" offsetend="64" fileid="22" />
                <BranchPoint vc="0" uspid="547" ordinal="3" offset="62" sl="269" path="1" offsetend="67" fileid="22" />
                <BranchPoint vc="0" uspid="548" ordinal="4" offset="97" sl="269" path="0" offsetend="99" fileid="22" />
                <BranchPoint vc="0" uspid="549" ordinal="5" offset="97" sl="269" path="1" offsetend="102" fileid="22" />
              </BranchPoints>
              <MethodPoint xsi:type="SequencePoint" vc="0" uspid="536" ordinal="0" offset="0" sl="261" sc="13" el="261" ec="69" bec="0" bev="0" fileid="22" />
            </Method>
            <Method visited="false" cyclomaticComplexity="7" nPathComplexity="8" sequenceCoverage="0" branchCoverage="0" crapScore="56" isConstructor="false" isStatic="false" isGetter="false" isSetter="false">
              <Summary numSequencePoints="9" visitedSequencePoints="0" numBranchPoints="7" visitedBranchPoints="0" sequenceCoverage="0" branchCoverage="0" maxCyclomaticComplexity="7" minCyclomaticComplexity="7" maxCrapScore="56" minCrapScore="56" visitedClasses="0" numClasses="0" visitedMethods="0" numMethods="1" />
              <MetadataToken>100663379</MetadataToken>
              <Name>System.Collections.Generic.List`1&lt;Internal.Microsoft.Extensions.DependencyModel.ResourceAssembly&gt; Internal.Microsoft.Extensions.DependencyModel.DependencyContextJsonReader::ReadTargetLibraryResources(Xunit.JsonObject)</Name>
              <FileRef uid="22" />
              <SequencePoints>
                <SequencePoint vc="0" uspid="552" ordinal="0" offset="0" sl="285" sc="13" el="285" ec="58" bec="0" bev="0" fileid="22" />
                <SequencePoint vc="0" uspid="553" ordinal="1" offset="6" sl="287" sc="13" el="287" ec="52" bec="2" bev="0" fileid="22" />
                <SequencePoint vc="0" uspid="554" ordinal="2" offset="9" sl="289" sc="37" el="289" ec="68" bec="0" bev="0" fileid="22" />
                <SequencePoint vc="0" uspid="555" ordinal="3" offset="23" sl="289" sc="26" el="289" ec="33" bec="0" bev="0" fileid="22" />
                <SequencePoint vc="0" uspid="556" ordinal="4" offset="30" sl="291" sc="21" el="291" ec="147" bec="2" bev="0" fileid="22" />
                <SequencePoint vc="0" uspid="557" ordinal="5" offset="60" sl="293" sc="21" el="293" ec="40" bec="2" bev="0" fileid="22" />
                <SequencePoint vc="0" uspid="558" ordinal="6" offset="63" sl="294" sc="25" el="294" ec="80" bec="0" bev="0" fileid="22" />
                <SequencePoint vc="0" uspid="559" ordinal="7" offset="82" sl="289" sc="34" el="289" ec="36" bec="0" bev="0" fileid="22" />
                <SequencePoint vc="0" uspid="560" ordinal="8" offset="102" sl="298" sc="13" el="298" ec="30" bec="0" bev="0" fileid="22" />
              </SequencePoints>
              <BranchPoints>
                <BranchPoint vc="0" uspid="561" ordinal="0" offset="7" sl="287" path="0" offsetend="9" fileid="22" />
                <BranchPoint vc="0" uspid="562" ordinal="1" offset="7" sl="287" path="1" offsetend="102" fileid="22" />
                <BranchPoint vc="0" uspid="563" ordinal="2" offset="38" sl="291" path="0" offsetend="40" fileid="22" />
                <BranchPoint vc="0" uspid="564" ordinal="3" offset="38" sl="291" path="1" offsetend="44" fileid="22" />
                <BranchPoint vc="0" uspid="565" ordinal="4" offset="61" sl="293" path="0" offsetend="63" fileid="22" />
                <BranchPoint vc="0" uspid="566" ordinal="5" offset="61" sl="293" path="1" offsetend="82" fileid="22" />
              </BranchPoints>
              <MethodPoint xsi:type="SequencePoint" vc="0" uspid="552" ordinal="0" offset="0" sl="285" sc="13" el="285" ec="58" bec="0" bev="0" fileid="22" />
            </Method>
            <Method visited="false" cyclomaticComplexity="4" nPathComplexity="2" sequenceCoverage="0" branchCoverage="0" crapScore="20" isConstructor="false" isStatic="false" isGetter="false" isSetter="false">
              <Summary numSequencePoints="7" visitedSequencePoints="0" numBranchPoints="3" visitedBranchPoints="0" sequenceCoverage="0" branchCoverage="0" maxCyclomaticComplexity="4" minCyclomaticComplexity="4" maxCrapScore="20" minCrapScore="20" visitedClasses="0" numClasses="0" visitedMethods="0" numMethods="1" />
              <MetadataToken>100663380</MetadataToken>
              <Name>System.Collections.Generic.Dictionary`2&lt;System.String,Internal.Microsoft.Extensions.DependencyModel.DependencyContextJsonReader/LibraryStub&gt; Internal.Microsoft.Extensions.DependencyModel.DependencyContextJsonReader::ReadLibraries(Xunit.JsonObject)</Name>
              <FileRef uid="22" />
              <SequencePoints>
                <SequencePoint vc="0" uspid="569" ordinal="0" offset="0" sl="305" sc="13" el="305" ec="67" bec="0" bev="0" fileid="22" />
                <SequencePoint vc="0" uspid="570" ordinal="1" offset="6" sl="307" sc="13" el="307" ec="39" bec="2" bev="0" fileid="22" />
                <SequencePoint vc="0" uspid="571" ordinal="2" offset="9" sl="308" sc="37" el="308" ec="55" bec="0" bev="0" fileid="22" />
                <SequencePoint vc="0" uspid="572" ordinal="3" offset="23" sl="308" sc="26" el="308" ec="33" bec="0" bev="0" fileid="22" />
                <SequencePoint vc="0" uspid="573" ordinal="4" offset="30" sl="309" sc="21" el="309" ec="97" bec="0" bev="0" fileid="22" />
                <SequencePoint vc="0" uspid="574" ordinal="5" offset="56" sl="308" sc="34" el="308" ec="36" bec="0" bev="0" fileid="22" />
                <SequencePoint vc="0" uspid="575" ordinal="6" offset="76" sl="311" sc="13" el="311" ec="30" bec="0" bev="0" fileid="22" />
              </SequencePoints>
              <BranchPoints>
                <BranchPoint vc="0" uspid="576" ordinal="0" offset="7" sl="307" path="0" offsetend="9" fileid="22" />
                <BranchPoint vc="0" uspid="577" ordinal="1" offset="7" sl="307" path="1" offsetend="76" fileid="22" />
              </BranchPoints>
              <MethodPoint xsi:type="SequencePoint" vc="0" uspid="569" ordinal="0" offset="0" sl="305" sc="13" el="305" ec="67" bec="0" bev="0" fileid="22" />
            </Method>
            <Method visited="false" cyclomaticComplexity="1" nPathComplexity="0" sequenceCoverage="0" branchCoverage="0" crapScore="2" isConstructor="false" isStatic="false" isGetter="false" isSetter="false">
              <Summary numSequencePoints="7" visitedSequencePoints="0" numBranchPoints="1" visitedBranchPoints="0" sequenceCoverage="0" branchCoverage="0" maxCyclomaticComplexity="1" minCyclomaticComplexity="1" maxCrapScore="2" minCrapScore="2" visitedClasses="0" numClasses="0" visitedMethods="0" numMethods="1" />
              <MetadataToken>100663381</MetadataToken>
              <Name>Internal.Microsoft.Extensions.DependencyModel.DependencyContextJsonReader/LibraryStub Internal.Microsoft.Extensions.DependencyModel.DependencyContextJsonReader::ReadLibrary(Xunit.JsonObject)</Name>
              <FileRef uid="22" />
              <SequencePoints>
                <SequencePoint vc="0" uspid="580" ordinal="0" offset="0" sl="325" sc="13" el="325" ec="98" bec="0" bev="0" fileid="22" />
                <SequencePoint vc="0" uspid="581" ordinal="1" offset="17" sl="326" sc="13" el="326" ec="96" bec="0" bev="0" fileid="22" />
                <SequencePoint vc="0" uspid="582" ordinal="2" offset="34" sl="327" sc="13" el="327" ec="109" bec="0" bev="0" fileid="22" />
                <SequencePoint vc="0" uspid="583" ordinal="3" offset="47" sl="328" sc="13" el="328" ec="96" bec="0" bev="0" fileid="22" />
                <SequencePoint vc="0" uspid="584" ordinal="4" offset="64" sl="329" sc="13" el="329" ec="104" bec="0" bev="0" fileid="22" />
                <SequencePoint vc="0" uspid="585" ordinal="5" offset="82" sl="330" sc="13" el="330" ec="132" bec="0" bev="0" fileid="22" />
                <SequencePoint vc="0" uspid="586" ordinal="6" offset="100" sl="332" sc="13" el="340" ec="15" bec="0" bev="0" fileid="22" />
              </SequencePoints>
              <BranchPoints />
              <MethodPoint xsi:type="SequencePoint" vc="0" uspid="580" ordinal="0" offset="0" sl="325" sc="13" el="325" ec="98" bec="0" bev="0" fileid="22" />
            </Method>
            <Method visited="false" cyclomaticComplexity="5" nPathComplexity="4" sequenceCoverage="0" branchCoverage="0" crapScore="30" isConstructor="false" isStatic="false" isGetter="false" isSetter="false">
              <Summary numSequencePoints="7" visitedSequencePoints="0" numBranchPoints="5" visitedBranchPoints="0" sequenceCoverage="0" branchCoverage="0" maxCyclomaticComplexity="5" minCyclomaticComplexity="5" maxCrapScore="30" minCrapScore="30" visitedClasses="0" numClasses="0" visitedMethods="0" numMethods="1" />
              <MetadataToken>100663382</MetadataToken>
              <Name>System.Collections.Generic.List`1&lt;Internal.Microsoft.Extensions.DependencyModel.RuntimeFallbacks&gt; Internal.Microsoft.Extensions.DependencyModel.DependencyContextJsonReader::ReadRuntimes(Xunit.JsonObject)</Name>
              <FileRef uid="22" />
              <SequencePoints>
                <SequencePoint vc="0" uspid="587" ordinal="0" offset="0" sl="347" sc="13" el="347" ec="65" bec="0" bev="0" fileid="22" />
                <SequencePoint vc="0" uspid="588" ordinal="1" offset="6" sl="349" sc="13" el="349" ec="38" bec="2" bev="0" fileid="22" />
                <SequencePoint vc="0" uspid="589" ordinal="2" offset="9" sl="350" sc="37" el="350" ec="54" bec="0" bev="0" fileid="22" />
                <SequencePoint vc="0" uspid="590" ordinal="3" offset="23" sl="350" sc="26" el="350" ec="33" bec="0" bev="0" fileid="22" />
                <SequencePoint vc="0" uspid="591" ordinal="4" offset="30" sl="351" sc="21" el="351" ec="127" bec="2" bev="0" fileid="22" />
                <SequencePoint vc="0" uspid="592" ordinal="5" offset="58" sl="350" sc="34" el="350" ec="36" bec="0" bev="0" fileid="22" />
                <SequencePoint vc="0" uspid="593" ordinal="6" offset="78" sl="353" sc="13" el="353" ec="37" bec="0" bev="0" fileid="22" />
              </SequencePoints>
              <BranchPoints>
                <BranchPoint vc="0" uspid="594" ordinal="0" offset="7" sl="349" path="0" offsetend="9" fileid="22" />
                <BranchPoint vc="0" uspid="595" ordinal="1" offset="7" sl="349" path="1" offsetend="78" fileid="22" />
                <BranchPoint vc="0" uspid="596" ordinal="2" offset="40" sl="351" path="0" offsetend="42" fileid="22" />
                <BranchPoint vc="0" uspid="597" ordinal="3" offset="40" sl="351" path="1" offsetend="48" fileid="22" />
              </BranchPoints>
              <MethodPoint xsi:type="SequencePoint" vc="0" uspid="587" ordinal="0" offset="0" sl="347" sc="13" el="347" ec="65" bec="0" bev="0" fileid="22" />
            </Method>
            <Method visited="false" cyclomaticComplexity="3" nPathComplexity="4" sequenceCoverage="0" branchCoverage="0" crapScore="12" isConstructor="false" isStatic="false" isGetter="false" isSetter="false">
              <Summary numSequencePoints="3" visitedSequencePoints="0" numBranchPoints="5" visitedBranchPoints="0" sequenceCoverage="0" branchCoverage="0" maxCyclomaticComplexity="3" minCyclomaticComplexity="3" maxCrapScore="12" minCrapScore="12" visitedClasses="0" numClasses="0" visitedMethods="0" numMethods="1" />
              <MetadataToken>100663383</MetadataToken>
              <Name>System.Collections.Generic.IEnumerable`1&lt;Internal.Microsoft.Extensions.DependencyModel.Library&gt; Internal.Microsoft.Extensions.DependencyModel.DependencyContextJsonReader::CreateLibraries(System.Collections.Generic.IEnumerable`1&lt;Internal.Microsoft.Extensions.DependencyModel.DependencyContextJsonReader/TargetLibrary&gt;,System.Boolean,System.Collections.Generic.Dictionary`2&lt;System.String,Internal.Microsoft.Extensions.DependencyModel.DependencyContextJsonReader/LibraryStub&gt;)</Name>
              <FileRef uid="22" />
              <SequencePoints>
                <SequencePoint vc="0" uspid="600" ordinal="0" offset="27" sl="358" sc="13" el="358" ec="35" bec="2" bev="0" fileid="22" />
                <SequencePoint vc="0" uspid="601" ordinal="1" offset="30" sl="359" sc="17" el="359" ec="52" bec="0" bev="0" fileid="22" />
                <SequencePoint vc="0" uspid="602" ordinal="2" offset="36" sl="361" sc="13" el="362" ec="64" bec="2" bev="0" fileid="22" />
              </SequencePoints>
              <BranchPoints>
                <BranchPoint vc="0" uspid="603" ordinal="0" offset="28" sl="358" path="0" offsetend="30" fileid="22" />
                <BranchPoint vc="0" uspid="604" ordinal="1" offset="28" sl="358" path="1" offsetend="36" fileid="22" />
                <BranchPoint vc="0" uspid="605" ordinal="2" offset="60" sl="361" path="0" offsetend="62" fileid="22" />
                <BranchPoint vc="0" uspid="606" ordinal="3" offset="60" sl="361" path="1" offsetend="85" fileid="22" />
              </BranchPoints>
              <MethodPoint vc="0" uspid="607" ordinal="0" offset="0" />
            </Method>
            <Method visited="false" cyclomaticComplexity="23" nPathComplexity="1048576" sequenceCoverage="0" branchCoverage="0" crapScore="552" isConstructor="false" isStatic="false" isGetter="false" isSetter="false">
              <Summary numSequencePoints="29" visitedSequencePoints="0" numBranchPoints="41" visitedBranchPoints="0" sequenceCoverage="0" branchCoverage="0" maxCyclomaticComplexity="23" minCyclomaticComplexity="23" maxCrapScore="552" minCrapScore="552" visitedClasses="0" numClasses="0" visitedMethods="0" numMethods="1" />
              <MetadataToken>100663384</MetadataToken>
              <Name>Internal.Microsoft.Extensions.DependencyModel.Library Internal.Microsoft.Extensions.DependencyModel.DependencyContextJsonReader::CreateLibrary(Internal.Microsoft.Extensions.DependencyModel.DependencyContextJsonReader/TargetLibrary,System.Boolean,System.Collections.Generic.Dictionary`2&lt;System.String,Internal.Microsoft.Extensions.DependencyModel.DependencyContextJsonReader/LibraryStub&gt;)</Name>
              <FileRef uid="22" />
              <SequencePoints>
                <SequencePoint vc="0" uspid="608" ordinal="0" offset="0" sl="367" sc="13" el="367" ec="54" bec="0" bev="0" fileid="22" />
                <SequencePoint vc="0" uspid="609" ordinal="1" offset="7" sl="370" sc="13" el="370" ec="94" bec="3" bev="0" fileid="22" />
                <SequencePoint vc="0" uspid="610" ordinal="2" offset="21" sl="372" sc="17" el="372" ec="111" bec="0" bev="0" fileid="22" />
                <SequencePoint vc="0" uspid="611" ordinal="3" offset="38" sl="375" sc="13" el="375" ec="104" bec="0" bev="0" fileid="22" />
                <SequencePoint vc="0" uspid="612" ordinal="4" offset="47" sl="377" sc="13" el="377" ec="78" bec="0" bev="0" fileid="22" />
                <SequencePoint vc="0" uspid="613" ordinal="5" offset="62" sl="378" sc="13" el="378" ec="82" bec="0" bev="0" fileid="22" />
                <SequencePoint vc="0" uspid="614" ordinal="6" offset="79" sl="380" sc="13" el="380" ec="25" bec="2" bev="0" fileid="22" />
                <SequencePoint vc="0" uspid="615" ordinal="7" offset="85" sl="383" sc="17" el="383" ec="67" bec="0" bev="0" fileid="22" />
                <SequencePoint vc="0" uspid="616" ordinal="8" offset="91" sl="384" sc="17" el="384" ec="47" bec="2" bev="0" fileid="22" />
                <SequencePoint vc="0" uspid="617" ordinal="9" offset="117" sl="386" sc="21" el="386" ec="33" bec="0" bev="0" fileid="22" />
                <SequencePoint vc="0" uspid="618" ordinal="10" offset="119" sl="389" sc="17" el="389" ec="75" bec="0" bev="0" fileid="22" />
                <SequencePoint vc="0" uspid="619" ordinal="11" offset="126" sl="390" sc="17" el="390" ec="73" bec="0" bev="0" fileid="22" />
                <SequencePoint vc="0" uspid="620" ordinal="12" offset="133" sl="391" sc="17" el="391" ec="58" bec="2" bev="0" fileid="22" />
                <SequencePoint vc="0" uspid="621" ordinal="13" offset="144" sl="393" sc="46" el="393" ec="94" bec="2" bev="0" fileid="22" />
                <SequencePoint vc="0" uspid="622" ordinal="14" offset="198" sl="393" sc="30" el="393" ec="42" bec="0" bev="0" fileid="22" />
                <SequencePoint vc="0" uspid="623" ordinal="15" offset="207" sl="395" sc="25" el="398" ec="40" bec="4" bev="0" fileid="22" />
                <SequencePoint vc="0" uspid="624" ordinal="16" offset="288" sl="400" sc="25" el="400" ec="58" bec="2" bev="0" fileid="22" />
                <SequencePoint vc="0" uspid="625" ordinal="17" offset="297" sl="402" sc="29" el="404" ec="99" bec="2" bev="0" fileid="22" />
                <SequencePoint vc="0" uspid="626" ordinal="18" offset="354" sl="407" sc="25" el="410" ec="40" bec="4" bev="0" fileid="22" />
                <SequencePoint vc="0" uspid="627" ordinal="19" offset="435" sl="412" sc="25" el="412" ec="56" bec="2" bev="0" fileid="22" />
                <SequencePoint vc="0" uspid="628" ordinal="20" offset="444" sl="414" sc="29" el="416" ec="97" bec="2" bev="0" fileid="22" />
                <SequencePoint vc="0" uspid="629" ordinal="21" offset="501" sl="393" sc="43" el="393" ec="45" bec="0" bev="0" fileid="22" />
                <SequencePoint vc="0" uspid="630" ordinal="22" offset="527" sl="421" sc="17" el="421" ec="88" bec="3" bev="0" fileid="22" />
                <SequencePoint vc="0" uspid="631" ordinal="23" offset="549" sl="423" sc="21" el="423" ec="108" bec="0" bev="0" fileid="22" />
                <SequencePoint vc="0" uspid="632" ordinal="24" offset="572" sl="426" sc="17" el="426" ec="86" bec="3" bev="0" fileid="22" />
                <SequencePoint vc="0" uspid="633" ordinal="25" offset="594" sl="428" sc="21" el="428" ec="105" bec="0" bev="0" fileid="22" />
                <SequencePoint vc="0" uspid="634" ordinal="26" offset="617" sl="431" sc="17" el="443" ec="78" bec="2" bev="0" fileid="22" />
                <SequencePoint vc="0" uspid="635" ordinal="27" offset="691" sl="447" sc="17" el="447" ec="129" bec="2" bev="0" fileid="22" />
                <SequencePoint vc="0" uspid="636" ordinal="28" offset="718" sl="448" sc="17" el="457" ec="36" bec="0" bev="0" fileid="22" />
              </SequencePoints>
              <BranchPoints>
                <BranchPoint vc="0" uspid="637" ordinal="0" offset="8" sl="370" path="0" offsetend="10" fileid="22" />
                <BranchPoint vc="0" uspid="638" ordinal="1" offset="8" sl="370" path="1" offsetend="21" fileid="22" />
                <BranchPoint vc="0" uspid="639" ordinal="2" offset="19" sl="370" path="0" offsetend="21" fileid="22" />
                <BranchPoint vc="0" uspid="640" ordinal="3" offset="19" sl="370" path="1" offsetend="38" fileid="22" />
                <BranchPoint vc="0" uspid="641" ordinal="4" offset="80" sl="380" path="0" offsetend="85" fileid="22" />
                <BranchPoint vc="0" uspid="642" ordinal="5" offset="80" sl="380" path="1" offsetend="691" fileid="22" />
                <BranchPoint vc="0" uspid="643" ordinal="6" offset="115" sl="384" path="0" offsetend="117" fileid="22" />
                <BranchPoint vc="0" uspid="644" ordinal="7" offset="115" sl="384" path="1" offsetend="119" fileid="22" />
                <BranchPoint vc="0" uspid="645" ordinal="8" offset="139" sl="391" path="0" offsetend="144" fileid="22" />
                <BranchPoint vc="0" uspid="646" ordinal="9" offset="139" sl="391" path="1" offsetend="527" fileid="22" />
                <BranchPoint vc="0" uspid="647" ordinal="10" offset="156" sl="393" path="0" offsetend="158" fileid="22" />
                <BranchPoint vc="0" uspid="648" ordinal="11" offset="156" sl="393" path="1" offsetend="181" fileid="22" />
                <BranchPoint vc="0" uspid="649" ordinal="12" offset="215" sl="395" path="0" offsetend="217" fileid="22" />
                <BranchPoint vc="0" uspid="650" ordinal="13" offset="215" sl="395" path="1" offsetend="240" fileid="22" />
                <BranchPoint vc="0" uspid="651" ordinal="14" offset="251" sl="395" path="0" offsetend="253" fileid="22" />
                <BranchPoint vc="0" uspid="652" ordinal="15" offset="251" sl="395" path="1" offsetend="276" fileid="22" />
                <BranchPoint vc="0" uspid="653" ordinal="16" offset="295" sl="400" path="0" offsetend="297" fileid="22" />
                <BranchPoint vc="0" uspid="654" ordinal="17" offset="295" sl="400" path="1" offsetend="354" fileid="22" />
                <BranchPoint vc="0" uspid="655" ordinal="18" offset="314" sl="402" path="0" offsetend="316" fileid="22" />
                <BranchPoint vc="0" uspid="656" ordinal="19" offset="314" sl="402" path="1" offsetend="339" fileid="22" />
                <BranchPoint vc="0" uspid="657" ordinal="20" offset="362" sl="407" path="0" offsetend="364" fileid="22" />
                <BranchPoint vc="0" uspid="658" ordinal="21" offset="362" sl="407" path="1" offsetend="387" fileid="22" />
                <BranchPoint vc="0" uspid="659" ordinal="22" offset="398" sl="407" path="0" offsetend="400" fileid="22" />
                <BranchPoint vc="0" uspid="660" ordinal="23" offset="398" sl="407" path="1" offsetend="423" fileid="22" />
                <BranchPoint vc="0" uspid="661" ordinal="24" offset="442" sl="412" path="0" offsetend="444" fileid="22" />
                <BranchPoint vc="0" uspid="662" ordinal="25" offset="442" sl="412" path="1" offsetend="501" fileid="22" />
                <BranchPoint vc="0" uspid="663" ordinal="26" offset="461" sl="414" path="0" offsetend="463" fileid="22" />
                <BranchPoint vc="0" uspid="664" ordinal="27" offset="461" sl="414" path="1" offsetend="486" fileid="22" />
                <BranchPoint vc="0" uspid="667" ordinal="30" offset="533" sl="421" path="0" offsetend="535" fileid="22" />
                <BranchPoint vc="0" uspid="668" ordinal="31" offset="533" sl="421" path="1" offsetend="572" fileid="22" />
                <BranchPoint vc="0" uspid="669" ordinal="32" offset="547" sl="421" path="0" offsetend="549" fileid="22" />
                <BranchPoint vc="0" uspid="670" ordinal="33" offset="547" sl="421" path="1" offsetend="572" fileid="22" />
                <BranchPoint vc="0" uspid="671" ordinal="34" offset="578" sl="426" path="0" offsetend="580" fileid="22" />
                <BranchPoint vc="0" uspid="672" ordinal="35" offset="578" sl="426" path="1" offsetend="617" fileid="22" />
                <BranchPoint vc="0" uspid="673" ordinal="36" offset="592" sl="426" path="0" offsetend="594" fileid="22" />
                <BranchPoint vc="0" uspid="674" ordinal="37" offset="592" sl="426" path="1" offsetend="617" fileid="22" />
                <BranchPoint vc="0" uspid="675" ordinal="38" offset="647" sl="431" path="0" offsetend="649" fileid="22" />
                <BranchPoint vc="0" uspid="676" ordinal="39" offset="647" sl="431" path="1" offsetend="655" fileid="22" />
                <BranchPoint vc="0" uspid="677" ordinal="40" offset="697" sl="447" path="0" offsetend="699" fileid="22" />
                <BranchPoint vc="0" uspid="678" ordinal="41" offset="697" sl="447" path="1" offsetend="706" fileid="22" />
              </BranchPoints>
              <MethodPoint xsi:type="SequencePoint" vc="0" uspid="608" ordinal="0" offset="0" sl="367" sc="13" el="367" ec="54" bec="0" bev="0" fileid="22" />
            </Method>
            <Method visited="false" cyclomaticComplexity="3" nPathComplexity="4" sequenceCoverage="0" branchCoverage="0" crapScore="12" isConstructor="false" isStatic="false" isGetter="false" isSetter="false">
              <Summary numSequencePoints="6" visitedSequencePoints="0" numBranchPoints="5" visitedBranchPoints="0" sequenceCoverage="0" branchCoverage="0" maxCyclomaticComplexity="3" minCyclomaticComplexity="3" maxCrapScore="12" minCrapScore="12" visitedClasses="0" numClasses="0" visitedMethods="0" numMethods="1" />
              <MetadataToken>100663385</MetadataToken>
              <Name>System.String Internal.Microsoft.Extensions.DependencyModel.DependencyContextJsonReader::Pool(System.String)</Name>
              <FileRef uid="22" />
              <SequencePoints>
                <SequencePoint vc="0" uspid="679" ordinal="0" offset="0" sl="463" sc="13" el="463" ec="27" bec="2" bev="0" fileid="22" />
                <SequencePoint vc="0" uspid="680" ordinal="1" offset="3" sl="465" sc="17" el="465" ec="29" bec="0" bev="0" fileid="22" />
                <SequencePoint vc="0" uspid="681" ordinal="2" offset="5" sl="469" sc="13" el="469" ec="57" bec="2" bev="0" fileid="22" />
                <SequencePoint vc="0" uspid="682" ordinal="3" offset="21" sl="471" sc="17" el="471" ec="36" bec="0" bev="0" fileid="22" />
                <SequencePoint vc="0" uspid="683" ordinal="4" offset="34" sl="472" sc="17" el="472" ec="28" bec="0" bev="0" fileid="22" />
                <SequencePoint vc="0" uspid="684" ordinal="5" offset="36" sl="474" sc="13" el="474" ec="27" bec="0" bev="0" fileid="22" />
              </SequencePoints>
              <BranchPoints>
                <BranchPoint vc="0" uspid="685" ordinal="0" offset="1" sl="463" path="0" offsetend="3" fileid="22" />
                <BranchPoint vc="0" uspid="686" ordinal="1" offset="1" sl="463" path="1" offsetend="5" fileid="22" />
                <BranchPoint vc="0" uspid="687" ordinal="2" offset="19" sl="469" path="0" offsetend="21" fileid="22" />
                <BranchPoint vc="0" uspid="688" ordinal="3" offset="19" sl="469" path="1" offsetend="36" fileid="22" />
              </BranchPoints>
              <MethodPoint xsi:type="SequencePoint" vc="0" uspid="679" ordinal="0" offset="0" sl="463" sc="13" el="463" ec="27" bec="2" bev="0" fileid="22" />
            </Method>
            <Method visited="false" cyclomaticComplexity="1" nPathComplexity="0" sequenceCoverage="0" branchCoverage="0" crapScore="2" isConstructor="true" isStatic="false" isGetter="false" isSetter="false">
              <Summary numSequencePoints="1" visitedSequencePoints="0" numBranchPoints="1" visitedBranchPoints="0" sequenceCoverage="0" branchCoverage="0" maxCyclomaticComplexity="1" minCyclomaticComplexity="1" maxCrapScore="2" minCrapScore="2" visitedClasses="0" numClasses="0" visitedMethods="0" numMethods="1" />
              <MetadataToken>100663386</MetadataToken>
              <Name>System.Void Internal.Microsoft.Extensions.DependencyModel.DependencyContextJsonReader::.ctor()</Name>
              <FileRef uid="22" />
              <SequencePoints>
                <SequencePoint vc="0" uspid="689" ordinal="0" offset="0" sl="18" sc="9" el="18" ec="101" bec="0" bev="0" fileid="22" />
              </SequencePoints>
              <BranchPoints />
              <MethodPoint xsi:type="SequencePoint" vc="0" uspid="689" ordinal="0" offset="0" sl="18" sc="9" el="18" ec="101" bec="0" bev="0" fileid="22" />
            </Method>
            <Method visited="false" cyclomaticComplexity="1" nPathComplexity="0" sequenceCoverage="0" branchCoverage="0" crapScore="2" isConstructor="true" isStatic="true" isGetter="false" isSetter="false">
              <Summary numSequencePoints="1" visitedSequencePoints="0" numBranchPoints="1" visitedBranchPoints="0" sequenceCoverage="0" branchCoverage="0" maxCyclomaticComplexity="1" minCyclomaticComplexity="1" maxCrapScore="2" minCrapScore="2" visitedClasses="0" numClasses="0" visitedMethods="0" numMethods="1" />
              <MetadataToken>100663387</MetadataToken>
              <Name>System.Void Internal.Microsoft.Extensions.DependencyModel.DependencyContextJsonReader::.cctor()</Name>
              <FileRef uid="22" />
              <SequencePoints>
                <SequencePoint vc="0" uspid="690" ordinal="0" offset="0" sl="16" sc="9" el="16" ec="67" bec="0" bev="0" fileid="22" />
              </SequencePoints>
              <BranchPoints />
              <MethodPoint xsi:type="SequencePoint" vc="0" uspid="690" ordinal="0" offset="0" sl="16" sc="9" el="16" ec="67" bec="0" bev="0" fileid="22" />
            </Method>
            <Method visited="false" cyclomaticComplexity="1" nPathComplexity="0" sequenceCoverage="0" branchCoverage="0" crapScore="2" isConstructor="false" isStatic="false" isGetter="false" isSetter="false">
              <Summary numSequencePoints="1" visitedSequencePoints="0" numBranchPoints="1" visitedBranchPoints="0" sequenceCoverage="0" branchCoverage="0" maxCyclomaticComplexity="1" minCyclomaticComplexity="1" maxCrapScore="2" minCrapScore="2" visitedClasses="0" numClasses="0" visitedMethods="0" numMethods="1" />
              <MetadataToken>100663388</MetadataToken>
              <Name>System.Boolean Internal.Microsoft.Extensions.DependencyModel.DependencyContextJsonReader::&lt;Read&gt;b__5_0(Internal.Microsoft.Extensions.DependencyModel.DependencyContextJsonReader/Target)</Name>
              <FileRef uid="22" />
              <SequencePoints>
                <SequencePoint vc="0" uspid="691" ordinal="0" offset="0" sl="93" sc="61" el="93" ec="85" bec="0" bev="0" fileid="22" />
              </SequencePoints>
              <BranchPoints />
              <MethodPoint xsi:type="SequencePoint" vc="0" uspid="691" ordinal="0" offset="0" sl="93" sc="61" el="93" ec="85" bec="0" bev="0" fileid="22" />
            </Method>
          </Methods>
        </Class>
        <Class>
          <Summary numSequencePoints="0" visitedSequencePoints="0" numBranchPoints="0" visitedBranchPoints="0" sequenceCoverage="0" branchCoverage="0" maxCyclomaticComplexity="1" minCyclomaticComplexity="1" maxCrapScore="2" minCrapScore="2" visitedClasses="0" numClasses="0" visitedMethods="0" numMethods="0" />
          <FullName>Internal.Microsoft.Extensions.DependencyModel.DependencyContextJsonReader/Target</FullName>
          <Methods>
            <Method visited="false" cyclomaticComplexity="1" nPathComplexity="0" sequenceCoverage="0" branchCoverage="0" crapScore="2" isConstructor="true" isStatic="false" isGetter="false" isSetter="false">
              <Summary numSequencePoints="0" visitedSequencePoints="0" numBranchPoints="0" visitedBranchPoints="0" sequenceCoverage="0" branchCoverage="0" maxCyclomaticComplexity="1" minCyclomaticComplexity="1" maxCrapScore="2" minCrapScore="2" visitedClasses="0" numClasses="0" visitedMethods="0" numMethods="0" />
              <MetadataToken>100663732</MetadataToken>
              <Name>System.Void Internal.Microsoft.Extensions.DependencyModel.DependencyContextJsonReader/Target::.ctor()</Name>
              <SequencePoints />
              <BranchPoints />
              <MethodPoint vc="0" uspid="692" ordinal="0" offset="0" />
            </Method>
          </Methods>
        </Class>
        <Class>
          <Summary numSequencePoints="2" visitedSequencePoints="0" numBranchPoints="2" visitedBranchPoints="0" sequenceCoverage="0" branchCoverage="0" maxCyclomaticComplexity="1" minCyclomaticComplexity="1" maxCrapScore="2" minCrapScore="2" visitedClasses="0" numClasses="1" visitedMethods="0" numMethods="2" />
          <FullName>Internal.Microsoft.Extensions.DependencyModel.DependencyContextJsonReader/&lt;&gt;c__DisplayClass6_0</FullName>
          <Methods>
            <Method visited="false" cyclomaticComplexity="1" nPathComplexity="0" sequenceCoverage="0" branchCoverage="0" crapScore="2" isConstructor="true" isStatic="false" isGetter="false" isSetter="false">
              <Summary numSequencePoints="0" visitedSequencePoints="0" numBranchPoints="0" visitedBranchPoints="0" sequenceCoverage="0" branchCoverage="0" maxCyclomaticComplexity="1" minCyclomaticComplexity="1" maxCrapScore="2" minCrapScore="2" visitedClasses="0" numClasses="0" visitedMethods="0" numMethods="0" />
              <MetadataToken>100663733</MetadataToken>
              <Name>System.Void Internal.Microsoft.Extensions.DependencyModel.DependencyContextJsonReader/&lt;&gt;c__DisplayClass6_0::.ctor()</Name>
              <SequencePoints />
              <BranchPoints />
              <MethodPoint vc="0" uspid="693" ordinal="0" offset="0" />
            </Method>
            <Method visited="false" cyclomaticComplexity="1" nPathComplexity="0" sequenceCoverage="0" branchCoverage="0" crapScore="2" isConstructor="false" isStatic="false" isGetter="false" isSetter="false">
              <Summary numSequencePoints="1" visitedSequencePoints="0" numBranchPoints="1" visitedBranchPoints="0" sequenceCoverage="0" branchCoverage="0" maxCyclomaticComplexity="1" minCyclomaticComplexity="1" maxCrapScore="2" minCrapScore="2" visitedClasses="0" numClasses="0" visitedMethods="0" numMethods="1" />
              <MetadataToken>100663734</MetadataToken>
              <Name>System.Boolean Internal.Microsoft.Extensions.DependencyModel.DependencyContextJsonReader/&lt;&gt;c__DisplayClass6_0::&lt;SelectRuntimeTarget&gt;b__0(Internal.Microsoft.Extensions.DependencyModel.DependencyContextJsonReader/Target)</Name>
              <FileRef uid="22" />
              <SequencePoints>
                <SequencePoint vc="0" uspid="694" ordinal="0" offset="0" sl="124" sc="54" el="124" ec="81" bec="0" bev="0" fileid="22" />
              </SequencePoints>
              <BranchPoints />
              <MethodPoint xsi:type="SequencePoint" vc="0" uspid="694" ordinal="0" offset="0" sl="124" sc="54" el="124" ec="81" bec="0" bev="0" fileid="22" />
            </Method>
            <Method visited="false" cyclomaticComplexity="1" nPathComplexity="0" sequenceCoverage="0" branchCoverage="0" crapScore="2" isConstructor="false" isStatic="false" isGetter="false" isSetter="false">
              <Summary numSequencePoints="1" visitedSequencePoints="0" numBranchPoints="1" visitedBranchPoints="0" sequenceCoverage="0" branchCoverage="0" maxCyclomaticComplexity="1" minCyclomaticComplexity="1" maxCrapScore="2" minCrapScore="2" visitedClasses="0" numClasses="0" visitedMethods="0" numMethods="1" />
              <MetadataToken>100663735</MetadataToken>
              <Name>System.Boolean Internal.Microsoft.Extensions.DependencyModel.DependencyContextJsonReader/&lt;&gt;c__DisplayClass6_0::&lt;SelectRuntimeTarget&gt;b__1(Internal.Microsoft.Extensions.DependencyModel.DependencyContextJsonReader/Target)</Name>
              <FileRef uid="22" />
              <SequencePoints>
                <SequencePoint vc="0" uspid="695" ordinal="0" offset="0" sl="130" sc="54" el="130" ec="77" bec="0" bev="0" fileid="22" />
              </SequencePoints>
              <BranchPoints />
              <MethodPoint xsi:type="SequencePoint" vc="0" uspid="695" ordinal="0" offset="0" sl="130" sc="54" el="130" ec="77" bec="0" bev="0" fileid="22" />
            </Method>
          </Methods>
        </Class>
        <Class>
          <Summary numSequencePoints="1" visitedSequencePoints="0" numBranchPoints="1" visitedBranchPoints="0" sequenceCoverage="0" branchCoverage="0" maxCyclomaticComplexity="1" minCyclomaticComplexity="1" maxCrapScore="2" minCrapScore="2" visitedClasses="0" numClasses="1" visitedMethods="0" numMethods="1" />
          <FullName>Internal.Microsoft.Extensions.DependencyModel.DependencyContextJsonReader/&lt;&gt;c__DisplayClass19_0</FullName>
          <Methods>
            <Method visited="false" cyclomaticComplexity="1" nPathComplexity="0" sequenceCoverage="0" branchCoverage="0" crapScore="2" isConstructor="true" isStatic="false" isGetter="false" isSetter="false">
              <Summary numSequencePoints="0" visitedSequencePoints="0" numBranchPoints="0" visitedBranchPoints="0" sequenceCoverage="0" branchCoverage="0" maxCyclomaticComplexity="1" minCyclomaticComplexity="1" maxCrapScore="2" minCrapScore="2" visitedClasses="0" numClasses="0" visitedMethods="0" numMethods="0" />
              <MetadataToken>100663736</MetadataToken>
              <Name>System.Void Internal.Microsoft.Extensions.DependencyModel.DependencyContextJsonReader/&lt;&gt;c__DisplayClass19_0::.ctor()</Name>
              <SequencePoints />
              <BranchPoints />
              <MethodPoint vc="0" uspid="696" ordinal="0" offset="0" />
            </Method>
            <Method visited="false" cyclomaticComplexity="1" nPathComplexity="0" sequenceCoverage="0" branchCoverage="0" crapScore="2" isConstructor="false" isStatic="false" isGetter="false" isSetter="false">
              <Summary numSequencePoints="1" visitedSequencePoints="0" numBranchPoints="1" visitedBranchPoints="0" sequenceCoverage="0" branchCoverage="0" maxCyclomaticComplexity="1" minCyclomaticComplexity="1" maxCrapScore="2" minCrapScore="2" visitedClasses="0" numClasses="0" visitedMethods="0" numMethods="1" />
              <MetadataToken>100663737</MetadataToken>
              <Name>Internal.Microsoft.Extensions.DependencyModel.Library Internal.Microsoft.Extensions.DependencyModel.DependencyContextJsonReader/&lt;&gt;c__DisplayClass19_0::&lt;CreateLibraries&gt;b__0(Internal.Microsoft.Extensions.DependencyModel.DependencyContextJsonReader/TargetLibrary)</Name>
              <FileRef uid="22" />
              <SequencePoints>
                <SequencePoint vc="0" uspid="697" ordinal="0" offset="0" sl="361" sc="49" el="361" ec="95" bec="0" bev="0" fileid="22" />
              </SequencePoints>
              <BranchPoints />
              <MethodPoint xsi:type="SequencePoint" vc="0" uspid="697" ordinal="0" offset="0" sl="361" sc="49" el="361" ec="95" bec="0" bev="0" fileid="22" />
            </Method>
          </Methods>
        </Class>
        <Class>
          <Summary numSequencePoints="8" visitedSequencePoints="0" numBranchPoints="8" visitedBranchPoints="0" sequenceCoverage="0" branchCoverage="0" maxCyclomaticComplexity="1" minCyclomaticComplexity="1" maxCrapScore="2" minCrapScore="2" visitedClasses="0" numClasses="1" visitedMethods="0" numMethods="8" />
          <FullName>Internal.Microsoft.Extensions.DependencyModel.DependencyContextJsonReader/&lt;&gt;c</FullName>
          <Methods>
            <Method visited="false" cyclomaticComplexity="1" nPathComplexity="0" sequenceCoverage="0" branchCoverage="0" crapScore="2" isConstructor="true" isStatic="true" isGetter="false" isSetter="false">
              <Summary numSequencePoints="0" visitedSequencePoints="0" numBranchPoints="0" visitedBranchPoints="0" sequenceCoverage="0" branchCoverage="0" maxCyclomaticComplexity="1" minCyclomaticComplexity="1" maxCrapScore="2" minCrapScore="2" visitedClasses="0" numClasses="0" visitedMethods="0" numMethods="0" />
              <MetadataToken>100663738</MetadataToken>
              <Name>System.Void Internal.Microsoft.Extensions.DependencyModel.DependencyContextJsonReader/&lt;&gt;c::.cctor()</Name>
              <SequencePoints />
              <BranchPoints />
              <MethodPoint vc="0" uspid="698" ordinal="0" offset="0" />
            </Method>
            <Method visited="false" cyclomaticComplexity="1" nPathComplexity="0" sequenceCoverage="0" branchCoverage="0" crapScore="2" isConstructor="true" isStatic="false" isGetter="false" isSetter="false">
              <Summary numSequencePoints="0" visitedSequencePoints="0" numBranchPoints="0" visitedBranchPoints="0" sequenceCoverage="0" branchCoverage="0" maxCyclomaticComplexity="1" minCyclomaticComplexity="1" maxCrapScore="2" minCrapScore="2" visitedClasses="0" numClasses="0" visitedMethods="0" numMethods="0" />
              <MetadataToken>100663739</MetadataToken>
              <Name>System.Void Internal.Microsoft.Extensions.DependencyModel.DependencyContextJsonReader/&lt;&gt;c::.ctor()</Name>
              <SequencePoints />
              <BranchPoints />
              <MethodPoint vc="0" uspid="699" ordinal="0" offset="0" />
            </Method>
            <Method visited="false" cyclomaticComplexity="1" nPathComplexity="0" sequenceCoverage="0" branchCoverage="0" crapScore="2" isConstructor="false" isStatic="false" isGetter="false" isSetter="false">
              <Summary numSequencePoints="1" visitedSequencePoints="0" numBranchPoints="1" visitedBranchPoints="0" sequenceCoverage="0" branchCoverage="0" maxCyclomaticComplexity="1" minCyclomaticComplexity="1" maxCrapScore="2" minCrapScore="2" visitedClasses="0" numClasses="0" visitedMethods="0" numMethods="1" />
              <MetadataToken>100663740</MetadataToken>
              <Name>System.Boolean Internal.Microsoft.Extensions.DependencyModel.DependencyContextJsonReader/&lt;&gt;c::&lt;CreateLibraries&gt;b__19_1(Internal.Microsoft.Extensions.DependencyModel.Library)</Name>
              <FileRef uid="22" />
              <SequencePoints>
                <SequencePoint vc="0" uspid="700" ordinal="0" offset="0" sl="362" sc="47" el="362" ec="62" bec="0" bev="0" fileid="22" />
              </SequencePoints>
              <BranchPoints />
              <MethodPoint xsi:type="SequencePoint" vc="0" uspid="700" ordinal="0" offset="0" sl="362" sc="47" el="362" ec="62" bec="0" bev="0" fileid="22" />
            </Method>
            <Method visited="false" cyclomaticComplexity="1" nPathComplexity="0" sequenceCoverage="0" branchCoverage="0" crapScore="2" isConstructor="false" isStatic="false" isGetter="false" isSetter="false">
              <Summary numSequencePoints="1" visitedSequencePoints="0" numBranchPoints="1" visitedBranchPoints="0" sequenceCoverage="0" branchCoverage="0" maxCyclomaticComplexity="1" minCyclomaticComplexity="1" maxCrapScore="2" minCrapScore="2" visitedClasses="0" numClasses="0" visitedMethods="0" numMethods="1" />
              <MetadataToken>100663741</MetadataToken>
              <Name>System.String Internal.Microsoft.Extensions.DependencyModel.DependencyContextJsonReader/&lt;&gt;c::&lt;CreateLibrary&gt;b__20_0(Internal.Microsoft.Extensions.DependencyModel.DependencyContextJsonReader/RuntimeTargetEntryStub)</Name>
              <FileRef uid="22" />
              <SequencePoints>
                <SequencePoint vc="0" uspid="701" ordinal="0" offset="0" sl="393" sc="88" el="393" ec="93" bec="0" bev="0" fileid="22" />
              </SequencePoints>
              <BranchPoints />
              <MethodPoint xsi:type="SequencePoint" vc="0" uspid="701" ordinal="0" offset="0" sl="393" sc="88" el="393" ec="93" bec="0" bev="0" fileid="22" />
            </Method>
            <Method visited="false" cyclomaticComplexity="1" nPathComplexity="0" sequenceCoverage="0" branchCoverage="0" crapScore="2" isConstructor="false" isStatic="false" isGetter="false" isSetter="false">
              <Summary numSequencePoints="1" visitedSequencePoints="0" numBranchPoints="1" visitedBranchPoints="0" sequenceCoverage="0" branchCoverage="0" maxCyclomaticComplexity="1" minCyclomaticComplexity="1" maxCrapScore="2" minCrapScore="2" visitedClasses="0" numClasses="0" visitedMethods="0" numMethods="1" />
              <MetadataToken>100663742</MetadataToken>
              <Name>System.Boolean Internal.Microsoft.Extensions.DependencyModel.DependencyContextJsonReader/&lt;&gt;c::&lt;CreateLibrary&gt;b__20_1(Internal.Microsoft.Extensions.DependencyModel.DependencyContextJsonReader/RuntimeTargetEntryStub)</Name>
              <FileRef uid="22" />
              <SequencePoints>
                <SequencePoint vc="0" uspid="702" ordinal="0" offset="0" sl="396" sc="41" el="396" ec="92" bec="0" bev="0" fileid="22" />
              </SequencePoints>
              <BranchPoints />
              <MethodPoint xsi:type="SequencePoint" vc="0" uspid="702" ordinal="0" offset="0" sl="396" sc="41" el="396" ec="92" bec="0" bev="0" fileid="22" />
            </Method>
            <Method visited="false" cyclomaticComplexity="1" nPathComplexity="0" sequenceCoverage="0" branchCoverage="0" crapScore="2" isConstructor="false" isStatic="false" isGetter="false" isSetter="false">
              <Summary numSequencePoints="1" visitedSequencePoints="0" numBranchPoints="1" visitedBranchPoints="0" sequenceCoverage="0" branchCoverage="0" maxCyclomaticComplexity="1" minCyclomaticComplexity="1" maxCrapScore="2" minCrapScore="2" visitedClasses="0" numClasses="0" visitedMethods="0" numMethods="1" />
              <MetadataToken>100663743</MetadataToken>
              <Name>System.String Internal.Microsoft.Extensions.DependencyModel.DependencyContextJsonReader/&lt;&gt;c::&lt;CreateLibrary&gt;b__20_2(Internal.Microsoft.Extensions.DependencyModel.DependencyContextJsonReader/RuntimeTargetEntryStub)</Name>
              <FileRef uid="22" />
              <SequencePoints>
                <SequencePoint vc="0" uspid="703" ordinal="0" offset="0" sl="397" sc="42" el="397" ec="48" bec="0" bev="0" fileid="22" />
              </SequencePoints>
              <BranchPoints />
              <MethodPoint xsi:type="SequencePoint" vc="0" uspid="703" ordinal="0" offset="0" sl="397" sc="42" el="397" ec="48" bec="0" bev="0" fileid="22" />
            </Method>
            <Method visited="false" cyclomaticComplexity="1" nPathComplexity="0" sequenceCoverage="0" branchCoverage="0" crapScore="2" isConstructor="false" isStatic="false" isGetter="false" isSetter="false">
              <Summary numSequencePoints="1" visitedSequencePoints="0" numBranchPoints="1" visitedBranchPoints="0" sequenceCoverage="0" branchCoverage="0" maxCyclomaticComplexity="1" minCyclomaticComplexity="1" maxCrapScore="2" minCrapScore="2" visitedClasses="0" numClasses="0" visitedMethods="0" numMethods="1" />
              <MetadataToken>100663744</MetadataToken>
              <Name>System.Boolean Internal.Microsoft.Extensions.DependencyModel.DependencyContextJsonReader/&lt;&gt;c::&lt;CreateLibrary&gt;b__20_3(System.String)</Name>
              <FileRef uid="22" />
              <SequencePoints>
                <SequencePoint vc="0" uspid="704" ordinal="0" offset="0" sl="404" sc="67" el="404" ec="95" bec="0" bev="0" fileid="22" />
              </SequencePoints>
              <BranchPoints />
              <MethodPoint xsi:type="SequencePoint" vc="0" uspid="704" ordinal="0" offset="0" sl="404" sc="67" el="404" ec="95" bec="0" bev="0" fileid="22" />
            </Method>
            <Method visited="false" cyclomaticComplexity="1" nPathComplexity="0" sequenceCoverage="0" branchCoverage="0" crapScore="2" isConstructor="false" isStatic="false" isGetter="false" isSetter="false">
              <Summary numSequencePoints="1" visitedSequencePoints="0" numBranchPoints="1" visitedBranchPoints="0" sequenceCoverage="0" branchCoverage="0" maxCyclomaticComplexity="1" minCyclomaticComplexity="1" maxCrapScore="2" minCrapScore="2" visitedClasses="0" numClasses="0" visitedMethods="0" numMethods="1" />
              <MetadataToken>100663745</MetadataToken>
              <Name>System.Boolean Internal.Microsoft.Extensions.DependencyModel.DependencyContextJsonReader/&lt;&gt;c::&lt;CreateLibrary&gt;b__20_4(Internal.Microsoft.Extensions.DependencyModel.DependencyContextJsonReader/RuntimeTargetEntryStub)</Name>
              <FileRef uid="22" />
              <SequencePoints>
                <SequencePoint vc="0" uspid="705" ordinal="0" offset="0" sl="408" sc="41" el="408" ec="91" bec="0" bev="0" fileid="22" />
              </SequencePoints>
              <BranchPoints />
              <MethodPoint xsi:type="SequencePoint" vc="0" uspid="705" ordinal="0" offset="0" sl="408" sc="41" el="408" ec="91" bec="0" bev="0" fileid="22" />
            </Method>
            <Method visited="false" cyclomaticComplexity="1" nPathComplexity="0" sequenceCoverage="0" branchCoverage="0" crapScore="2" isConstructor="false" isStatic="false" isGetter="false" isSetter="false">
              <Summary numSequencePoints="1" visitedSequencePoints="0" numBranchPoints="1" visitedBranchPoints="0" sequenceCoverage="0" branchCoverage="0" maxCyclomaticComplexity="1" minCyclomaticComplexity="1" maxCrapScore="2" minCrapScore="2" visitedClasses="0" numClasses="0" visitedMethods="0" numMethods="1" />
              <MetadataToken>100663746</MetadataToken>
              <Name>System.String Internal.Microsoft.Extensions.DependencyModel.DependencyContextJsonReader/&lt;&gt;c::&lt;CreateLibrary&gt;b__20_5(Internal.Microsoft.Extensions.DependencyModel.DependencyContextJsonReader/RuntimeTargetEntryStub)</Name>
              <FileRef uid="22" />
              <SequencePoints>
                <SequencePoint vc="0" uspid="706" ordinal="0" offset="0" sl="409" sc="42" el="409" ec="48" bec="0" bev="0" fileid="22" />
              </SequencePoints>
              <BranchPoints />
              <MethodPoint xsi:type="SequencePoint" vc="0" uspid="706" ordinal="0" offset="0" sl="409" sc="42" el="409" ec="48" bec="0" bev="0" fileid="22" />
            </Method>
            <Method visited="false" cyclomaticComplexity="1" nPathComplexity="0" sequenceCoverage="0" branchCoverage="0" crapScore="2" isConstructor="false" isStatic="false" isGetter="false" isSetter="false">
              <Summary numSequencePoints="1" visitedSequencePoints="0" numBranchPoints="1" visitedBranchPoints="0" sequenceCoverage="0" branchCoverage="0" maxCyclomaticComplexity="1" minCyclomaticComplexity="1" maxCrapScore="2" minCrapScore="2" visitedClasses="0" numClasses="0" visitedMethods="0" numMethods="1" />
              <MetadataToken>100663747</MetadataToken>
              <Name>System.Boolean Internal.Microsoft.Extensions.DependencyModel.DependencyContextJsonReader/&lt;&gt;c::&lt;CreateLibrary&gt;b__20_6(System.String)</Name>
              <FileRef uid="22" />
              <SequencePoints>
                <SequencePoint vc="0" uspid="707" ordinal="0" offset="0" sl="416" sc="65" el="416" ec="93" bec="0" bev="0" fileid="22" />
              </SequencePoints>
              <BranchPoints />
              <MethodPoint xsi:type="SequencePoint" vc="0" uspid="707" ordinal="0" offset="0" sl="416" sc="65" el="416" ec="93" bec="0" bev="0" fileid="22" />
            </Method>
          </Methods>
        </Class>
        <Class>
          <Summary numSequencePoints="45" visitedSequencePoints="0" numBranchPoints="28" visitedBranchPoints="0" sequenceCoverage="0" branchCoverage="0" maxCyclomaticComplexity="9" minCyclomaticComplexity="1" maxCrapScore="90" minCrapScore="2" visitedClasses="0" numClasses="1" visitedMethods="0" numMethods="10" />
          <FullName>Internal.Microsoft.Extensions.DependencyModel.DependencyContextLoader</FullName>
          <Methods>
            <Method visited="false" cyclomaticComplexity="1" nPathComplexity="0" sequenceCoverage="0" branchCoverage="0" crapScore="2" isConstructor="false" isStatic="true" isGetter="true" isSetter="false">
              <Summary numSequencePoints="1" visitedSequencePoints="0" numBranchPoints="1" visitedBranchPoints="0" sequenceCoverage="0" branchCoverage="0" maxCyclomaticComplexity="1" minCyclomaticComplexity="1" maxCrapScore="2" minCrapScore="2" visitedClasses="0" numClasses="0" visitedMethods="0" numMethods="1" />
              <MetadataToken>100663391</MetadataToken>
              <Name>Internal.Microsoft.Extensions.DependencyModel.DependencyContextLoader Internal.Microsoft.Extensions.DependencyModel.DependencyContextLoader::get_Default()</Name>
              <FileRef uid="26" />
              <SequencePoints>
                <SequencePoint vc="0" uspid="708" ordinal="0" offset="0" sl="43" sc="57" el="43" ec="61" bec="0" bev="0" fileid="26" />
              </SequencePoints>
              <BranchPoints />
              <MethodPoint xsi:type="SequencePoint" vc="0" uspid="708" ordinal="0" offset="0" sl="43" sc="57" el="43" ec="61" bec="0" bev="0" fileid="26" />
            </Method>
            <Method visited="false" cyclomaticComplexity="2" nPathComplexity="2" sequenceCoverage="0" branchCoverage="0" crapScore="6" isConstructor="true" isStatic="false" isGetter="false" isSetter="false">
              <Summary numSequencePoints="2" visitedSequencePoints="0" numBranchPoints="3" visitedBranchPoints="0" sequenceCoverage="0" branchCoverage="0" maxCyclomaticComplexity="2" minCyclomaticComplexity="2" maxCrapScore="6" minCrapScore="6" visitedClasses="0" numClasses="0" visitedMethods="0" numMethods="1" />
              <MetadataToken>100663389</MetadataToken>
              <Name>System.Void Internal.Microsoft.Extensions.DependencyModel.DependencyContextLoader::.ctor()</Name>
              <FileRef uid="26" />
              <SequencePoints>
                <SequencePoint vc="0" uspid="709" ordinal="0" offset="0" sl="23" sc="44" el="27" ec="53" bec="2" bev="0" fileid="26" />
                <SequencePoint vc="0" uspid="710" ordinal="1" offset="62" sl="29" sc="9" el="29" ec="10" bec="0" bev="0" fileid="26" />
              </SequencePoints>
              <BranchPoints>
                <BranchPoint vc="0" uspid="711" ordinal="0" offset="32" sl="23" path="0" offsetend="34" fileid="26" />
                <BranchPoint vc="0" uspid="712" ordinal="1" offset="32" sl="23" path="1" offsetend="57" fileid="26" />
              </BranchPoints>
              <MethodPoint xsi:type="SequencePoint" vc="0" uspid="709" ordinal="0" offset="0" sl="23" sc="44" el="27" ec="53" bec="2" bev="0" fileid="26" />
            </Method>
            <Method visited="false" cyclomaticComplexity="1" nPathComplexity="0" sequenceCoverage="0" branchCoverage="0" crapScore="2" isConstructor="true" isStatic="false" isGetter="false" isSetter="false">
              <Summary numSequencePoints="6" visitedSequencePoints="0" numBranchPoints="1" visitedBranchPoints="0" sequenceCoverage="0" branchCoverage="0" maxCyclomaticComplexity="1" minCyclomaticComplexity="1" maxCrapScore="2" minCrapScore="2" visitedClasses="0" numClasses="0" visitedMethods="0" numMethods="1" />
              <MetadataToken>100663390</MetadataToken>
              <Name>System.Void Internal.Microsoft.Extensions.DependencyModel.DependencyContextLoader::.ctor(System.String,System.Collections.Generic.IEnumerable`1&lt;System.String&gt;,Internal.Microsoft.Extensions.DependencyModel.IFileSystem,System.Func`1&lt;Internal.Microsoft.Extensions.DependencyModel.IDependencyContextReader&gt;)</Name>
              <FileRef uid="26" />
              <SequencePoints>
                <SequencePoint vc="0" uspid="713" ordinal="0" offset="0" sl="31" sc="9" el="35" ec="62" bec="0" bev="0" fileid="26" />
                <SequencePoint vc="0" uspid="714" ordinal="1" offset="6" sl="37" sc="13" el="37" ec="62" bec="0" bev="0" fileid="26" />
                <SequencePoint vc="0" uspid="715" ordinal="2" offset="13" sl="38" sc="13" el="38" ec="62" bec="0" bev="0" fileid="26" />
                <SequencePoint vc="0" uspid="716" ordinal="3" offset="20" sl="39" sc="13" el="39" ec="38" bec="0" bev="0" fileid="26" />
                <SequencePoint vc="0" uspid="717" ordinal="4" offset="27" sl="40" sc="13" el="40" ec="52" bec="0" bev="0" fileid="26" />
                <SequencePoint vc="0" uspid="718" ordinal="5" offset="35" sl="41" sc="9" el="41" ec="10" bec="0" bev="0" fileid="26" />
              </SequencePoints>
              <BranchPoints />
              <MethodPoint xsi:type="SequencePoint" vc="0" uspid="713" ordinal="0" offset="0" sl="31" sc="9" el="35" ec="62" bec="0" bev="0" fileid="26" />
            </Method>
            <Method visited="false" cyclomaticComplexity="1" nPathComplexity="0" sequenceCoverage="0" branchCoverage="0" crapScore="2" isConstructor="false" isStatic="true" isGetter="false" isSetter="false">
              <Summary numSequencePoints="1" visitedSequencePoints="0" numBranchPoints="1" visitedBranchPoints="0" sequenceCoverage="0" branchCoverage="0" maxCyclomaticComplexity="1" minCyclomaticComplexity="1" maxCrapScore="2" minCrapScore="2" visitedClasses="0" numClasses="0" visitedMethods="0" numMethods="1" />
              <MetadataToken>100663392</MetadataToken>
              <Name>System.Boolean Internal.Microsoft.Extensions.DependencyModel.DependencyContextLoader::IsEntryAssembly(System.Reflection.Assembly)</Name>
              <FileRef uid="26" />
              <SequencePoints>
                <SequencePoint vc="0" uspid="719" ordinal="0" offset="0" sl="47" sc="13" el="47" ec="65" bec="0" bev="0" fileid="26" />
              </SequencePoints>
              <BranchPoints />
              <MethodPoint xsi:type="SequencePoint" vc="0" uspid="719" ordinal="0" offset="0" sl="47" sc="13" el="47" ec="65" bec="0" bev="0" fileid="26" />
            </Method>
            <Method visited="false" cyclomaticComplexity="1" nPathComplexity="0" sequenceCoverage="0" branchCoverage="0" crapScore="2" isConstructor="false" isStatic="true" isGetter="false" isSetter="false">
              <Summary numSequencePoints="1" visitedSequencePoints="0" numBranchPoints="1" visitedBranchPoints="0" sequenceCoverage="0" branchCoverage="0" maxCyclomaticComplexity="1" minCyclomaticComplexity="1" maxCrapScore="2" minCrapScore="2" visitedClasses="0" numClasses="0" visitedMethods="0" numMethods="1" />
              <MetadataToken>100663393</MetadataToken>
              <Name>System.IO.Stream Internal.Microsoft.Extensions.DependencyModel.DependencyContextLoader::GetResourceStream(System.Reflection.Assembly,System.String)</Name>
              <FileRef uid="26" />
              <SequencePoints>
                <SequencePoint vc="0" uspid="720" ordinal="0" offset="0" sl="52" sc="13" el="52" ec="61" bec="0" bev="0" fileid="26" />
              </SequencePoints>
              <BranchPoints />
              <MethodPoint xsi:type="SequencePoint" vc="0" uspid="720" ordinal="0" offset="0" sl="52" sc="13" el="52" ec="61" bec="0" bev="0" fileid="26" />
            </Method>
            <Method visited="false" cyclomaticComplexity="9" nPathComplexity="32" sequenceCoverage="0" branchCoverage="0" crapScore="90" isConstructor="false" isStatic="false" isGetter="false" isSetter="false">
              <Summary numSequencePoints="17" visitedSequencePoints="0" numBranchPoints="11" visitedBranchPoints="0" sequenceCoverage="0" branchCoverage="0" maxCyclomaticComplexity="9" minCyclomaticComplexity="9" maxCrapScore="90" minCrapScore="90" visitedClasses="0" numClasses="0" visitedMethods="0" numMethods="1" />
              <MetadataToken>100663394</MetadataToken>
              <Name>Internal.Microsoft.Extensions.DependencyModel.DependencyContext Internal.Microsoft.Extensions.DependencyModel.DependencyContextLoader::Load(System.Reflection.Assembly)</Name>
              <FileRef uid="26" />
              <SequencePoints>
                <SequencePoint vc="0" uspid="721" ordinal="0" offset="0" sl="57" sc="13" el="57" ec="34" bec="2" bev="0" fileid="26" />
                <SequencePoint vc="0" uspid="722" ordinal="1" offset="9" sl="59" sc="17" el="59" ec="67" bec="0" bev="0" fileid="26" />
                <SequencePoint vc="0" uspid="723" ordinal="2" offset="20" sl="62" sc="13" el="62" ec="46" bec="0" bev="0" fileid="26" />
                <SequencePoint vc="0" uspid="724" ordinal="3" offset="22" sl="63" sc="20" el="63" ec="53" bec="0" bev="0" fileid="26" />
                <SequencePoint vc="0" uspid="725" ordinal="4" offset="34" sl="65" sc="17" el="65" ec="47" bec="2" bev="0" fileid="26" />
                <SequencePoint vc="0" uspid="726" ordinal="5" offset="42" sl="67" sc="21" el="67" ec="64" bec="0" bev="0" fileid="26" />
                <SequencePoint vc="0" uspid="727" ordinal="6" offset="50" sl="70" sc="17" el="70" ec="37" bec="2" bev="0" fileid="26" />
                <SequencePoint vc="0" uspid="728" ordinal="7" offset="53" sl="72" sc="21" el="72" ec="69" bec="0" bev="0" fileid="26" />
                <SequencePoint vc="0" uspid="729" ordinal="8" offset="62" sl="75" sc="17" el="75" ec="37" bec="2" bev="0" fileid="26" />
                <SequencePoint vc="0" uspid="730" ordinal="9" offset="65" sl="77" sc="47" el="77" ec="70" bec="0" bev="0" fileid="26" />
                <SequencePoint vc="0" uspid="731" ordinal="10" offset="79" sl="77" sc="30" el="77" ec="43" bec="0" bev="0" fileid="26" />
                <SequencePoint vc="0" uspid="732" ordinal="11" offset="86" sl="79" sc="25" el="79" ec="75" bec="0" bev="0" fileid="26" />
                <SequencePoint vc="0" uspid="733" ordinal="12" offset="96" sl="80" sc="25" el="80" ec="50" bec="2" bev="0" fileid="26" />
                <SequencePoint vc="0" uspid="734" ordinal="13" offset="100" sl="82" sc="29" el="82" ec="67" bec="0" bev="0" fileid="26" />
                <SequencePoint vc="0" uspid="735" ordinal="14" offset="109" sl="77" sc="44" el="77" ec="46" bec="0" bev="0" fileid="26" />
                <SequencePoint vc="0" uspid="736" ordinal="15" offset="129" sl="86" sc="13" el="86" ec="14" bec="0" bev="0" fileid="26" />
                <SequencePoint vc="0" uspid="737" ordinal="16" offset="141" sl="87" sc="13" el="87" ec="28" bec="0" bev="0" fileid="26" />
              </SequencePoints>
              <BranchPoints>
                <BranchPoint vc="0" uspid="738" ordinal="0" offset="7" sl="57" path="0" offsetend="9" fileid="26" />
                <BranchPoint vc="0" uspid="739" ordinal="1" offset="7" sl="57" path="1" offsetend="20" fileid="26" />
                <BranchPoint vc="0" uspid="740" ordinal="2" offset="40" sl="65" path="0" offsetend="42" fileid="26" />
                <BranchPoint vc="0" uspid="741" ordinal="3" offset="40" sl="65" path="1" offsetend="50" fileid="26" />
                <BranchPoint vc="0" uspid="742" ordinal="4" offset="51" sl="70" path="0" offsetend="53" fileid="26" />
                <BranchPoint vc="0" uspid="743" ordinal="5" offset="51" sl="70" path="1" offsetend="62" fileid="26" />
                <BranchPoint vc="0" uspid="744" ordinal="6" offset="63" sl="75" path="0" offsetend="65" fileid="26" />
                <BranchPoint vc="0" uspid="745" ordinal="7" offset="63" sl="75" path="1" offsetend="129" fileid="26" />
                <BranchPoint vc="0" uspid="746" ordinal="8" offset="98" sl="80" path="0" offsetend="100" fileid="26" />
                <BranchPoint vc="0" uspid="747" ordinal="9" offset="98" sl="80" path="1" offsetend="109" fileid="26" />
              </BranchPoints>
              <MethodPoint xsi:type="SequencePoint" vc="0" uspid="721" ordinal="0" offset="0" sl="57" sc="13" el="57" ec="34" bec="2" bev="0" fileid="26" />
            </Method>
            <Method visited="false" cyclomaticComplexity="1" nPathComplexity="0" sequenceCoverage="0" branchCoverage="0" crapScore="2" isConstructor="false" isStatic="false" isGetter="false" isSetter="false">
              <Summary numSequencePoints="1" visitedSequencePoints="0" numBranchPoints="1" visitedBranchPoints="0" sequenceCoverage="0" branchCoverage="0" maxCyclomaticComplexity="1" minCyclomaticComplexity="1" maxCrapScore="2" minCrapScore="2" visitedClasses="0" numClasses="0" visitedMethods="0" numMethods="1" />
              <MetadataToken>100663395</MetadataToken>
              <Name>Internal.Microsoft.Extensions.DependencyModel.DependencyContext Internal.Microsoft.Extensions.DependencyModel.DependencyContextLoader::LoadEntryAssemblyContext(Internal.Microsoft.Extensions.DependencyModel.IDependencyContextReader)</Name>
              <FileRef uid="26" />
              <SequencePoints>
                <SequencePoint vc="0" uspid="750" ordinal="0" offset="0" sl="92" sc="13" el="92" ec="65" bec="0" bev="0" fileid="26" />
              </SequencePoints>
              <BranchPoints />
              <MethodPoint xsi:type="SequencePoint" vc="0" uspid="750" ordinal="0" offset="0" sl="92" sc="13" el="92" ec="65" bec="0" bev="0" fileid="26" />
            </Method>
            <Method visited="false" cyclomaticComplexity="3" nPathComplexity="2" sequenceCoverage="0" branchCoverage="0" crapScore="12" isConstructor="false" isStatic="false" isGetter="false" isSetter="false">
              <Summary numSequencePoints="5" visitedSequencePoints="0" numBranchPoints="3" visitedBranchPoints="0" sequenceCoverage="0" branchCoverage="0" maxCyclomaticComplexity="3" minCyclomaticComplexity="3" maxCrapScore="12" minCrapScore="12" visitedClasses="0" numClasses="0" visitedMethods="0" numMethods="1" />
              <MetadataToken>100663396</MetadataToken>
              <Name>Internal.Microsoft.Extensions.DependencyModel.DependencyContext Internal.Microsoft.Extensions.DependencyModel.DependencyContextLoader::LoadContext(Internal.Microsoft.Extensions.DependencyModel.IDependencyContextReader,System.String)</Name>
              <FileRef uid="26" />
              <SequencePoints>
                <SequencePoint vc="0" uspid="751" ordinal="0" offset="0" sl="97" sc="13" el="97" ec="49" bec="2" bev="0" fileid="26" />
                <SequencePoint vc="0" uspid="752" ordinal="1" offset="8" sl="100" sc="24" el="100" ec="72" bec="0" bev="0" fileid="26" />
                <SequencePoint vc="0" uspid="753" ordinal="2" offset="26" sl="102" sc="21" el="102" ec="48" bec="0" bev="0" fileid="26" />
                <SequencePoint vc="0" uspid="754" ordinal="3" offset="46" sl="105" sc="13" el="105" ec="25" bec="0" bev="0" fileid="26" />
                <SequencePoint vc="0" uspid="755" ordinal="4" offset="48" sl="106" sc="9" el="106" ec="10" bec="0" bev="0" fileid="26" />
              </SequencePoints>
              <BranchPoints>
                <BranchPoint vc="0" uspid="756" ordinal="0" offset="6" sl="97" path="0" offsetend="8" fileid="26" />
                <BranchPoint vc="0" uspid="757" ordinal="1" offset="6" sl="97" path="1" offsetend="46" fileid="26" />
              </BranchPoints>
              <MethodPoint xsi:type="SequencePoint" vc="0" uspid="751" ordinal="0" offset="0" sl="97" sc="13" el="97" ec="49" bec="2" bev="0" fileid="26" />
            </Method>
            <Method visited="false" cyclomaticComplexity="5" nPathComplexity="4" sequenceCoverage="0" branchCoverage="0" crapScore="30" isConstructor="false" isStatic="false" isGetter="false" isSetter="false">
              <Summary numSequencePoints="10" visitedSequencePoints="0" numBranchPoints="5" visitedBranchPoints="0" sequenceCoverage="0" branchCoverage="0" maxCyclomaticComplexity="5" minCyclomaticComplexity="5" maxCrapScore="30" minCrapScore="30" visitedClasses="0" numClasses="0" visitedMethods="0" numMethods="1" />
              <MetadataToken>100663397</MetadataToken>
              <Name>Internal.Microsoft.Extensions.DependencyModel.DependencyContext Internal.Microsoft.Extensions.DependencyModel.DependencyContextLoader::LoadAssemblyContext(System.Reflection.Assembly,Internal.Microsoft.Extensions.DependencyModel.IDependencyContextReader)</Name>
              <FileRef uid="26" />
              <SequencePoints>
                <SequencePoint vc="0" uspid="758" ordinal="0" offset="0" sl="110" sc="20" el="110" ec="105" bec="0" bev="0" fileid="26" />
                <SequencePoint vc="0" uspid="759" ordinal="1" offset="28" sl="112" sc="17" el="112" ec="36" bec="2" bev="0" fileid="26" />
                <SequencePoint vc="0" uspid="760" ordinal="2" offset="31" sl="114" sc="21" el="114" ec="48" bec="0" bev="0" fileid="26" />
                <SequencePoint vc="0" uspid="761" ordinal="3" offset="41" sl="116" sc="13" el="116" ec="14" bec="0" bev="0" fileid="26" />
                <SequencePoint vc="0" uspid="762" ordinal="4" offset="53" sl="118" sc="13" el="118" ec="91" bec="0" bev="0" fileid="26" />
                <SequencePoint vc="0" uspid="763" ordinal="5" offset="70" sl="119" sc="13" el="119" ec="55" bec="2" bev="0" fileid="26" />
                <SequencePoint vc="0" uspid="764" ordinal="6" offset="89" sl="121" sc="24" el="121" ec="76" bec="0" bev="0" fileid="26" />
                <SequencePoint vc="0" uspid="765" ordinal="7" offset="107" sl="123" sc="21" el="123" ec="48" bec="0" bev="0" fileid="26" />
                <SequencePoint vc="0" uspid="766" ordinal="8" offset="127" sl="127" sc="13" el="127" ec="25" bec="0" bev="0" fileid="26" />
                <SequencePoint vc="0" uspid="767" ordinal="9" offset="129" sl="128" sc="9" el="128" ec="10" bec="0" bev="0" fileid="26" />
              </SequencePoints>
              <BranchPoints>
                <BranchPoint vc="0" uspid="768" ordinal="0" offset="29" sl="112" path="0" offsetend="31" fileid="26" />
                <BranchPoint vc="0" uspid="769" ordinal="1" offset="29" sl="112" path="1" offsetend="41" fileid="26" />
                <BranchPoint vc="0" uspid="770" ordinal="2" offset="87" sl="119" path="0" offsetend="89" fileid="26" />
                <BranchPoint vc="0" uspid="771" ordinal="3" offset="87" sl="119" path="1" offsetend="127" fileid="26" />
              </BranchPoints>
              <MethodPoint xsi:type="SequencePoint" vc="0" uspid="758" ordinal="0" offset="0" sl="110" sc="20" el="110" ec="105" bec="0" bev="0" fileid="26" />
            </Method>
            <Method visited="false" cyclomaticComplexity="1" nPathComplexity="0" sequenceCoverage="0" branchCoverage="0" crapScore="2" isConstructor="true" isStatic="true" isGetter="false" isSetter="false">
              <Summary numSequencePoints="1" visitedSequencePoints="0" numBranchPoints="1" visitedBranchPoints="0" sequenceCoverage="0" branchCoverage="0" maxCyclomaticComplexity="1" minCyclomaticComplexity="1" maxCrapScore="2" minCrapScore="2" visitedClasses="0" numClasses="0" visitedMethods="0" numMethods="1" />
              <MetadataToken>100663398</MetadataToken>
              <Name>System.Void Internal.Microsoft.Extensions.DependencyModel.DependencyContextLoader::.cctor()</Name>
              <FileRef uid="26" />
              <SequencePoints>
                <SequencePoint vc="0" uspid="772" ordinal="0" offset="0" sl="43" sc="66" el="43" ec="95" bec="0" bev="0" fileid="26" />
              </SequencePoints>
              <BranchPoints />
              <MethodPoint xsi:type="SequencePoint" vc="0" uspid="772" ordinal="0" offset="0" sl="43" sc="66" el="43" ec="95" bec="0" bev="0" fileid="26" />
            </Method>
          </Methods>
        </Class>
        <Class>
          <Summary numSequencePoints="1" visitedSequencePoints="0" numBranchPoints="1" visitedBranchPoints="0" sequenceCoverage="0" branchCoverage="0" maxCyclomaticComplexity="1" minCyclomaticComplexity="1" maxCrapScore="2" minCrapScore="2" visitedClasses="0" numClasses="1" visitedMethods="0" numMethods="1" />
          <FullName>Internal.Microsoft.Extensions.DependencyModel.DependencyContextLoader/&lt;&gt;c</FullName>
          <Methods>
            <Method visited="false" cyclomaticComplexity="1" nPathComplexity="0" sequenceCoverage="0" branchCoverage="0" crapScore="2" isConstructor="true" isStatic="true" isGetter="false" isSetter="false">
              <Summary numSequencePoints="0" visitedSequencePoints="0" numBranchPoints="0" visitedBranchPoints="0" sequenceCoverage="0" branchCoverage="0" maxCyclomaticComplexity="1" minCyclomaticComplexity="1" maxCrapScore="2" minCrapScore="2" visitedClasses="0" numClasses="0" visitedMethods="0" numMethods="0" />
              <MetadataToken>100663748</MetadataToken>
              <Name>System.Void Internal.Microsoft.Extensions.DependencyModel.DependencyContextLoader/&lt;&gt;c::.cctor()</Name>
              <SequencePoints />
              <BranchPoints />
              <MethodPoint vc="0" uspid="773" ordinal="0" offset="0" />
            </Method>
            <Method visited="false" cyclomaticComplexity="1" nPathComplexity="0" sequenceCoverage="0" branchCoverage="0" crapScore="2" isConstructor="true" isStatic="false" isGetter="false" isSetter="false">
              <Summary numSequencePoints="0" visitedSequencePoints="0" numBranchPoints="0" visitedBranchPoints="0" sequenceCoverage="0" branchCoverage="0" maxCyclomaticComplexity="1" minCyclomaticComplexity="1" maxCrapScore="2" minCrapScore="2" visitedClasses="0" numClasses="0" visitedMethods="0" numMethods="0" />
              <MetadataToken>100663749</MetadataToken>
              <Name>System.Void Internal.Microsoft.Extensions.DependencyModel.DependencyContextLoader/&lt;&gt;c::.ctor()</Name>
              <SequencePoints />
              <BranchPoints />
              <MethodPoint vc="0" uspid="774" ordinal="0" offset="0" />
            </Method>
            <Method visited="false" cyclomaticComplexity="1" nPathComplexity="0" sequenceCoverage="0" branchCoverage="0" crapScore="2" isConstructor="false" isStatic="false" isGetter="false" isSetter="false">
              <Summary numSequencePoints="1" visitedSequencePoints="0" numBranchPoints="1" visitedBranchPoints="0" sequenceCoverage="0" branchCoverage="0" maxCyclomaticComplexity="1" minCyclomaticComplexity="1" maxCrapScore="2" minCrapScore="2" visitedClasses="0" numClasses="0" visitedMethods="0" numMethods="1" />
              <MetadataToken>100663750</MetadataToken>
              <Name>Internal.Microsoft.Extensions.DependencyModel.IDependencyContextReader Internal.Microsoft.Extensions.DependencyModel.DependencyContextLoader/&lt;&gt;c::&lt;.ctor&gt;b__5_0()</Name>
              <FileRef uid="26" />
              <SequencePoints>
                <SequencePoint vc="0" uspid="775" ordinal="0" offset="0" sl="27" sc="19" el="27" ec="52" bec="0" bev="0" fileid="26" />
              </SequencePoints>
              <BranchPoints />
              <MethodPoint xsi:type="SequencePoint" vc="0" uspid="775" ordinal="0" offset="0" sl="27" sc="19" el="27" ec="52" bec="0" bev="0" fileid="26" />
            </Method>
          </Methods>
        </Class>
        <Class>
          <Summary numSequencePoints="19" visitedSequencePoints="0" numBranchPoints="18" visitedBranchPoints="0" sequenceCoverage="0" branchCoverage="0" maxCyclomaticComplexity="8" minCyclomaticComplexity="1" maxCrapScore="72" minCrapScore="2" visitedClasses="0" numClasses="1" visitedMethods="0" numMethods="8" />
          <FullName>Internal.Microsoft.Extensions.DependencyModel.DependencyContextPaths</FullName>
          <Methods>
            <Method visited="false" cyclomaticComplexity="1" nPathComplexity="0" sequenceCoverage="0" branchCoverage="0" crapScore="2" isConstructor="false" isStatic="true" isGetter="true" isSetter="false">
              <Summary numSequencePoints="1" visitedSequencePoints="0" numBranchPoints="1" visitedBranchPoints="0" sequenceCoverage="0" branchCoverage="0" maxCyclomaticComplexity="1" minCyclomaticComplexity="1" maxCrapScore="2" minCrapScore="2" visitedClasses="0" numClasses="0" visitedMethods="0" numMethods="1" />
              <MetadataToken>100663399</MetadataToken>
              <Name>Internal.Microsoft.Extensions.DependencyModel.DependencyContextPaths Internal.Microsoft.Extensions.DependencyModel.DependencyContextPaths::get_Current()</Name>
              <FileRef uid="28" />
              <SequencePoints>
                <SequencePoint vc="0" uspid="776" ordinal="0" offset="0" sl="17" sc="56" el="17" ec="60" bec="0" bev="0" fileid="28" />
              </SequencePoints>
              <BranchPoints />
              <MethodPoint xsi:type="SequencePoint" vc="0" uspid="776" ordinal="0" offset="0" sl="17" sc="56" el="17" ec="60" bec="0" bev="0" fileid="28" />
            </Method>
            <Method visited="false" cyclomaticComplexity="1" nPathComplexity="0" sequenceCoverage="0" branchCoverage="0" crapScore="2" isConstructor="false" isStatic="false" isGetter="true" isSetter="false">
              <Summary numSequencePoints="1" visitedSequencePoints="0" numBranchPoints="1" visitedBranchPoints="0" sequenceCoverage="0" branchCoverage="0" maxCyclomaticComplexity="1" minCyclomaticComplexity="1" maxCrapScore="2" minCrapScore="2" visitedClasses="0" numClasses="0" visitedMethods="0" numMethods="1" />
              <MetadataToken>100663400</MetadataToken>
              <Name>System.String Internal.Microsoft.Extensions.DependencyModel.DependencyContextPaths::get_Application()</Name>
              <FileRef uid="28" />
              <SequencePoints>
                <SequencePoint vc="0" uspid="777" ordinal="0" offset="0" sl="19" sc="37" el="19" ec="41" bec="0" bev="0" fileid="28" />
              </SequencePoints>
              <BranchPoints />
              <MethodPoint xsi:type="SequencePoint" vc="0" uspid="777" ordinal="0" offset="0" sl="19" sc="37" el="19" ec="41" bec="0" bev="0" fileid="28" />
            </Method>
            <Method visited="false" cyclomaticComplexity="1" nPathComplexity="0" sequenceCoverage="0" branchCoverage="0" crapScore="2" isConstructor="false" isStatic="false" isGetter="true" isSetter="false">
              <Summary numSequencePoints="1" visitedSequencePoints="0" numBranchPoints="1" visitedBranchPoints="0" sequenceCoverage="0" branchCoverage="0" maxCyclomaticComplexity="1" minCyclomaticComplexity="1" maxCrapScore="2" minCrapScore="2" visitedClasses="0" numClasses="0" visitedMethods="0" numMethods="1" />
              <MetadataToken>100663401</MetadataToken>
              <Name>System.String Internal.Microsoft.Extensions.DependencyModel.DependencyContextPaths::get_SharedRuntime()</Name>
              <FileRef uid="28" />
              <SequencePoints>
                <SequencePoint vc="0" uspid="778" ordinal="0" offset="0" sl="21" sc="39" el="21" ec="43" bec="0" bev="0" fileid="28" />
              </SequencePoints>
              <BranchPoints />
              <MethodPoint xsi:type="SequencePoint" vc="0" uspid="778" ordinal="0" offset="0" sl="21" sc="39" el="21" ec="43" bec="0" bev="0" fileid="28" />
            </Method>
            <Method visited="false" cyclomaticComplexity="1" nPathComplexity="0" sequenceCoverage="0" branchCoverage="0" crapScore="2" isConstructor="false" isStatic="false" isGetter="true" isSetter="false">
              <Summary numSequencePoints="1" visitedSequencePoints="0" numBranchPoints="1" visitedBranchPoints="0" sequenceCoverage="0" branchCoverage="0" maxCyclomaticComplexity="1" minCyclomaticComplexity="1" maxCrapScore="2" minCrapScore="2" visitedClasses="0" numClasses="0" visitedMethods="0" numMethods="1" />
              <MetadataToken>100663402</MetadataToken>
              <Name>System.Collections.Generic.IEnumerable`1&lt;System.String&gt; Internal.Microsoft.Extensions.DependencyModel.DependencyContextPaths::get_NonApplicationPaths()</Name>
              <FileRef uid="28" />
              <SequencePoints>
                <SequencePoint vc="0" uspid="779" ordinal="0" offset="0" sl="23" sc="58" el="23" ec="62" bec="0" bev="0" fileid="28" />
              </SequencePoints>
              <BranchPoints />
              <MethodPoint xsi:type="SequencePoint" vc="0" uspid="779" ordinal="0" offset="0" sl="23" sc="58" el="23" ec="62" bec="0" bev="0" fileid="28" />
            </Method>
            <Method visited="false" cyclomaticComplexity="2" nPathComplexity="2" sequenceCoverage="0" branchCoverage="0" crapScore="6" isConstructor="true" isStatic="false" isGetter="false" isSetter="false">
              <Summary numSequencePoints="5" visitedSequencePoints="0" numBranchPoints="3" visitedBranchPoints="0" sequenceCoverage="0" branchCoverage="0" maxCyclomaticComplexity="2" minCyclomaticComplexity="2" maxCrapScore="6" minCrapScore="6" visitedClasses="0" numClasses="0" visitedMethods="0" numMethods="1" />
              <MetadataToken>100663403</MetadataToken>
              <Name>System.Void Internal.Microsoft.Extensions.DependencyModel.DependencyContextPaths::.ctor(System.String,System.String,System.Collections.Generic.IEnumerable`1&lt;System.String&gt;)</Name>
              <FileRef uid="28" />
              <SequencePoints>
                <SequencePoint vc="0" uspid="780" ordinal="0" offset="0" sl="25" sc="9" el="28" ec="53" bec="0" bev="0" fileid="28" />
                <SequencePoint vc="0" uspid="781" ordinal="1" offset="6" sl="30" sc="13" el="30" ec="39" bec="0" bev="0" fileid="28" />
                <SequencePoint vc="0" uspid="782" ordinal="2" offset="13" sl="31" sc="13" el="31" ec="43" bec="0" bev="0" fileid="28" />
                <SequencePoint vc="0" uspid="783" ordinal="3" offset="20" sl="32" sc="13" el="32" ec="85" bec="2" bev="0" fileid="28" />
                <SequencePoint vc="0" uspid="784" ordinal="4" offset="36" sl="33" sc="9" el="33" ec="10" bec="0" bev="0" fileid="28" />
              </SequencePoints>
              <BranchPoints>
                <BranchPoint vc="0" uspid="785" ordinal="0" offset="23" sl="32" path="0" offsetend="25" fileid="28" />
                <BranchPoint vc="0" uspid="786" ordinal="1" offset="23" sl="32" path="1" offsetend="31" fileid="28" />
              </BranchPoints>
              <MethodPoint xsi:type="SequencePoint" vc="0" uspid="780" ordinal="0" offset="0" sl="25" sc="9" el="28" ec="53" bec="0" bev="0" fileid="28" />
            </Method>
            <Method visited="false" cyclomaticComplexity="1" nPathComplexity="0" sequenceCoverage="0" branchCoverage="0" crapScore="2" isConstructor="false" isStatic="true" isGetter="false" isSetter="false">
              <Summary numSequencePoints="3" visitedSequencePoints="0" numBranchPoints="1" visitedBranchPoints="0" sequenceCoverage="0" branchCoverage="0" maxCyclomaticComplexity="1" minCyclomaticComplexity="1" maxCrapScore="2" minCrapScore="2" visitedClasses="0" numClasses="0" visitedMethods="0" numMethods="1" />
              <MetadataToken>100663404</MetadataToken>
              <Name>Internal.Microsoft.Extensions.DependencyModel.DependencyContextPaths Internal.Microsoft.Extensions.DependencyModel.DependencyContextPaths::GetCurrent()</Name>
              <FileRef uid="28" />
              <SequencePoints>
                <SequencePoint vc="0" uspid="787" ordinal="0" offset="0" sl="38" sc="13" el="38" ec="62" bec="0" bev="0" fileid="28" />
                <SequencePoint vc="0" uspid="788" ordinal="1" offset="10" sl="39" sc="13" el="39" ec="65" bec="0" bev="0" fileid="28" />
                <SequencePoint vc="0" uspid="789" ordinal="2" offset="21" sl="44" sc="13" el="44" ec="61" bec="0" bev="0" fileid="28" />
              </SequencePoints>
              <BranchPoints />
              <MethodPoint xsi:type="SequencePoint" vc="0" uspid="787" ordinal="0" offset="0" sl="38" sc="13" el="38" ec="62" bec="0" bev="0" fileid="28" />
            </Method>
            <Method visited="false" cyclomaticComplexity="8" nPathComplexity="16" sequenceCoverage="0" branchCoverage="0" crapScore="72" isConstructor="false" isStatic="true" isGetter="false" isSetter="false">
              <Summary numSequencePoints="4" visitedSequencePoints="0" numBranchPoints="9" visitedBranchPoints="0" sequenceCoverage="0" branchCoverage="0" maxCyclomaticComplexity="8" minCyclomaticComplexity="8" maxCrapScore="72" minCrapScore="72" visitedClasses="0" numClasses="0" visitedMethods="0" numMethods="1" />
              <MetadataToken>100663405</MetadataToken>
              <Name>Internal.Microsoft.Extensions.DependencyModel.DependencyContextPaths Internal.Microsoft.Extensions.DependencyModel.DependencyContextPaths::Create(System.String,System.String)</Name>
              <FileRef uid="28" />
              <SequencePoints>
                <SequencePoint vc="0" uspid="790" ordinal="0" offset="0" sl="49" sc="13" el="49" ec="96" bec="2" bev="0" fileid="28" />
                <SequencePoint vc="0" uspid="791" ordinal="1" offset="25" sl="50" sc="13" el="50" ec="83" bec="3" bev="0" fileid="28" />
                <SequencePoint vc="0" uspid="792" ordinal="2" offset="38" sl="52" sc="13" el="54" ec="28" bec="2" bev="0" fileid="28" />
                <SequencePoint vc="0" uspid="793" ordinal="3" offset="57" sl="56" sc="13" el="59" ec="38" bec="0" bev="0" fileid="28" />
              </SequencePoints>
              <BranchPoints>
                <BranchPoint vc="0" uspid="794" ordinal="0" offset="1" sl="49" path="0" offsetend="3" fileid="28" />
                <BranchPoint vc="0" uspid="795" ordinal="1" offset="1" sl="49" path="1" offsetend="6" fileid="28" />
                <BranchPoint vc="0" uspid="796" ordinal="2" offset="26" sl="50" path="0" offsetend="28" fileid="28" />
                <BranchPoint vc="0" uspid="797" ordinal="3" offset="26" sl="50" path="1" offsetend="32" fileid="28" />
                <BranchPoint vc="0" uspid="798" ordinal="4" offset="30" sl="50" path="0" offsetend="32" fileid="28" />
                <BranchPoint vc="0" uspid="799" ordinal="5" offset="30" sl="50" path="1" offsetend="35" fileid="28" />
                <BranchPoint vc="0" uspid="800" ordinal="6" offset="39" sl="52" path="0" offsetend="41" fileid="28" />
                <BranchPoint vc="0" uspid="801" ordinal="7" offset="39" sl="52" path="1" offsetend="44" fileid="28" />
              </BranchPoints>
              <MethodPoint xsi:type="SequencePoint" vc="0" uspid="790" ordinal="0" offset="0" sl="49" sc="13" el="49" ec="96" bec="2" bev="0" fileid="28" />
            </Method>
            <Method visited="false" cyclomaticComplexity="1" nPathComplexity="0" sequenceCoverage="0" branchCoverage="0" crapScore="2" isConstructor="true" isStatic="true" isGetter="false" isSetter="false">
              <Summary numSequencePoints="3" visitedSequencePoints="0" numBranchPoints="1" visitedBranchPoints="0" sequenceCoverage="0" branchCoverage="0" maxCyclomaticComplexity="1" minCyclomaticComplexity="1" maxCrapScore="2" minCrapScore="2" visitedClasses="0" numClasses="0" visitedMethods="0" numMethods="1" />
              <MetadataToken>100663406</MetadataToken>
              <Name>System.Void Internal.Microsoft.Extensions.DependencyModel.DependencyContextPaths::.cctor()</Name>
              <FileRef uid="28" />
              <SequencePoints>
                <SequencePoint vc="0" uspid="802" ordinal="0" offset="0" sl="14" sc="9" el="14" ec="85" bec="0" bev="0" fileid="28" />
                <SequencePoint vc="0" uspid="803" ordinal="1" offset="10" sl="15" sc="9" el="15" ec="76" bec="0" bev="0" fileid="28" />
                <SequencePoint vc="0" uspid="804" ordinal="2" offset="20" sl="17" sc="65" el="17" ec="77" bec="0" bev="0" fileid="28" />
              </SequencePoints>
              <BranchPoints />
              <MethodPoint xsi:type="SequencePoint" vc="0" uspid="802" ordinal="0" offset="0" sl="14" sc="9" el="14" ec="85" bec="0" bev="0" fileid="28" />
            </Method>
          </Methods>
        </Class>
        <Class>
          <Summary numSequencePoints="0" visitedSequencePoints="0" numBranchPoints="0" visitedBranchPoints="0" sequenceCoverage="0" branchCoverage="0" maxCyclomaticComplexity="1" minCyclomaticComplexity="1" maxCrapScore="2" minCrapScore="2" visitedClasses="0" numClasses="0" visitedMethods="0" numMethods="0" />
          <FullName>Internal.Microsoft.Extensions.DependencyModel.DependencyContextStrings</FullName>
          <Methods>
            <Method visited="false" cyclomaticComplexity="1" nPathComplexity="0" sequenceCoverage="0" branchCoverage="0" crapScore="2" isConstructor="true" isStatic="false" isGetter="false" isSetter="false">
              <Summary numSequencePoints="0" visitedSequencePoints="0" numBranchPoints="0" visitedBranchPoints="0" sequenceCoverage="0" branchCoverage="0" maxCyclomaticComplexity="1" minCyclomaticComplexity="1" maxCrapScore="2" minCrapScore="2" visitedClasses="0" numClasses="0" visitedMethods="0" numMethods="0" />
              <MetadataToken>100663407</MetadataToken>
              <Name>System.Void Internal.Microsoft.Extensions.DependencyModel.DependencyContextStrings::.ctor()</Name>
              <SequencePoints />
              <BranchPoints />
              <MethodPoint vc="0" uspid="805" ordinal="0" offset="0" />
            </Method>
          </Methods>
        </Class>
        <Class>
          <Summary numSequencePoints="1" visitedSequencePoints="0" numBranchPoints="1" visitedBranchPoints="0" sequenceCoverage="0" branchCoverage="0" maxCyclomaticComplexity="1" minCyclomaticComplexity="1" maxCrapScore="2" minCrapScore="2" visitedClasses="0" numClasses="1" visitedMethods="0" numMethods="1" />
          <FullName>Internal.Microsoft.Extensions.DependencyModel.DirectoryWrapper</FullName>
          <Methods>
            <Method visited="false" cyclomaticComplexity="1" nPathComplexity="0" sequenceCoverage="0" branchCoverage="0" crapScore="2" isConstructor="false" isStatic="false" isGetter="false" isSetter="false">
              <Summary numSequencePoints="1" visitedSequencePoints="0" numBranchPoints="1" visitedBranchPoints="0" sequenceCoverage="0" branchCoverage="0" maxCyclomaticComplexity="1" minCyclomaticComplexity="1" maxCrapScore="2" minCrapScore="2" visitedClasses="0" numClasses="0" visitedMethods="0" numMethods="1" />
              <MetadataToken>100663408</MetadataToken>
              <Name>System.Boolean Internal.Microsoft.Extensions.DependencyModel.DirectoryWrapper::Exists(System.String)</Name>
              <FileRef uid="29" />
              <SequencePoints>
                <SequencePoint vc="0" uspid="806" ordinal="0" offset="0" sl="14" sc="13" el="14" ec="43" bec="0" bev="0" fileid="29" />
              </SequencePoints>
              <BranchPoints />
              <MethodPoint xsi:type="SequencePoint" vc="0" uspid="806" ordinal="0" offset="0" sl="14" sc="13" el="14" ec="43" bec="0" bev="0" fileid="29" />
            </Method>
            <Method visited="false" cyclomaticComplexity="1" nPathComplexity="0" sequenceCoverage="0" branchCoverage="0" crapScore="2" isConstructor="true" isStatic="false" isGetter="false" isSetter="false">
              <Summary numSequencePoints="0" visitedSequencePoints="0" numBranchPoints="0" visitedBranchPoints="0" sequenceCoverage="0" branchCoverage="0" maxCyclomaticComplexity="1" minCyclomaticComplexity="1" maxCrapScore="2" minCrapScore="2" visitedClasses="0" numClasses="0" visitedMethods="0" numMethods="0" />
              <MetadataToken>100663409</MetadataToken>
              <Name>System.Void Internal.Microsoft.Extensions.DependencyModel.DirectoryWrapper::.ctor()</Name>
              <SequencePoints />
              <BranchPoints />
              <MethodPoint vc="0" uspid="807" ordinal="0" offset="0" />
            </Method>
          </Methods>
        </Class>
        <Class>
          <Summary numSequencePoints="2" visitedSequencePoints="0" numBranchPoints="2" visitedBranchPoints="0" sequenceCoverage="0" branchCoverage="0" maxCyclomaticComplexity="1" minCyclomaticComplexity="1" maxCrapScore="2" minCrapScore="2" visitedClasses="0" numClasses="1" visitedMethods="0" numMethods="2" />
          <FullName>Internal.Microsoft.Extensions.DependencyModel.EnvironmentWrapper</FullName>
          <Methods>
            <Method visited="false" cyclomaticComplexity="1" nPathComplexity="0" sequenceCoverage="0" branchCoverage="0" crapScore="2" isConstructor="false" isStatic="false" isGetter="false" isSetter="false">
              <Summary numSequencePoints="1" visitedSequencePoints="0" numBranchPoints="1" visitedBranchPoints="0" sequenceCoverage="0" branchCoverage="0" maxCyclomaticComplexity="1" minCyclomaticComplexity="1" maxCrapScore="2" minCrapScore="2" visitedClasses="0" numClasses="0" visitedMethods="0" numMethods="1" />
              <MetadataToken>100663410</MetadataToken>
              <Name>System.String Internal.Microsoft.Extensions.DependencyModel.EnvironmentWrapper::GetEnvironmentVariable(System.String)</Name>
              <FileRef uid="30" />
              <SequencePoints>
                <SequencePoint vc="0" uspid="808" ordinal="0" offset="0" sl="16" sc="13" el="16" ec="61" bec="0" bev="0" fileid="30" />
              </SequencePoints>
              <BranchPoints />
              <MethodPoint xsi:type="SequencePoint" vc="0" uspid="808" ordinal="0" offset="0" sl="16" sc="13" el="16" ec="61" bec="0" bev="0" fileid="30" />
            </Method>
            <Method visited="false" cyclomaticComplexity="1" nPathComplexity="0" sequenceCoverage="0" branchCoverage="0" crapScore="2" isConstructor="true" isStatic="false" isGetter="false" isSetter="false">
              <Summary numSequencePoints="0" visitedSequencePoints="0" numBranchPoints="0" visitedBranchPoints="0" sequenceCoverage="0" branchCoverage="0" maxCyclomaticComplexity="1" minCyclomaticComplexity="1" maxCrapScore="2" minCrapScore="2" visitedClasses="0" numClasses="0" visitedMethods="0" numMethods="0" />
              <MetadataToken>100663411</MetadataToken>
              <Name>System.Void Internal.Microsoft.Extensions.DependencyModel.EnvironmentWrapper::.ctor()</Name>
              <SequencePoints />
              <BranchPoints />
              <MethodPoint vc="0" uspid="809" ordinal="0" offset="0" />
            </Method>
            <Method visited="false" cyclomaticComplexity="1" nPathComplexity="0" sequenceCoverage="0" branchCoverage="0" crapScore="2" isConstructor="true" isStatic="true" isGetter="false" isSetter="false">
              <Summary numSequencePoints="1" visitedSequencePoints="0" numBranchPoints="1" visitedBranchPoints="0" sequenceCoverage="0" branchCoverage="0" maxCyclomaticComplexity="1" minCyclomaticComplexity="1" maxCrapScore="2" minCrapScore="2" visitedClasses="0" numClasses="0" visitedMethods="0" numMethods="1" />
              <MetadataToken>100663412</MetadataToken>
              <Name>System.Void Internal.Microsoft.Extensions.DependencyModel.EnvironmentWrapper::.cctor()</Name>
              <FileRef uid="30" />
              <SequencePoints>
                <SequencePoint vc="0" uspid="810" ordinal="0" offset="0" sl="12" sc="9" el="12" ec="71" bec="0" bev="0" fileid="30" />
              </SequencePoints>
              <BranchPoints />
              <MethodPoint xsi:type="SequencePoint" vc="0" uspid="810" ordinal="0" offset="0" sl="12" sc="9" el="12" ec="71" bec="0" bev="0" fileid="30" />
            </Method>
          </Methods>
        </Class>
        <Class>
          <Summary numSequencePoints="6" visitedSequencePoints="0" numBranchPoints="5" visitedBranchPoints="0" sequenceCoverage="0" branchCoverage="0" maxCyclomaticComplexity="1" minCyclomaticComplexity="1" maxCrapScore="2" minCrapScore="2" visitedClasses="0" numClasses="1" visitedMethods="0" numMethods="5" />
          <FullName>Internal.Microsoft.Extensions.DependencyModel.FileSystemWrapper</FullName>
          <Methods>
            <Method visited="false" cyclomaticComplexity="1" nPathComplexity="0" sequenceCoverage="0" branchCoverage="0" crapScore="2" isConstructor="false" isStatic="true" isGetter="true" isSetter="false">
              <Summary numSequencePoints="1" visitedSequencePoints="0" numBranchPoints="1" visitedBranchPoints="0" sequenceCoverage="0" branchCoverage="0" maxCyclomaticComplexity="1" minCyclomaticComplexity="1" maxCrapScore="2" minCrapScore="2" visitedClasses="0" numClasses="0" visitedMethods="0" numMethods="1" />
              <MetadataToken>100663413</MetadataToken>
              <Name>Internal.Microsoft.Extensions.DependencyModel.IFileSystem Internal.Microsoft.Extensions.DependencyModel.FileSystemWrapper::get_Default()</Name>
              <FileRef uid="31" />
              <SequencePoints>
                <SequencePoint vc="0" uspid="811" ordinal="0" offset="0" sl="10" sc="45" el="10" ec="49" bec="0" bev="0" fileid="31" />
              </SequencePoints>
              <BranchPoints />
              <MethodPoint xsi:type="SequencePoint" vc="0" uspid="811" ordinal="0" offset="0" sl="10" sc="45" el="10" ec="49" bec="0" bev="0" fileid="31" />
            </Method>
            <Method visited="false" cyclomaticComplexity="1" nPathComplexity="0" sequenceCoverage="0" branchCoverage="0" crapScore="2" isConstructor="false" isStatic="false" isGetter="true" isSetter="false">
              <Summary numSequencePoints="1" visitedSequencePoints="0" numBranchPoints="1" visitedBranchPoints="0" sequenceCoverage="0" branchCoverage="0" maxCyclomaticComplexity="1" minCyclomaticComplexity="1" maxCrapScore="2" minCrapScore="2" visitedClasses="0" numClasses="0" visitedMethods="0" numMethods="1" />
              <MetadataToken>100663414</MetadataToken>
              <Name>Internal.Microsoft.Extensions.DependencyModel.IFile Internal.Microsoft.Extensions.DependencyModel.FileSystemWrapper::get_File()</Name>
              <FileRef uid="31" />
              <SequencePoints>
                <SequencePoint vc="0" uspid="812" ordinal="0" offset="0" sl="12" sc="29" el="12" ec="33" bec="0" bev="0" fileid="31" />
              </SequencePoints>
              <BranchPoints />
              <MethodPoint xsi:type="SequencePoint" vc="0" uspid="812" ordinal="0" offset="0" sl="12" sc="29" el="12" ec="33" bec="0" bev="0" fileid="31" />
            </Method>
            <Method visited="false" cyclomaticComplexity="1" nPathComplexity="0" sequenceCoverage="0" branchCoverage="0" crapScore="2" isConstructor="false" isStatic="false" isGetter="true" isSetter="false">
              <Summary numSequencePoints="1" visitedSequencePoints="0" numBranchPoints="1" visitedBranchPoints="0" sequenceCoverage="0" branchCoverage="0" maxCyclomaticComplexity="1" minCyclomaticComplexity="1" maxCrapScore="2" minCrapScore="2" visitedClasses="0" numClasses="0" visitedMethods="0" numMethods="1" />
              <MetadataToken>100663415</MetadataToken>
              <Name>Internal.Microsoft.Extensions.DependencyModel.IDirectory Internal.Microsoft.Extensions.DependencyModel.FileSystemWrapper::get_Directory()</Name>
              <FileRef uid="31" />
              <SequencePoints>
                <SequencePoint vc="0" uspid="813" ordinal="0" offset="0" sl="14" sc="39" el="14" ec="43" bec="0" bev="0" fileid="31" />
              </SequencePoints>
              <BranchPoints />
              <MethodPoint xsi:type="SequencePoint" vc="0" uspid="813" ordinal="0" offset="0" sl="14" sc="39" el="14" ec="43" bec="0" bev="0" fileid="31" />
            </Method>
            <Method visited="false" cyclomaticComplexity="1" nPathComplexity="0" sequenceCoverage="0" branchCoverage="0" crapScore="2" isConstructor="true" isStatic="false" isGetter="false" isSetter="false">
              <Summary numSequencePoints="2" visitedSequencePoints="0" numBranchPoints="1" visitedBranchPoints="0" sequenceCoverage="0" branchCoverage="0" maxCyclomaticComplexity="1" minCyclomaticComplexity="1" maxCrapScore="2" minCrapScore="2" visitedClasses="0" numClasses="0" visitedMethods="0" numMethods="1" />
              <MetadataToken>100663416</MetadataToken>
              <Name>System.Void Internal.Microsoft.Extensions.DependencyModel.FileSystemWrapper::.ctor()</Name>
              <FileRef uid="31" />
              <SequencePoints>
                <SequencePoint vc="0" uspid="814" ordinal="0" offset="0" sl="12" sc="38" el="12" ec="55" bec="0" bev="0" fileid="31" />
                <SequencePoint vc="0" uspid="815" ordinal="1" offset="11" sl="14" sc="48" el="14" ec="70" bec="0" bev="0" fileid="31" />
              </SequencePoints>
              <BranchPoints />
              <MethodPoint xsi:type="SequencePoint" vc="0" uspid="814" ordinal="0" offset="0" sl="12" sc="38" el="12" ec="55" bec="0" bev="0" fileid="31" />
            </Method>
            <Method visited="false" cyclomaticComplexity="1" nPathComplexity="0" sequenceCoverage="0" branchCoverage="0" crapScore="2" isConstructor="true" isStatic="true" isGetter="false" isSetter="false">
              <Summary numSequencePoints="1" visitedSequencePoints="0" numBranchPoints="1" visitedBranchPoints="0" sequenceCoverage="0" branchCoverage="0" maxCyclomaticComplexity="1" minCyclomaticComplexity="1" maxCrapScore="2" minCrapScore="2" visitedClasses="0" numClasses="0" visitedMethods="0" numMethods="1" />
              <MetadataToken>100663417</MetadataToken>
              <Name>System.Void Internal.Microsoft.Extensions.DependencyModel.FileSystemWrapper::.cctor()</Name>
              <FileRef uid="31" />
              <SequencePoints>
                <SequencePoint vc="0" uspid="816" ordinal="0" offset="0" sl="10" sc="54" el="10" ec="77" bec="0" bev="0" fileid="31" />
              </SequencePoints>
              <BranchPoints />
              <MethodPoint xsi:type="SequencePoint" vc="0" uspid="816" ordinal="0" offset="0" sl="10" sc="54" el="10" ec="77" bec="0" bev="0" fileid="31" />
            </Method>
          </Methods>
        </Class>
        <Class>
          <Summary numSequencePoints="11" visitedSequencePoints="0" numBranchPoints="7" visitedBranchPoints="0" sequenceCoverage="0" branchCoverage="0" maxCyclomaticComplexity="2" minCyclomaticComplexity="1" maxCrapScore="6" minCrapScore="2" visitedClasses="0" numClasses="1" visitedMethods="0" numMethods="5" />
          <FullName>Internal.Microsoft.Extensions.DependencyModel.FileWrapper</FullName>
          <Methods>
            <Method visited="false" cyclomaticComplexity="1" nPathComplexity="0" sequenceCoverage="0" branchCoverage="0" crapScore="2" isConstructor="false" isStatic="false" isGetter="false" isSetter="false">
              <Summary numSequencePoints="1" visitedSequencePoints="0" numBranchPoints="1" visitedBranchPoints="0" sequenceCoverage="0" branchCoverage="0" maxCyclomaticComplexity="1" minCyclomaticComplexity="1" maxCrapScore="2" minCrapScore="2" visitedClasses="0" numClasses="0" visitedMethods="0" numMethods="1" />
              <MetadataToken>100663418</MetadataToken>
              <Name>System.Boolean Internal.Microsoft.Extensions.DependencyModel.FileWrapper::Exists(System.String)</Name>
              <FileRef uid="32" />
              <SequencePoints>
                <SequencePoint vc="0" uspid="817" ordinal="0" offset="0" sl="15" sc="13" el="15" ec="38" bec="0" bev="0" fileid="32" />
              </SequencePoints>
              <BranchPoints />
              <MethodPoint xsi:type="SequencePoint" vc="0" uspid="817" ordinal="0" offset="0" sl="15" sc="13" el="15" ec="38" bec="0" bev="0" fileid="32" />
            </Method>
            <Method visited="false" cyclomaticComplexity="1" nPathComplexity="0" sequenceCoverage="0" branchCoverage="0" crapScore="2" isConstructor="false" isStatic="false" isGetter="false" isSetter="false">
              <Summary numSequencePoints="1" visitedSequencePoints="0" numBranchPoints="1" visitedBranchPoints="0" sequenceCoverage="0" branchCoverage="0" maxCyclomaticComplexity="1" minCyclomaticComplexity="1" maxCrapScore="2" minCrapScore="2" visitedClasses="0" numClasses="0" visitedMethods="0" numMethods="1" />
              <MetadataToken>100663419</MetadataToken>
              <Name>System.String Internal.Microsoft.Extensions.DependencyModel.FileWrapper::ReadAllText(System.String)</Name>
              <FileRef uid="32" />
              <SequencePoints>
                <SequencePoint vc="0" uspid="818" ordinal="0" offset="0" sl="20" sc="13" el="20" ec="43" bec="0" bev="0" fileid="32" />
              </SequencePoints>
              <BranchPoints />
              <MethodPoint xsi:type="SequencePoint" vc="0" uspid="818" ordinal="0" offset="0" sl="20" sc="13" el="20" ec="43" bec="0" bev="0" fileid="32" />
            </Method>
            <Method visited="false" cyclomaticComplexity="1" nPathComplexity="0" sequenceCoverage="0" branchCoverage="0" crapScore="2" isConstructor="false" isStatic="false" isGetter="false" isSetter="false">
              <Summary numSequencePoints="1" visitedSequencePoints="0" numBranchPoints="1" visitedBranchPoints="0" sequenceCoverage="0" branchCoverage="0" maxCyclomaticComplexity="1" minCyclomaticComplexity="1" maxCrapScore="2" minCrapScore="2" visitedClasses="0" numClasses="0" visitedMethods="0" numMethods="1" />
              <MetadataToken>100663420</MetadataToken>
              <Name>System.IO.Stream Internal.Microsoft.Extensions.DependencyModel.FileWrapper::OpenRead(System.String)</Name>
              <FileRef uid="32" />
              <SequencePoints>
                <SequencePoint vc="0" uspid="819" ordinal="0" offset="0" sl="25" sc="13" el="25" ec="40" bec="0" bev="0" fileid="32" />
              </SequencePoints>
              <BranchPoints />
              <MethodPoint xsi:type="SequencePoint" vc="0" uspid="819" ordinal="0" offset="0" sl="25" sc="13" el="25" ec="40" bec="0" bev="0" fileid="32" />
            </Method>
            <Method visited="false" cyclomaticComplexity="1" nPathComplexity="0" sequenceCoverage="0" branchCoverage="0" crapScore="2" isConstructor="false" isStatic="false" isGetter="false" isSetter="false">
              <Summary numSequencePoints="1" visitedSequencePoints="0" numBranchPoints="1" visitedBranchPoints="0" sequenceCoverage="0" branchCoverage="0" maxCyclomaticComplexity="1" minCyclomaticComplexity="1" maxCrapScore="2" minCrapScore="2" visitedClasses="0" numClasses="0" visitedMethods="0" numMethods="1" />
              <MetadataToken>100663421</MetadataToken>
              <Name>System.IO.Stream Internal.Microsoft.Extensions.DependencyModel.FileWrapper::OpenFile(System.String,System.IO.FileMode,System.IO.FileAccess,System.IO.FileShare,System.Int32,System.IO.FileOptions)</Name>
              <FileRef uid="32" />
              <SequencePoints>
                <SequencePoint vc="0" uspid="820" ordinal="0" offset="0" sl="36" sc="13" el="36" ec="99" bec="0" bev="0" fileid="32" />
              </SequencePoints>
              <BranchPoints />
              <MethodPoint xsi:type="SequencePoint" vc="0" uspid="820" ordinal="0" offset="0" sl="36" sc="13" el="36" ec="99" bec="0" bev="0" fileid="32" />
            </Method>
            <Method visited="false" cyclomaticComplexity="2" nPathComplexity="2" sequenceCoverage="0" branchCoverage="0" crapScore="6" isConstructor="false" isStatic="false" isGetter="false" isSetter="false">
              <Summary numSequencePoints="7" visitedSequencePoints="0" numBranchPoints="3" visitedBranchPoints="0" sequenceCoverage="0" branchCoverage="0" maxCyclomaticComplexity="2" minCyclomaticComplexity="2" maxCrapScore="6" minCrapScore="6" visitedClasses="0" numClasses="0" visitedMethods="0" numMethods="1" />
              <MetadataToken>100663422</MetadataToken>
              <Name>System.Void Internal.Microsoft.Extensions.DependencyModel.FileWrapper::CreateEmptyFile(System.String)</Name>
              <FileRef uid="32" />
              <SequencePoints>
                <SequencePoint vc="0" uspid="821" ordinal="0" offset="0" sl="43" sc="17" el="43" ec="51" bec="0" bev="0" fileid="32" />
                <SequencePoint vc="0" uspid="822" ordinal="1" offset="7" sl="44" sc="17" el="44" ec="39" bec="2" bev="0" fileid="32" />
                <SequencePoint vc="0" uspid="823" ordinal="2" offset="10" sl="46" sc="21" el="46" ec="41" bec="0" bev="0" fileid="32" />
                <SequencePoint vc="0" uspid="824" ordinal="3" offset="16" sl="48" sc="13" el="48" ec="14" bec="0" bev="0" fileid="32" />
                <SequencePoint vc="0" uspid="825" ordinal="4" offset="18" sl="49" sc="13" el="49" ec="18" bec="0" bev="0" fileid="32" />
                <SequencePoint vc="0" uspid="826" ordinal="5" offset="19" sl="49" sc="21" el="49" ec="22" bec="0" bev="0" fileid="32" />
                <SequencePoint vc="0" uspid="827" ordinal="6" offset="21" sl="50" sc="9" el="50" ec="10" bec="0" bev="0" fileid="32" />
              </SequencePoints>
              <BranchPoints>
                <BranchPoint vc="0" uspid="828" ordinal="0" offset="8" sl="44" path="0" offsetend="10" fileid="32" />
                <BranchPoint vc="0" uspid="829" ordinal="1" offset="8" sl="44" path="1" offsetend="16" fileid="32" />
              </BranchPoints>
              <MethodPoint xsi:type="SequencePoint" vc="0" uspid="821" ordinal="0" offset="0" sl="43" sc="17" el="43" ec="51" bec="0" bev="0" fileid="32" />
            </Method>
            <Method visited="false" cyclomaticComplexity="1" nPathComplexity="0" sequenceCoverage="0" branchCoverage="0" crapScore="2" isConstructor="true" isStatic="false" isGetter="false" isSetter="false">
              <Summary numSequencePoints="0" visitedSequencePoints="0" numBranchPoints="0" visitedBranchPoints="0" sequenceCoverage="0" branchCoverage="0" maxCyclomaticComplexity="1" minCyclomaticComplexity="1" maxCrapScore="2" minCrapScore="2" visitedClasses="0" numClasses="0" visitedMethods="0" numMethods="0" />
              <MetadataToken>100663423</MetadataToken>
              <Name>System.Void Internal.Microsoft.Extensions.DependencyModel.FileWrapper::.ctor()</Name>
              <SequencePoints />
              <BranchPoints />
              <MethodPoint vc="0" uspid="830" ordinal="0" offset="0" />
            </Method>
          </Methods>
        </Class>
        <Class>
          <Summary numSequencePoints="32" visitedSequencePoints="0" numBranchPoints="20" visitedBranchPoints="0" sequenceCoverage="0" branchCoverage="0" maxCyclomaticComplexity="5" minCyclomaticComplexity="1" maxCrapScore="30" minCrapScore="2" visitedClasses="0" numClasses="1" visitedMethods="0" numMethods="12" />
          <FullName>Internal.Microsoft.Extensions.DependencyModel.Library</FullName>
          <Methods>
            <Method visited="false" cyclomaticComplexity="1" nPathComplexity="0" sequenceCoverage="0" branchCoverage="0" crapScore="2" isConstructor="false" isStatic="false" isGetter="true" isSetter="false">
              <Summary numSequencePoints="1" visitedSequencePoints="0" numBranchPoints="1" visitedBranchPoints="0" sequenceCoverage="0" branchCoverage="0" maxCyclomaticComplexity="1" minCyclomaticComplexity="1" maxCrapScore="2" minCrapScore="2" visitedClasses="0" numClasses="0" visitedMethods="0" numMethods="1" />
              <MetadataToken>100663437</MetadataToken>
              <Name>System.String Internal.Microsoft.Extensions.DependencyModel.Library::get_Type()</Name>
              <FileRef uid="33" />
              <SequencePoints>
                <SequencePoint vc="0" uspid="831" ordinal="0" offset="0" sl="72" sc="30" el="72" ec="34" bec="0" bev="0" fileid="33" />
              </SequencePoints>
              <BranchPoints />
              <MethodPoint xsi:type="SequencePoint" vc="0" uspid="831" ordinal="0" offset="0" sl="72" sc="30" el="72" ec="34" bec="0" bev="0" fileid="33" />
            </Method>
            <Method visited="false" cyclomaticComplexity="1" nPathComplexity="0" sequenceCoverage="0" branchCoverage="0" crapScore="2" isConstructor="false" isStatic="false" isGetter="true" isSetter="false">
              <Summary numSequencePoints="1" visitedSequencePoints="0" numBranchPoints="1" visitedBranchPoints="0" sequenceCoverage="0" branchCoverage="0" maxCyclomaticComplexity="1" minCyclomaticComplexity="1" maxCrapScore="2" minCrapScore="2" visitedClasses="0" numClasses="0" visitedMethods="0" numMethods="1" />
              <MetadataToken>100663438</MetadataToken>
              <Name>System.String Internal.Microsoft.Extensions.DependencyModel.Library::get_Name()</Name>
              <FileRef uid="33" />
              <SequencePoints>
                <SequencePoint vc="0" uspid="832" ordinal="0" offset="0" sl="74" sc="30" el="74" ec="34" bec="0" bev="0" fileid="33" />
              </SequencePoints>
              <BranchPoints />
              <MethodPoint xsi:type="SequencePoint" vc="0" uspid="832" ordinal="0" offset="0" sl="74" sc="30" el="74" ec="34" bec="0" bev="0" fileid="33" />
            </Method>
            <Method visited="false" cyclomaticComplexity="1" nPathComplexity="0" sequenceCoverage="0" branchCoverage="0" crapScore="2" isConstructor="false" isStatic="false" isGetter="true" isSetter="false">
              <Summary numSequencePoints="1" visitedSequencePoints="0" numBranchPoints="1" visitedBranchPoints="0" sequenceCoverage="0" branchCoverage="0" maxCyclomaticComplexity="1" minCyclomaticComplexity="1" maxCrapScore="2" minCrapScore="2" visitedClasses="0" numClasses="0" visitedMethods="0" numMethods="1" />
              <MetadataToken>100663439</MetadataToken>
              <Name>System.String Internal.Microsoft.Extensions.DependencyModel.Library::get_Version()</Name>
              <FileRef uid="33" />
              <SequencePoints>
                <SequencePoint vc="0" uspid="833" ordinal="0" offset="0" sl="76" sc="33" el="76" ec="37" bec="0" bev="0" fileid="33" />
              </SequencePoints>
              <BranchPoints />
              <MethodPoint xsi:type="SequencePoint" vc="0" uspid="833" ordinal="0" offset="0" sl="76" sc="33" el="76" ec="37" bec="0" bev="0" fileid="33" />
            </Method>
            <Method visited="false" cyclomaticComplexity="1" nPathComplexity="0" sequenceCoverage="0" branchCoverage="0" crapScore="2" isConstructor="false" isStatic="false" isGetter="true" isSetter="false">
              <Summary numSequencePoints="1" visitedSequencePoints="0" numBranchPoints="1" visitedBranchPoints="0" sequenceCoverage="0" branchCoverage="0" maxCyclomaticComplexity="1" minCyclomaticComplexity="1" maxCrapScore="2" minCrapScore="2" visitedClasses="0" numClasses="0" visitedMethods="0" numMethods="1" />
              <MetadataToken>100663440</MetadataToken>
              <Name>System.String Internal.Microsoft.Extensions.DependencyModel.Library::get_Hash()</Name>
              <FileRef uid="33" />
              <SequencePoints>
                <SequencePoint vc="0" uspid="834" ordinal="0" offset="0" sl="78" sc="30" el="78" ec="34" bec="0" bev="0" fileid="33" />
              </SequencePoints>
              <BranchPoints />
              <MethodPoint xsi:type="SequencePoint" vc="0" uspid="834" ordinal="0" offset="0" sl="78" sc="30" el="78" ec="34" bec="0" bev="0" fileid="33" />
            </Method>
            <Method visited="false" cyclomaticComplexity="1" nPathComplexity="0" sequenceCoverage="0" branchCoverage="0" crapScore="2" isConstructor="false" isStatic="false" isGetter="true" isSetter="false">
              <Summary numSequencePoints="1" visitedSequencePoints="0" numBranchPoints="1" visitedBranchPoints="0" sequenceCoverage="0" branchCoverage="0" maxCyclomaticComplexity="1" minCyclomaticComplexity="1" maxCrapScore="2" minCrapScore="2" visitedClasses="0" numClasses="0" visitedMethods="0" numMethods="1" />
              <MetadataToken>100663441</MetadataToken>
              <Name>System.Collections.Generic.IReadOnlyList`1&lt;Internal.Microsoft.Extensions.DependencyModel.Dependency&gt; Internal.Microsoft.Extensions.DependencyModel.Library::get_Dependencies()</Name>
              <FileRef uid="33" />
              <SequencePoints>
                <SequencePoint vc="0" uspid="835" ordinal="0" offset="0" sl="80" sc="57" el="80" ec="61" bec="0" bev="0" fileid="33" />
              </SequencePoints>
              <BranchPoints />
              <MethodPoint xsi:type="SequencePoint" vc="0" uspid="835" ordinal="0" offset="0" sl="80" sc="57" el="80" ec="61" bec="0" bev="0" fileid="33" />
            </Method>
            <Method visited="false" cyclomaticComplexity="1" nPathComplexity="0" sequenceCoverage="0" branchCoverage="0" crapScore="2" isConstructor="false" isStatic="false" isGetter="true" isSetter="false">
              <Summary numSequencePoints="1" visitedSequencePoints="0" numBranchPoints="1" visitedBranchPoints="0" sequenceCoverage="0" branchCoverage="0" maxCyclomaticComplexity="1" minCyclomaticComplexity="1" maxCrapScore="2" minCrapScore="2" visitedClasses="0" numClasses="0" visitedMethods="0" numMethods="1" />
              <MetadataToken>100663442</MetadataToken>
              <Name>System.Boolean Internal.Microsoft.Extensions.DependencyModel.Library::get_Serviceable()</Name>
              <FileRef uid="33" />
              <SequencePoints>
                <SequencePoint vc="0" uspid="836" ordinal="0" offset="0" sl="82" sc="35" el="82" ec="39" bec="0" bev="0" fileid="33" />
              </SequencePoints>
              <BranchPoints />
              <MethodPoint xsi:type="SequencePoint" vc="0" uspid="836" ordinal="0" offset="0" sl="82" sc="35" el="82" ec="39" bec="0" bev="0" fileid="33" />
            </Method>
            <Method visited="false" cyclomaticComplexity="1" nPathComplexity="0" sequenceCoverage="0" branchCoverage="0" crapScore="2" isConstructor="false" isStatic="false" isGetter="true" isSetter="false">
              <Summary numSequencePoints="1" visitedSequencePoints="0" numBranchPoints="1" visitedBranchPoints="0" sequenceCoverage="0" branchCoverage="0" maxCyclomaticComplexity="1" minCyclomaticComplexity="1" maxCrapScore="2" minCrapScore="2" visitedClasses="0" numClasses="0" visitedMethods="0" numMethods="1" />
              <MetadataToken>100663443</MetadataToken>
              <Name>System.String Internal.Microsoft.Extensions.DependencyModel.Library::get_Path()</Name>
              <FileRef uid="33" />
              <SequencePoints>
                <SequencePoint vc="0" uspid="837" ordinal="0" offset="0" sl="84" sc="30" el="84" ec="34" bec="0" bev="0" fileid="33" />
              </SequencePoints>
              <BranchPoints />
              <MethodPoint xsi:type="SequencePoint" vc="0" uspid="837" ordinal="0" offset="0" sl="84" sc="30" el="84" ec="34" bec="0" bev="0" fileid="33" />
            </Method>
            <Method visited="false" cyclomaticComplexity="1" nPathComplexity="0" sequenceCoverage="0" branchCoverage="0" crapScore="2" isConstructor="false" isStatic="false" isGetter="true" isSetter="false">
              <Summary numSequencePoints="1" visitedSequencePoints="0" numBranchPoints="1" visitedBranchPoints="0" sequenceCoverage="0" branchCoverage="0" maxCyclomaticComplexity="1" minCyclomaticComplexity="1" maxCrapScore="2" minCrapScore="2" visitedClasses="0" numClasses="0" visitedMethods="0" numMethods="1" />
              <MetadataToken>100663444</MetadataToken>
              <Name>System.String Internal.Microsoft.Extensions.DependencyModel.Library::get_HashPath()</Name>
              <FileRef uid="33" />
              <SequencePoints>
                <SequencePoint vc="0" uspid="838" ordinal="0" offset="0" sl="86" sc="34" el="86" ec="38" bec="0" bev="0" fileid="33" />
              </SequencePoints>
              <BranchPoints />
              <MethodPoint xsi:type="SequencePoint" vc="0" uspid="838" ordinal="0" offset="0" sl="86" sc="34" el="86" ec="38" bec="0" bev="0" fileid="33" />
            </Method>
            <Method visited="false" cyclomaticComplexity="1" nPathComplexity="0" sequenceCoverage="0" branchCoverage="0" crapScore="2" isConstructor="false" isStatic="false" isGetter="true" isSetter="false">
              <Summary numSequencePoints="1" visitedSequencePoints="0" numBranchPoints="1" visitedBranchPoints="0" sequenceCoverage="0" branchCoverage="0" maxCyclomaticComplexity="1" minCyclomaticComplexity="1" maxCrapScore="2" minCrapScore="2" visitedClasses="0" numClasses="0" visitedMethods="0" numMethods="1" />
              <MetadataToken>100663445</MetadataToken>
              <Name>System.String Internal.Microsoft.Extensions.DependencyModel.Library::get_RuntimeStoreManifestName()</Name>
              <FileRef uid="33" />
              <SequencePoints>
                <SequencePoint vc="0" uspid="839" ordinal="0" offset="0" sl="88" sc="49" el="88" ec="53" bec="0" bev="0" fileid="33" />
              </SequencePoints>
              <BranchPoints />
              <MethodPoint xsi:type="SequencePoint" vc="0" uspid="839" ordinal="0" offset="0" sl="88" sc="49" el="88" ec="53" bec="0" bev="0" fileid="33" />
            </Method>
            <Method visited="false" cyclomaticComplexity="1" nPathComplexity="0" sequenceCoverage="0" branchCoverage="0" crapScore="2" isConstructor="true" isStatic="false" isGetter="false" isSetter="false">
              <Summary numSequencePoints="2" visitedSequencePoints="0" numBranchPoints="1" visitedBranchPoints="0" sequenceCoverage="0" branchCoverage="0" maxCyclomaticComplexity="1" minCyclomaticComplexity="1" maxCrapScore="2" minCrapScore="2" visitedClasses="0" numClasses="0" visitedMethods="0" numMethods="1" />
              <MetadataToken>100663434</MetadataToken>
              <Name>System.Void Internal.Microsoft.Extensions.DependencyModel.Library::.ctor(System.String,System.String,System.String,System.String,System.Collections.Generic.IEnumerable`1&lt;Internal.Microsoft.Extensions.DependencyModel.Dependency&gt;,System.Boolean)</Name>
              <FileRef uid="33" />
              <SequencePoints>
                <SequencePoint vc="0" uspid="840" ordinal="0" offset="0" sl="20" sc="15" el="20" ec="101" bec="0" bev="0" fileid="33" />
                <SequencePoint vc="0" uspid="841" ordinal="1" offset="17" sl="22" sc="9" el="22" ec="10" bec="0" bev="0" fileid="33" />
              </SequencePoints>
              <BranchPoints />
              <MethodPoint xsi:type="SequencePoint" vc="0" uspid="840" ordinal="0" offset="0" sl="20" sc="15" el="20" ec="101" bec="0" bev="0" fileid="33" />
            </Method>
            <Method visited="false" cyclomaticComplexity="1" nPathComplexity="0" sequenceCoverage="0" branchCoverage="0" crapScore="2" isConstructor="true" isStatic="false" isGetter="false" isSetter="false">
              <Summary numSequencePoints="2" visitedSequencePoints="0" numBranchPoints="1" visitedBranchPoints="0" sequenceCoverage="0" branchCoverage="0" maxCyclomaticComplexity="1" minCyclomaticComplexity="1" maxCrapScore="2" minCrapScore="2" visitedClasses="0" numClasses="0" visitedMethods="0" numMethods="1" />
              <MetadataToken>100663435</MetadataToken>
              <Name>System.Void Internal.Microsoft.Extensions.DependencyModel.Library::.ctor(System.String,System.String,System.String,System.String,System.Collections.Generic.IEnumerable`1&lt;Internal.Microsoft.Extensions.DependencyModel.Dependency&gt;,System.Boolean,System.String,System.String)</Name>
              <FileRef uid="33" />
              <SequencePoints>
                <SequencePoint vc="0" uspid="842" ordinal="0" offset="0" sl="32" sc="15" el="32" ec="121" bec="0" bev="0" fileid="33" />
                <SequencePoint vc="0" uspid="843" ordinal="1" offset="20" sl="34" sc="9" el="34" ec="10" bec="0" bev="0" fileid="33" />
              </SequencePoints>
              <BranchPoints />
              <MethodPoint xsi:type="SequencePoint" vc="0" uspid="842" ordinal="0" offset="0" sl="32" sc="15" el="32" ec="121" bec="0" bev="0" fileid="33" />
            </Method>
            <Method visited="false" cyclomaticComplexity="5" nPathComplexity="16" sequenceCoverage="0" branchCoverage="0" crapScore="30" isConstructor="true" isStatic="false" isGetter="false" isSetter="false">
              <Summary numSequencePoints="19" visitedSequencePoints="0" numBranchPoints="9" visitedBranchPoints="0" sequenceCoverage="0" branchCoverage="0" maxCyclomaticComplexity="5" minCyclomaticComplexity="5" maxCrapScore="30" minCrapScore="30" visitedClasses="0" numClasses="0" visitedMethods="0" numMethods="1" />
              <MetadataToken>100663436</MetadataToken>
              <Name>System.Void Internal.Microsoft.Extensions.DependencyModel.Library::.ctor(System.String,System.String,System.String,System.String,System.Collections.Generic.IEnumerable`1&lt;Internal.Microsoft.Extensions.DependencyModel.Dependency&gt;,System.Boolean,System.String,System.String,System.String)</Name>
              <FileRef uid="33" />
              <SequencePoints>
                <SequencePoint vc="0" uspid="844" ordinal="0" offset="0" sl="35" sc="9" el="43" ec="52" bec="0" bev="0" fileid="33" />
                <SequencePoint vc="0" uspid="845" ordinal="1" offset="6" sl="45" sc="13" el="45" ec="44" bec="2" bev="0" fileid="33" />
                <SequencePoint vc="0" uspid="846" ordinal="2" offset="14" sl="47" sc="17" el="47" ec="59" bec="0" bev="0" fileid="33" />
                <SequencePoint vc="0" uspid="847" ordinal="3" offset="25" sl="49" sc="13" el="49" ec="44" bec="2" bev="0" fileid="33" />
                <SequencePoint vc="0" uspid="848" ordinal="4" offset="33" sl="51" sc="17" el="51" ec="59" bec="0" bev="0" fileid="33" />
                <SequencePoint vc="0" uspid="849" ordinal="5" offset="44" sl="53" sc="13" el="53" ec="47" bec="2" bev="0" fileid="33" />
                <SequencePoint vc="0" uspid="850" ordinal="6" offset="52" sl="55" sc="17" el="55" ec="62" bec="0" bev="0" fileid="33" />
                <SequencePoint vc="0" uspid="851" ordinal="7" offset="63" sl="57" sc="13" el="57" ec="38" bec="2" bev="0" fileid="33" />
                <SequencePoint vc="0" uspid="852" ordinal="8" offset="67" sl="59" sc="17" el="59" ec="71" bec="0" bev="0" fileid="33" />
                <SequencePoint vc="0" uspid="853" ordinal="9" offset="78" sl="61" sc="13" el="61" ec="25" bec="0" bev="0" fileid="33" />
                <SequencePoint vc="0" uspid="854" ordinal="10" offset="85" sl="62" sc="13" el="62" ec="25" bec="0" bev="0" fileid="33" />
                <SequencePoint vc="0" uspid="855" ordinal="11" offset="92" sl="63" sc="13" el="63" ec="31" bec="0" bev="0" fileid="33" />
                <SequencePoint vc="0" uspid="856" ordinal="12" offset="99" sl="64" sc="13" el="64" ec="25" bec="0" bev="0" fileid="33" />
                <SequencePoint vc="0" uspid="857" ordinal="13" offset="107" sl="65" sc="13" el="65" ec="51" bec="0" bev="0" fileid="33" />
                <SequencePoint vc="0" uspid="858" ordinal="14" offset="120" sl="66" sc="13" el="66" ec="39" bec="0" bev="0" fileid="33" />
                <SequencePoint vc="0" uspid="859" ordinal="15" offset="128" sl="67" sc="13" el="67" ec="25" bec="0" bev="0" fileid="33" />
                <SequencePoint vc="0" uspid="860" ordinal="16" offset="136" sl="68" sc="13" el="68" ec="33" bec="0" bev="0" fileid="33" />
                <SequencePoint vc="0" uspid="861" ordinal="17" offset="144" sl="69" sc="13" el="69" ec="65" bec="0" bev="0" fileid="33" />
                <SequencePoint vc="0" uspid="862" ordinal="18" offset="152" sl="70" sc="9" el="70" ec="10" bec="0" bev="0" fileid="33" />
              </SequencePoints>
              <BranchPoints>
                <BranchPoint vc="0" uspid="863" ordinal="0" offset="12" sl="45" path="0" offsetend="14" fileid="33" />
                <BranchPoint vc="0" uspid="864" ordinal="1" offset="12" sl="45" path="1" offsetend="25" fileid="33" />
                <BranchPoint vc="0" uspid="865" ordinal="2" offset="31" sl="49" path="0" offsetend="33" fileid="33" />
                <BranchPoint vc="0" uspid="866" ordinal="3" offset="31" sl="49" path="1" offsetend="44" fileid="33" />
                <BranchPoint vc="0" uspid="867" ordinal="4" offset="50" sl="53" path="0" offsetend="52" fileid="33" />
                <BranchPoint vc="0" uspid="868" ordinal="5" offset="50" sl="53" path="1" offsetend="63" fileid="33" />
                <BranchPoint vc="0" uspid="869" ordinal="6" offset="65" sl="57" path="0" offsetend="67" fileid="33" />
                <BranchPoint vc="0" uspid="870" ordinal="7" offset="65" sl="57" path="1" offsetend="78" fileid="33" />
              </BranchPoints>
              <MethodPoint xsi:type="SequencePoint" vc="0" uspid="844" ordinal="0" offset="0" sl="35" sc="9" el="43" ec="52" bec="0" bev="0" fileid="33" />
            </Method>
          </Methods>
        </Class>
        <Class>
          <Summary numSequencePoints="12" visitedSequencePoints="0" numBranchPoints="9" visitedBranchPoints="0" sequenceCoverage="0" branchCoverage="0" maxCyclomaticComplexity="3" minCyclomaticComplexity="1" maxCrapScore="12" minCrapScore="2" visitedClasses="0" numClasses="1" visitedMethods="0" numMethods="5" />
          <FullName>Internal.Microsoft.Extensions.DependencyModel.ResourceAssembly</FullName>
          <Methods>
            <Method visited="false" cyclomaticComplexity="1" nPathComplexity="0" sequenceCoverage="0" branchCoverage="0" crapScore="2" isConstructor="false" isStatic="false" isGetter="true" isSetter="false">
              <Summary numSequencePoints="1" visitedSequencePoints="0" numBranchPoints="1" visitedBranchPoints="0" sequenceCoverage="0" branchCoverage="0" maxCyclomaticComplexity="1" minCyclomaticComplexity="1" maxCrapScore="2" minCrapScore="2" visitedClasses="0" numClasses="0" visitedMethods="0" numMethods="1" />
              <MetadataToken>100663447</MetadataToken>
              <Name>System.String Internal.Microsoft.Extensions.DependencyModel.ResourceAssembly::get_Locale()</Name>
              <FileRef uid="34" />
              <SequencePoints>
                <SequencePoint vc="0" uspid="871" ordinal="0" offset="0" sl="26" sc="32" el="26" ec="36" bec="0" bev="0" fileid="34" />
              </SequencePoints>
              <BranchPoints />
              <MethodPoint xsi:type="SequencePoint" vc="0" uspid="871" ordinal="0" offset="0" sl="26" sc="32" el="26" ec="36" bec="0" bev="0" fileid="34" />
            </Method>
            <Method visited="false" cyclomaticComplexity="1" nPathComplexity="0" sequenceCoverage="0" branchCoverage="0" crapScore="2" isConstructor="false" isStatic="false" isGetter="false" isSetter="true">
              <Summary numSequencePoints="1" visitedSequencePoints="0" numBranchPoints="1" visitedBranchPoints="0" sequenceCoverage="0" branchCoverage="0" maxCyclomaticComplexity="1" minCyclomaticComplexity="1" maxCrapScore="2" minCrapScore="2" visitedClasses="0" numClasses="0" visitedMethods="0" numMethods="1" />
              <MetadataToken>100663448</MetadataToken>
              <Name>System.Void Internal.Microsoft.Extensions.DependencyModel.ResourceAssembly::set_Locale(System.String)</Name>
              <FileRef uid="34" />
              <SequencePoints>
                <SequencePoint vc="0" uspid="872" ordinal="0" offset="0" sl="26" sc="37" el="26" ec="41" bec="0" bev="0" fileid="34" />
              </SequencePoints>
              <BranchPoints />
              <MethodPoint xsi:type="SequencePoint" vc="0" uspid="872" ordinal="0" offset="0" sl="26" sc="37" el="26" ec="41" bec="0" bev="0" fileid="34" />
            </Method>
            <Method visited="false" cyclomaticComplexity="1" nPathComplexity="0" sequenceCoverage="0" branchCoverage="0" crapScore="2" isConstructor="false" isStatic="false" isGetter="true" isSetter="false">
              <Summary numSequencePoints="1" visitedSequencePoints="0" numBranchPoints="1" visitedBranchPoints="0" sequenceCoverage="0" branchCoverage="0" maxCyclomaticComplexity="1" minCyclomaticComplexity="1" maxCrapScore="2" minCrapScore="2" visitedClasses="0" numClasses="0" visitedMethods="0" numMethods="1" />
              <MetadataToken>100663449</MetadataToken>
              <Name>System.String Internal.Microsoft.Extensions.DependencyModel.ResourceAssembly::get_Path()</Name>
              <FileRef uid="34" />
              <SequencePoints>
                <SequencePoint vc="0" uspid="873" ordinal="0" offset="0" sl="28" sc="30" el="28" ec="34" bec="0" bev="0" fileid="34" />
              </SequencePoints>
              <BranchPoints />
              <MethodPoint xsi:type="SequencePoint" vc="0" uspid="873" ordinal="0" offset="0" sl="28" sc="30" el="28" ec="34" bec="0" bev="0" fileid="34" />
            </Method>
            <Method visited="false" cyclomaticComplexity="1" nPathComplexity="0" sequenceCoverage="0" branchCoverage="0" crapScore="2" isConstructor="false" isStatic="false" isGetter="false" isSetter="true">
              <Summary numSequencePoints="1" visitedSequencePoints="0" numBranchPoints="1" visitedBranchPoints="0" sequenceCoverage="0" branchCoverage="0" maxCyclomaticComplexity="1" minCyclomaticComplexity="1" maxCrapScore="2" minCrapScore="2" visitedClasses="0" numClasses="0" visitedMethods="0" numMethods="1" />
              <MetadataToken>100663450</MetadataToken>
              <Name>System.Void Internal.Microsoft.Extensions.DependencyModel.ResourceAssembly::set_Path(System.String)</Name>
              <FileRef uid="34" />
              <SequencePoints>
                <SequencePoint vc="0" uspid="874" ordinal="0" offset="0" sl="28" sc="35" el="28" ec="39" bec="0" bev="0" fileid="34" />
              </SequencePoints>
              <BranchPoints />
              <MethodPoint xsi:type="SequencePoint" vc="0" uspid="874" ordinal="0" offset="0" sl="28" sc="35" el="28" ec="39" bec="0" bev="0" fileid="34" />
            </Method>
            <Method visited="false" cyclomaticComplexity="3" nPathComplexity="4" sequenceCoverage="0" branchCoverage="0" crapScore="12" isConstructor="true" isStatic="false" isGetter="false" isSetter="false">
              <Summary numSequencePoints="8" visitedSequencePoints="0" numBranchPoints="5" visitedBranchPoints="0" sequenceCoverage="0" branchCoverage="0" maxCyclomaticComplexity="3" minCyclomaticComplexity="3" maxCrapScore="12" minCrapScore="12" visitedClasses="0" numClasses="0" visitedMethods="0" numMethods="1" />
              <MetadataToken>100663446</MetadataToken>
              <Name>System.Void Internal.Microsoft.Extensions.DependencyModel.ResourceAssembly::.ctor(System.String,System.String)</Name>
              <FileRef uid="34" />
              <SequencePoints>
                <SequencePoint vc="0" uspid="875" ordinal="0" offset="0" sl="12" sc="9" el="12" ec="60" bec="0" bev="0" fileid="34" />
                <SequencePoint vc="0" uspid="876" ordinal="1" offset="6" sl="14" sc="13" el="14" ec="44" bec="2" bev="0" fileid="34" />
                <SequencePoint vc="0" uspid="877" ordinal="2" offset="14" sl="16" sc="17" el="16" ec="59" bec="0" bev="0" fileid="34" />
                <SequencePoint vc="0" uspid="878" ordinal="3" offset="25" sl="18" sc="13" el="18" ec="46" bec="2" bev="0" fileid="34" />
                <SequencePoint vc="0" uspid="879" ordinal="4" offset="33" sl="20" sc="17" el="20" ec="61" bec="0" bev="0" fileid="34" />
                <SequencePoint vc="0" uspid="880" ordinal="5" offset="44" sl="22" sc="13" el="22" ec="29" bec="0" bev="0" fileid="34" />
                <SequencePoint vc="0" uspid="881" ordinal="6" offset="51" sl="23" sc="13" el="23" ec="25" bec="0" bev="0" fileid="34" />
                <SequencePoint vc="0" uspid="882" ordinal="7" offset="58" sl="24" sc="9" el="24" ec="10" bec="0" bev="0" fileid="34" />
              </SequencePoints>
              <BranchPoints>
                <BranchPoint vc="0" uspid="883" ordinal="0" offset="12" sl="14" path="0" offsetend="14" fileid="34" />
                <BranchPoint vc="0" uspid="884" ordinal="1" offset="12" sl="14" path="1" offsetend="25" fileid="34" />
                <BranchPoint vc="0" uspid="885" ordinal="2" offset="31" sl="18" path="0" offsetend="33" fileid="34" />
                <BranchPoint vc="0" uspid="886" ordinal="3" offset="31" sl="18" path="1" offsetend="44" fileid="34" />
              </BranchPoints>
              <MethodPoint xsi:type="SequencePoint" vc="0" uspid="875" ordinal="0" offset="0" sl="12" sc="9" el="12" ec="60" bec="0" bev="0" fileid="34" />
            </Method>
          </Methods>
        </Class>
        <Class>
          <Summary numSequencePoints="16" visitedSequencePoints="0" numBranchPoints="12" visitedBranchPoints="0" sequenceCoverage="0" branchCoverage="0" maxCyclomaticComplexity="3" minCyclomaticComplexity="1" maxCrapScore="12" minCrapScore="2" visitedClasses="0" numClasses="1" visitedMethods="0" numMethods="4" />
          <FullName>Internal.Microsoft.Extensions.DependencyModel.RuntimeAssembly</FullName>
          <Methods>
            <Method visited="false" cyclomaticComplexity="1" nPathComplexity="0" sequenceCoverage="0" branchCoverage="0" crapScore="2" isConstructor="false" isStatic="false" isGetter="true" isSetter="false">
              <Summary numSequencePoints="1" visitedSequencePoints="0" numBranchPoints="1" visitedBranchPoints="0" sequenceCoverage="0" branchCoverage="0" maxCyclomaticComplexity="1" minCyclomaticComplexity="1" maxCrapScore="2" minCrapScore="2" visitedClasses="0" numClasses="0" visitedMethods="0" numMethods="1" />
              <MetadataToken>100663452</MetadataToken>
              <Name>System.Reflection.AssemblyName Internal.Microsoft.Extensions.DependencyModel.RuntimeAssembly::get_Name()</Name>
              <FileRef uid="35" />
              <SequencePoints>
                <SequencePoint vc="0" uspid="887" ordinal="0" offset="0" sl="30" sc="37" el="30" ec="68" bec="0" bev="0" fileid="35" />
              </SequencePoints>
              <BranchPoints />
              <MethodPoint xsi:type="SequencePoint" vc="0" uspid="887" ordinal="0" offset="0" sl="30" sc="37" el="30" ec="68" bec="0" bev="0" fileid="35" />
            </Method>
            <Method visited="false" cyclomaticComplexity="1" nPathComplexity="0" sequenceCoverage="0" branchCoverage="0" crapScore="2" isConstructor="false" isStatic="false" isGetter="true" isSetter="false">
              <Summary numSequencePoints="1" visitedSequencePoints="0" numBranchPoints="1" visitedBranchPoints="0" sequenceCoverage="0" branchCoverage="0" maxCyclomaticComplexity="1" minCyclomaticComplexity="1" maxCrapScore="2" minCrapScore="2" visitedClasses="0" numClasses="0" visitedMethods="0" numMethods="1" />
              <MetadataToken>100663453</MetadataToken>
              <Name>System.String Internal.Microsoft.Extensions.DependencyModel.RuntimeAssembly::get_Path()</Name>
              <FileRef uid="35" />
              <SequencePoints>
                <SequencePoint vc="0" uspid="888" ordinal="0" offset="0" sl="32" sc="30" el="32" ec="34" bec="0" bev="0" fileid="35" />
              </SequencePoints>
              <BranchPoints />
              <MethodPoint xsi:type="SequencePoint" vc="0" uspid="888" ordinal="0" offset="0" sl="32" sc="30" el="32" ec="34" bec="0" bev="0" fileid="35" />
            </Method>
            <Method visited="false" cyclomaticComplexity="3" nPathComplexity="4" sequenceCoverage="0" branchCoverage="0" crapScore="12" isConstructor="true" isStatic="false" isGetter="false" isSetter="false">
              <Summary numSequencePoints="8" visitedSequencePoints="0" numBranchPoints="5" visitedBranchPoints="0" sequenceCoverage="0" branchCoverage="0" maxCyclomaticComplexity="3" minCyclomaticComplexity="3" maxCrapScore="12" minCrapScore="12" visitedClasses="0" numClasses="0" visitedMethods="0" numMethods="1" />
              <MetadataToken>100663451</MetadataToken>
              <Name>System.Void Internal.Microsoft.Extensions.DependencyModel.RuntimeAssembly::.ctor(System.String,System.String)</Name>
              <FileRef uid="35" />
              <SequencePoints>
                <SequencePoint vc="0" uspid="889" ordinal="0" offset="0" sl="16" sc="9" el="16" ec="65" bec="0" bev="0" fileid="35" />
                <SequencePoint vc="0" uspid="890" ordinal="1" offset="6" sl="18" sc="13" el="18" ec="52" bec="2" bev="0" fileid="35" />
                <SequencePoint vc="0" uspid="891" ordinal="2" offset="14" sl="20" sc="17" el="20" ec="67" bec="0" bev="0" fileid="35" />
                <SequencePoint vc="0" uspid="892" ordinal="3" offset="25" sl="22" sc="13" el="22" ec="44" bec="2" bev="0" fileid="35" />
                <SequencePoint vc="0" uspid="893" ordinal="4" offset="33" sl="24" sc="17" el="24" ec="59" bec="0" bev="0" fileid="35" />
                <SequencePoint vc="0" uspid="894" ordinal="5" offset="44" sl="26" sc="13" el="26" ec="42" bec="0" bev="0" fileid="35" />
                <SequencePoint vc="0" uspid="895" ordinal="6" offset="51" sl="27" sc="13" el="27" ec="25" bec="0" bev="0" fileid="35" />
                <SequencePoint vc="0" uspid="896" ordinal="7" offset="58" sl="28" sc="9" el="28" ec="10" bec="0" bev="0" fileid="35" />
              </SequencePoints>
              <BranchPoints>
                <BranchPoint vc="0" uspid="897" ordinal="0" offset="12" sl="18" path="0" offsetend="14" fileid="35" />
                <BranchPoint vc="0" uspid="898" ordinal="1" offset="12" sl="18" path="1" offsetend="25" fileid="35" />
                <BranchPoint vc="0" uspid="899" ordinal="2" offset="31" sl="22" path="0" offsetend="33" fileid="35" />
                <BranchPoint vc="0" uspid="900" ordinal="3" offset="31" sl="22" path="1" offsetend="44" fileid="35" />
              </BranchPoints>
              <MethodPoint xsi:type="SequencePoint" vc="0" uspid="889" ordinal="0" offset="0" sl="16" sc="9" el="16" ec="65" bec="0" bev="0" fileid="35" />
            </Method>
            <Method visited="false" cyclomaticComplexity="3" nPathComplexity="4" sequenceCoverage="0" branchCoverage="0" crapScore="12" isConstructor="false" isStatic="true" isGetter="false" isSetter="false">
              <Summary numSequencePoints="6" visitedSequencePoints="0" numBranchPoints="5" visitedBranchPoints="0" sequenceCoverage="0" branchCoverage="0" maxCyclomaticComplexity="3" minCyclomaticComplexity="3" maxCrapScore="12" minCrapScore="12" visitedClasses="0" numClasses="0" visitedMethods="0" numMethods="1" />
              <MetadataToken>100663454</MetadataToken>
              <Name>Internal.Microsoft.Extensions.DependencyModel.RuntimeAssembly Internal.Microsoft.Extensions.DependencyModel.RuntimeAssembly::Create(System.String)</Name>
              <FileRef uid="35" />
              <SequencePoints>
                <SequencePoint vc="0" uspid="901" ordinal="0" offset="0" sl="36" sc="13" el="36" ec="81" bec="0" bev="0" fileid="35" />
                <SequencePoint vc="0" uspid="902" ordinal="1" offset="7" sl="37" sc="13" el="37" ec="38" bec="2" bev="0" fileid="35" />
                <SequencePoint vc="0" uspid="903" ordinal="2" offset="10" sl="39" sc="17" el="39" ec="106" bec="0" bev="0" fileid="35" />
                <SequencePoint vc="0" uspid="904" ordinal="3" offset="37" sl="42" sc="13" el="42" ec="57" bec="2" bev="0" fileid="35" />
                <SequencePoint vc="0" uspid="905" ordinal="4" offset="50" sl="44" sc="17" el="44" ec="105" bec="0" bev="0" fileid="35" />
                <SequencePoint vc="0" uspid="906" ordinal="5" offset="75" sl="46" sc="13" el="46" ec="60" bec="0" bev="0" fileid="35" />
              </SequencePoints>
              <BranchPoints>
                <BranchPoint vc="0" uspid="907" ordinal="0" offset="8" sl="37" path="0" offsetend="10" fileid="35" />
                <BranchPoint vc="0" uspid="908" ordinal="1" offset="8" sl="37" path="1" offsetend="37" fileid="35" />
                <BranchPoint vc="0" uspid="909" ordinal="2" offset="48" sl="42" path="0" offsetend="50" fileid="35" />
                <BranchPoint vc="0" uspid="910" ordinal="3" offset="48" sl="42" path="1" offsetend="75" fileid="35" />
              </BranchPoints>
              <MethodPoint xsi:type="SequencePoint" vc="0" uspid="901" ordinal="0" offset="0" sl="36" sc="13" el="36" ec="81" bec="0" bev="0" fileid="35" />
            </Method>
          </Methods>
        </Class>
        <Class>
          <Summary numSequencePoints="8" visitedSequencePoints="0" numBranchPoints="4" visitedBranchPoints="0" sequenceCoverage="0" branchCoverage="0" maxCyclomaticComplexity="1" minCyclomaticComplexity="1" maxCrapScore="2" minCrapScore="2" visitedClasses="0" numClasses="1" visitedMethods="0" numMethods="4" />
          <FullName>Internal.Microsoft.Extensions.DependencyModel.RuntimeAssetGroup</FullName>
          <Methods>
            <Method visited="false" cyclomaticComplexity="1" nPathComplexity="0" sequenceCoverage="0" branchCoverage="0" crapScore="2" isConstructor="false" isStatic="false" isGetter="true" isSetter="false">
              <Summary numSequencePoints="1" visitedSequencePoints="0" numBranchPoints="1" visitedBranchPoints="0" sequenceCoverage="0" branchCoverage="0" maxCyclomaticComplexity="1" minCyclomaticComplexity="1" maxCrapScore="2" minCrapScore="2" visitedClasses="0" numClasses="0" visitedMethods="0" numMethods="1" />
              <MetadataToken>100663457</MetadataToken>
              <Name>System.String Internal.Microsoft.Extensions.DependencyModel.RuntimeAssetGroup::get_Runtime()</Name>
              <FileRef uid="36" />
              <SequencePoints>
                <SequencePoint vc="0" uspid="911" ordinal="0" offset="0" sl="24" sc="33" el="24" ec="37" bec="0" bev="0" fileid="36" />
              </SequencePoints>
              <BranchPoints />
              <MethodPoint xsi:type="SequencePoint" vc="0" uspid="911" ordinal="0" offset="0" sl="24" sc="33" el="24" ec="37" bec="0" bev="0" fileid="36" />
            </Method>
            <Method visited="false" cyclomaticComplexity="1" nPathComplexity="0" sequenceCoverage="0" branchCoverage="0" crapScore="2" isConstructor="false" isStatic="false" isGetter="true" isSetter="false">
              <Summary numSequencePoints="1" visitedSequencePoints="0" numBranchPoints="1" visitedBranchPoints="0" sequenceCoverage="0" branchCoverage="0" maxCyclomaticComplexity="1" minCyclomaticComplexity="1" maxCrapScore="2" minCrapScore="2" visitedClasses="0" numClasses="0" visitedMethods="0" numMethods="1" />
              <MetadataToken>100663458</MetadataToken>
              <Name>System.Collections.Generic.IReadOnlyList`1&lt;System.String&gt; Internal.Microsoft.Extensions.DependencyModel.RuntimeAssetGroup::get_AssetPaths()</Name>
              <FileRef uid="36" />
              <SequencePoints>
                <SequencePoint vc="0" uspid="912" ordinal="0" offset="0" sl="29" sc="51" el="29" ec="55" bec="0" bev="0" fileid="36" />
              </SequencePoints>
              <BranchPoints />
              <MethodPoint xsi:type="SequencePoint" vc="0" uspid="912" ordinal="0" offset="0" sl="29" sc="51" el="29" ec="55" bec="0" bev="0" fileid="36" />
            </Method>
            <Method visited="false" cyclomaticComplexity="1" nPathComplexity="0" sequenceCoverage="0" branchCoverage="0" crapScore="2" isConstructor="true" isStatic="false" isGetter="false" isSetter="false">
              <Summary numSequencePoints="2" visitedSequencePoints="0" numBranchPoints="1" visitedBranchPoints="0" sequenceCoverage="0" branchCoverage="0" maxCyclomaticComplexity="1" minCyclomaticComplexity="1" maxCrapScore="2" minCrapScore="2" visitedClasses="0" numClasses="0" visitedMethods="0" numMethods="1" />
              <MetadataToken>100663455</MetadataToken>
              <Name>System.Void Internal.Microsoft.Extensions.DependencyModel.RuntimeAssetGroup::.ctor(System.String,System.String[])</Name>
              <FileRef uid="36" />
              <SequencePoints>
                <SequencePoint vc="0" uspid="913" ordinal="0" offset="0" sl="13" sc="80" el="13" ec="126" bec="0" bev="0" fileid="36" />
                <SequencePoint vc="0" uspid="914" ordinal="1" offset="8" sl="13" sc="129" el="13" ec="130" bec="0" bev="0" fileid="36" />
              </SequencePoints>
              <BranchPoints />
              <MethodPoint xsi:type="SequencePoint" vc="0" uspid="913" ordinal="0" offset="0" sl="13" sc="80" el="13" ec="126" bec="0" bev="0" fileid="36" />
            </Method>
            <Method visited="false" cyclomaticComplexity="1" nPathComplexity="0" sequenceCoverage="0" branchCoverage="0" crapScore="2" isConstructor="true" isStatic="false" isGetter="false" isSetter="false">
              <Summary numSequencePoints="4" visitedSequencePoints="0" numBranchPoints="1" visitedBranchPoints="0" sequenceCoverage="0" branchCoverage="0" maxCyclomaticComplexity="1" minCyclomaticComplexity="1" maxCrapScore="2" minCrapScore="2" visitedClasses="0" numClasses="0" visitedMethods="0" numMethods="1" />
              <MetadataToken>100663456</MetadataToken>
              <Name>System.Void Internal.Microsoft.Extensions.DependencyModel.RuntimeAssetGroup::.ctor(System.String,System.Collections.Generic.IEnumerable`1&lt;System.String&gt;)</Name>
              <FileRef uid="36" />
              <SequencePoints>
                <SequencePoint vc="0" uspid="915" ordinal="0" offset="0" sl="15" sc="9" el="15" ec="81" bec="0" bev="0" fileid="36" />
                <SequencePoint vc="0" uspid="916" ordinal="1" offset="6" sl="17" sc="13" el="17" ec="31" bec="0" bev="0" fileid="36" />
                <SequencePoint vc="0" uspid="917" ordinal="2" offset="13" sl="18" sc="13" el="18" ec="47" bec="0" bev="0" fileid="36" />
                <SequencePoint vc="0" uspid="918" ordinal="3" offset="25" sl="19" sc="9" el="19" ec="10" bec="0" bev="0" fileid="36" />
              </SequencePoints>
              <BranchPoints />
              <MethodPoint xsi:type="SequencePoint" vc="0" uspid="915" ordinal="0" offset="0" sl="15" sc="9" el="15" ec="81" bec="0" bev="0" fileid="36" />
            </Method>
          </Methods>
        </Class>
        <Class>
          <Summary numSequencePoints="14" visitedSequencePoints="0" numBranchPoints="10" visitedBranchPoints="0" sequenceCoverage="0" branchCoverage="0" maxCyclomaticComplexity="3" minCyclomaticComplexity="1" maxCrapScore="12" minCrapScore="2" visitedClasses="0" numClasses="1" visitedMethods="0" numMethods="6" />
          <FullName>Internal.Microsoft.Extensions.DependencyModel.RuntimeFallbacks</FullName>
          <Methods>
            <Method visited="false" cyclomaticComplexity="1" nPathComplexity="0" sequenceCoverage="0" branchCoverage="0" crapScore="2" isConstructor="false" isStatic="false" isGetter="true" isSetter="false">
              <Summary numSequencePoints="1" visitedSequencePoints="0" numBranchPoints="1" visitedBranchPoints="0" sequenceCoverage="0" branchCoverage="0" maxCyclomaticComplexity="1" minCyclomaticComplexity="1" maxCrapScore="2" minCrapScore="2" visitedClasses="0" numClasses="0" visitedMethods="0" numMethods="1" />
              <MetadataToken>100663459</MetadataToken>
              <Name>System.String Internal.Microsoft.Extensions.DependencyModel.RuntimeFallbacks::get_Runtime()</Name>
              <FileRef uid="37" />
              <SequencePoints>
                <SequencePoint vc="0" uspid="919" ordinal="0" offset="0" sl="14" sc="33" el="14" ec="37" bec="0" bev="0" fileid="37" />
              </SequencePoints>
              <BranchPoints />
              <MethodPoint xsi:type="SequencePoint" vc="0" uspid="919" ordinal="0" offset="0" sl="14" sc="33" el="14" ec="37" bec="0" bev="0" fileid="37" />
            </Method>
            <Method visited="false" cyclomaticComplexity="1" nPathComplexity="0" sequenceCoverage="0" branchCoverage="0" crapScore="2" isConstructor="false" isStatic="false" isGetter="false" isSetter="true">
              <Summary numSequencePoints="1" visitedSequencePoints="0" numBranchPoints="1" visitedBranchPoints="0" sequenceCoverage="0" branchCoverage="0" maxCyclomaticComplexity="1" minCyclomaticComplexity="1" maxCrapScore="2" minCrapScore="2" visitedClasses="0" numClasses="0" visitedMethods="0" numMethods="1" />
              <MetadataToken>100663460</MetadataToken>
              <Name>System.Void Internal.Microsoft.Extensions.DependencyModel.RuntimeFallbacks::set_Runtime(System.String)</Name>
              <FileRef uid="37" />
              <SequencePoints>
                <SequencePoint vc="0" uspid="920" ordinal="0" offset="0" sl="14" sc="38" el="14" ec="42" bec="0" bev="0" fileid="37" />
              </SequencePoints>
              <BranchPoints />
              <MethodPoint xsi:type="SequencePoint" vc="0" uspid="920" ordinal="0" offset="0" sl="14" sc="38" el="14" ec="42" bec="0" bev="0" fileid="37" />
            </Method>
            <Method visited="false" cyclomaticComplexity="1" nPathComplexity="0" sequenceCoverage="0" branchCoverage="0" crapScore="2" isConstructor="false" isStatic="false" isGetter="true" isSetter="false">
              <Summary numSequencePoints="1" visitedSequencePoints="0" numBranchPoints="1" visitedBranchPoints="0" sequenceCoverage="0" branchCoverage="0" maxCyclomaticComplexity="1" minCyclomaticComplexity="1" maxCrapScore="2" minCrapScore="2" visitedClasses="0" numClasses="0" visitedMethods="0" numMethods="1" />
              <MetadataToken>100663461</MetadataToken>
              <Name>System.Collections.Generic.IReadOnlyList`1&lt;System.String&gt; Internal.Microsoft.Extensions.DependencyModel.RuntimeFallbacks::get_Fallbacks()</Name>
              <FileRef uid="37" />
              <SequencePoints>
                <SequencePoint vc="0" uspid="921" ordinal="0" offset="0" sl="15" sc="50" el="15" ec="54" bec="0" bev="0" fileid="37" />
              </SequencePoints>
              <BranchPoints />
              <MethodPoint xsi:type="SequencePoint" vc="0" uspid="921" ordinal="0" offset="0" sl="15" sc="50" el="15" ec="54" bec="0" bev="0" fileid="37" />
            </Method>
            <Method visited="false" cyclomaticComplexity="1" nPathComplexity="0" sequenceCoverage="0" branchCoverage="0" crapScore="2" isConstructor="false" isStatic="false" isGetter="false" isSetter="true">
              <Summary numSequencePoints="1" visitedSequencePoints="0" numBranchPoints="1" visitedBranchPoints="0" sequenceCoverage="0" branchCoverage="0" maxCyclomaticComplexity="1" minCyclomaticComplexity="1" maxCrapScore="2" minCrapScore="2" visitedClasses="0" numClasses="0" visitedMethods="0" numMethods="1" />
              <MetadataToken>100663462</MetadataToken>
              <Name>System.Void Internal.Microsoft.Extensions.DependencyModel.RuntimeFallbacks::set_Fallbacks(System.Collections.Generic.IReadOnlyList`1&lt;System.String&gt;)</Name>
              <FileRef uid="37" />
              <SequencePoints>
                <SequencePoint vc="0" uspid="922" ordinal="0" offset="0" sl="15" sc="55" el="15" ec="59" bec="0" bev="0" fileid="37" />
              </SequencePoints>
              <BranchPoints />
              <MethodPoint xsi:type="SequencePoint" vc="0" uspid="922" ordinal="0" offset="0" sl="15" sc="55" el="15" ec="59" bec="0" bev="0" fileid="37" />
            </Method>
            <Method visited="false" cyclomaticComplexity="1" nPathComplexity="0" sequenceCoverage="0" branchCoverage="0" crapScore="2" isConstructor="true" isStatic="false" isGetter="false" isSetter="false">
              <Summary numSequencePoints="2" visitedSequencePoints="0" numBranchPoints="1" visitedBranchPoints="0" sequenceCoverage="0" branchCoverage="0" maxCyclomaticComplexity="1" minCyclomaticComplexity="1" maxCrapScore="2" minCrapScore="2" visitedClasses="0" numClasses="0" visitedMethods="0" numMethods="1" />
              <MetadataToken>100663463</MetadataToken>
              <Name>System.Void Internal.Microsoft.Extensions.DependencyModel.RuntimeFallbacks::.ctor(System.String,System.String[])</Name>
              <FileRef uid="37" />
              <SequencePoints>
                <SequencePoint vc="0" uspid="923" ordinal="0" offset="0" sl="17" sc="78" el="17" ec="123" bec="0" bev="0" fileid="37" />
                <SequencePoint vc="0" uspid="924" ordinal="1" offset="8" sl="17" sc="126" el="17" ec="127" bec="0" bev="0" fileid="37" />
              </SequencePoints>
              <BranchPoints />
              <MethodPoint xsi:type="SequencePoint" vc="0" uspid="923" ordinal="0" offset="0" sl="17" sc="78" el="17" ec="123" bec="0" bev="0" fileid="37" />
            </Method>
            <Method visited="false" cyclomaticComplexity="3" nPathComplexity="4" sequenceCoverage="0" branchCoverage="0" crapScore="12" isConstructor="true" isStatic="false" isGetter="false" isSetter="false">
              <Summary numSequencePoints="8" visitedSequencePoints="0" numBranchPoints="5" visitedBranchPoints="0" sequenceCoverage="0" branchCoverage="0" maxCyclomaticComplexity="3" minCyclomaticComplexity="3" maxCrapScore="12" minCrapScore="12" visitedClasses="0" numClasses="0" visitedMethods="0" numMethods="1" />
              <MetadataToken>100663464</MetadataToken>
              <Name>System.Void Internal.Microsoft.Extensions.DependencyModel.RuntimeFallbacks::.ctor(System.String,System.Collections.Generic.IEnumerable`1&lt;System.String&gt;)</Name>
              <FileRef uid="37" />
              <SequencePoints>
                <SequencePoint vc="0" uspid="925" ordinal="0" offset="0" sl="18" sc="9" el="18" ec="79" bec="0" bev="0" fileid="37" />
                <SequencePoint vc="0" uspid="926" ordinal="1" offset="6" sl="20" sc="13" el="20" ec="47" bec="2" bev="0" fileid="37" />
                <SequencePoint vc="0" uspid="927" ordinal="2" offset="14" sl="22" sc="17" el="22" ec="62" bec="0" bev="0" fileid="37" />
                <SequencePoint vc="0" uspid="928" ordinal="3" offset="25" sl="24" sc="13" el="24" ec="35" bec="2" bev="0" fileid="37" />
                <SequencePoint vc="0" uspid="929" ordinal="4" offset="28" sl="26" sc="17" el="26" ec="68" bec="0" bev="0" fileid="37" />
                <SequencePoint vc="0" uspid="930" ordinal="5" offset="39" sl="28" sc="13" el="28" ec="31" bec="0" bev="0" fileid="37" />
                <SequencePoint vc="0" uspid="931" ordinal="6" offset="46" sl="29" sc="13" el="29" ec="45" bec="0" bev="0" fileid="37" />
                <SequencePoint vc="0" uspid="932" ordinal="7" offset="58" sl="30" sc="9" el="30" ec="10" bec="0" bev="0" fileid="37" />
              </SequencePoints>
              <BranchPoints>
                <BranchPoint vc="0" uspid="933" ordinal="0" offset="12" sl="20" path="0" offsetend="14" fileid="37" />
                <BranchPoint vc="0" uspid="934" ordinal="1" offset="12" sl="20" path="1" offsetend="25" fileid="37" />
                <BranchPoint vc="0" uspid="935" ordinal="2" offset="26" sl="24" path="0" offsetend="28" fileid="37" />
                <BranchPoint vc="0" uspid="936" ordinal="3" offset="26" sl="24" path="1" offsetend="39" fileid="37" />
              </BranchPoints>
              <MethodPoint xsi:type="SequencePoint" vc="0" uspid="925" ordinal="0" offset="0" sl="18" sc="9" el="18" ec="79" bec="0" bev="0" fileid="37" />
            </Method>
          </Methods>
        </Class>
        <Class>
          <Summary numSequencePoints="18" visitedSequencePoints="0" numBranchPoints="12" visitedBranchPoints="0" sequenceCoverage="0" branchCoverage="0" maxCyclomaticComplexity="4" minCyclomaticComplexity="1" maxCrapScore="20" minCrapScore="2" visitedClasses="0" numClasses="1" visitedMethods="0" numMethods="6" />
          <FullName>Internal.Microsoft.Extensions.DependencyModel.RuntimeLibrary</FullName>
          <Methods>
            <Method visited="false" cyclomaticComplexity="1" nPathComplexity="0" sequenceCoverage="0" branchCoverage="0" crapScore="2" isConstructor="false" isStatic="false" isGetter="true" isSetter="false">
              <Summary numSequencePoints="1" visitedSequencePoints="0" numBranchPoints="1" visitedBranchPoints="0" sequenceCoverage="0" branchCoverage="0" maxCyclomaticComplexity="1" minCyclomaticComplexity="1" maxCrapScore="2" minCrapScore="2" visitedClasses="0" numClasses="0" visitedMethods="0" numMethods="1" />
              <MetadataToken>100663468</MetadataToken>
              <Name>System.Collections.Generic.IReadOnlyList`1&lt;Internal.Microsoft.Extensions.DependencyModel.RuntimeAssetGroup&gt; Internal.Microsoft.Extensions.DependencyModel.RuntimeLibrary::get_RuntimeAssemblyGroups()</Name>
              <FileRef uid="38" />
              <SequencePoints>
                <SequencePoint vc="0" uspid="937" ordinal="0" offset="0" sl="102" sc="73" el="102" ec="77" bec="0" bev="0" fileid="38" />
              </SequencePoints>
              <BranchPoints />
              <MethodPoint xsi:type="SequencePoint" vc="0" uspid="937" ordinal="0" offset="0" sl="102" sc="73" el="102" ec="77" bec="0" bev="0" fileid="38" />
            </Method>
            <Method visited="false" cyclomaticComplexity="1" nPathComplexity="0" sequenceCoverage="0" branchCoverage="0" crapScore="2" isConstructor="false" isStatic="false" isGetter="true" isSetter="false">
              <Summary numSequencePoints="1" visitedSequencePoints="0" numBranchPoints="1" visitedBranchPoints="0" sequenceCoverage="0" branchCoverage="0" maxCyclomaticComplexity="1" minCyclomaticComplexity="1" maxCrapScore="2" minCrapScore="2" visitedClasses="0" numClasses="0" visitedMethods="0" numMethods="1" />
              <MetadataToken>100663469</MetadataToken>
              <Name>System.Collections.Generic.IReadOnlyList`1&lt;Internal.Microsoft.Extensions.DependencyModel.RuntimeAssetGroup&gt; Internal.Microsoft.Extensions.DependencyModel.RuntimeLibrary::get_NativeLibraryGroups()</Name>
              <FileRef uid="38" />
              <SequencePoints>
                <SequencePoint vc="0" uspid="938" ordinal="0" offset="0" sl="104" sc="71" el="104" ec="75" bec="0" bev="0" fileid="38" />
              </SequencePoints>
              <BranchPoints />
              <MethodPoint xsi:type="SequencePoint" vc="0" uspid="938" ordinal="0" offset="0" sl="104" sc="71" el="104" ec="75" bec="0" bev="0" fileid="38" />
            </Method>
            <Method visited="false" cyclomaticComplexity="1" nPathComplexity="0" sequenceCoverage="0" branchCoverage="0" crapScore="2" isConstructor="false" isStatic="false" isGetter="true" isSetter="false">
              <Summary numSequencePoints="1" visitedSequencePoints="0" numBranchPoints="1" visitedBranchPoints="0" sequenceCoverage="0" branchCoverage="0" maxCyclomaticComplexity="1" minCyclomaticComplexity="1" maxCrapScore="2" minCrapScore="2" visitedClasses="0" numClasses="0" visitedMethods="0" numMethods="1" />
              <MetadataToken>100663470</MetadataToken>
              <Name>System.Collections.Generic.IReadOnlyList`1&lt;Internal.Microsoft.Extensions.DependencyModel.ResourceAssembly&gt; Internal.Microsoft.Extensions.DependencyModel.RuntimeLibrary::get_ResourceAssemblies()</Name>
              <FileRef uid="38" />
              <SequencePoints>
                <SequencePoint vc="0" uspid="939" ordinal="0" offset="0" sl="106" sc="69" el="106" ec="73" bec="0" bev="0" fileid="38" />
              </SequencePoints>
              <BranchPoints />
              <MethodPoint xsi:type="SequencePoint" vc="0" uspid="939" ordinal="0" offset="0" sl="106" sc="69" el="106" ec="73" bec="0" bev="0" fileid="38" />
            </Method>
            <Method visited="false" cyclomaticComplexity="1" nPathComplexity="0" sequenceCoverage="0" branchCoverage="0" crapScore="2" isConstructor="true" isStatic="false" isGetter="false" isSetter="false">
              <Summary numSequencePoints="2" visitedSequencePoints="0" numBranchPoints="1" visitedBranchPoints="0" sequenceCoverage="0" branchCoverage="0" maxCyclomaticComplexity="1" minCyclomaticComplexity="1" maxCrapScore="2" minCrapScore="2" visitedClasses="0" numClasses="0" visitedMethods="0" numMethods="1" />
              <MetadataToken>100663465</MetadataToken>
              <Name>System.Void Internal.Microsoft.Extensions.DependencyModel.RuntimeLibrary::.ctor(System.String,System.String,System.String,System.String,System.Collections.Generic.IReadOnlyList`1&lt;Internal.Microsoft.Extensions.DependencyModel.RuntimeAssetGroup&gt;,System.Collections.Generic.IReadOnlyList`1&lt;Internal.Microsoft.Extensions.DependencyModel.RuntimeAssetGroup&gt;,System.Collections.Generic.IEnumerable`1&lt;Internal.Microsoft.Extensions.DependencyModel.ResourceAssembly&gt;,System.Collections.Generic.IEnumerable`1&lt;Internal.Microsoft.Extensions.DependencyModel.Dependency&gt;,System.Boolean)</Name>
              <FileRef uid="38" />
              <SequencePoints>
                <SequencePoint vc="0" uspid="940" ordinal="0" offset="0" sl="23" sc="15" el="33" ec="34" bec="0" bev="0" fileid="38" />
                <SequencePoint vc="0" uspid="941" ordinal="1" offset="23" sl="35" sc="9" el="35" ec="10" bec="0" bev="0" fileid="38" />
              </SequencePoints>
              <BranchPoints />
              <MethodPoint xsi:type="SequencePoint" vc="0" uspid="940" ordinal="0" offset="0" sl="23" sc="15" el="33" ec="34" bec="0" bev="0" fileid="38" />
            </Method>
            <Method visited="false" cyclomaticComplexity="1" nPathComplexity="0" sequenceCoverage="0" branchCoverage="0" crapScore="2" isConstructor="true" isStatic="false" isGetter="false" isSetter="false">
              <Summary numSequencePoints="2" visitedSequencePoints="0" numBranchPoints="1" visitedBranchPoints="0" sequenceCoverage="0" branchCoverage="0" maxCyclomaticComplexity="1" minCyclomaticComplexity="1" maxCrapScore="2" minCrapScore="2" visitedClasses="0" numClasses="0" visitedMethods="0" numMethods="1" />
              <MetadataToken>100663466</MetadataToken>
              <Name>System.Void Internal.Microsoft.Extensions.DependencyModel.RuntimeLibrary::.ctor(System.String,System.String,System.String,System.String,System.Collections.Generic.IReadOnlyList`1&lt;Internal.Microsoft.Extensions.DependencyModel.RuntimeAssetGroup&gt;,System.Collections.Generic.IReadOnlyList`1&lt;Internal.Microsoft.Extensions.DependencyModel.RuntimeAssetGroup&gt;,System.Collections.Generic.IEnumerable`1&lt;Internal.Microsoft.Extensions.DependencyModel.ResourceAssembly&gt;,System.Collections.Generic.IEnumerable`1&lt;Internal.Microsoft.Extensions.DependencyModel.Dependency&gt;,System.Boolean,System.String,System.String)</Name>
              <FileRef uid="38" />
              <SequencePoints>
                <SequencePoint vc="0" uspid="942" ordinal="0" offset="0" sl="48" sc="15" el="59" ec="51" bec="0" bev="0" fileid="38" />
                <SequencePoint vc="0" uspid="943" ordinal="1" offset="26" sl="61" sc="10" el="61" ec="11" bec="0" bev="0" fileid="38" />
              </SequencePoints>
              <BranchPoints />
              <MethodPoint xsi:type="SequencePoint" vc="0" uspid="942" ordinal="0" offset="0" sl="48" sc="15" el="59" ec="51" bec="0" bev="0" fileid="38" />
            </Method>
            <Method visited="false" cyclomaticComplexity="4" nPathComplexity="8" sequenceCoverage="0" branchCoverage="0" crapScore="20" isConstructor="true" isStatic="false" isGetter="false" isSetter="false">
              <Summary numSequencePoints="11" visitedSequencePoints="0" numBranchPoints="7" visitedBranchPoints="0" sequenceCoverage="0" branchCoverage="0" maxCyclomaticComplexity="4" minCyclomaticComplexity="4" maxCrapScore="20" minCrapScore="20" visitedClasses="0" numClasses="0" visitedMethods="0" numMethods="1" />
              <MetadataToken>100663467</MetadataToken>
              <Name>System.Void Internal.Microsoft.Extensions.DependencyModel.RuntimeLibrary::.ctor(System.String,System.String,System.String,System.String,System.Collections.Generic.IReadOnlyList`1&lt;Internal.Microsoft.Extensions.DependencyModel.RuntimeAssetGroup&gt;,System.Collections.Generic.IReadOnlyList`1&lt;Internal.Microsoft.Extensions.DependencyModel.RuntimeAssetGroup&gt;,System.Collections.Generic.IEnumerable`1&lt;Internal.Microsoft.Extensions.DependencyModel.ResourceAssembly&gt;,System.Collections.Generic.IEnumerable`1&lt;Internal.Microsoft.Extensions.DependencyModel.Dependency&gt;,System.Boolean,System.String,System.String,System.String)</Name>
              <FileRef uid="38" />
              <SequencePoints>
                <SequencePoint vc="0" uspid="944" ordinal="0" offset="0" sl="75" sc="15" el="83" ec="44" bec="0" bev="0" fileid="38" />
                <SequencePoint vc="0" uspid="945" ordinal="1" offset="21" sl="85" sc="13" el="85" ec="47" bec="2" bev="0" fileid="38" />
                <SequencePoint vc="0" uspid="946" ordinal="2" offset="25" sl="87" sc="17" el="87" ec="80" bec="0" bev="0" fileid="38" />
                <SequencePoint vc="0" uspid="947" ordinal="3" offset="36" sl="89" sc="13" el="89" ec="45" bec="2" bev="0" fileid="38" />
                <SequencePoint vc="0" uspid="948" ordinal="4" offset="40" sl="91" sc="17" el="91" ec="78" bec="0" bev="0" fileid="38" />
                <SequencePoint vc="0" uspid="949" ordinal="5" offset="51" sl="93" sc="13" el="93" ec="44" bec="2" bev="0" fileid="38" />
                <SequencePoint vc="0" uspid="950" ordinal="6" offset="55" sl="95" sc="17" el="95" ec="77" bec="0" bev="0" fileid="38" />
                <SequencePoint vc="0" uspid="951" ordinal="7" offset="66" sl="97" sc="13" el="97" ec="59" bec="0" bev="0" fileid="38" />
                <SequencePoint vc="0" uspid="952" ordinal="8" offset="74" sl="98" sc="13" el="98" ec="63" bec="0" bev="0" fileid="38" />
                <SequencePoint vc="0" uspid="953" ordinal="9" offset="87" sl="99" sc="13" el="99" ec="55" bec="0" bev="0" fileid="38" />
                <SequencePoint vc="0" uspid="954" ordinal="10" offset="95" sl="100" sc="9" el="100" ec="10" bec="0" bev="0" fileid="38" />
              </SequencePoints>
              <BranchPoints>
                <BranchPoint vc="0" uspid="955" ordinal="0" offset="23" sl="85" path="0" offsetend="25" fileid="38" />
                <BranchPoint vc="0" uspid="956" ordinal="1" offset="23" sl="85" path="1" offsetend="36" fileid="38" />
                <BranchPoint vc="0" uspid="957" ordinal="2" offset="38" sl="89" path="0" offsetend="40" fileid="38" />
                <BranchPoint vc="0" uspid="958" ordinal="3" offset="38" sl="89" path="1" offsetend="51" fileid="38" />
                <BranchPoint vc="0" uspid="959" ordinal="4" offset="53" sl="93" path="0" offsetend="55" fileid="38" />
                <BranchPoint vc="0" uspid="960" ordinal="5" offset="53" sl="93" path="1" offsetend="66" fileid="38" />
              </BranchPoints>
              <MethodPoint xsi:type="SequencePoint" vc="0" uspid="944" ordinal="0" offset="0" sl="75" sc="15" el="83" ec="44" bec="0" bev="0" fileid="38" />
            </Method>
          </Methods>
        </Class>
        <Class>
          <Summary numSequencePoints="12" visitedSequencePoints="0" numBranchPoints="7" visitedBranchPoints="0" sequenceCoverage="0" branchCoverage="0" maxCyclomaticComplexity="2" minCyclomaticComplexity="1" maxCrapScore="6" minCrapScore="2" visitedClasses="0" numClasses="1" visitedMethods="0" numMethods="5" />
          <FullName>Internal.Microsoft.Extensions.DependencyModel.TargetInfo</FullName>
          <Methods>
            <Method visited="false" cyclomaticComplexity="1" nPathComplexity="0" sequenceCoverage="0" branchCoverage="0" crapScore="2" isConstructor="false" isStatic="false" isGetter="true" isSetter="false">
              <Summary numSequencePoints="1" visitedSequencePoints="0" numBranchPoints="1" visitedBranchPoints="0" sequenceCoverage="0" branchCoverage="0" maxCyclomaticComplexity="1" minCyclomaticComplexity="1" maxCrapScore="2" minCrapScore="2" visitedClasses="0" numClasses="0" visitedMethods="0" numMethods="1" />
              <MetadataToken>100663472</MetadataToken>
              <Name>System.String Internal.Microsoft.Extensions.DependencyModel.TargetInfo::get_Framework()</Name>
              <FileRef uid="39" />
              <SequencePoints>
                <SequencePoint vc="0" uspid="961" ordinal="0" offset="0" sl="28" sc="35" el="28" ec="39" bec="0" bev="0" fileid="39" />
              </SequencePoints>
              <BranchPoints />
              <MethodPoint xsi:type="SequencePoint" vc="0" uspid="961" ordinal="0" offset="0" sl="28" sc="35" el="28" ec="39" bec="0" bev="0" fileid="39" />
            </Method>
            <Method visited="false" cyclomaticComplexity="1" nPathComplexity="0" sequenceCoverage="0" branchCoverage="0" crapScore="2" isConstructor="false" isStatic="false" isGetter="true" isSetter="false">
              <Summary numSequencePoints="1" visitedSequencePoints="0" numBranchPoints="1" visitedBranchPoints="0" sequenceCoverage="0" branchCoverage="0" maxCyclomaticComplexity="1" minCyclomaticComplexity="1" maxCrapScore="2" minCrapScore="2" visitedClasses="0" numClasses="0" visitedMethods="0" numMethods="1" />
              <MetadataToken>100663473</MetadataToken>
              <Name>System.String Internal.Microsoft.Extensions.DependencyModel.TargetInfo::get_Runtime()</Name>
              <FileRef uid="39" />
              <SequencePoints>
                <SequencePoint vc="0" uspid="962" ordinal="0" offset="0" sl="30" sc="33" el="30" ec="37" bec="0" bev="0" fileid="39" />
              </SequencePoints>
              <BranchPoints />
              <MethodPoint xsi:type="SequencePoint" vc="0" uspid="962" ordinal="0" offset="0" sl="30" sc="33" el="30" ec="37" bec="0" bev="0" fileid="39" />
            </Method>
            <Method visited="false" cyclomaticComplexity="1" nPathComplexity="0" sequenceCoverage="0" branchCoverage="0" crapScore="2" isConstructor="false" isStatic="false" isGetter="true" isSetter="false">
              <Summary numSequencePoints="1" visitedSequencePoints="0" numBranchPoints="1" visitedBranchPoints="0" sequenceCoverage="0" branchCoverage="0" maxCyclomaticComplexity="1" minCyclomaticComplexity="1" maxCrapScore="2" minCrapScore="2" visitedClasses="0" numClasses="0" visitedMethods="0" numMethods="1" />
              <MetadataToken>100663474</MetadataToken>
              <Name>System.String Internal.Microsoft.Extensions.DependencyModel.TargetInfo::get_RuntimeSignature()</Name>
              <FileRef uid="39" />
              <SequencePoints>
                <SequencePoint vc="0" uspid="963" ordinal="0" offset="0" sl="32" sc="42" el="32" ec="46" bec="0" bev="0" fileid="39" />
              </SequencePoints>
              <BranchPoints />
              <MethodPoint xsi:type="SequencePoint" vc="0" uspid="963" ordinal="0" offset="0" sl="32" sc="42" el="32" ec="46" bec="0" bev="0" fileid="39" />
            </Method>
            <Method visited="false" cyclomaticComplexity="1" nPathComplexity="0" sequenceCoverage="0" branchCoverage="0" crapScore="2" isConstructor="false" isStatic="false" isGetter="true" isSetter="false">
              <Summary numSequencePoints="1" visitedSequencePoints="0" numBranchPoints="1" visitedBranchPoints="0" sequenceCoverage="0" branchCoverage="0" maxCyclomaticComplexity="1" minCyclomaticComplexity="1" maxCrapScore="2" minCrapScore="2" visitedClasses="0" numClasses="0" visitedMethods="0" numMethods="1" />
              <MetadataToken>100663475</MetadataToken>
              <Name>System.Boolean Internal.Microsoft.Extensions.DependencyModel.TargetInfo::get_IsPortable()</Name>
              <FileRef uid="39" />
              <SequencePoints>
                <SequencePoint vc="0" uspid="964" ordinal="0" offset="0" sl="34" sc="34" el="34" ec="38" bec="0" bev="0" fileid="39" />
              </SequencePoints>
              <BranchPoints />
              <MethodPoint xsi:type="SequencePoint" vc="0" uspid="964" ordinal="0" offset="0" sl="34" sc="34" el="34" ec="38" bec="0" bev="0" fileid="39" />
            </Method>
            <Method visited="false" cyclomaticComplexity="2" nPathComplexity="2" sequenceCoverage="0" branchCoverage="0" crapScore="6" isConstructor="true" isStatic="false" isGetter="false" isSetter="false">
              <Summary numSequencePoints="8" visitedSequencePoints="0" numBranchPoints="3" visitedBranchPoints="0" sequenceCoverage="0" branchCoverage="0" maxCyclomaticComplexity="2" minCyclomaticComplexity="2" maxCrapScore="6" minCrapScore="6" visitedClasses="0" numClasses="0" visitedMethods="0" numMethods="1" />
              <MetadataToken>100663471</MetadataToken>
              <Name>System.Void Internal.Microsoft.Extensions.DependencyModel.TargetInfo::.ctor(System.String,System.String,System.String,System.Boolean)</Name>
              <FileRef uid="39" />
              <SequencePoints>
                <SequencePoint vc="0" uspid="965" ordinal="0" offset="0" sl="12" sc="9" el="15" ec="29" bec="0" bev="0" fileid="39" />
                <SequencePoint vc="0" uspid="966" ordinal="1" offset="6" sl="17" sc="13" el="17" ec="49" bec="2" bev="0" fileid="39" />
                <SequencePoint vc="0" uspid="967" ordinal="2" offset="14" sl="19" sc="17" el="19" ec="64" bec="0" bev="0" fileid="39" />
                <SequencePoint vc="0" uspid="968" ordinal="3" offset="25" sl="22" sc="13" el="22" ec="35" bec="0" bev="0" fileid="39" />
                <SequencePoint vc="0" uspid="969" ordinal="4" offset="32" sl="23" sc="13" el="23" ec="31" bec="0" bev="0" fileid="39" />
                <SequencePoint vc="0" uspid="970" ordinal="5" offset="39" sl="24" sc="13" el="24" ec="49" bec="0" bev="0" fileid="39" />
                <SequencePoint vc="0" uspid="971" ordinal="6" offset="46" sl="25" sc="13" el="25" ec="37" bec="0" bev="0" fileid="39" />
                <SequencePoint vc="0" uspid="972" ordinal="7" offset="54" sl="26" sc="9" el="26" ec="10" bec="0" bev="0" fileid="39" />
              </SequencePoints>
              <BranchPoints>
                <BranchPoint vc="0" uspid="973" ordinal="0" offset="12" sl="17" path="0" offsetend="14" fileid="39" />
                <BranchPoint vc="0" uspid="974" ordinal="1" offset="12" sl="17" path="1" offsetend="25" fileid="39" />
              </BranchPoints>
              <MethodPoint xsi:type="SequencePoint" vc="0" uspid="965" ordinal="0" offset="0" sl="12" sc="9" el="15" ec="29" bec="0" bev="0" fileid="39" />
            </Method>
          </Methods>
        </Class>
        <Class>
          <Summary numSequencePoints="49" visitedSequencePoints="0" numBranchPoints="34" visitedBranchPoints="0" sequenceCoverage="0" branchCoverage="0" maxCyclomaticComplexity="18" minCyclomaticComplexity="1" maxCrapScore="342" minCrapScore="2" visitedClasses="0" numClasses="1" visitedMethods="0" numMethods="6" />
          <FullName>Internal.Microsoft.Extensions.DependencyModel.Resolution.AppBaseCompilationAssemblyResolver</FullName>
          <Methods>
            <Method visited="false" cyclomaticComplexity="1" nPathComplexity="0" sequenceCoverage="0" branchCoverage="0" crapScore="2" isConstructor="true" isStatic="false" isGetter="false" isSetter="false">
              <Summary numSequencePoints="2" visitedSequencePoints="0" numBranchPoints="1" visitedBranchPoints="0" sequenceCoverage="0" branchCoverage="0" maxCyclomaticComplexity="1" minCyclomaticComplexity="1" maxCrapScore="2" minCrapScore="2" visitedClasses="0" numClasses="0" visitedMethods="0" numMethods="1" />
              <MetadataToken>100663476</MetadataToken>
              <Name>System.Void Internal.Microsoft.Extensions.DependencyModel.Resolution.AppBaseCompilationAssemblyResolver::.ctor()</Name>
              <FileRef uid="40" />
              <SequencePoints>
                <SequencePoint vc="0" uspid="975" ordinal="0" offset="0" sl="21" sc="15" el="21" ec="46" bec="0" bev="0" fileid="40" />
                <SequencePoint vc="0" uspid="976" ordinal="1" offset="11" sl="23" sc="9" el="23" ec="10" bec="0" bev="0" fileid="40" />
              </SequencePoints>
              <BranchPoints />
              <MethodPoint xsi:type="SequencePoint" vc="0" uspid="975" ordinal="0" offset="0" sl="21" sc="15" el="21" ec="46" bec="0" bev="0" fileid="40" />
            </Method>
            <Method visited="false" cyclomaticComplexity="1" nPathComplexity="0" sequenceCoverage="0" branchCoverage="0" crapScore="2" isConstructor="true" isStatic="false" isGetter="false" isSetter="false">
              <Summary numSequencePoints="2" visitedSequencePoints="0" numBranchPoints="1" visitedBranchPoints="0" sequenceCoverage="0" branchCoverage="0" maxCyclomaticComplexity="1" minCyclomaticComplexity="1" maxCrapScore="2" minCrapScore="2" visitedClasses="0" numClasses="0" visitedMethods="0" numMethods="1" />
              <MetadataToken>100663477</MetadataToken>
              <Name>System.Void Internal.Microsoft.Extensions.DependencyModel.Resolution.AppBaseCompilationAssemblyResolver::.ctor(System.String)</Name>
              <FileRef uid="40" />
              <SequencePoints>
                <SequencePoint vc="0" uspid="977" ordinal="0" offset="0" sl="26" sc="15" el="26" ec="88" bec="0" bev="0" fileid="40" />
                <SequencePoint vc="0" uspid="978" ordinal="1" offset="17" sl="28" sc="9" el="28" ec="10" bec="0" bev="0" fileid="40" />
              </SequencePoints>
              <BranchPoints />
              <MethodPoint xsi:type="SequencePoint" vc="0" uspid="977" ordinal="0" offset="0" sl="26" sc="15" el="26" ec="88" bec="0" bev="0" fileid="40" />
            </Method>
            <Method visited="false" cyclomaticComplexity="1" nPathComplexity="0" sequenceCoverage="0" branchCoverage="0" crapScore="2" isConstructor="true" isStatic="false" isGetter="false" isSetter="false">
              <Summary numSequencePoints="2" visitedSequencePoints="0" numBranchPoints="1" visitedBranchPoints="0" sequenceCoverage="0" branchCoverage="0" maxCyclomaticComplexity="1" minCyclomaticComplexity="1" maxCrapScore="2" minCrapScore="2" visitedClasses="0" numClasses="0" visitedMethods="0" numMethods="1" />
              <MetadataToken>100663478</MetadataToken>
              <Name>System.Void Internal.Microsoft.Extensions.DependencyModel.Resolution.AppBaseCompilationAssemblyResolver::.ctor(Internal.Microsoft.Extensions.DependencyModel.IFileSystem)</Name>
              <FileRef uid="40" />
              <SequencePoints>
                <SequencePoint vc="0" uspid="979" ordinal="0" offset="0" sl="31" sc="15" el="31" ec="107" bec="0" bev="0" fileid="40" />
                <SequencePoint vc="0" uspid="980" ordinal="1" offset="17" sl="33" sc="9" el="33" ec="10" bec="0" bev="0" fileid="40" />
              </SequencePoints>
              <BranchPoints />
              <MethodPoint xsi:type="SequencePoint" vc="0" uspid="979" ordinal="0" offset="0" sl="31" sc="15" el="31" ec="107" bec="0" bev="0" fileid="40" />
            </Method>
            <Method visited="false" cyclomaticComplexity="1" nPathComplexity="0" sequenceCoverage="0" branchCoverage="0" crapScore="2" isConstructor="true" isStatic="false" isGetter="false" isSetter="false">
              <Summary numSequencePoints="5" visitedSequencePoints="0" numBranchPoints="1" visitedBranchPoints="0" sequenceCoverage="0" branchCoverage="0" maxCyclomaticComplexity="1" minCyclomaticComplexity="1" maxCrapScore="2" minCrapScore="2" visitedClasses="0" numClasses="0" visitedMethods="0" numMethods="1" />
              <MetadataToken>100663479</MetadataToken>
              <Name>System.Void Internal.Microsoft.Extensions.DependencyModel.Resolution.AppBaseCompilationAssemblyResolver::.ctor(Internal.Microsoft.Extensions.DependencyModel.IFileSystem,System.String,Internal.Microsoft.Extensions.DependencyModel.DependencyContextPaths)</Name>
              <FileRef uid="40" />
              <SequencePoints>
                <SequencePoint vc="0" uspid="981" ordinal="0" offset="0" sl="35" sc="9" el="35" ec="140" bec="0" bev="0" fileid="40" />
                <SequencePoint vc="0" uspid="982" ordinal="1" offset="6" sl="37" sc="13" el="37" ec="38" bec="0" bev="0" fileid="40" />
                <SequencePoint vc="0" uspid="983" ordinal="2" offset="13" sl="38" sc="13" el="38" ec="34" bec="0" bev="0" fileid="40" />
                <SequencePoint vc="0" uspid="984" ordinal="3" offset="20" sl="39" sc="13" el="39" ec="62" bec="0" bev="0" fileid="40" />
                <SequencePoint vc="0" uspid="985" ordinal="4" offset="27" sl="40" sc="9" el="40" ec="10" bec="0" bev="0" fileid="40" />
              </SequencePoints>
              <BranchPoints />
              <MethodPoint xsi:type="SequencePoint" vc="0" uspid="981" ordinal="0" offset="0" sl="35" sc="9" el="35" ec="140" bec="0" bev="0" fileid="40" />
            </Method>
            <Method visited="false" cyclomaticComplexity="18" nPathComplexity="16384" sequenceCoverage="0" branchCoverage="0" crapScore="342" isConstructor="false" isStatic="false" isGetter="false" isSetter="false">
              <Summary numSequencePoints="37" visitedSequencePoints="0" numBranchPoints="29" visitedBranchPoints="0" sequenceCoverage="0" branchCoverage="0" maxCyclomaticComplexity="18" minCyclomaticComplexity="18" maxCrapScore="342" minCrapScore="342" visitedClasses="0" numClasses="0" visitedMethods="0" numMethods="1" />
              <MetadataToken>100663480</MetadataToken>
              <Name>System.Boolean Internal.Microsoft.Extensions.DependencyModel.Resolution.AppBaseCompilationAssemblyResolver::TryResolveAssemblyPaths(Internal.Microsoft.Extensions.DependencyModel.CompilationLibrary,System.Collections.Generic.List`1&lt;System.String&gt;)</Name>
              <FileRef uid="40" />
              <SequencePoints>
                <SequencePoint vc="0" uspid="986" ordinal="0" offset="0" sl="44" sc="13" el="45" ec="99" bec="2" bev="0" fileid="40" />
                <SequencePoint vc="0" uspid="987" ordinal="1" offset="39" sl="47" sc="13" el="47" ec="104" bec="0" bev="0" fileid="40" />
                <SequencePoint vc="0" uspid="988" ordinal="2" offset="57" sl="48" sc="13" el="48" ec="124" bec="0" bev="0" fileid="40" />
                <SequencePoint vc="0" uspid="989" ordinal="3" offset="75" sl="49" sc="13" el="52" ec="95" bec="5" bev="0" fileid="40" />
                <SequencePoint vc="0" uspid="990" ordinal="4" offset="102" sl="54" sc="17" el="54" ec="30" bec="0" bev="0" fileid="40" />
                <SequencePoint vc="0" uspid="991" ordinal="5" offset="104" sl="57" sc="13" el="57" ec="71" bec="0" bev="0" fileid="40" />
                <SequencePoint vc="0" uspid="992" ordinal="6" offset="121" sl="58" sc="13" el="58" ec="70" bec="0" bev="0" fileid="40" />
                <SequencePoint vc="0" uspid="993" ordinal="7" offset="139" sl="61" sc="13" el="61" ec="53" bec="3" bev="0" fileid="40" />
                <SequencePoint vc="0" uspid="994" ordinal="8" offset="145" sl="63" sc="17" el="63" ec="30" bec="0" bev="0" fileid="40" />
                <SequencePoint vc="0" uspid="995" ordinal="9" offset="147" sl="66" sc="13" el="69" ec="15" bec="0" bev="0" fileid="40" />
                <SequencePoint vc="0" uspid="996" ordinal="10" offset="166" sl="71" sc="13" el="71" ec="29" bec="2" bev="0" fileid="40" />
                <SequencePoint vc="0" uspid="997" ordinal="11" offset="169" sl="73" sc="17" el="73" ec="49" bec="0" bev="0" fileid="40" />
                <SequencePoint vc="0" uspid="998" ordinal="12" offset="178" sl="77" sc="13" el="77" ec="68" bec="0" bev="0" fileid="40" />
                <SequencePoint vc="0" uspid="999" ordinal="13" offset="191" sl="78" sc="13" el="78" ec="79" bec="3" bev="0" fileid="40" />
                <SequencePoint vc="0" uspid="1000" ordinal="14" offset="205" sl="80" sc="17" el="80" ec="73" bec="0" bev="0" fileid="40" />
                <SequencePoint vc="0" uspid="1001" ordinal="15" offset="214" sl="81" sc="17" el="81" ec="83" bec="0" bev="0" fileid="40" />
                <SequencePoint vc="0" uspid="1002" ordinal="16" offset="228" sl="82" sc="17" el="82" ec="62" bec="2" bev="0" fileid="40" />
                <SequencePoint vc="0" uspid="1003" ordinal="17" offset="248" sl="84" sc="21" el="84" ec="49" bec="0" bev="0" fileid="40" />
                <SequencePoint vc="0" uspid="1004" ordinal="18" offset="257" sl="86" sc="17" el="86" ec="50" bec="0" bev="0" fileid="40" />
                <SequencePoint vc="0" uspid="1005" ordinal="19" offset="266" sl="89" sc="13" el="89" ec="44" bec="0" bev="0" fileid="40" />
                <SequencePoint vc="0" uspid="1006" ordinal="20" offset="273" sl="91" sc="38" el="91" ec="56" bec="0" bev="0" fileid="40" />
                <SequencePoint vc="0" uspid="1007" ordinal="21" offset="288" sl="91" sc="22" el="91" ec="34" bec="0" bev="0" fileid="40" />
                <SequencePoint vc="0" uspid="1008" ordinal="22" offset="295" sl="93" sc="17" el="93" ec="39" bec="0" bev="0" fileid="40" />
                <SequencePoint vc="0" uspid="1009" ordinal="23" offset="298" sl="94" sc="17" el="94" ec="63" bec="0" bev="0" fileid="40" />
                <SequencePoint vc="0" uspid="1010" ordinal="24" offset="305" sl="95" sc="43" el="95" ec="54" bec="0" bev="0" fileid="40" />
                <SequencePoint vc="0" uspid="1011" ordinal="25" offset="316" sl="95" sc="26" el="95" ec="39" bec="0" bev="0" fileid="40" />
                <SequencePoint vc="0" uspid="1012" ordinal="26" offset="325" sl="98" sc="21" el="98" ec="114" bec="2" bev="0" fileid="40" />
                <SequencePoint vc="0" uspid="1013" ordinal="27" offset="344" sl="100" sc="25" el="100" ec="45" bec="0" bev="0" fileid="40" />
                <SequencePoint vc="0" uspid="1014" ordinal="28" offset="353" sl="101" sc="25" el="101" ec="41" bec="0" bev="0" fileid="40" />
                <SequencePoint vc="0" uspid="1015" ordinal="29" offset="356" sl="102" sc="25" el="102" ec="31" bec="0" bev="0" fileid="40" />
                <SequencePoint vc="0" uspid="1016" ordinal="30" offset="358" sl="95" sc="40" el="95" ec="42" bec="0" bev="0" fileid="40" />
                <SequencePoint vc="0" uspid="1017" ordinal="31" offset="383" sl="106" sc="17" el="106" ec="31" bec="2" bev="0" fileid="40" />
                <SequencePoint vc="0" uspid="1018" ordinal="32" offset="387" sl="108" sc="21" el="108" ec="34" bec="0" bev="0" fileid="40" />
                <SequencePoint vc="0" uspid="1019" ordinal="33" offset="392" sl="91" sc="35" el="91" ec="37" bec="0" bev="0" fileid="40" />
                <SequencePoint vc="0" uspid="1020" ordinal="34" offset="415" sl="113" sc="13" el="113" ec="41" bec="2" bev="0" fileid="40" />
                <SequencePoint vc="0" uspid="1021" ordinal="35" offset="426" sl="114" sc="13" el="114" ec="25" bec="0" bev="0" fileid="40" />
                <SequencePoint vc="0" uspid="1022" ordinal="36" offset="428" sl="115" sc="9" el="115" ec="10" bec="0" bev="0" fileid="40" />
              </SequencePoints>
              <BranchPoints>
                <BranchPoint vc="0" uspid="1023" ordinal="0" offset="17" sl="44" path="0" offsetend="19" fileid="40" />
                <BranchPoint vc="0" uspid="1024" ordinal="1" offset="17" sl="44" path="1" offsetend="38" fileid="40" />
                <BranchPoint vc="0" uspid="1025" ordinal="2" offset="75" sl="49" path="0" offsetend="77" fileid="40" />
                <BranchPoint vc="0" uspid="1026" ordinal="3" offset="75" sl="49" path="1" offsetend="104" fileid="40" />
                <BranchPoint vc="0" uspid="1027" ordinal="4" offset="78" sl="49" path="0" offsetend="80" fileid="40" />
                <BranchPoint vc="0" uspid="1028" ordinal="5" offset="78" sl="49" path="1" offsetend="104" fileid="40" />
                <BranchPoint vc="0" uspid="1029" ordinal="6" offset="81" sl="49" path="0" offsetend="83" fileid="40" />
                <BranchPoint vc="0" uspid="1030" ordinal="7" offset="81" sl="49" path="1" offsetend="104" fileid="40" />
                <BranchPoint vc="0" uspid="1031" ordinal="8" offset="100" sl="49" path="0" offsetend="102" fileid="40" />
                <BranchPoint vc="0" uspid="1032" ordinal="9" offset="100" sl="49" path="1" offsetend="104" fileid="40" />
                <BranchPoint vc="0" uspid="1033" ordinal="10" offset="140" sl="61" path="0" offsetend="142" fileid="40" />
                <BranchPoint vc="0" uspid="1034" ordinal="11" offset="140" sl="61" path="1" offsetend="147" fileid="40" />
                <BranchPoint vc="0" uspid="1035" ordinal="12" offset="143" sl="61" path="0" offsetend="145" fileid="40" />
                <BranchPoint vc="0" uspid="1036" ordinal="13" offset="143" sl="61" path="1" offsetend="147" fileid="40" />
                <BranchPoint vc="0" uspid="1037" ordinal="14" offset="167" sl="71" path="0" offsetend="169" fileid="40" />
                <BranchPoint vc="0" uspid="1038" ordinal="15" offset="167" sl="71" path="1" offsetend="178" fileid="40" />
                <BranchPoint vc="0" uspid="1039" ordinal="16" offset="194" sl="78" path="0" offsetend="196" fileid="40" />
                <BranchPoint vc="0" uspid="1040" ordinal="17" offset="194" sl="78" path="1" offsetend="266" fileid="40" />
                <BranchPoint vc="0" uspid="1041" ordinal="18" offset="203" sl="78" path="0" offsetend="205" fileid="40" />
                <BranchPoint vc="0" uspid="1042" ordinal="19" offset="203" sl="78" path="1" offsetend="266" fileid="40" />
                <BranchPoint vc="0" uspid="1043" ordinal="20" offset="246" sl="82" path="0" offsetend="248" fileid="40" />
                <BranchPoint vc="0" uspid="1044" ordinal="21" offset="246" sl="82" path="1" offsetend="257" fileid="40" />
                <BranchPoint vc="0" uspid="1045" ordinal="22" offset="342" sl="98" path="0" offsetend="344" fileid="40" />
                <BranchPoint vc="0" uspid="1046" ordinal="23" offset="342" sl="98" path="1" offsetend="358" fileid="40" />
                <BranchPoint vc="0" uspid="1049" ordinal="26" offset="385" sl="106" path="0" offsetend="387" fileid="40" />
                <BranchPoint vc="0" uspid="1050" ordinal="27" offset="385" sl="106" path="1" offsetend="392" fileid="40" />
                <BranchPoint vc="0" uspid="1053" ordinal="30" offset="416" sl="113" path="0" offsetend="418" fileid="40" />
                <BranchPoint vc="0" uspid="1054" ordinal="31" offset="416" sl="113" path="1" offsetend="426" fileid="40" />
              </BranchPoints>
              <MethodPoint xsi:type="SequencePoint" vc="0" uspid="986" ordinal="0" offset="0" sl="44" sc="13" el="45" ec="99" bec="2" bev="0" fileid="40" />
            </Method>
            <Method visited="false" cyclomaticComplexity="1" nPathComplexity="0" sequenceCoverage="0" branchCoverage="0" crapScore="2" isConstructor="true" isStatic="true" isGetter="false" isSetter="false">
              <Summary numSequencePoints="1" visitedSequencePoints="0" numBranchPoints="1" visitedBranchPoints="0" sequenceCoverage="0" branchCoverage="0" maxCyclomaticComplexity="1" minCyclomaticComplexity="1" maxCrapScore="2" minCrapScore="2" visitedClasses="0" numClasses="0" visitedMethods="0" numMethods="1" />
              <MetadataToken>100663481</MetadataToken>
              <Name>System.Void Internal.Microsoft.Extensions.DependencyModel.Resolution.AppBaseCompilationAssemblyResolver::.cctor()</Name>
              <FileRef uid="40" />
              <SequencePoints>
                <SequencePoint vc="0" uspid="1055" ordinal="0" offset="0" sl="15" sc="9" el="15" ec="58" bec="0" bev="0" fileid="40" />
              </SequencePoints>
              <BranchPoints />
              <MethodPoint xsi:type="SequencePoint" vc="0" uspid="1055" ordinal="0" offset="0" sl="15" sc="9" el="15" ec="58" bec="0" bev="0" fileid="40" />
            </Method>
          </Methods>
        </Class>
        <Class>
          <Summary numSequencePoints="9" visitedSequencePoints="0" numBranchPoints="4" visitedBranchPoints="0" sequenceCoverage="0" branchCoverage="0" maxCyclomaticComplexity="3" minCyclomaticComplexity="1" maxCrapScore="12" minCrapScore="2" visitedClasses="0" numClasses="1" visitedMethods="0" numMethods="2" />
          <FullName>Internal.Microsoft.Extensions.DependencyModel.Resolution.CompositeCompilationAssemblyResolver</FullName>
          <Methods>
            <Method visited="false" cyclomaticComplexity="1" nPathComplexity="0" sequenceCoverage="0" branchCoverage="0" crapScore="2" isConstructor="true" isStatic="false" isGetter="false" isSetter="false">
              <Summary numSequencePoints="3" visitedSequencePoints="0" numBranchPoints="1" visitedBranchPoints="0" sequenceCoverage="0" branchCoverage="0" maxCyclomaticComplexity="1" minCyclomaticComplexity="1" maxCrapScore="2" minCrapScore="2" visitedClasses="0" numClasses="0" visitedMethods="0" numMethods="1" />
              <MetadataToken>100663482</MetadataToken>
              <Name>System.Void Internal.Microsoft.Extensions.DependencyModel.Resolution.CompositeCompilationAssemblyResolver::.ctor(Internal.Microsoft.Extensions.DependencyModel.Resolution.ICompilationAssemblyResolver[])</Name>
              <FileRef uid="41" />
              <SequencePoints>
                <SequencePoint vc="0" uspid="1056" ordinal="0" offset="0" sl="14" sc="9" el="14" ec="94" bec="0" bev="0" fileid="41" />
                <SequencePoint vc="0" uspid="1057" ordinal="1" offset="6" sl="16" sc="13" el="16" ec="36" bec="0" bev="0" fileid="41" />
                <SequencePoint vc="0" uspid="1058" ordinal="2" offset="13" sl="17" sc="9" el="17" ec="10" bec="0" bev="0" fileid="41" />
              </SequencePoints>
              <BranchPoints />
              <MethodPoint xsi:type="SequencePoint" vc="0" uspid="1056" ordinal="0" offset="0" sl="14" sc="9" el="14" ec="94" bec="0" bev="0" fileid="41" />
            </Method>
            <Method visited="false" cyclomaticComplexity="3" nPathComplexity="2" sequenceCoverage="0" branchCoverage="0" crapScore="12" isConstructor="false" isStatic="false" isGetter="false" isSetter="false">
              <Summary numSequencePoints="6" visitedSequencePoints="0" numBranchPoints="3" visitedBranchPoints="0" sequenceCoverage="0" branchCoverage="0" maxCyclomaticComplexity="3" minCyclomaticComplexity="3" maxCrapScore="12" minCrapScore="12" visitedClasses="0" numClasses="0" visitedMethods="0" numMethods="1" />
              <MetadataToken>100663483</MetadataToken>
              <Name>System.Boolean Internal.Microsoft.Extensions.DependencyModel.Resolution.CompositeCompilationAssemblyResolver::TryResolveAssemblyPaths(Internal.Microsoft.Extensions.DependencyModel.CompilationLibrary,System.Collections.Generic.List`1&lt;System.String&gt;)</Name>
              <FileRef uid="41" />
              <SequencePoints>
                <SequencePoint vc="0" uspid="1059" ordinal="0" offset="0" sl="21" sc="38" el="21" ec="48" bec="0" bev="0" fileid="41" />
                <SequencePoint vc="0" uspid="1060" ordinal="1" offset="11" sl="21" sc="22" el="21" ec="34" bec="0" bev="0" fileid="41" />
                <SequencePoint vc="0" uspid="1061" ordinal="2" offset="14" sl="23" sc="17" el="23" ec="75" bec="2" bev="0" fileid="41" />
                <SequencePoint vc="0" uspid="1062" ordinal="3" offset="23" sl="25" sc="21" el="25" ec="33" bec="0" bev="0" fileid="41" />
                <SequencePoint vc="0" uspid="1063" ordinal="4" offset="29" sl="21" sc="35" el="21" ec="37" bec="0" bev="0" fileid="41" />
                <SequencePoint vc="0" uspid="1064" ordinal="5" offset="35" sl="28" sc="13" el="28" ec="26" bec="0" bev="0" fileid="41" />
              </SequencePoints>
              <BranchPoints>
                <BranchPoint vc="0" uspid="1065" ordinal="0" offset="21" sl="23" path="0" offsetend="23" fileid="41" />
                <BranchPoint vc="0" uspid="1066" ordinal="1" offset="21" sl="23" path="1" offsetend="25" fileid="41" />
              </BranchPoints>
              <MethodPoint xsi:type="SequencePoint" vc="0" uspid="1059" ordinal="0" offset="0" sl="21" sc="38" el="21" ec="48" bec="0" bev="0" fileid="41" />
            </Method>
          </Methods>
        </Class>
        <Class>
          <Summary numSequencePoints="16" visitedSequencePoints="0" numBranchPoints="16" visitedBranchPoints="0" sequenceCoverage="0" branchCoverage="0" maxCyclomaticComplexity="6" minCyclomaticComplexity="1" maxCrapScore="42" minCrapScore="2" visitedClasses="0" numClasses="1" visitedMethods="0" numMethods="4" />
          <FullName>Internal.Microsoft.Extensions.DependencyModel.Resolution.DotNetReferenceAssembliesPathResolver</FullName>
          <Methods>
            <Method visited="false" cyclomaticComplexity="2" nPathComplexity="2" sequenceCoverage="0" branchCoverage="0" crapScore="6" isConstructor="false" isStatic="true" isGetter="false" isSetter="false">
              <Summary numSequencePoints="4" visitedSequencePoints="0" numBranchPoints="3" visitedBranchPoints="0" sequenceCoverage="0" branchCoverage="0" maxCyclomaticComplexity="2" minCyclomaticComplexity="2" maxCrapScore="6" minCrapScore="6" visitedClasses="0" numClasses="0" visitedMethods="0" numMethods="1" />
              <MetadataToken>100663484</MetadataToken>
              <Name>System.String Internal.Microsoft.Extensions.DependencyModel.Resolution.DotNetReferenceAssembliesPathResolver::Resolve(Internal.Microsoft.Extensions.DependencyModel.IEnvironment,Internal.Microsoft.Extensions.DependencyModel.IFileSystem)</Name>
              <FileRef uid="42" />
              <SequencePoints>
                <SequencePoint vc="0" uspid="1069" ordinal="0" offset="0" sl="16" sc="13" el="16" ec="92" bec="0" bev="0" fileid="42" />
                <SequencePoint vc="0" uspid="1070" ordinal="1" offset="12" sl="17" sc="13" el="17" ec="45" bec="2" bev="0" fileid="42" />
                <SequencePoint vc="0" uspid="1071" ordinal="2" offset="20" sl="19" sc="17" el="19" ec="29" bec="0" bev="0" fileid="42" />
                <SequencePoint vc="0" uspid="1072" ordinal="3" offset="22" sl="22" sc="13" el="22" ec="72" bec="0" bev="0" fileid="42" />
              </SequencePoints>
              <BranchPoints>
                <BranchPoint vc="0" uspid="1073" ordinal="0" offset="18" sl="17" path="0" offsetend="20" fileid="42" />
                <BranchPoint vc="0" uspid="1074" ordinal="1" offset="18" sl="17" path="1" offsetend="22" fileid="42" />
              </BranchPoints>
              <MethodPoint xsi:type="SequencePoint" vc="0" uspid="1069" ordinal="0" offset="0" sl="16" sc="13" el="16" ec="92" bec="0" bev="0" fileid="42" />
            </Method>
            <Method visited="false" cyclomaticComplexity="1" nPathComplexity="0" sequenceCoverage="0" branchCoverage="0" crapScore="2" isConstructor="false" isStatic="true" isGetter="false" isSetter="false">
              <Summary numSequencePoints="1" visitedSequencePoints="0" numBranchPoints="1" visitedBranchPoints="0" sequenceCoverage="0" branchCoverage="0" maxCyclomaticComplexity="1" minCyclomaticComplexity="1" maxCrapScore="2" minCrapScore="2" visitedClasses="0" numClasses="0" visitedMethods="0" numMethods="1" />
              <MetadataToken>100663485</MetadataToken>
              <Name>System.String Internal.Microsoft.Extensions.DependencyModel.Resolution.DotNetReferenceAssembliesPathResolver::Resolve()</Name>
              <FileRef uid="42" />
              <SequencePoints>
                <SequencePoint vc="0" uspid="1075" ordinal="0" offset="0" sl="27" sc="13" el="27" ec="83" bec="0" bev="0" fileid="42" />
              </SequencePoints>
              <BranchPoints />
              <MethodPoint xsi:type="SequencePoint" vc="0" uspid="1075" ordinal="0" offset="0" sl="27" sc="13" el="27" ec="83" bec="0" bev="0" fileid="42" />
            </Method>
            <Method visited="false" cyclomaticComplexity="6" nPathComplexity="32" sequenceCoverage="0" branchCoverage="0" crapScore="42" isConstructor="false" isStatic="true" isGetter="false" isSetter="false">
              <Summary numSequencePoints="10" visitedSequencePoints="0" numBranchPoints="11" visitedBranchPoints="0" sequenceCoverage="0" branchCoverage="0" maxCyclomaticComplexity="6" minCyclomaticComplexity="6" maxCrapScore="42" minCrapScore="42" visitedClasses="0" numClasses="0" visitedMethods="0" numMethods="1" />
              <MetadataToken>100663486</MetadataToken>
              <Name>System.String Internal.Microsoft.Extensions.DependencyModel.Resolution.DotNetReferenceAssembliesPathResolver::GetDefaultDotNetReferenceAssembliesPath(Internal.Microsoft.Extensions.DependencyModel.IFileSystem)</Name>
              <FileRef uid="42" />
              <SequencePoints>
                <SequencePoint vc="0" uspid="1076" ordinal="0" offset="0" sl="32" sc="13" el="32" ec="65" bec="0" bev="0" fileid="42" />
                <SequencePoint vc="0" uspid="1077" ordinal="1" offset="6" sl="34" sc="13" el="34" ec="40" bec="2" bev="0" fileid="42" />
                <SequencePoint vc="0" uspid="1078" ordinal="2" offset="10" sl="36" sc="17" el="36" ec="29" bec="0" bev="0" fileid="42" />
                <SequencePoint vc="0" uspid="1079" ordinal="3" offset="12" sl="39" sc="13" el="40" ec="127" bec="3" bev="0" fileid="42" />
                <SequencePoint vc="0" uspid="1080" ordinal="4" offset="34" sl="42" sc="17" el="42" ec="105" bec="0" bev="0" fileid="42" />
                <SequencePoint vc="0" uspid="1081" ordinal="5" offset="40" sl="45" sc="13" el="45" ec="86" bec="2" bev="0" fileid="42" />
                <SequencePoint vc="0" uspid="1082" ordinal="6" offset="58" sl="47" sc="17" el="47" ec="64" bec="0" bev="0" fileid="42" />
                <SequencePoint vc="0" uspid="1083" ordinal="7" offset="64" sl="50" sc="13" el="50" ec="80" bec="2" bev="0" fileid="42" />
                <SequencePoint vc="0" uspid="1084" ordinal="8" offset="82" sl="52" sc="17" el="52" ec="58" bec="0" bev="0" fileid="42" />
                <SequencePoint vc="0" uspid="1085" ordinal="9" offset="88" sl="55" sc="13" el="55" ec="25" bec="0" bev="0" fileid="42" />
              </SequencePoints>
              <BranchPoints>
                <BranchPoint vc="0" uspid="1086" ordinal="0" offset="8" sl="34" path="0" offsetend="10" fileid="42" />
                <BranchPoint vc="0" uspid="1087" ordinal="1" offset="8" sl="34" path="1" offsetend="12" fileid="42" />
                <BranchPoint vc="0" uspid="1088" ordinal="2" offset="14" sl="39" path="0" offsetend="16" fileid="42" />
                <BranchPoint vc="0" uspid="1089" ordinal="3" offset="14" sl="39" path="1" offsetend="40" fileid="42" />
                <BranchPoint vc="0" uspid="1090" ordinal="4" offset="32" sl="39" path="0" offsetend="34" fileid="42" />
                <BranchPoint vc="0" uspid="1091" ordinal="5" offset="32" sl="39" path="1" offsetend="40" fileid="42" />
                <BranchPoint vc="0" uspid="1092" ordinal="6" offset="56" sl="45" path="0" offsetend="58" fileid="42" />
                <BranchPoint vc="0" uspid="1093" ordinal="7" offset="56" sl="45" path="1" offsetend="64" fileid="42" />
                <BranchPoint vc="0" uspid="1094" ordinal="8" offset="80" sl="50" path="0" offsetend="82" fileid="42" />
                <BranchPoint vc="0" uspid="1095" ordinal="9" offset="80" sl="50" path="1" offsetend="88" fileid="42" />
              </BranchPoints>
              <MethodPoint xsi:type="SequencePoint" vc="0" uspid="1076" ordinal="0" offset="0" sl="32" sc="13" el="32" ec="65" bec="0" bev="0" fileid="42" />
            </Method>
            <Method visited="false" cyclomaticComplexity="1" nPathComplexity="0" sequenceCoverage="0" branchCoverage="0" crapScore="2" isConstructor="true" isStatic="false" isGetter="false" isSetter="false">
              <Summary numSequencePoints="0" visitedSequencePoints="0" numBranchPoints="0" visitedBranchPoints="0" sequenceCoverage="0" branchCoverage="0" maxCyclomaticComplexity="1" minCyclomaticComplexity="1" maxCrapScore="2" minCrapScore="2" visitedClasses="0" numClasses="0" visitedMethods="0" numMethods="0" />
              <MetadataToken>100663487</MetadataToken>
              <Name>System.Void Internal.Microsoft.Extensions.DependencyModel.Resolution.DotNetReferenceAssembliesPathResolver::.ctor()</Name>
              <SequencePoints />
              <BranchPoints />
              <MethodPoint vc="0" uspid="1096" ordinal="0" offset="0" />
            </Method>
            <Method visited="false" cyclomaticComplexity="1" nPathComplexity="0" sequenceCoverage="0" branchCoverage="0" crapScore="2" isConstructor="true" isStatic="true" isGetter="false" isSetter="false">
              <Summary numSequencePoints="1" visitedSequencePoints="0" numBranchPoints="1" visitedBranchPoints="0" sequenceCoverage="0" branchCoverage="0" maxCyclomaticComplexity="1" minCyclomaticComplexity="1" maxCrapScore="2" minCrapScore="2" visitedClasses="0" numClasses="0" visitedMethods="0" numMethods="1" />
              <MetadataToken>100663488</MetadataToken>
              <Name>System.Void Internal.Microsoft.Extensions.DependencyModel.Resolution.DotNetReferenceAssembliesPathResolver::.cctor()</Name>
              <FileRef uid="42" />
              <SequencePoints>
                <SequencePoint vc="0" uspid="1097" ordinal="0" offset="0" sl="12" sc="9" el="12" ec="109" bec="0" bev="0" fileid="42" />
              </SequencePoints>
              <BranchPoints />
              <MethodPoint xsi:type="SequencePoint" vc="0" uspid="1097" ordinal="0" offset="0" sl="12" sc="9" el="12" ec="109" bec="0" bev="0" fileid="42" />
            </Method>
          </Methods>
        </Class>
        <Class>
          <Summary numSequencePoints="46" visitedSequencePoints="0" numBranchPoints="28" visitedBranchPoints="0" sequenceCoverage="0" branchCoverage="0" maxCyclomaticComplexity="7" minCyclomaticComplexity="1" maxCrapScore="56" minCrapScore="2" visitedClasses="0" numClasses="1" visitedMethods="0" numMethods="8" />
          <FullName>Internal.Microsoft.Extensions.DependencyModel.Resolution.PackageCompilationAssemblyResolver</FullName>
          <Methods>
            <Method visited="false" cyclomaticComplexity="1" nPathComplexity="0" sequenceCoverage="0" branchCoverage="0" crapScore="2" isConstructor="true" isStatic="false" isGetter="false" isSetter="false">
              <Summary numSequencePoints="2" visitedSequencePoints="0" numBranchPoints="1" visitedBranchPoints="0" sequenceCoverage="0" branchCoverage="0" maxCyclomaticComplexity="1" minCyclomaticComplexity="1" maxCrapScore="2" minCrapScore="2" visitedClasses="0" numClasses="0" visitedMethods="0" numMethods="1" />
              <MetadataToken>100663490</MetadataToken>
              <Name>System.Void Internal.Microsoft.Extensions.DependencyModel.Resolution.PackageCompilationAssemblyResolver::.ctor()</Name>
              <FileRef uid="43" />
              <SequencePoints>
                <SequencePoint vc="0" uspid="1098" ordinal="0" offset="0" sl="19" sc="15" el="19" ec="74" bec="0" bev="0" fileid="43" />
                <SequencePoint vc="0" uspid="1099" ordinal="1" offset="16" sl="21" sc="9" el="21" ec="10" bec="0" bev="0" fileid="43" />
              </SequencePoints>
              <BranchPoints />
              <MethodPoint xsi:type="SequencePoint" vc="0" uspid="1098" ordinal="0" offset="0" sl="19" sc="15" el="19" ec="74" bec="0" bev="0" fileid="43" />
            </Method>
            <Method visited="false" cyclomaticComplexity="1" nPathComplexity="0" sequenceCoverage="0" branchCoverage="0" crapScore="2" isConstructor="true" isStatic="false" isGetter="false" isSetter="false">
              <Summary numSequencePoints="2" visitedSequencePoints="0" numBranchPoints="1" visitedBranchPoints="0" sequenceCoverage="0" branchCoverage="0" maxCyclomaticComplexity="1" minCyclomaticComplexity="1" maxCrapScore="2" minCrapScore="2" visitedClasses="0" numClasses="0" visitedMethods="0" numMethods="1" />
              <MetadataToken>100663491</MetadataToken>
              <Name>System.Void Internal.Microsoft.Extensions.DependencyModel.Resolution.PackageCompilationAssemblyResolver::.ctor(System.String)</Name>
              <FileRef uid="43" />
              <SequencePoints>
                <SequencePoint vc="0" uspid="1100" ordinal="0" offset="0" sl="24" sc="15" el="24" ec="86" bec="0" bev="0" fileid="43" />
                <SequencePoint vc="0" uspid="1101" ordinal="1" offset="21" sl="26" sc="9" el="26" ec="10" bec="0" bev="0" fileid="43" />
              </SequencePoints>
              <BranchPoints />
              <MethodPoint xsi:type="SequencePoint" vc="0" uspid="1100" ordinal="0" offset="0" sl="24" sc="15" el="24" ec="86" bec="0" bev="0" fileid="43" />
            </Method>
            <Method visited="false" cyclomaticComplexity="1" nPathComplexity="0" sequenceCoverage="0" branchCoverage="0" crapScore="2" isConstructor="true" isStatic="false" isGetter="false" isSetter="false">
              <Summary numSequencePoints="2" visitedSequencePoints="0" numBranchPoints="1" visitedBranchPoints="0" sequenceCoverage="0" branchCoverage="0" maxCyclomaticComplexity="1" minCyclomaticComplexity="1" maxCrapScore="2" minCrapScore="2" visitedClasses="0" numClasses="0" visitedMethods="0" numMethods="1" />
              <MetadataToken>100663492</MetadataToken>
              <Name>System.Void Internal.Microsoft.Extensions.DependencyModel.Resolution.PackageCompilationAssemblyResolver::.ctor(Internal.Microsoft.Extensions.DependencyModel.IEnvironment,Internal.Microsoft.Extensions.DependencyModel.IFileSystem)</Name>
              <FileRef uid="43" />
              <SequencePoints>
                <SequencePoint vc="0" uspid="1102" ordinal="0" offset="0" sl="30" sc="15" el="30" ec="72" bec="0" bev="0" fileid="43" />
                <SequencePoint vc="0" uspid="1103" ordinal="1" offset="13" sl="32" sc="9" el="32" ec="10" bec="0" bev="0" fileid="43" />
              </SequencePoints>
              <BranchPoints />
              <MethodPoint xsi:type="SequencePoint" vc="0" uspid="1102" ordinal="0" offset="0" sl="30" sc="15" el="30" ec="72" bec="0" bev="0" fileid="43" />
            </Method>
            <Method visited="false" cyclomaticComplexity="1" nPathComplexity="0" sequenceCoverage="0" branchCoverage="0" crapScore="2" isConstructor="true" isStatic="false" isGetter="false" isSetter="false">
              <Summary numSequencePoints="4" visitedSequencePoints="0" numBranchPoints="1" visitedBranchPoints="0" sequenceCoverage="0" branchCoverage="0" maxCyclomaticComplexity="1" minCyclomaticComplexity="1" maxCrapScore="2" minCrapScore="2" visitedClasses="0" numClasses="0" visitedMethods="0" numMethods="1" />
              <MetadataToken>100663493</MetadataToken>
              <Name>System.Void Internal.Microsoft.Extensions.DependencyModel.Resolution.PackageCompilationAssemblyResolver::.ctor(Internal.Microsoft.Extensions.DependencyModel.IFileSystem,System.String[])</Name>
              <FileRef uid="43" />
              <SequencePoints>
                <SequencePoint vc="0" uspid="1104" ordinal="0" offset="0" sl="34" sc="9" el="34" ec="110" bec="0" bev="0" fileid="43" />
                <SequencePoint vc="0" uspid="1105" ordinal="1" offset="6" sl="36" sc="13" el="36" ec="38" bec="0" bev="0" fileid="43" />
                <SequencePoint vc="0" uspid="1106" ordinal="2" offset="13" sl="37" sc="13" el="37" ec="64" bec="0" bev="0" fileid="43" />
                <SequencePoint vc="0" uspid="1107" ordinal="3" offset="20" sl="38" sc="9" el="38" ec="10" bec="0" bev="0" fileid="43" />
              </SequencePoints>
              <BranchPoints />
              <MethodPoint xsi:type="SequencePoint" vc="0" uspid="1104" ordinal="0" offset="0" sl="34" sc="9" el="34" ec="110" bec="0" bev="0" fileid="43" />
            </Method>
            <Method visited="false" cyclomaticComplexity="1" nPathComplexity="0" sequenceCoverage="0" branchCoverage="0" crapScore="2" isConstructor="false" isStatic="true" isGetter="false" isSetter="false">
              <Summary numSequencePoints="1" visitedSequencePoints="0" numBranchPoints="1" visitedBranchPoints="0" sequenceCoverage="0" branchCoverage="0" maxCyclomaticComplexity="1" minCyclomaticComplexity="1" maxCrapScore="2" minCrapScore="2" visitedClasses="0" numClasses="0" visitedMethods="0" numMethods="1" />
              <MetadataToken>100663494</MetadataToken>
              <Name>System.String[] Internal.Microsoft.Extensions.DependencyModel.Resolution.PackageCompilationAssemblyResolver::GetDefaultProbeDirectories(Internal.Microsoft.Extensions.DependencyModel.IEnvironment)</Name>
              <FileRef uid="43" />
              <SequencePoints>
                <SequencePoint vc="0" uspid="1108" ordinal="0" offset="0" sl="41" sc="13" el="41" ec="96" bec="0" bev="0" fileid="43" />
              </SequencePoints>
              <BranchPoints />
              <MethodPoint xsi:type="SequencePoint" vc="0" uspid="1108" ordinal="0" offset="0" sl="41" sc="13" el="41" ec="96" bec="0" bev="0" fileid="43" />
            </Method>
            <Method visited="false" cyclomaticComplexity="5" nPathComplexity="16" sequenceCoverage="0" branchCoverage="0" crapScore="30" isConstructor="false" isStatic="true" isGetter="false" isSetter="false">
              <Summary numSequencePoints="14" visitedSequencePoints="0" numBranchPoints="9" visitedBranchPoints="0" sequenceCoverage="0" branchCoverage="0" maxCyclomaticComplexity="5" minCyclomaticComplexity="5" maxCrapScore="30" minCrapScore="30" visitedClasses="0" numClasses="0" visitedMethods="0" numMethods="1" />
              <MetadataToken>100663495</MetadataToken>
              <Name>System.String[] Internal.Microsoft.Extensions.DependencyModel.Resolution.PackageCompilationAssemblyResolver::GetDefaultProbeDirectories(Internal.Microsoft.DotNet.PlatformAbstractions.Platform,Internal.Microsoft.Extensions.DependencyModel.IEnvironment)</Name>
              <FileRef uid="43" />
              <SequencePoints>
                <SequencePoint vc="0" uspid="1109" ordinal="0" offset="0" sl="48" sc="13" el="48" ec="91" bec="0" bev="0" fileid="43" />
                <SequencePoint vc="0" uspid="1110" ordinal="1" offset="15" sl="51" sc="12" el="51" ec="63" bec="0" bev="0" fileid="43" />
                <SequencePoint vc="0" uspid="1111" ordinal="2" offset="21" sl="53" sc="12" el="53" ec="57" bec="2" bev="0" fileid="43" />
                <SequencePoint vc="0" uspid="1112" ordinal="3" offset="29" sl="55" sc="16" el="55" ec="123" bec="0" bev="0" fileid="43" />
                <SequencePoint vc="0" uspid="1113" ordinal="4" offset="51" sl="58" sc="12" el="58" ec="88" bec="0" bev="0" fileid="43" />
                <SequencePoint vc="0" uspid="1114" ordinal="5" offset="63" sl="60" sc="12" el="60" ec="56" bec="2" bev="0" fileid="43" />
                <SequencePoint vc="0" uspid="1115" ordinal="6" offset="71" sl="62" sc="16" el="62" ec="57" bec="0" bev="0" fileid="43" />
                <SequencePoint vc="0" uspid="1116" ordinal="7" offset="82" sl="66" sc="12" el="66" ec="47" bec="2" bev="0" fileid="43" />
                <SequencePoint vc="0" uspid="1117" ordinal="8" offset="86" sl="68" sc="16" el="68" ec="77" bec="0" bev="0" fileid="43" />
                <SequencePoint vc="0" uspid="1118" ordinal="9" offset="98" sl="69" sc="12" el="69" ec="13" bec="0" bev="0" fileid="43" />
                <SequencePoint vc="0" uspid="1119" ordinal="10" offset="100" sl="72" sc="16" el="72" ec="70" bec="0" bev="0" fileid="43" />
                <SequencePoint vc="0" uspid="1120" ordinal="11" offset="112" sl="75" sc="12" el="75" ec="47" bec="2" bev="0" fileid="43" />
                <SequencePoint vc="0" uspid="1121" ordinal="12" offset="120" sl="77" sc="16" el="77" ec="53" bec="0" bev="0" fileid="43" />
                <SequencePoint vc="0" uspid="1122" ordinal="13" offset="135" sl="80" sc="12" el="80" ec="81" bec="0" bev="0" fileid="43" />
              </SequencePoints>
              <BranchPoints>
                <BranchPoint vc="0" uspid="1123" ordinal="0" offset="27" sl="53" path="0" offsetend="29" fileid="43" />
                <BranchPoint vc="0" uspid="1124" ordinal="1" offset="27" sl="53" path="1" offsetend="51" fileid="43" />
                <BranchPoint vc="0" uspid="1125" ordinal="2" offset="69" sl="60" path="0" offsetend="71" fileid="43" />
                <BranchPoint vc="0" uspid="1126" ordinal="3" offset="69" sl="60" path="1" offsetend="82" fileid="43" />
                <BranchPoint vc="0" uspid="1127" ordinal="4" offset="84" sl="66" path="0" offsetend="86" fileid="43" />
                <BranchPoint vc="0" uspid="1128" ordinal="5" offset="84" sl="66" path="1" offsetend="100" fileid="43" />
                <BranchPoint vc="0" uspid="1129" ordinal="6" offset="118" sl="75" path="0" offsetend="120" fileid="43" />
                <BranchPoint vc="0" uspid="1130" ordinal="7" offset="118" sl="75" path="1" offsetend="135" fileid="43" />
              </BranchPoints>
              <MethodPoint xsi:type="SequencePoint" vc="0" uspid="1109" ordinal="0" offset="0" sl="48" sc="13" el="48" ec="91" bec="0" bev="0" fileid="43" />
            </Method>
            <Method visited="false" cyclomaticComplexity="7" nPathComplexity="32" sequenceCoverage="0" branchCoverage="0" crapScore="56" isConstructor="false" isStatic="false" isGetter="false" isSetter="false">
              <Summary numSequencePoints="10" visitedSequencePoints="0" numBranchPoints="11" visitedBranchPoints="0" sequenceCoverage="0" branchCoverage="0" maxCyclomaticComplexity="7" minCyclomaticComplexity="7" maxCrapScore="56" minCrapScore="56" visitedClasses="0" numClasses="0" visitedMethods="0" numMethods="1" />
              <MetadataToken>100663496</MetadataToken>
              <Name>System.Boolean Internal.Microsoft.Extensions.DependencyModel.Resolution.PackageCompilationAssemblyResolver::TryResolveAssemblyPaths(Internal.Microsoft.Extensions.DependencyModel.CompilationLibrary,System.Collections.Generic.List`1&lt;System.String&gt;)</Name>
              <FileRef uid="43" />
              <SequencePoints>
                <SequencePoint vc="0" uspid="1131" ordinal="0" offset="0" sl="86" sc="13" el="87" ec="93" bec="4" bev="0" fileid="43" />
                <SequencePoint vc="0" uspid="1132" ordinal="1" offset="36" sl="89" sc="17" el="89" ec="30" bec="0" bev="0" fileid="43" />
                <SequencePoint vc="0" uspid="1133" ordinal="2" offset="38" sl="92" sc="39" el="92" ec="63" bec="0" bev="0" fileid="43" />
                <SequencePoint vc="0" uspid="1134" ordinal="3" offset="49" sl="92" sc="22" el="92" ec="35" bec="0" bev="0" fileid="43" />
                <SequencePoint vc="0" uspid="1135" ordinal="4" offset="53" sl="96" sc="17" el="96" ec="107" bec="2" bev="0" fileid="43" />
                <SequencePoint vc="0" uspid="1136" ordinal="5" offset="70" sl="99" sc="21" el="99" ec="112" bec="2" bev="0" fileid="43" />
                <SequencePoint vc="0" uspid="1137" ordinal="6" offset="87" sl="101" sc="25" el="101" ec="67" bec="0" bev="0" fileid="43" />
                <SequencePoint vc="0" uspid="1138" ordinal="7" offset="95" sl="102" sc="25" el="102" ec="37" bec="0" bev="0" fileid="43" />
                <SequencePoint vc="0" uspid="1139" ordinal="8" offset="101" sl="92" sc="36" el="92" ec="38" bec="0" bev="0" fileid="43" />
                <SequencePoint vc="0" uspid="1140" ordinal="9" offset="107" sl="106" sc="13" el="106" ec="26" bec="0" bev="0" fileid="43" />
              </SequencePoints>
              <BranchPoints>
                <BranchPoint vc="0" uspid="1141" ordinal="0" offset="6" sl="86" path="0" offsetend="8" fileid="43" />
                <BranchPoint vc="0" uspid="1142" ordinal="1" offset="6" sl="86" path="1" offsetend="36" fileid="43" />
                <BranchPoint vc="0" uspid="1143" ordinal="2" offset="15" sl="86" path="0" offsetend="17" fileid="43" />
                <BranchPoint vc="0" uspid="1144" ordinal="3" offset="15" sl="86" path="1" offsetend="36" fileid="43" />
                <BranchPoint vc="0" uspid="1145" ordinal="4" offset="34" sl="86" path="0" offsetend="36" fileid="43" />
                <BranchPoint vc="0" uspid="1146" ordinal="5" offset="34" sl="86" path="1" offsetend="38" fileid="43" />
                <BranchPoint vc="0" uspid="1147" ordinal="6" offset="68" sl="96" path="0" offsetend="70" fileid="43" />
                <BranchPoint vc="0" uspid="1148" ordinal="7" offset="68" sl="96" path="1" offsetend="97" fileid="43" />
                <BranchPoint vc="0" uspid="1149" ordinal="8" offset="85" sl="99" path="0" offsetend="87" fileid="43" />
                <BranchPoint vc="0" uspid="1150" ordinal="9" offset="85" sl="99" path="1" offsetend="97" fileid="43" />
              </BranchPoints>
              <MethodPoint xsi:type="SequencePoint" vc="0" uspid="1131" ordinal="0" offset="0" sl="86" sc="13" el="87" ec="93" bec="4" bev="0" fileid="43" />
            </Method>
            <Method visited="false" cyclomaticComplexity="4" nPathComplexity="2" sequenceCoverage="0" branchCoverage="0" crapScore="20" isConstructor="false" isStatic="true" isGetter="false" isSetter="false">
              <Summary numSequencePoints="11" visitedSequencePoints="0" numBranchPoints="3" visitedBranchPoints="0" sequenceCoverage="0" branchCoverage="0" maxCyclomaticComplexity="4" minCyclomaticComplexity="4" maxCrapScore="20" minCrapScore="20" visitedClasses="0" numClasses="0" visitedMethods="0" numMethods="1" />
              <MetadataToken>100663497</MetadataToken>
              <Name>System.Boolean Internal.Microsoft.Extensions.DependencyModel.Resolution.PackageCompilationAssemblyResolver::TryResolveFromPackagePath(Internal.Microsoft.Extensions.DependencyModel.IFileSystem,Internal.Microsoft.Extensions.DependencyModel.CompilationLibrary,System.String,System.Collections.Generic.IEnumerable`1&lt;System.String&gt;&amp;)</Name>
              <FileRef uid="43" />
              <SequencePoints>
                <SequencePoint vc="0" uspid="1153" ordinal="0" offset="0" sl="111" sc="13" el="111" ec="44" bec="0" bev="0" fileid="43" />
                <SequencePoint vc="0" uspid="1154" ordinal="1" offset="6" sl="113" sc="38" el="113" ec="56" bec="0" bev="0" fileid="43" />
                <SequencePoint vc="0" uspid="1155" ordinal="2" offset="20" sl="113" sc="22" el="113" ec="34" bec="0" bev="0" fileid="43" />
                <SequencePoint vc="0" uspid="1156" ordinal="3" offset="27" sl="116" sc="17" el="116" ec="105" bec="2" bev="0" fileid="43" />
                <SequencePoint vc="0" uspid="1157" ordinal="4" offset="39" sl="121" sc="21" el="121" ec="36" bec="0" bev="0" fileid="43" />
                <SequencePoint vc="0" uspid="1158" ordinal="5" offset="42" sl="122" sc="21" el="122" ec="34" bec="0" bev="0" fileid="43" />
                <SequencePoint vc="0" uspid="1159" ordinal="6" offset="47" sl="125" sc="17" el="125" ec="37" bec="0" bev="0" fileid="43" />
                <SequencePoint vc="0" uspid="1160" ordinal="7" offset="54" sl="113" sc="35" el="113" ec="37" bec="0" bev="0" fileid="43" />
                <SequencePoint vc="0" uspid="1161" ordinal="8" offset="74" sl="128" sc="13" el="128" ec="29" bec="0" bev="0" fileid="43" />
                <SequencePoint vc="0" uspid="1162" ordinal="9" offset="77" sl="129" sc="13" el="129" ec="25" bec="0" bev="0" fileid="43" />
                <SequencePoint vc="0" uspid="1163" ordinal="10" offset="79" sl="130" sc="9" el="130" ec="10" bec="0" bev="0" fileid="43" />
              </SequencePoints>
              <BranchPoints>
                <BranchPoint vc="0" uspid="1164" ordinal="0" offset="37" sl="116" path="0" offsetend="39" fileid="43" />
                <BranchPoint vc="0" uspid="1165" ordinal="1" offset="37" sl="116" path="1" offsetend="47" fileid="43" />
              </BranchPoints>
              <MethodPoint xsi:type="SequencePoint" vc="0" uspid="1153" ordinal="0" offset="0" sl="111" sc="13" el="111" ec="44" bec="0" bev="0" fileid="43" />
            </Method>
          </Methods>
        </Class>
        <Class>
          <Summary numSequencePoints="52" visitedSequencePoints="0" numBranchPoints="30" visitedBranchPoints="0" sequenceCoverage="0" branchCoverage="0" maxCyclomaticComplexity="5" minCyclomaticComplexity="1" maxCrapScore="30" minCrapScore="2" visitedClasses="0" numClasses="1" visitedMethods="0" numMethods="8" />
          <FullName>Internal.Microsoft.Extensions.DependencyModel.Resolution.ReferenceAssemblyPathResolver</FullName>
          <Methods>
            <Method visited="false" cyclomaticComplexity="1" nPathComplexity="0" sequenceCoverage="0" branchCoverage="0" crapScore="2" isConstructor="true" isStatic="false" isGetter="false" isSetter="false">
              <Summary numSequencePoints="2" visitedSequencePoints="0" numBranchPoints="1" visitedBranchPoints="0" sequenceCoverage="0" branchCoverage="0" maxCyclomaticComplexity="1" minCyclomaticComplexity="1" maxCrapScore="2" minCrapScore="2" visitedClasses="0" numClasses="0" visitedMethods="0" numMethods="1" />
              <MetadataToken>100663498</MetadataToken>
              <Name>System.Void Internal.Microsoft.Extensions.DependencyModel.Resolution.ReferenceAssemblyPathResolver::.ctor()</Name>
              <FileRef uid="44" />
              <SequencePoints>
                <SequencePoint vc="0" uspid="1168" ordinal="0" offset="0" sl="20" sc="15" el="20" ec="74" bec="0" bev="0" fileid="44" />
                <SequencePoint vc="0" uspid="1169" ordinal="1" offset="16" sl="22" sc="9" el="22" ec="10" bec="0" bev="0" fileid="44" />
              </SequencePoints>
              <BranchPoints />
              <MethodPoint xsi:type="SequencePoint" vc="0" uspid="1168" ordinal="0" offset="0" sl="20" sc="15" el="20" ec="74" bec="0" bev="0" fileid="44" />
            </Method>
            <Method visited="false" cyclomaticComplexity="1" nPathComplexity="0" sequenceCoverage="0" branchCoverage="0" crapScore="2" isConstructor="true" isStatic="false" isGetter="false" isSetter="false">
              <Summary numSequencePoints="2" visitedSequencePoints="0" numBranchPoints="1" visitedBranchPoints="0" sequenceCoverage="0" branchCoverage="0" maxCyclomaticComplexity="1" minCyclomaticComplexity="1" maxCrapScore="2" minCrapScore="2" visitedClasses="0" numClasses="0" visitedMethods="0" numMethods="1" />
              <MetadataToken>100663499</MetadataToken>
              <Name>System.Void Internal.Microsoft.Extensions.DependencyModel.Resolution.ReferenceAssemblyPathResolver::.ctor(System.String,System.String[])</Name>
              <FileRef uid="44" />
              <SequencePoints>
                <SequencePoint vc="0" uspid="1170" ordinal="0" offset="0" sl="25" sc="15" el="25" ec="99" bec="0" bev="0" fileid="44" />
                <SequencePoint vc="0" uspid="1171" ordinal="1" offset="13" sl="27" sc="9" el="27" ec="10" bec="0" bev="0" fileid="44" />
              </SequencePoints>
              <BranchPoints />
              <MethodPoint xsi:type="SequencePoint" vc="0" uspid="1170" ordinal="0" offset="0" sl="25" sc="15" el="25" ec="99" bec="0" bev="0" fileid="44" />
            </Method>
            <Method visited="false" cyclomaticComplexity="1" nPathComplexity="0" sequenceCoverage="0" branchCoverage="0" crapScore="2" isConstructor="true" isStatic="false" isGetter="false" isSetter="false">
              <Summary numSequencePoints="2" visitedSequencePoints="0" numBranchPoints="1" visitedBranchPoints="0" sequenceCoverage="0" branchCoverage="0" maxCyclomaticComplexity="1" minCyclomaticComplexity="1" maxCrapScore="2" minCrapScore="2" visitedClasses="0" numClasses="0" visitedMethods="0" numMethods="1" />
              <MetadataToken>100663500</MetadataToken>
              <Name>System.Void Internal.Microsoft.Extensions.DependencyModel.Resolution.ReferenceAssemblyPathResolver::.ctor(Internal.Microsoft.Extensions.DependencyModel.IFileSystem,Internal.Microsoft.Extensions.DependencyModel.IEnvironment)</Name>
              <FileRef uid="44" />
              <SequencePoints>
                <SequencePoint vc="0" uspid="1172" ordinal="0" offset="0" sl="30" sc="15" el="32" ec="109" bec="0" bev="0" fileid="44" />
                <SequencePoint vc="0" uspid="1173" ordinal="1" offset="31" sl="34" sc="9" el="34" ec="10" bec="0" bev="0" fileid="44" />
              </SequencePoints>
              <BranchPoints />
              <MethodPoint xsi:type="SequencePoint" vc="0" uspid="1172" ordinal="0" offset="0" sl="30" sc="15" el="32" ec="109" bec="0" bev="0" fileid="44" />
            </Method>
            <Method visited="false" cyclomaticComplexity="1" nPathComplexity="0" sequenceCoverage="0" branchCoverage="0" crapScore="2" isConstructor="true" isStatic="false" isGetter="false" isSetter="false">
              <Summary numSequencePoints="5" visitedSequencePoints="0" numBranchPoints="1" visitedBranchPoints="0" sequenceCoverage="0" branchCoverage="0" maxCyclomaticComplexity="1" minCyclomaticComplexity="1" maxCrapScore="2" minCrapScore="2" visitedClasses="0" numClasses="0" visitedMethods="0" numMethods="1" />
              <MetadataToken>100663501</MetadataToken>
              <Name>System.Void Internal.Microsoft.Extensions.DependencyModel.Resolution.ReferenceAssemblyPathResolver::.ctor(Internal.Microsoft.Extensions.DependencyModel.IFileSystem,System.String,System.String[])</Name>
              <FileRef uid="44" />
              <SequencePoints>
                <SequencePoint vc="0" uspid="1174" ordinal="0" offset="0" sl="36" sc="9" el="36" ec="140" bec="0" bev="0" fileid="44" />
                <SequencePoint vc="0" uspid="1175" ordinal="1" offset="6" sl="38" sc="13" el="38" ec="38" bec="0" bev="0" fileid="44" />
                <SequencePoint vc="0" uspid="1176" ordinal="2" offset="13" sl="39" sc="13" el="39" ec="78" bec="0" bev="0" fileid="44" />
                <SequencePoint vc="0" uspid="1177" ordinal="3" offset="20" sl="40" sc="13" el="40" ec="56" bec="0" bev="0" fileid="44" />
                <SequencePoint vc="0" uspid="1178" ordinal="4" offset="27" sl="41" sc="9" el="41" ec="10" bec="0" bev="0" fileid="44" />
              </SequencePoints>
              <BranchPoints />
              <MethodPoint xsi:type="SequencePoint" vc="0" uspid="1174" ordinal="0" offset="0" sl="36" sc="9" el="36" ec="140" bec="0" bev="0" fileid="44" />
            </Method>
            <Method visited="false" cyclomaticComplexity="5" nPathComplexity="4" sequenceCoverage="0" branchCoverage="0" crapScore="30" isConstructor="false" isStatic="false" isGetter="false" isSetter="false">
              <Summary numSequencePoints="9" visitedSequencePoints="0" numBranchPoints="5" visitedBranchPoints="0" sequenceCoverage="0" branchCoverage="0" maxCyclomaticComplexity="5" minCyclomaticComplexity="5" maxCrapScore="30" minCrapScore="30" visitedClasses="0" numClasses="0" visitedMethods="0" numMethods="1" />
              <MetadataToken>100663502</MetadataToken>
              <Name>System.Boolean Internal.Microsoft.Extensions.DependencyModel.Resolution.ReferenceAssemblyPathResolver::TryResolveAssemblyPaths(Internal.Microsoft.Extensions.DependencyModel.CompilationLibrary,System.Collections.Generic.List`1&lt;System.String&gt;)</Name>
              <FileRef uid="44" />
              <SequencePoints>
                <SequencePoint vc="0" uspid="1179" ordinal="0" offset="0" sl="45" sc="13" el="45" ec="103" bec="2" bev="0" fileid="44" />
                <SequencePoint vc="0" uspid="1180" ordinal="1" offset="19" sl="47" sc="17" el="47" ec="30" bec="0" bev="0" fileid="44" />
                <SequencePoint vc="0" uspid="1181" ordinal="2" offset="21" sl="49" sc="38" el="49" ec="56" bec="0" bev="0" fileid="44" />
                <SequencePoint vc="0" uspid="1182" ordinal="3" offset="35" sl="49" sc="22" el="49" ec="34" bec="0" bev="0" fileid="44" />
                <SequencePoint vc="0" uspid="1183" ordinal="4" offset="42" sl="52" sc="17" el="52" ec="74" bec="2" bev="0" fileid="44" />
                <SequencePoint vc="0" uspid="1184" ordinal="5" offset="53" sl="54" sc="21" el="54" ec="137" bec="0" bev="0" fileid="44" />
                <SequencePoint vc="0" uspid="1185" ordinal="6" offset="81" sl="56" sc="17" el="56" ec="42" bec="0" bev="0" fileid="44" />
                <SequencePoint vc="0" uspid="1186" ordinal="7" offset="88" sl="49" sc="35" el="49" ec="37" bec="0" bev="0" fileid="44" />
                <SequencePoint vc="0" uspid="1187" ordinal="8" offset="108" sl="58" sc="13" el="58" ec="25" bec="0" bev="0" fileid="44" />
              </SequencePoints>
              <BranchPoints>
                <BranchPoint vc="0" uspid="1188" ordinal="0" offset="17" sl="45" path="0" offsetend="19" fileid="44" />
                <BranchPoint vc="0" uspid="1189" ordinal="1" offset="17" sl="45" path="1" offsetend="21" fileid="44" />
                <BranchPoint vc="0" uspid="1190" ordinal="2" offset="51" sl="52" path="0" offsetend="53" fileid="44" />
                <BranchPoint vc="0" uspid="1191" ordinal="3" offset="51" sl="52" path="1" offsetend="81" fileid="44" />
              </BranchPoints>
              <MethodPoint xsi:type="SequencePoint" vc="0" uspid="1179" ordinal="0" offset="0" sl="45" sc="13" el="45" ec="103" bec="2" bev="0" fileid="44" />
            </Method>
            <Method visited="false" cyclomaticComplexity="5" nPathComplexity="8" sequenceCoverage="0" branchCoverage="0" crapScore="30" isConstructor="false" isStatic="false" isGetter="false" isSetter="false">
              <Summary numSequencePoints="15" visitedSequencePoints="0" numBranchPoints="7" visitedBranchPoints="0" sequenceCoverage="0" branchCoverage="0" maxCyclomaticComplexity="5" minCyclomaticComplexity="5" maxCrapScore="30" minCrapScore="30" visitedClasses="0" numClasses="0" visitedMethods="0" numMethods="1" />
              <MetadataToken>100663503</MetadataToken>
              <Name>System.Boolean Internal.Microsoft.Extensions.DependencyModel.Resolution.ReferenceAssemblyPathResolver::TryResolveReferenceAssembly(System.String,System.String&amp;)</Name>
              <FileRef uid="44" />
              <SequencePoints>
                <SequencePoint vc="0" uspid="1194" ordinal="0" offset="0" sl="63" sc="13" el="63" ec="29" bec="0" bev="0" fileid="44" />
                <SequencePoint vc="0" uspid="1195" ordinal="1" offset="3" sl="65" sc="13" el="65" ec="57" bec="2" bev="0" fileid="44" />
                <SequencePoint vc="0" uspid="1196" ordinal="2" offset="11" sl="67" sc="17" el="67" ec="105" bec="0" bev="0" fileid="44" />
                <SequencePoint vc="0" uspid="1197" ordinal="3" offset="24" sl="68" sc="17" el="68" ec="76" bec="2" bev="0" fileid="44" />
                <SequencePoint vc="0" uspid="1198" ordinal="4" offset="43" sl="70" sc="21" el="70" ec="62" bec="0" bev="0" fileid="44" />
                <SequencePoint vc="0" uspid="1199" ordinal="5" offset="46" sl="71" sc="21" el="71" ec="33" bec="0" bev="0" fileid="44" />
                <SequencePoint vc="0" uspid="1200" ordinal="6" offset="48" sl="75" sc="13" el="75" ec="47" bec="0" bev="0" fileid="44" />
                <SequencePoint vc="0" uspid="1201" ordinal="7" offset="55" sl="76" sc="42" el="76" ec="62" bec="0" bev="0" fileid="44" />
                <SequencePoint vc="0" uspid="1202" ordinal="8" offset="66" sl="76" sc="22" el="76" ec="38" bec="0" bev="0" fileid="44" />
                <SequencePoint vc="0" uspid="1203" ordinal="9" offset="69" sl="78" sc="17" el="78" ec="69" bec="0" bev="0" fileid="44" />
                <SequencePoint vc="0" uspid="1204" ordinal="10" offset="77" sl="79" sc="17" el="79" ec="59" bec="2" bev="0" fileid="44" />
                <SequencePoint vc="0" uspid="1205" ordinal="11" offset="97" sl="81" sc="21" el="81" ec="45" bec="0" bev="0" fileid="44" />
                <SequencePoint vc="0" uspid="1206" ordinal="12" offset="101" sl="82" sc="21" el="82" ec="33" bec="0" bev="0" fileid="44" />
                <SequencePoint vc="0" uspid="1207" ordinal="13" offset="107" sl="76" sc="39" el="76" ec="41" bec="0" bev="0" fileid="44" />
                <SequencePoint vc="0" uspid="1208" ordinal="14" offset="113" sl="86" sc="13" el="86" ec="26" bec="0" bev="0" fileid="44" />
              </SequencePoints>
              <BranchPoints>
                <BranchPoint vc="0" uspid="1209" ordinal="0" offset="9" sl="65" path="0" offsetend="11" fileid="44" />
                <BranchPoint vc="0" uspid="1210" ordinal="1" offset="9" sl="65" path="1" offsetend="48" fileid="44" />
                <BranchPoint vc="0" uspid="1211" ordinal="2" offset="41" sl="68" path="0" offsetend="43" fileid="44" />
                <BranchPoint vc="0" uspid="1212" ordinal="3" offset="41" sl="68" path="1" offsetend="48" fileid="44" />
                <BranchPoint vc="0" uspid="1213" ordinal="4" offset="95" sl="79" path="0" offsetend="97" fileid="44" />
                <BranchPoint vc="0" uspid="1214" ordinal="5" offset="95" sl="79" path="1" offsetend="103" fileid="44" />
              </BranchPoints>
              <MethodPoint xsi:type="SequencePoint" vc="0" uspid="1194" ordinal="0" offset="0" sl="63" sc="13" el="63" ec="29" bec="0" bev="0" fileid="44" />
            </Method>
            <Method visited="false" cyclomaticComplexity="3" nPathComplexity="4" sequenceCoverage="0" branchCoverage="0" crapScore="12" isConstructor="false" isStatic="true" isGetter="false" isSetter="false">
              <Summary numSequencePoints="6" visitedSequencePoints="0" numBranchPoints="5" visitedBranchPoints="0" sequenceCoverage="0" branchCoverage="0" maxCyclomaticComplexity="3" minCyclomaticComplexity="3" maxCrapScore="12" minCrapScore="12" visitedClasses="0" numClasses="0" visitedMethods="0" numMethods="1" />
              <MetadataToken>100663504</MetadataToken>
              <Name>System.String[] Internal.Microsoft.Extensions.DependencyModel.Resolution.ReferenceAssemblyPathResolver::GetFallbackSearchPaths(Internal.Microsoft.Extensions.DependencyModel.IFileSystem,Internal.Microsoft.DotNet.PlatformAbstractions.Platform,Internal.Microsoft.Extensions.DependencyModel.IEnvironment)</Name>
              <FileRef uid="44" />
              <SequencePoints>
                <SequencePoint vc="0" uspid="1217" ordinal="0" offset="0" sl="91" sc="13" el="91" ec="46" bec="2" bev="0" fileid="44" />
                <SequencePoint vc="0" uspid="1218" ordinal="1" offset="4" sl="93" sc="17" el="93" ec="38" bec="0" bev="0" fileid="44" />
                <SequencePoint vc="0" uspid="1219" ordinal="2" offset="11" sl="96" sc="13" el="96" ec="131" bec="0" bev="0" fileid="44" />
                <SequencePoint vc="0" uspid="1220" ordinal="3" offset="43" sl="98" sc="13" el="98" ec="56" bec="2" bev="0" fileid="44" />
                <SequencePoint vc="0" uspid="1221" ordinal="4" offset="57" sl="100" sc="17" el="100" ec="38" bec="0" bev="0" fileid="44" />
                <SequencePoint vc="0" uspid="1222" ordinal="5" offset="64" sl="102" sc="13" el="102" ec="39" bec="0" bev="0" fileid="44" />
              </SequencePoints>
              <BranchPoints>
                <BranchPoint vc="0" uspid="1223" ordinal="0" offset="2" sl="91" path="0" offsetend="4" fileid="44" />
                <BranchPoint vc="0" uspid="1224" ordinal="1" offset="2" sl="91" path="1" offsetend="11" fileid="44" />
                <BranchPoint vc="0" uspid="1225" ordinal="2" offset="55" sl="98" path="0" offsetend="57" fileid="44" />
                <BranchPoint vc="0" uspid="1226" ordinal="3" offset="55" sl="98" path="1" offsetend="64" fileid="44" />
              </BranchPoints>
              <MethodPoint xsi:type="SequencePoint" vc="0" uspid="1217" ordinal="0" offset="0" sl="91" sc="13" el="91" ec="46" bec="2" bev="0" fileid="44" />
            </Method>
            <Method visited="false" cyclomaticComplexity="5" nPathComplexity="16" sequenceCoverage="0" branchCoverage="0" crapScore="30" isConstructor="false" isStatic="true" isGetter="false" isSetter="false">
              <Summary numSequencePoints="11" visitedSequencePoints="0" numBranchPoints="9" visitedBranchPoints="0" sequenceCoverage="0" branchCoverage="0" maxCyclomaticComplexity="5" minCyclomaticComplexity="5" maxCrapScore="30" minCrapScore="30" visitedClasses="0" numClasses="0" visitedMethods="0" numMethods="1" />
              <MetadataToken>100663505</MetadataToken>
              <Name>System.String Internal.Microsoft.Extensions.DependencyModel.Resolution.ReferenceAssemblyPathResolver::GetDefaultReferenceAssembliesPath(Internal.Microsoft.Extensions.DependencyModel.IFileSystem,Internal.Microsoft.DotNet.PlatformAbstractions.Platform,Internal.Microsoft.Extensions.DependencyModel.IEnvironment)</Name>
              <FileRef uid="44" />
              <SequencePoints>
                <SequencePoint vc="0" uspid="1227" ordinal="0" offset="0" sl="108" sc="13" el="108" ec="114" bec="0" bev="0" fileid="44" />
                <SequencePoint vc="0" uspid="1228" ordinal="1" offset="8" sl="109" sc="13" el="109" ec="64" bec="2" bev="0" fileid="44" />
                <SequencePoint vc="0" uspid="1229" ordinal="2" offset="16" sl="111" sc="17" el="111" ec="48" bec="0" bev="0" fileid="44" />
                <SequencePoint vc="0" uspid="1230" ordinal="3" offset="18" sl="114" sc="13" el="114" ec="46" bec="2" bev="0" fileid="44" />
                <SequencePoint vc="0" uspid="1231" ordinal="4" offset="22" sl="118" sc="17" el="118" ec="29" bec="0" bev="0" fileid="44" />
                <SequencePoint vc="0" uspid="1232" ordinal="5" offset="24" sl="123" sc="13" el="123" ec="88" bec="0" bev="0" fileid="44" />
                <SequencePoint vc="0" uspid="1233" ordinal="6" offset="36" sl="125" sc="13" el="125" ec="52" bec="2" bev="0" fileid="44" />
                <SequencePoint vc="0" uspid="1234" ordinal="7" offset="44" sl="128" sc="17" el="128" ec="83" bec="0" bev="0" fileid="44" />
                <SequencePoint vc="0" uspid="1235" ordinal="8" offset="56" sl="131" sc="13" el="131" ec="52" bec="2" bev="0" fileid="44" />
                <SequencePoint vc="0" uspid="1236" ordinal="9" offset="64" sl="134" sc="17" el="134" ec="29" bec="0" bev="0" fileid="44" />
                <SequencePoint vc="0" uspid="1237" ordinal="10" offset="66" sl="137" sc="13" el="139" ec="67" bec="0" bev="0" fileid="44" />
              </SequencePoints>
              <BranchPoints>
                <BranchPoint vc="0" uspid="1238" ordinal="0" offset="14" sl="109" path="0" offsetend="16" fileid="44" />
                <BranchPoint vc="0" uspid="1239" ordinal="1" offset="14" sl="109" path="1" offsetend="18" fileid="44" />
                <BranchPoint vc="0" uspid="1240" ordinal="2" offset="20" sl="114" path="0" offsetend="22" fileid="44" />
                <BranchPoint vc="0" uspid="1241" ordinal="3" offset="20" sl="114" path="1" offsetend="24" fileid="44" />
                <BranchPoint vc="0" uspid="1242" ordinal="4" offset="42" sl="125" path="0" offsetend="44" fileid="44" />
                <BranchPoint vc="0" uspid="1243" ordinal="5" offset="42" sl="125" path="1" offsetend="56" fileid="44" />
                <BranchPoint vc="0" uspid="1244" ordinal="6" offset="62" sl="131" path="0" offsetend="64" fileid="44" />
                <BranchPoint vc="0" uspid="1245" ordinal="7" offset="62" sl="131" path="1" offsetend="66" fileid="44" />
              </BranchPoints>
              <MethodPoint xsi:type="SequencePoint" vc="0" uspid="1227" ordinal="0" offset="0" sl="108" sc="13" el="108" ec="114" bec="0" bev="0" fileid="44" />
            </Method>
          </Methods>
        </Class>
        <Class>
          <Summary numSequencePoints="11" visitedSequencePoints="0" numBranchPoints="8" visitedBranchPoints="0" sequenceCoverage="0" branchCoverage="0" maxCyclomaticComplexity="3" minCyclomaticComplexity="2" maxCrapScore="12" minCrapScore="6" visitedClasses="0" numClasses="1" visitedMethods="0" numMethods="2" />
          <FullName>Internal.Microsoft.Extensions.DependencyModel.Resolution.ResolverUtils</FullName>
          <Methods>
            <Method visited="false" cyclomaticComplexity="3" nPathComplexity="4" sequenceCoverage="0" branchCoverage="0" crapScore="12" isConstructor="false" isStatic="true" isGetter="false" isSetter="false">
              <Summary numSequencePoints="7" visitedSequencePoints="0" numBranchPoints="5" visitedBranchPoints="0" sequenceCoverage="0" branchCoverage="0" maxCyclomaticComplexity="3" minCyclomaticComplexity="3" maxCrapScore="12" minCrapScore="12" visitedClasses="0" numClasses="0" visitedMethods="0" numMethods="1" />
              <MetadataToken>100663506</MetadataToken>
              <Name>System.Boolean Internal.Microsoft.Extensions.DependencyModel.Resolution.ResolverUtils::TryResolvePackagePath(Internal.Microsoft.Extensions.DependencyModel.IFileSystem,Internal.Microsoft.Extensions.DependencyModel.CompilationLibrary,System.String,System.String&amp;)</Name>
              <FileRef uid="45" />
              <SequencePoints>
                <SequencePoint vc="0" uspid="1246" ordinal="0" offset="0" sl="14" sc="13" el="14" ec="37" bec="0" bev="0" fileid="45" />
                <SequencePoint vc="0" uspid="1247" ordinal="1" offset="7" sl="15" sc="13" el="15" ec="44" bec="2" bev="0" fileid="45" />
                <SequencePoint vc="0" uspid="1248" ordinal="2" offset="15" sl="17" sc="17" el="17" ec="106" bec="0" bev="0" fileid="45" />
                <SequencePoint vc="0" uspid="1249" ordinal="3" offset="43" sl="20" sc="13" el="20" ec="56" bec="0" bev="0" fileid="45" />
                <SequencePoint vc="0" uspid="1250" ordinal="4" offset="52" sl="22" sc="13" el="22" ec="58" bec="2" bev="0" fileid="45" />
                <SequencePoint vc="0" uspid="1251" ordinal="5" offset="67" sl="24" sc="17" el="24" ec="29" bec="0" bev="0" fileid="45" />
                <SequencePoint vc="0" uspid="1252" ordinal="6" offset="69" sl="26" sc="13" el="26" ec="26" bec="0" bev="0" fileid="45" />
              </SequencePoints>
              <BranchPoints>
                <BranchPoint vc="0" uspid="1253" ordinal="0" offset="13" sl="15" path="0" offsetend="15" fileid="45" />
                <BranchPoint vc="0" uspid="1254" ordinal="1" offset="13" sl="15" path="1" offsetend="43" fileid="45" />
                <BranchPoint vc="0" uspid="1255" ordinal="2" offset="65" sl="22" path="0" offsetend="67" fileid="45" />
                <BranchPoint vc="0" uspid="1256" ordinal="3" offset="65" sl="22" path="1" offsetend="69" fileid="45" />
              </BranchPoints>
              <MethodPoint xsi:type="SequencePoint" vc="0" uspid="1246" ordinal="0" offset="0" sl="14" sc="13" el="14" ec="37" bec="0" bev="0" fileid="45" />
            </Method>
            <Method visited="false" cyclomaticComplexity="2" nPathComplexity="2" sequenceCoverage="0" branchCoverage="0" crapScore="6" isConstructor="false" isStatic="true" isGetter="false" isSetter="false">
              <Summary numSequencePoints="4" visitedSequencePoints="0" numBranchPoints="3" visitedBranchPoints="0" sequenceCoverage="0" branchCoverage="0" maxCyclomaticComplexity="2" minCyclomaticComplexity="2" maxCrapScore="6" minCrapScore="6" visitedClasses="0" numClasses="0" visitedMethods="0" numMethods="1" />
              <MetadataToken>100663507</MetadataToken>
              <Name>System.Boolean Internal.Microsoft.Extensions.DependencyModel.Resolution.ResolverUtils::TryResolveAssemblyFile(Internal.Microsoft.Extensions.DependencyModel.IFileSystem,System.String,System.String,System.String&amp;)</Name>
              <FileRef uid="45" />
              <SequencePoints>
                <SequencePoint vc="0" uspid="1257" ordinal="0" offset="0" sl="31" sc="13" el="31" ec="79" bec="0" bev="0" fileid="45" />
                <SequencePoint vc="0" uspid="1258" ordinal="1" offset="14" sl="32" sc="13" el="32" ec="50" bec="2" bev="0" fileid="45" />
                <SequencePoint vc="0" uspid="1259" ordinal="2" offset="29" sl="34" sc="17" el="34" ec="29" bec="0" bev="0" fileid="45" />
                <SequencePoint vc="0" uspid="1260" ordinal="3" offset="31" sl="36" sc="13" el="36" ec="26" bec="0" bev="0" fileid="45" />
              </SequencePoints>
              <BranchPoints>
                <BranchPoint vc="0" uspid="1261" ordinal="0" offset="27" sl="32" path="0" offsetend="29" fileid="45" />
                <BranchPoint vc="0" uspid="1262" ordinal="1" offset="27" sl="32" path="1" offsetend="31" fileid="45" />
              </BranchPoints>
              <MethodPoint xsi:type="SequencePoint" vc="0" uspid="1257" ordinal="0" offset="0" sl="31" sc="13" el="31" ec="79" bec="0" bev="0" fileid="45" />
            </Method>
          </Methods>
        </Class>
        <Class>
          <Summary numSequencePoints="4" visitedSequencePoints="0" numBranchPoints="3" visitedBranchPoints="0" sequenceCoverage="0" branchCoverage="0" maxCyclomaticComplexity="1" minCyclomaticComplexity="1" maxCrapScore="2" minCrapScore="2" visitedClasses="0" numClasses="1" visitedMethods="0" numMethods="3" />
          <FullName>Internal.Microsoft.DotNet.PlatformAbstractions.ApplicationEnvironment</FullName>
          <Methods>
            <Method visited="false" cyclomaticComplexity="1" nPathComplexity="0" sequenceCoverage="0" branchCoverage="0" crapScore="2" isConstructor="false" isStatic="true" isGetter="true" isSetter="false">
              <Summary numSequencePoints="1" visitedSequencePoints="0" numBranchPoints="1" visitedBranchPoints="0" sequenceCoverage="0" branchCoverage="0" maxCyclomaticComplexity="1" minCyclomaticComplexity="1" maxCrapScore="2" minCrapScore="2" visitedClasses="0" numClasses="0" visitedMethods="0" numMethods="1" />
              <MetadataToken>100663508</MetadataToken>
              <Name>System.String Internal.Microsoft.DotNet.PlatformAbstractions.ApplicationEnvironment::get_ApplicationBasePath()</Name>
              <FileRef uid="46" />
              <SequencePoints>
                <SequencePoint vc="0" uspid="1263" ordinal="0" offset="0" sl="13" sc="52" el="13" ec="56" bec="0" bev="0" fileid="46" />
              </SequencePoints>
              <BranchPoints />
              <MethodPoint xsi:type="SequencePoint" vc="0" uspid="1263" ordinal="0" offset="0" sl="13" sc="52" el="13" ec="56" bec="0" bev="0" fileid="46" />
            </Method>
            <Method visited="false" cyclomaticComplexity="1" nPathComplexity="0" sequenceCoverage="0" branchCoverage="0" crapScore="2" isConstructor="false" isStatic="true" isGetter="false" isSetter="false">
              <Summary numSequencePoints="2" visitedSequencePoints="0" numBranchPoints="1" visitedBranchPoints="0" sequenceCoverage="0" branchCoverage="0" maxCyclomaticComplexity="1" minCyclomaticComplexity="1" maxCrapScore="2" minCrapScore="2" visitedClasses="0" numClasses="0" visitedMethods="0" numMethods="1" />
              <MetadataToken>100663509</MetadataToken>
              <Name>System.String Internal.Microsoft.DotNet.PlatformAbstractions.ApplicationEnvironment::GetApplicationBasePath()</Name>
              <FileRef uid="46" />
              <SequencePoints>
                <SequencePoint vc="0" uspid="1264" ordinal="0" offset="0" sl="17" sc="13" el="22" ec="42" bec="0" bev="0" fileid="46" />
                <SequencePoint vc="0" uspid="1265" ordinal="1" offset="5" sl="24" sc="13" el="24" ec="47" bec="0" bev="0" fileid="46" />
              </SequencePoints>
              <BranchPoints />
              <MethodPoint xsi:type="SequencePoint" vc="0" uspid="1264" ordinal="0" offset="0" sl="17" sc="13" el="22" ec="42" bec="0" bev="0" fileid="46" />
            </Method>
            <Method visited="false" cyclomaticComplexity="1" nPathComplexity="0" sequenceCoverage="0" branchCoverage="0" crapScore="2" isConstructor="true" isStatic="true" isGetter="false" isSetter="false">
              <Summary numSequencePoints="1" visitedSequencePoints="0" numBranchPoints="1" visitedBranchPoints="0" sequenceCoverage="0" branchCoverage="0" maxCyclomaticComplexity="1" minCyclomaticComplexity="1" maxCrapScore="2" minCrapScore="2" visitedClasses="0" numClasses="0" visitedMethods="0" numMethods="1" />
              <MetadataToken>100663510</MetadataToken>
              <Name>System.Void Internal.Microsoft.DotNet.PlatformAbstractions.ApplicationEnvironment::.cctor()</Name>
              <FileRef uid="46" />
              <SequencePoints>
                <SequencePoint vc="0" uspid="1266" ordinal="0" offset="0" sl="13" sc="61" el="13" ec="85" bec="0" bev="0" fileid="46" />
              </SequencePoints>
              <BranchPoints />
              <MethodPoint xsi:type="SequencePoint" vc="0" uspid="1266" ordinal="0" offset="0" sl="13" sc="61" el="13" ec="85" bec="0" bev="0" fileid="46" />
            </Method>
          </Methods>
        </Class>
        <Class>
          <Summary numSequencePoints="15" visitedSequencePoints="0" numBranchPoints="13" visitedBranchPoints="0" sequenceCoverage="0" branchCoverage="0" maxCyclomaticComplexity="3" minCyclomaticComplexity="1" maxCrapScore="12" minCrapScore="2" visitedClasses="0" numClasses="1" visitedMethods="0" numMethods="7" />
          <FullName>Internal.Microsoft.DotNet.PlatformAbstractions.HashCodeCombiner</FullName>
          <Methods>
            <Method visited="false" cyclomaticComplexity="1" nPathComplexity="0" sequenceCoverage="0" branchCoverage="0" crapScore="2" isConstructor="false" isStatic="false" isGetter="true" isSetter="false">
              <Summary numSequencePoints="1" visitedSequencePoints="0" numBranchPoints="1" visitedBranchPoints="0" sequenceCoverage="0" branchCoverage="0" maxCyclomaticComplexity="1" minCyclomaticComplexity="1" maxCrapScore="2" minCrapScore="2" visitedClasses="0" numClasses="0" visitedMethods="0" numMethods="1" />
              <MetadataToken>100663511</MetadataToken>
              <Name>System.Int32 Internal.Microsoft.DotNet.PlatformAbstractions.HashCodeCombiner::get_CombinedHash()</Name>
              <FileRef uid="47" />
              <SequencePoints>
                <SequencePoint vc="0" uspid="1267" ordinal="0" offset="0" sl="18" sc="19" el="18" ec="56" bec="0" bev="0" fileid="47" />
              </SequencePoints>
              <BranchPoints />
              <MethodPoint xsi:type="SequencePoint" vc="0" uspid="1267" ordinal="0" offset="0" sl="18" sc="19" el="18" ec="56" bec="0" bev="0" fileid="47" />
            </Method>
            <Method visited="false" cyclomaticComplexity="1" nPathComplexity="0" sequenceCoverage="0" branchCoverage="0" crapScore="2" isConstructor="true" isStatic="false" isGetter="false" isSetter="false">
              <Summary numSequencePoints="2" visitedSequencePoints="0" numBranchPoints="1" visitedBranchPoints="0" sequenceCoverage="0" branchCoverage="0" maxCyclomaticComplexity="1" minCyclomaticComplexity="1" maxCrapScore="2" minCrapScore="2" visitedClasses="0" numClasses="0" visitedMethods="0" numMethods="1" />
              <MetadataToken>100663512</MetadataToken>
              <Name>System.Void Internal.Microsoft.DotNet.PlatformAbstractions.HashCodeCombiner::.ctor(System.Int64)</Name>
              <FileRef uid="47" />
              <SequencePoints>
                <SequencePoint vc="0" uspid="1268" ordinal="0" offset="0" sl="24" sc="13" el="24" ec="36" bec="0" bev="0" fileid="47" />
                <SequencePoint vc="0" uspid="1269" ordinal="1" offset="7" sl="25" sc="9" el="25" ec="10" bec="0" bev="0" fileid="47" />
              </SequencePoints>
              <BranchPoints />
              <MethodPoint xsi:type="SequencePoint" vc="0" uspid="1268" ordinal="0" offset="0" sl="24" sc="13" el="24" ec="36" bec="0" bev="0" fileid="47" />
            </Method>
            <Method visited="false" cyclomaticComplexity="1" nPathComplexity="0" sequenceCoverage="0" branchCoverage="0" crapScore="2" isConstructor="false" isStatic="false" isGetter="false" isSetter="false">
              <Summary numSequencePoints="2" visitedSequencePoints="0" numBranchPoints="1" visitedBranchPoints="0" sequenceCoverage="0" branchCoverage="0" maxCyclomaticComplexity="1" minCyclomaticComplexity="1" maxCrapScore="2" minCrapScore="2" visitedClasses="0" numClasses="0" visitedMethods="0" numMethods="1" />
              <MetadataToken>100663513</MetadataToken>
              <Name>System.Void Internal.Microsoft.DotNet.PlatformAbstractions.HashCodeCombiner::Add(System.Int32)</Name>
              <FileRef uid="47" />
              <SequencePoints>
                <SequencePoint vc="0" uspid="1270" ordinal="0" offset="0" sl="30" sc="13" el="30" ec="78" bec="0" bev="0" fileid="47" />
                <SequencePoint vc="0" uspid="1271" ordinal="1" offset="24" sl="31" sc="9" el="31" ec="10" bec="0" bev="0" fileid="47" />
              </SequencePoints>
              <BranchPoints />
              <MethodPoint xsi:type="SequencePoint" vc="0" uspid="1270" ordinal="0" offset="0" sl="30" sc="13" el="30" ec="78" bec="0" bev="0" fileid="47" />
            </Method>
            <Method visited="false" cyclomaticComplexity="3" nPathComplexity="2" sequenceCoverage="0" branchCoverage="0" crapScore="12" isConstructor="false" isStatic="false" isGetter="false" isSetter="false">
              <Summary numSequencePoints="3" visitedSequencePoints="0" numBranchPoints="3" visitedBranchPoints="0" sequenceCoverage="0" branchCoverage="0" maxCyclomaticComplexity="3" minCyclomaticComplexity="3" maxCrapScore="12" minCrapScore="12" visitedClasses="0" numClasses="0" visitedMethods="0" numMethods="1" />
              <MetadataToken>100663514</MetadataToken>
              <Name>System.Void Internal.Microsoft.DotNet.PlatformAbstractions.HashCodeCombiner::Add(System.String)</Name>
              <FileRef uid="47" />
              <SequencePoints>
                <SequencePoint vc="0" uspid="1272" ordinal="0" offset="0" sl="36" sc="13" el="36" ec="62" bec="2" bev="0" fileid="47" />
                <SequencePoint vc="0" uspid="1273" ordinal="1" offset="13" sl="37" sc="13" el="37" ec="27" bec="0" bev="0" fileid="47" />
                <SequencePoint vc="0" uspid="1274" ordinal="2" offset="20" sl="38" sc="9" el="38" ec="10" bec="0" bev="0" fileid="47" />
              </SequencePoints>
              <BranchPoints>
                <BranchPoint vc="0" uspid="1275" ordinal="0" offset="1" sl="36" path="0" offsetend="3" fileid="47" />
                <BranchPoint vc="0" uspid="1276" ordinal="1" offset="1" sl="36" path="1" offsetend="6" fileid="47" />
              </BranchPoints>
              <MethodPoint xsi:type="SequencePoint" vc="0" uspid="1272" ordinal="0" offset="0" sl="36" sc="13" el="36" ec="62" bec="2" bev="0" fileid="47" />
            </Method>
            <Method visited="false" cyclomaticComplexity="3" nPathComplexity="2" sequenceCoverage="0" branchCoverage="0" crapScore="12" isConstructor="false" isStatic="false" isGetter="false" isSetter="false">
              <Summary numSequencePoints="3" visitedSequencePoints="0" numBranchPoints="3" visitedBranchPoints="0" sequenceCoverage="0" branchCoverage="0" maxCyclomaticComplexity="3" minCyclomaticComplexity="3" maxCrapScore="12" minCrapScore="12" visitedClasses="0" numClasses="0" visitedMethods="0" numMethods="1" />
              <MetadataToken>100663515</MetadataToken>
              <Name>System.Void Internal.Microsoft.DotNet.PlatformAbstractions.HashCodeCombiner::Add(System.Object)</Name>
              <FileRef uid="47" />
              <SequencePoints>
                <SequencePoint vc="0" uspid="1277" ordinal="0" offset="0" sl="43" sc="13" el="43" ec="62" bec="2" bev="0" fileid="47" />
                <SequencePoint vc="0" uspid="1278" ordinal="1" offset="13" sl="44" sc="13" el="44" ec="27" bec="0" bev="0" fileid="47" />
                <SequencePoint vc="0" uspid="1279" ordinal="2" offset="20" sl="45" sc="9" el="45" ec="10" bec="0" bev="0" fileid="47" />
              </SequencePoints>
              <BranchPoints>
                <BranchPoint vc="0" uspid="1280" ordinal="0" offset="1" sl="43" path="0" offsetend="3" fileid="47" />
                <BranchPoint vc="0" uspid="1281" ordinal="1" offset="1" sl="43" path="1" offsetend="6" fileid="47" />
              </BranchPoints>
              <MethodPoint xsi:type="SequencePoint" vc="0" uspid="1277" ordinal="0" offset="0" sl="43" sc="13" el="43" ec="62" bec="2" bev="0" fileid="47" />
            </Method>
            <Method visited="false" cyclomaticComplexity="3" nPathComplexity="2" sequenceCoverage="0" branchCoverage="0" crapScore="12" isConstructor="false" isStatic="false" isGetter="false" isSetter="false">
              <Summary numSequencePoints="3" visitedSequencePoints="0" numBranchPoints="3" visitedBranchPoints="0" sequenceCoverage="0" branchCoverage="0" maxCyclomaticComplexity="3" minCyclomaticComplexity="3" maxCrapScore="12" minCrapScore="12" visitedClasses="0" numClasses="0" visitedMethods="0" numMethods="1" />
              <MetadataToken>100663516</MetadataToken>
              <Name>System.Void Internal.Microsoft.DotNet.PlatformAbstractions.HashCodeCombiner::Add(TValue,System.Collections.Generic.IEqualityComparer`1&lt;TValue&gt;)</Name>
              <FileRef uid="47" />
              <SequencePoints>
                <SequencePoint vc="0" uspid="1282" ordinal="0" offset="0" sl="50" sc="13" el="50" ec="76" bec="2" bev="0" fileid="47" />
                <SequencePoint vc="0" uspid="1283" ordinal="1" offset="19" sl="51" sc="13" el="51" ec="27" bec="0" bev="0" fileid="47" />
                <SequencePoint vc="0" uspid="1284" ordinal="2" offset="26" sl="52" sc="9" el="52" ec="10" bec="0" bev="0" fileid="47" />
              </SequencePoints>
              <BranchPoints>
                <BranchPoint vc="0" uspid="1285" ordinal="0" offset="6" sl="50" path="0" offsetend="8" fileid="47" />
                <BranchPoint vc="0" uspid="1286" ordinal="1" offset="6" sl="50" path="1" offsetend="11" fileid="47" />
              </BranchPoints>
              <MethodPoint xsi:type="SequencePoint" vc="0" uspid="1282" ordinal="0" offset="0" sl="50" sc="13" el="50" ec="76" bec="2" bev="0" fileid="47" />
            </Method>
            <Method visited="false" cyclomaticComplexity="1" nPathComplexity="0" sequenceCoverage="0" branchCoverage="0" crapScore="2" isConstructor="false" isStatic="true" isGetter="false" isSetter="false">
              <Summary numSequencePoints="1" visitedSequencePoints="0" numBranchPoints="1" visitedBranchPoints="0" sequenceCoverage="0" branchCoverage="0" maxCyclomaticComplexity="1" minCyclomaticComplexity="1" maxCrapScore="2" minCrapScore="2" visitedClasses="0" numClasses="0" visitedMethods="0" numMethods="1" />
              <MetadataToken>100663517</MetadataToken>
              <Name>Internal.Microsoft.DotNet.PlatformAbstractions.HashCodeCombiner Internal.Microsoft.DotNet.PlatformAbstractions.HashCodeCombiner::Start()</Name>
              <FileRef uid="47" />
              <SequencePoints>
                <SequencePoint vc="0" uspid="1287" ordinal="0" offset="0" sl="57" sc="13" el="57" ec="50" bec="0" bev="0" fileid="47" />
              </SequencePoints>
              <BranchPoints />
              <MethodPoint xsi:type="SequencePoint" vc="0" uspid="1287" ordinal="0" offset="0" sl="57" sc="13" el="57" ec="50" bec="0" bev="0" fileid="47" />
            </Method>
          </Methods>
        </Class>
        <Class>
          <Summary numSequencePoints="37" visitedSequencePoints="0" numBranchPoints="37" visitedBranchPoints="0" sequenceCoverage="0" branchCoverage="0" maxCyclomaticComplexity="6" minCyclomaticComplexity="1" maxCrapScore="42" minCrapScore="2" visitedClasses="0" numClasses="1" visitedMethods="0" numMethods="11" />
          <FullName>Internal.Microsoft.DotNet.PlatformAbstractions.RuntimeEnvironment</FullName>
          <Methods>
            <Method visited="false" cyclomaticComplexity="1" nPathComplexity="0" sequenceCoverage="0" branchCoverage="0" crapScore="2" isConstructor="false" isStatic="true" isGetter="true" isSetter="false">
              <Summary numSequencePoints="1" visitedSequencePoints="0" numBranchPoints="1" visitedBranchPoints="0" sequenceCoverage="0" branchCoverage="0" maxCyclomaticComplexity="1" minCyclomaticComplexity="1" maxCrapScore="2" minCrapScore="2" visitedClasses="0" numClasses="0" visitedMethods="0" numMethods="1" />
              <MetadataToken>100663518</MetadataToken>
              <Name>Internal.Microsoft.DotNet.PlatformAbstractions.Platform Internal.Microsoft.DotNet.PlatformAbstractions.RuntimeEnvironment::get_OperatingSystemPlatform()</Name>
              <FileRef uid="48" />
              <SequencePoints>
                <SequencePoint vc="0" uspid="1288" ordinal="0" offset="0" sl="15" sc="58" el="15" ec="62" bec="0" bev="0" fileid="48" />
              </SequencePoints>
              <BranchPoints />
              <MethodPoint xsi:type="SequencePoint" vc="0" uspid="1288" ordinal="0" offset="0" sl="15" sc="58" el="15" ec="62" bec="0" bev="0" fileid="48" />
            </Method>
            <Method visited="false" cyclomaticComplexity="1" nPathComplexity="0" sequenceCoverage="0" branchCoverage="0" crapScore="2" isConstructor="false" isStatic="true" isGetter="true" isSetter="false">
              <Summary numSequencePoints="1" visitedSequencePoints="0" numBranchPoints="1" visitedBranchPoints="0" sequenceCoverage="0" branchCoverage="0" maxCyclomaticComplexity="1" minCyclomaticComplexity="1" maxCrapScore="2" minCrapScore="2" visitedClasses="0" numClasses="0" visitedMethods="0" numMethods="1" />
              <MetadataToken>100663519</MetadataToken>
              <Name>System.String Internal.Microsoft.DotNet.PlatformAbstractions.RuntimeEnvironment::get_OperatingSystemVersion()</Name>
              <FileRef uid="48" />
              <SequencePoints>
                <SequencePoint vc="0" uspid="1289" ordinal="0" offset="0" sl="17" sc="55" el="17" ec="59" bec="0" bev="0" fileid="48" />
              </SequencePoints>
              <BranchPoints />
              <MethodPoint xsi:type="SequencePoint" vc="0" uspid="1289" ordinal="0" offset="0" sl="17" sc="55" el="17" ec="59" bec="0" bev="0" fileid="48" />
            </Method>
            <Method visited="false" cyclomaticComplexity="1" nPathComplexity="0" sequenceCoverage="0" branchCoverage="0" crapScore="2" isConstructor="false" isStatic="true" isGetter="true" isSetter="false">
              <Summary numSequencePoints="1" visitedSequencePoints="0" numBranchPoints="1" visitedBranchPoints="0" sequenceCoverage="0" branchCoverage="0" maxCyclomaticComplexity="1" minCyclomaticComplexity="1" maxCrapScore="2" minCrapScore="2" visitedClasses="0" numClasses="0" visitedMethods="0" numMethods="1" />
              <MetadataToken>100663520</MetadataToken>
              <Name>System.String Internal.Microsoft.DotNet.PlatformAbstractions.RuntimeEnvironment::get_OperatingSystem()</Name>
              <FileRef uid="48" />
              <SequencePoints>
                <SequencePoint vc="0" uspid="1290" ordinal="0" offset="0" sl="19" sc="48" el="19" ec="52" bec="0" bev="0" fileid="48" />
              </SequencePoints>
              <BranchPoints />
              <MethodPoint xsi:type="SequencePoint" vc="0" uspid="1290" ordinal="0" offset="0" sl="19" sc="48" el="19" ec="52" bec="0" bev="0" fileid="48" />
            </Method>
            <Method visited="false" cyclomaticComplexity="1" nPathComplexity="0" sequenceCoverage="0" branchCoverage="0" crapScore="2" isConstructor="false" isStatic="true" isGetter="true" isSetter="false">
              <Summary numSequencePoints="1" visitedSequencePoints="0" numBranchPoints="1" visitedBranchPoints="0" sequenceCoverage="0" branchCoverage="0" maxCyclomaticComplexity="1" minCyclomaticComplexity="1" maxCrapScore="2" minCrapScore="2" visitedClasses="0" numClasses="0" visitedMethods="0" numMethods="1" />
              <MetadataToken>100663521</MetadataToken>
              <Name>System.String Internal.Microsoft.DotNet.PlatformAbstractions.RuntimeEnvironment::get_RuntimeArchitecture()</Name>
              <FileRef uid="48" />
              <SequencePoints>
                <SequencePoint vc="0" uspid="1291" ordinal="0" offset="0" sl="21" sc="52" el="21" ec="56" bec="0" bev="0" fileid="48" />
              </SequencePoints>
              <BranchPoints />
              <MethodPoint xsi:type="SequencePoint" vc="0" uspid="1291" ordinal="0" offset="0" sl="21" sc="52" el="21" ec="56" bec="0" bev="0" fileid="48" />
            </Method>
            <Method visited="false" cyclomaticComplexity="2" nPathComplexity="2" sequenceCoverage="0" branchCoverage="0" crapScore="6" isConstructor="false" isStatic="true" isGetter="false" isSetter="false">
              <Summary numSequencePoints="1" visitedSequencePoints="0" numBranchPoints="3" visitedBranchPoints="0" sequenceCoverage="0" branchCoverage="0" maxCyclomaticComplexity="2" minCyclomaticComplexity="2" maxCrapScore="6" minCrapScore="6" visitedClasses="0" numClasses="0" visitedMethods="0" numMethods="1" />
              <MetadataToken>100663522</MetadataToken>
              <Name>System.String Internal.Microsoft.DotNet.PlatformAbstractions.RuntimeEnvironment::GetArch()</Name>
              <FileRef uid="48" />
              <SequencePoints>
                <SequencePoint vc="0" uspid="1292" ordinal="0" offset="0" sl="28" sc="13" el="28" ec="53" bec="2" bev="0" fileid="48" />
              </SequencePoints>
              <BranchPoints>
                <BranchPoint vc="0" uspid="1293" ordinal="0" offset="6" sl="28" path="0" offsetend="8" fileid="48" />
                <BranchPoint vc="0" uspid="1294" ordinal="1" offset="6" sl="28" path="1" offsetend="14" fileid="48" />
              </BranchPoints>
              <MethodPoint xsi:type="SequencePoint" vc="0" uspid="1292" ordinal="0" offset="0" sl="28" sc="13" el="28" ec="53" bec="2" bev="0" fileid="48" />
            </Method>
            <Method visited="false" cyclomaticComplexity="2" nPathComplexity="2" sequenceCoverage="0" branchCoverage="0" crapScore="6" isConstructor="false" isStatic="true" isGetter="false" isSetter="false">
              <Summary numSequencePoints="1" visitedSequencePoints="0" numBranchPoints="3" visitedBranchPoints="0" sequenceCoverage="0" branchCoverage="0" maxCyclomaticComplexity="2" minCyclomaticComplexity="2" maxCrapScore="6" minCrapScore="6" visitedClasses="0" numClasses="0" visitedMethods="0" numMethods="1" />
              <MetadataToken>100663523</MetadataToken>
              <Name>System.String Internal.Microsoft.DotNet.PlatformAbstractions.RuntimeEnvironment::GetRuntimeIdentifier()</Name>
              <FileRef uid="48" />
              <SequencePoints>
                <SequencePoint vc="0" uspid="1295" ordinal="0" offset="0" sl="34" sc="13" el="36" ec="63" bec="2" bev="0" fileid="48" />
              </SequencePoints>
              <BranchPoints>
                <BranchPoint vc="0" uspid="1296" ordinal="0" offset="11" sl="34" path="0" offsetend="13" fileid="48" />
                <BranchPoint vc="0" uspid="1297" ordinal="1" offset="11" sl="34" path="1" offsetend="34" fileid="48" />
              </BranchPoints>
              <MethodPoint xsi:type="SequencePoint" vc="0" uspid="1295" ordinal="0" offset="0" sl="34" sc="13" el="36" ec="63" bec="2" bev="0" fileid="48" />
            </Method>
            <Method visited="false" cyclomaticComplexity="2" nPathComplexity="2" sequenceCoverage="0" branchCoverage="0" crapScore="6" isConstructor="false" isStatic="true" isGetter="false" isSetter="false">
              <Summary numSequencePoints="3" visitedSequencePoints="0" numBranchPoints="3" visitedBranchPoints="0" sequenceCoverage="0" branchCoverage="0" maxCyclomaticComplexity="2" minCyclomaticComplexity="2" maxCrapScore="6" minCrapScore="6" visitedClasses="0" numClasses="0" visitedMethods="0" numMethods="1" />
              <MetadataToken>100663524</MetadataToken>
              <Name>System.String Internal.Microsoft.DotNet.PlatformAbstractions.RuntimeEnvironment::GetRIDArch()</Name>
              <FileRef uid="48" />
              <SequencePoints>
                <SequencePoint vc="0" uspid="1298" ordinal="0" offset="0" sl="41" sc="13" el="41" ec="60" bec="2" bev="0" fileid="48" />
                <SequencePoint vc="0" uspid="1299" ordinal="1" offset="12" sl="43" sc="17" el="43" ec="69" bec="0" bev="0" fileid="48" />
                <SequencePoint vc="0" uspid="1300" ordinal="2" offset="33" sl="45" sc="13" el="45" ec="33" bec="0" bev="0" fileid="48" />
              </SequencePoints>
              <BranchPoints>
                <BranchPoint vc="0" uspid="1301" ordinal="0" offset="10" sl="41" path="0" offsetend="12" fileid="48" />
                <BranchPoint vc="0" uspid="1302" ordinal="1" offset="10" sl="41" path="1" offsetend="33" fileid="48" />
              </BranchPoints>
              <MethodPoint xsi:type="SequencePoint" vc="0" uspid="1298" ordinal="0" offset="0" sl="41" sc="13" el="41" ec="60" bec="2" bev="0" fileid="48" />
            </Method>
            <Method visited="false" cyclomaticComplexity="6" nPathComplexity="8" sequenceCoverage="0" branchCoverage="0" crapScore="42" isConstructor="false" isStatic="true" isGetter="false" isSetter="false">
              <Summary numSequencePoints="7" visitedSequencePoints="0" numBranchPoints="7" visitedBranchPoints="0" sequenceCoverage="0" branchCoverage="0" maxCyclomaticComplexity="6" minCyclomaticComplexity="6" maxCrapScore="42" minCrapScore="42" visitedClasses="0" numClasses="0" visitedMethods="0" numMethods="1" />
              <MetadataToken>100663525</MetadataToken>
              <Name>System.String Internal.Microsoft.DotNet.PlatformAbstractions.RuntimeEnvironment::GetRIDVersion()</Name>
              <FileRef uid="48" />
              <SequencePoints>
                <SequencePoint vc="0" uspid="1303" ordinal="0" offset="0" sl="52" sc="13" el="52" ec="45" bec="4" bev="0" fileid="48" />
                <SequencePoint vc="0" uspid="1304" ordinal="1" offset="28" sl="55" sc="21" el="55" ec="55" bec="0" bev="0" fileid="48" />
                <SequencePoint vc="0" uspid="1305" ordinal="2" offset="34" sl="57" sc="21" el="57" ec="70" bec="2" bev="0" fileid="48" />
                <SequencePoint vc="0" uspid="1306" ordinal="3" offset="46" sl="59" sc="25" el="59" ec="45" bec="0" bev="0" fileid="48" />
                <SequencePoint vc="0" uspid="1307" ordinal="4" offset="52" sl="62" sc="21" el="62" ec="57" bec="0" bev="0" fileid="48" />
                <SequencePoint vc="0" uspid="1308" ordinal="5" offset="68" sl="64" sc="21" el="64" ec="57" bec="0" bev="0" fileid="48" />
                <SequencePoint vc="0" uspid="1309" ordinal="6" offset="84" sl="66" sc="21" el="66" ec="41" bec="0" bev="0" fileid="48" />
              </SequencePoints>
              <BranchPoints>
                <BranchPoint vc="0" uspid="1310" ordinal="0" offset="9" sl="52" path="0" offsetchain="26" offsetend="84" fileid="48" />
                <BranchPoint vc="0" uspid="1311" ordinal="1" offset="9" sl="52" path="1" offsetend="28" fileid="48" />
                <BranchPoint vc="0" uspid="1312" ordinal="2" offset="9" sl="52" path="2" offsetend="34" fileid="48" />
                <BranchPoint vc="0" uspid="1313" ordinal="3" offset="9" sl="52" path="3" offsetend="68" fileid="48" />
                <BranchPoint vc="0" uspid="1314" ordinal="4" offset="44" sl="57" path="0" offsetend="46" fileid="48" />
                <BranchPoint vc="0" uspid="1315" ordinal="5" offset="44" sl="57" path="1" offsetend="52" fileid="48" />
              </BranchPoints>
              <MethodPoint xsi:type="SequencePoint" vc="0" uspid="1303" ordinal="0" offset="0" sl="52" sc="13" el="52" ec="45" bec="4" bev="0" fileid="48" />
            </Method>
            <Method visited="false" cyclomaticComplexity="6" nPathComplexity="32" sequenceCoverage="0" branchCoverage="0" crapScore="42" isConstructor="false" isStatic="true" isGetter="false" isSetter="false">
              <Summary numSequencePoints="11" visitedSequencePoints="0" numBranchPoints="11" visitedBranchPoints="0" sequenceCoverage="0" branchCoverage="0" maxCyclomaticComplexity="6" minCyclomaticComplexity="6" maxCrapScore="42" minCrapScore="42" visitedClasses="0" numClasses="0" visitedMethods="0" numMethods="1" />
              <MetadataToken>100663526</MetadataToken>
              <Name>System.String Internal.Microsoft.DotNet.PlatformAbstractions.RuntimeEnvironment::GetWindowsProductVersion()</Name>
              <FileRef uid="48" />
              <SequencePoints>
                <SequencePoint vc="0" uspid="1316" ordinal="0" offset="0" sl="72" sc="13" el="72" ec="61" bec="0" bev="0" fileid="48" />
                <SequencePoint vc="0" uspid="1317" ordinal="1" offset="11" sl="73" sc="13" el="73" ec="32" bec="2" bev="0" fileid="48" />
                <SequencePoint vc="0" uspid="1318" ordinal="2" offset="20" sl="75" sc="17" el="75" ec="36" bec="2" bev="0" fileid="48" />
                <SequencePoint vc="0" uspid="1319" ordinal="3" offset="29" sl="77" sc="21" el="77" ec="32" bec="0" bev="0" fileid="48" />
                <SequencePoint vc="0" uspid="1320" ordinal="4" offset="35" sl="79" sc="22" el="79" ec="41" bec="2" bev="0" fileid="48" />
                <SequencePoint vc="0" uspid="1321" ordinal="5" offset="44" sl="81" sc="21" el="81" ec="32" bec="0" bev="0" fileid="48" />
                <SequencePoint vc="0" uspid="1322" ordinal="6" offset="50" sl="83" sc="22" el="83" ec="41" bec="2" bev="0" fileid="48" />
                <SequencePoint vc="0" uspid="1323" ordinal="7" offset="59" sl="85" sc="21" el="85" ec="33" bec="0" bev="0" fileid="48" />
                <SequencePoint vc="0" uspid="1324" ordinal="8" offset="65" sl="88" sc="18" el="88" ec="38" bec="2" bev="0" fileid="48" />
                <SequencePoint vc="0" uspid="1325" ordinal="9" offset="75" sl="91" sc="17" el="91" ec="45" bec="0" bev="0" fileid="48" />
                <SequencePoint vc="0" uspid="1326" ordinal="10" offset="90" sl="93" sc="13" el="93" ec="33" bec="0" bev="0" fileid="48" />
              </SequencePoints>
              <BranchPoints>
                <BranchPoint vc="0" uspid="1327" ordinal="0" offset="18" sl="73" path="0" offsetend="20" fileid="48" />
                <BranchPoint vc="0" uspid="1328" ordinal="1" offset="18" sl="73" path="1" offsetend="65" fileid="48" />
                <BranchPoint vc="0" uspid="1329" ordinal="2" offset="27" sl="75" path="0" offsetend="29" fileid="48" />
                <BranchPoint vc="0" uspid="1330" ordinal="3" offset="27" sl="75" path="1" offsetend="35" fileid="48" />
                <BranchPoint vc="0" uspid="1331" ordinal="4" offset="42" sl="79" path="0" offsetend="44" fileid="48" />
                <BranchPoint vc="0" uspid="1332" ordinal="5" offset="42" sl="79" path="1" offsetend="50" fileid="48" />
                <BranchPoint vc="0" uspid="1333" ordinal="6" offset="57" sl="83" path="0" offsetend="59" fileid="48" />
                <BranchPoint vc="0" uspid="1334" ordinal="7" offset="57" sl="83" path="1" offsetend="90" fileid="48" />
                <BranchPoint vc="0" uspid="1335" ordinal="8" offset="73" sl="88" path="0" offsetend="75" fileid="48" />
                <BranchPoint vc="0" uspid="1336" ordinal="9" offset="73" sl="88" path="1" offsetend="90" fileid="48" />
              </BranchPoints>
              <MethodPoint xsi:type="SequencePoint" vc="0" uspid="1316" ordinal="0" offset="0" sl="72" sc="13" el="72" ec="61" bec="0" bev="0" fileid="48" />
            </Method>
            <Method visited="false" cyclomaticComplexity="5" nPathComplexity="4" sequenceCoverage="0" branchCoverage="0" crapScore="30" isConstructor="false" isStatic="true" isGetter="false" isSetter="false">
              <Summary numSequencePoints="5" visitedSequencePoints="0" numBranchPoints="5" visitedBranchPoints="0" sequenceCoverage="0" branchCoverage="0" maxCyclomaticComplexity="5" minCyclomaticComplexity="5" maxCrapScore="30" minCrapScore="30" visitedClasses="0" numClasses="0" visitedMethods="0" numMethods="1" />
              <MetadataToken>100663527</MetadataToken>
              <Name>System.String Internal.Microsoft.DotNet.PlatformAbstractions.RuntimeEnvironment::GetRIDOS()</Name>
              <FileRef uid="48" />
              <SequencePoints>
                <SequencePoint vc="0" uspid="1337" ordinal="0" offset="0" sl="98" sc="13" el="98" ec="45" bec="4" bev="0" fileid="48" />
                <SequencePoint vc="0" uspid="1338" ordinal="1" offset="28" sl="101" sc="21" el="101" ec="34" bec="0" bev="0" fileid="48" />
                <SequencePoint vc="0" uspid="1339" ordinal="2" offset="34" sl="103" sc="21" el="103" ec="63" bec="0" bev="0" fileid="48" />
                <SequencePoint vc="0" uspid="1340" ordinal="3" offset="45" sl="105" sc="21" el="105" ec="34" bec="0" bev="0" fileid="48" />
                <SequencePoint vc="0" uspid="1341" ordinal="4" offset="51" sl="107" sc="21" el="107" ec="38" bec="0" bev="0" fileid="48" />
              </SequencePoints>
              <BranchPoints>
                <BranchPoint vc="0" uspid="1342" ordinal="0" offset="9" sl="98" path="0" offsetchain="26" offsetend="51" fileid="48" />
                <BranchPoint vc="0" uspid="1343" ordinal="1" offset="9" sl="98" path="1" offsetend="28" fileid="48" />
                <BranchPoint vc="0" uspid="1344" ordinal="2" offset="9" sl="98" path="2" offsetend="34" fileid="48" />
                <BranchPoint vc="0" uspid="1345" ordinal="3" offset="9" sl="98" path="3" offsetend="45" fileid="48" />
              </BranchPoints>
              <MethodPoint xsi:type="SequencePoint" vc="0" uspid="1337" ordinal="0" offset="0" sl="98" sc="13" el="98" ec="45" bec="4" bev="0" fileid="48" />
            </Method>
            <Method visited="false" cyclomaticComplexity="1" nPathComplexity="0" sequenceCoverage="0" branchCoverage="0" crapScore="2" isConstructor="true" isStatic="true" isGetter="false" isSetter="false">
              <Summary numSequencePoints="5" visitedSequencePoints="0" numBranchPoints="1" visitedBranchPoints="0" sequenceCoverage="0" branchCoverage="0" maxCyclomaticComplexity="1" minCyclomaticComplexity="1" maxCrapScore="2" minCrapScore="2" visitedClasses="0" numClasses="0" visitedMethods="0" numMethods="1" />
              <MetadataToken>100663528</MetadataToken>
              <Name>System.Void Internal.Microsoft.DotNet.PlatformAbstractions.RuntimeEnvironment::.cctor()</Name>
              <FileRef uid="48" />
              <SequencePoints>
                <SequencePoint vc="0" uspid="1346" ordinal="0" offset="0" sl="13" sc="9" el="13" ec="94" bec="0" bev="0" fileid="48" />
                <SequencePoint vc="0" uspid="1347" ordinal="1" offset="10" sl="15" sc="67" el="15" ec="95" bec="0" bev="0" fileid="48" />
                <SequencePoint vc="0" uspid="1348" ordinal="2" offset="20" sl="17" sc="64" el="17" ec="91" bec="0" bev="0" fileid="48" />
                <SequencePoint vc="0" uspid="1349" ordinal="3" offset="30" sl="19" sc="57" el="19" ec="81" bec="0" bev="0" fileid="48" />
                <SequencePoint vc="0" uspid="1350" ordinal="4" offset="40" sl="21" sc="61" el="21" ec="70" bec="0" bev="0" fileid="48" />
              </SequencePoints>
              <BranchPoints />
              <MethodPoint xsi:type="SequencePoint" vc="0" uspid="1346" ordinal="0" offset="0" sl="13" sc="9" el="13" ec="94" bec="0" bev="0" fileid="48" />
            </Method>
          </Methods>
        </Class>
        <Class>
          <Summary numSequencePoints="0" visitedSequencePoints="0" numBranchPoints="0" visitedBranchPoints="0" sequenceCoverage="0" branchCoverage="0" maxCyclomaticComplexity="0" minCyclomaticComplexity="0" maxCrapScore="0" minCrapScore="0" visitedClasses="0" numClasses="0" visitedMethods="0" numMethods="0" />
          <FullName>Internal.Microsoft.DotNet.PlatformAbstractions.Native.NativeMethods</FullName>
          <Methods />
        </Class>
        <Class>
          <Summary numSequencePoints="13" visitedSequencePoints="0" numBranchPoints="5" visitedBranchPoints="0" sequenceCoverage="0" branchCoverage="0" maxCyclomaticComplexity="3" minCyclomaticComplexity="3" maxCrapScore="12" minCrapScore="12" visitedClasses="0" numClasses="1" visitedMethods="0" numMethods="1" />
          <FullName>Internal.Microsoft.DotNet.PlatformAbstractions.Native.NativeMethods/Darwin</FullName>
          <Methods>
            <Method visited="false" cyclomaticComplexity="3" nPathComplexity="4" sequenceCoverage="0" branchCoverage="0" crapScore="12" isConstructor="false" isStatic="true" isGetter="false" isSetter="false">
              <Summary numSequencePoints="13" visitedSequencePoints="0" numBranchPoints="5" visitedBranchPoints="0" sequenceCoverage="0" branchCoverage="0" maxCyclomaticComplexity="3" minCyclomaticComplexity="3" maxCrapScore="12" minCrapScore="12" visitedClasses="0" numClasses="0" visitedMethods="0" numMethods="1" />
              <MetadataToken>100663751</MetadataToken>
              <Name>System.String Internal.Microsoft.DotNet.PlatformAbstractions.Native.NativeMethods/Darwin::GetKernelRelease()</Name>
              <FileRef uid="49" />
              <SequencePoints>
                <SequencePoint vc="0" uspid="1351" ordinal="0" offset="0" sl="22" sc="17" el="22" ec="46" bec="0" bev="0" fileid="49" />
                <SequencePoint vc="0" uspid="1352" ordinal="1" offset="5" sl="23" sc="17" el="23" ec="36" bec="0" bev="0" fileid="49" />
                <SequencePoint vc="0" uspid="1353" ordinal="2" offset="8" sl="24" sc="17" el="24" ec="42" bec="0" bev="0" fileid="49" />
                <SequencePoint vc="0" uspid="1354" ordinal="3" offset="13" sl="26" sc="17" el="26" ec="63" bec="0" bev="0" fileid="49" />
                <SequencePoint vc="0" uspid="1355" ordinal="4" offset="19" sl="27" sc="17" el="27" ec="46" bec="0" bev="0" fileid="49" />
                <SequencePoint vc="0" uspid="1356" ordinal="5" offset="24" sl="28" sc="17" el="28" ec="38" bec="0" bev="0" fileid="49" />
                <SequencePoint vc="0" uspid="1357" ordinal="6" offset="28" sl="35" sc="21" el="35" ec="96" bec="3" bev="0" fileid="49" />
                <SequencePoint vc="0" uspid="1358" ordinal="7" offset="51" sl="37" sc="25" el="37" ec="80" bec="0" bev="0" fileid="49" />
                <SequencePoint vc="0" uspid="1359" ordinal="8" offset="67" sl="39" sc="17" el="39" ec="18" bec="0" bev="0" fileid="49" />
                <SequencePoint vc="0" uspid="1360" ordinal="9" offset="69" sl="40" sc="17" el="40" ec="37" bec="0" bev="0" fileid="49" />
                <SequencePoint vc="0" uspid="1361" ordinal="10" offset="71" sl="42" sc="21" el="42" ec="104" bec="0" bev="0" fileid="49" />
                <SequencePoint vc="0" uspid="1362" ordinal="11" offset="84" sl="44" sc="17" el="44" ec="104" bec="0" bev="0" fileid="49" />
                <SequencePoint vc="0" uspid="1363" ordinal="12" offset="95" sl="45" sc="13" el="45" ec="14" bec="0" bev="0" fileid="49" />
              </SequencePoints>
              <BranchPoints>
                <BranchPoint vc="0" uspid="1364" ordinal="0" offset="43" sl="35" path="0" offsetend="45" fileid="49" />
                <BranchPoint vc="0" uspid="1365" ordinal="1" offset="43" sl="35" path="1" offsetend="67" fileid="49" />
                <BranchPoint vc="0" uspid="1366" ordinal="2" offset="49" sl="35" path="0" offsetend="51" fileid="49" />
                <BranchPoint vc="0" uspid="1367" ordinal="3" offset="49" sl="35" path="1" offsetend="67" fileid="49" />
              </BranchPoints>
              <MethodPoint xsi:type="SequencePoint" vc="0" uspid="1351" ordinal="0" offset="0" sl="22" sc="17" el="22" ec="46" bec="0" bev="0" fileid="49" />
            </Method>
            <Method skippedDueTo="Unknown" visited="false" cyclomaticComplexity="0" nPathComplexity="0" sequenceCoverage="0" branchCoverage="0" crapScore="0" isConstructor="false" isStatic="true" isGetter="false" isSetter="false">
              <MetadataToken>100663752</MetadataToken>
              <Name>System.Int32 Internal.Microsoft.DotNet.PlatformAbstractions.Native.NativeMethods/Darwin::sysctl(System.Int32*,System.UInt32,System.Byte*,System.UInt32*,System.IntPtr,System.UInt32)</Name>
              <SequencePoints />
              <BranchPoints />
            </Method>
          </Methods>
        </Class>
        <Class>
          <Summary numSequencePoints="5" visitedSequencePoints="0" numBranchPoints="3" visitedBranchPoints="0" sequenceCoverage="0" branchCoverage="0" maxCyclomaticComplexity="2" minCyclomaticComplexity="2" maxCrapScore="6" minCrapScore="6" visitedClasses="0" numClasses="1" visitedMethods="0" numMethods="1" />
          <FullName>Internal.Microsoft.DotNet.PlatformAbstractions.Native.NativeMethods/Windows</FullName>
          <Methods>
            <Method skippedDueTo="Unknown" visited="false" cyclomaticComplexity="0" nPathComplexity="0" sequenceCoverage="0" branchCoverage="0" crapScore="0" isConstructor="false" isStatic="true" isGetter="false" isSetter="false">
              <MetadataToken>100663753</MetadataToken>
              <Name>System.Int32 Internal.Microsoft.DotNet.PlatformAbstractions.Native.NativeMethods/Windows::RtlGetVersion(Internal.Microsoft.DotNet.PlatformAbstractions.Native.NativeMethods/Windows/RTL_OSVERSIONINFOEX&amp;)</Name>
              <SequencePoints />
              <BranchPoints />
            </Method>
            <Method visited="false" cyclomaticComplexity="2" nPathComplexity="2" sequenceCoverage="0" branchCoverage="0" crapScore="6" isConstructor="false" isStatic="true" isGetter="false" isSetter="false">
              <Summary numSequencePoints="5" visitedSequencePoints="0" numBranchPoints="3" visitedBranchPoints="0" sequenceCoverage="0" branchCoverage="0" maxCyclomaticComplexity="2" minCyclomaticComplexity="2" maxCrapScore="6" minCrapScore="6" visitedClasses="0" numClasses="0" visitedMethods="0" numMethods="1" />
              <MetadataToken>100663754</MetadataToken>
              <Name>System.String Internal.Microsoft.DotNet.PlatformAbstractions.Native.NativeMethods/Windows::RtlGetVersion()</Name>
              <FileRef uid="50" />
              <SequencePoints>
                <SequencePoint vc="0" uspid="1368" ordinal="0" offset="0" sl="32" sc="17" el="32" ec="70" bec="0" bev="0" fileid="50" />
                <SequencePoint vc="0" uspid="1369" ordinal="1" offset="8" sl="33" sc="17" el="33" ec="71" bec="0" bev="0" fileid="50" />
                <SequencePoint vc="0" uspid="1370" ordinal="2" offset="21" sl="34" sc="17" el="34" ec="50" bec="2" bev="0" fileid="50" />
                <SequencePoint vc="0" uspid="1371" ordinal="3" offset="30" sl="36" sc="21" el="36" ec="96" bec="0" bev="0" fileid="50" />
                <SequencePoint vc="0" uspid="1372" ordinal="4" offset="74" sl="40" sc="21" el="40" ec="33" bec="0" bev="0" fileid="50" />
              </SequencePoints>
              <BranchPoints>
                <BranchPoint vc="0" uspid="1373" ordinal="0" offset="28" sl="34" path="0" offsetend="30" fileid="50" />
                <BranchPoint vc="0" uspid="1374" ordinal="1" offset="28" sl="34" path="1" offsetend="74" fileid="50" />
              </BranchPoints>
              <MethodPoint xsi:type="SequencePoint" vc="0" uspid="1368" ordinal="0" offset="0" sl="32" sc="17" el="32" ec="70" bec="0" bev="0" fileid="50" />
            </Method>
          </Methods>
        </Class>
        <Class>
          <Summary numSequencePoints="43" visitedSequencePoints="0" numBranchPoints="52" visitedBranchPoints="0" sequenceCoverage="0" branchCoverage="0" maxCyclomaticComplexity="8" minCyclomaticComplexity="1" maxCrapScore="72" minCrapScore="2" visitedClasses="0" numClasses="1" visitedMethods="0" numMethods="10" />
          <FullName>Internal.Microsoft.DotNet.PlatformAbstractions.Native.PlatformApis</FullName>
          <Methods>
            <Method visited="false" cyclomaticComplexity="6" nPathComplexity="8" sequenceCoverage="0" branchCoverage="0" crapScore="42" isConstructor="false" isStatic="true" isGetter="false" isSetter="false">
              <Summary numSequencePoints="5" visitedSequencePoints="0" numBranchPoints="7" visitedBranchPoints="0" sequenceCoverage="0" branchCoverage="0" maxCyclomaticComplexity="6" minCyclomaticComplexity="6" maxCrapScore="42" minCrapScore="42" visitedClasses="0" numClasses="0" visitedMethods="0" numMethods="1" />
              <MetadataToken>100663529</MetadataToken>
              <Name>System.String Internal.Microsoft.DotNet.PlatformAbstractions.Native.PlatformApis::GetOSName()</Name>
              <FileRef uid="51" />
              <SequencePoints>
                <SequencePoint vc="0" uspid="1375" ordinal="0" offset="0" sl="25" sc="13" el="25" ec="37" bec="4" bev="0" fileid="51" />
                <SequencePoint vc="0" uspid="1376" ordinal="1" offset="28" sl="28" sc="21" el="28" ec="38" bec="0" bev="0" fileid="51" />
                <SequencePoint vc="0" uspid="1377" ordinal="2" offset="34" sl="30" sc="21" el="30" ec="53" bec="2" bev="0" fileid="51" />
                <SequencePoint vc="0" uspid="1378" ordinal="3" offset="49" sl="32" sc="21" el="32" ec="39" bec="0" bev="0" fileid="51" />
                <SequencePoint vc="0" uspid="1379" ordinal="4" offset="55" sl="34" sc="21" el="34" ec="38" bec="0" bev="0" fileid="51" />
              </SequencePoints>
              <BranchPoints>
                <BranchPoint vc="0" uspid="1380" ordinal="0" offset="9" sl="25" path="0" offsetchain="26" offsetend="55" fileid="51" />
                <BranchPoint vc="0" uspid="1381" ordinal="1" offset="9" sl="25" path="1" offsetend="28" fileid="51" />
                <BranchPoint vc="0" uspid="1382" ordinal="2" offset="9" sl="25" path="2" offsetend="34" fileid="51" />
                <BranchPoint vc="0" uspid="1383" ordinal="3" offset="9" sl="25" path="3" offsetend="49" fileid="51" />
                <BranchPoint vc="0" uspid="1384" ordinal="4" offset="40" sl="30" path="0" offsetend="42" fileid="51" />
                <BranchPoint vc="0" uspid="1385" ordinal="5" offset="40" sl="30" path="1" offsetend="48" fileid="51" />
              </BranchPoints>
              <MethodPoint xsi:type="SequencePoint" vc="0" uspid="1375" ordinal="0" offset="0" sl="25" sc="13" el="25" ec="37" bec="4" bev="0" fileid="51" />
            </Method>
            <Method visited="false" cyclomaticComplexity="8" nPathComplexity="32" sequenceCoverage="0" branchCoverage="0" crapScore="72" isConstructor="false" isStatic="true" isGetter="false" isSetter="false">
              <Summary numSequencePoints="5" visitedSequencePoints="0" numBranchPoints="11" visitedBranchPoints="0" sequenceCoverage="0" branchCoverage="0" maxCyclomaticComplexity="8" minCyclomaticComplexity="8" maxCrapScore="72" minCrapScore="72" visitedClasses="0" numClasses="0" visitedMethods="0" numMethods="1" />
              <MetadataToken>100663530</MetadataToken>
              <Name>System.String Internal.Microsoft.DotNet.PlatformAbstractions.Native.PlatformApis::GetOSVersion()</Name>
              <FileRef uid="51" />
              <SequencePoints>
                <SequencePoint vc="0" uspid="1386" ordinal="0" offset="0" sl="40" sc="13" el="40" ec="37" bec="4" bev="0" fileid="51" />
                <SequencePoint vc="0" uspid="1387" ordinal="1" offset="28" sl="43" sc="21" el="43" ec="82" bec="2" bev="0" fileid="51" />
                <SequencePoint vc="0" uspid="1388" ordinal="2" offset="43" sl="45" sc="21" el="45" ec="65" bec="2" bev="0" fileid="51" />
                <SequencePoint vc="0" uspid="1389" ordinal="3" offset="58" sl="47" sc="21" el="47" ec="63" bec="2" bev="0" fileid="51" />
                <SequencePoint vc="0" uspid="1390" ordinal="4" offset="73" sl="49" sc="21" el="49" ec="41" bec="0" bev="0" fileid="51" />
              </SequencePoints>
              <BranchPoints>
                <BranchPoint vc="0" uspid="1391" ordinal="0" offset="9" sl="40" path="0" offsetchain="26" offsetend="73" fileid="51" />
                <BranchPoint vc="0" uspid="1392" ordinal="1" offset="9" sl="40" path="1" offsetend="28" fileid="51" />
                <BranchPoint vc="0" uspid="1393" ordinal="2" offset="9" sl="40" path="2" offsetend="43" fileid="51" />
                <BranchPoint vc="0" uspid="1394" ordinal="3" offset="9" sl="40" path="3" offsetend="58" fileid="51" />
                <BranchPoint vc="0" uspid="1395" ordinal="4" offset="34" sl="43" path="0" offsetend="36" fileid="51" />
                <BranchPoint vc="0" uspid="1396" ordinal="5" offset="34" sl="43" path="1" offsetend="42" fileid="51" />
                <BranchPoint vc="0" uspid="1397" ordinal="6" offset="49" sl="45" path="0" offsetend="51" fileid="51" />
                <BranchPoint vc="0" uspid="1398" ordinal="7" offset="49" sl="45" path="1" offsetend="57" fileid="51" />
                <BranchPoint vc="0" uspid="1399" ordinal="8" offset="64" sl="47" path="0" offsetend="66" fileid="51" />
                <BranchPoint vc="0" uspid="1400" ordinal="9" offset="64" sl="47" path="1" offsetend="72" fileid="51" />
              </BranchPoints>
              <MethodPoint xsi:type="SequencePoint" vc="0" uspid="1386" ordinal="0" offset="0" sl="40" sc="13" el="40" ec="37" bec="4" bev="0" fileid="51" />
            </Method>
            <Method visited="false" cyclomaticComplexity="3" nPathComplexity="4" sequenceCoverage="0" branchCoverage="0" crapScore="12" isConstructor="false" isStatic="true" isGetter="false" isSetter="false">
              <Summary numSequencePoints="4" visitedSequencePoints="0" numBranchPoints="5" visitedBranchPoints="0" sequenceCoverage="0" branchCoverage="0" maxCyclomaticComplexity="3" minCyclomaticComplexity="3" maxCrapScore="12" minCrapScore="12" visitedClasses="0" numClasses="0" visitedMethods="0" numMethods="1" />
              <MetadataToken>100663531</MetadataToken>
              <Name>System.String Internal.Microsoft.DotNet.PlatformAbstractions.Native.PlatformApis::GetDarwinVersion()</Name>
              <FileRef uid="51" />
              <SequencePoints>
                <SequencePoint vc="0" uspid="1401" ordinal="0" offset="0" sl="56" sc="13" el="56" ec="73" bec="0" bev="0" fileid="51" />
                <SequencePoint vc="0" uspid="1402" ordinal="1" offset="5" sl="57" sc="13" el="57" ec="84" bec="3" bev="0" fileid="51" />
                <SequencePoint vc="0" uspid="1403" ordinal="2" offset="23" sl="62" sc="17" el="62" ec="31" bec="0" bev="0" fileid="51" />
                <SequencePoint vc="0" uspid="1404" ordinal="3" offset="29" sl="69" sc="17" el="69" ec="50" bec="0" bev="0" fileid="51" />
              </SequencePoints>
              <BranchPoints>
                <BranchPoint vc="0" uspid="1405" ordinal="0" offset="12" sl="57" path="0" offsetend="14" fileid="51" />
                <BranchPoint vc="0" uspid="1406" ordinal="1" offset="12" sl="57" path="1" offsetend="23" fileid="51" />
                <BranchPoint vc="0" uspid="1407" ordinal="2" offset="21" sl="57" path="0" offsetend="23" fileid="51" />
                <BranchPoint vc="0" uspid="1408" ordinal="3" offset="21" sl="57" path="1" offsetend="29" fileid="51" />
              </BranchPoints>
              <MethodPoint xsi:type="SequencePoint" vc="0" uspid="1401" ordinal="0" offset="0" sl="56" sc="13" el="56" ec="73" bec="0" bev="0" fileid="51" />
            </Method>
            <Method visited="false" cyclomaticComplexity="1" nPathComplexity="0" sequenceCoverage="0" branchCoverage="0" crapScore="2" isConstructor="false" isStatic="true" isGetter="false" isSetter="false">
              <Summary numSequencePoints="1" visitedSequencePoints="0" numBranchPoints="1" visitedBranchPoints="0" sequenceCoverage="0" branchCoverage="0" maxCyclomaticComplexity="1" minCyclomaticComplexity="1" maxCrapScore="2" minCrapScore="2" visitedClasses="0" numClasses="0" visitedMethods="0" numMethods="1" />
              <MetadataToken>100663532</MetadataToken>
              <Name>Internal.Microsoft.DotNet.PlatformAbstractions.Platform Internal.Microsoft.DotNet.PlatformAbstractions.Native.PlatformApis::GetOSPlatform()</Name>
              <FileRef uid="51" />
              <SequencePoints>
                <SequencePoint vc="0" uspid="1409" ordinal="0" offset="0" sl="75" sc="13" el="75" ec="36" bec="0" bev="0" fileid="51" />
              </SequencePoints>
              <BranchPoints />
              <MethodPoint xsi:type="SequencePoint" vc="0" uspid="1409" ordinal="0" offset="0" sl="75" sc="13" el="75" ec="36" bec="0" bev="0" fileid="51" />
            </Method>
            <Method visited="false" cyclomaticComplexity="2" nPathComplexity="2" sequenceCoverage="0" branchCoverage="0" crapScore="6" isConstructor="false" isStatic="true" isGetter="false" isSetter="false">
              <Summary numSequencePoints="1" visitedSequencePoints="0" numBranchPoints="3" visitedBranchPoints="0" sequenceCoverage="0" branchCoverage="0" maxCyclomaticComplexity="2" minCyclomaticComplexity="2" maxCrapScore="6" minCrapScore="6" visitedClasses="0" numClasses="0" visitedMethods="0" numMethods="1" />
              <MetadataToken>100663533</MetadataToken>
              <Name>System.String Internal.Microsoft.DotNet.PlatformAbstractions.Native.PlatformApis::GetDistroId()</Name>
              <FileRef uid="51" />
              <SequencePoints>
                <SequencePoint vc="0" uspid="1410" ordinal="0" offset="0" sl="80" sc="13" el="80" ec="42" bec="2" bev="0" fileid="51" />
              </SequencePoints>
              <BranchPoints>
                <BranchPoint vc="0" uspid="1411" ordinal="0" offset="11" sl="80" path="0" offsetend="13" fileid="51" />
                <BranchPoint vc="0" uspid="1412" ordinal="1" offset="11" sl="80" path="1" offsetend="16" fileid="51" />
              </BranchPoints>
              <MethodPoint xsi:type="SequencePoint" vc="0" uspid="1410" ordinal="0" offset="0" sl="80" sc="13" el="80" ec="42" bec="2" bev="0" fileid="51" />
            </Method>
            <Method visited="false" cyclomaticComplexity="2" nPathComplexity="2" sequenceCoverage="0" branchCoverage="0" crapScore="6" isConstructor="false" isStatic="true" isGetter="false" isSetter="false">
              <Summary numSequencePoints="1" visitedSequencePoints="0" numBranchPoints="3" visitedBranchPoints="0" sequenceCoverage="0" branchCoverage="0" maxCyclomaticComplexity="2" minCyclomaticComplexity="2" maxCrapScore="6" minCrapScore="6" visitedClasses="0" numClasses="0" visitedMethods="0" numMethods="1" />
              <MetadataToken>100663534</MetadataToken>
              <Name>System.String Internal.Microsoft.DotNet.PlatformAbstractions.Native.PlatformApis::GetDistroVersionId()</Name>
              <FileRef uid="51" />
              <SequencePoints>
                <SequencePoint vc="0" uspid="1413" ordinal="0" offset="0" sl="85" sc="13" el="85" ec="49" bec="2" bev="0" fileid="51" />
              </SequencePoints>
              <BranchPoints>
                <BranchPoint vc="0" uspid="1414" ordinal="0" offset="11" sl="85" path="0" offsetend="13" fileid="51" />
                <BranchPoint vc="0" uspid="1415" ordinal="1" offset="11" sl="85" path="1" offsetend="16" fileid="51" />
              </BranchPoints>
              <MethodPoint xsi:type="SequencePoint" vc="0" uspid="1413" ordinal="0" offset="0" sl="85" sc="13" el="85" ec="49" bec="2" bev="0" fileid="51" />
            </Method>
            <Method visited="false" cyclomaticComplexity="5" nPathComplexity="8" sequenceCoverage="0" branchCoverage="0" crapScore="30" isConstructor="false" isStatic="true" isGetter="false" isSetter="false">
              <Summary numSequencePoints="13" visitedSequencePoints="0" numBranchPoints="7" visitedBranchPoints="0" sequenceCoverage="0" branchCoverage="0" maxCyclomaticComplexity="5" minCyclomaticComplexity="5" maxCrapScore="30" minCrapScore="30" visitedClasses="0" numClasses="0" visitedMethods="0" numMethods="1" />
              <MetadataToken>100663535</MetadataToken>
              <Name>Internal.Microsoft.DotNet.PlatformAbstractions.Native.PlatformApis/DistroInfo Internal.Microsoft.DotNet.PlatformAbstractions.Native.PlatformApis::LoadDistroInfo()</Name>
              <FileRef uid="51" />
              <SequencePoints>
                <SequencePoint vc="0" uspid="1416" ordinal="0" offset="0" sl="102" sc="13" el="102" ec="48" bec="2" bev="0" fileid="51" />
                <SequencePoint vc="0" uspid="1417" ordinal="1" offset="15" sl="104" sc="17" el="104" ec="66" bec="0" bev="0" fileid="51" />
                <SequencePoint vc="0" uspid="1418" ordinal="2" offset="25" sl="105" sc="17" el="105" ec="47" bec="0" bev="0" fileid="51" />
                <SequencePoint vc="0" uspid="1419" ordinal="3" offset="31" sl="106" sc="38" el="106" ec="43" bec="0" bev="0" fileid="51" />
                <SequencePoint vc="0" uspid="1420" ordinal="4" offset="36" sl="106" sc="26" el="106" ec="34" bec="0" bev="0" fileid="51" />
                <SequencePoint vc="0" uspid="1421" ordinal="5" offset="40" sl="108" sc="21" el="108" ec="74" bec="2" bev="0" fileid="51" />
                <SequencePoint vc="0" uspid="1422" ordinal="6" offset="54" sl="110" sc="25" el="110" ec="71" bec="0" bev="0" fileid="51" />
                <SequencePoint vc="0" uspid="1423" ordinal="7" offset="88" sl="111" sc="21" el="111" ec="22" bec="0" bev="0" fileid="51" />
                <SequencePoint vc="0" uspid="1424" ordinal="8" offset="90" sl="112" sc="26" el="112" ec="87" bec="2" bev="0" fileid="51" />
                <SequencePoint vc="0" uspid="1425" ordinal="9" offset="104" sl="114" sc="25" el="114" ec="79" bec="0" bev="0" fileid="51" />
                <SequencePoint vc="0" uspid="1426" ordinal="10" offset="143" sl="106" sc="35" el="106" ec="37" bec="0" bev="0" fileid="51" />
                <SequencePoint vc="0" uspid="1427" ordinal="11" offset="149" sl="118" sc="17" el="118" ec="52" bec="0" bev="0" fileid="51" />
                <SequencePoint vc="0" uspid="1428" ordinal="12" offset="156" sl="120" sc="13" el="120" ec="25" bec="0" bev="0" fileid="51" />
              </SequencePoints>
              <BranchPoints>
                <BranchPoint vc="0" uspid="1429" ordinal="0" offset="10" sl="102" path="0" offsetend="15" fileid="51" />
                <BranchPoint vc="0" uspid="1430" ordinal="1" offset="10" sl="102" path="1" offsetend="156" fileid="51" />
                <BranchPoint vc="0" uspid="1431" ordinal="2" offset="52" sl="108" path="0" offsetend="54" fileid="51" />
                <BranchPoint vc="0" uspid="1432" ordinal="3" offset="52" sl="108" path="1" offsetend="90" fileid="51" />
                <BranchPoint vc="0" uspid="1433" ordinal="4" offset="102" sl="112" path="0" offsetend="104" fileid="51" />
                <BranchPoint vc="0" uspid="1434" ordinal="5" offset="102" sl="112" path="1" offsetend="139" fileid="51" />
              </BranchPoints>
              <MethodPoint xsi:type="SequencePoint" vc="0" uspid="1416" ordinal="0" offset="0" sl="102" sc="13" el="102" ec="48" bec="2" bev="0" fileid="51" />
            </Method>
            <Method visited="false" cyclomaticComplexity="5" nPathComplexity="8" sequenceCoverage="0" branchCoverage="0" crapScore="30" isConstructor="false" isStatic="true" isGetter="false" isSetter="false">
              <Summary numSequencePoints="4" visitedSequencePoints="0" numBranchPoints="7" visitedBranchPoints="0" sequenceCoverage="0" branchCoverage="0" maxCyclomaticComplexity="5" minCyclomaticComplexity="5" maxCrapScore="30" minCrapScore="30" visitedClasses="0" numClasses="0" visitedMethods="0" numMethods="1" />
              <MetadataToken>100663536</MetadataToken>
              <Name>Internal.Microsoft.DotNet.PlatformAbstractions.Native.PlatformApis/DistroInfo Internal.Microsoft.DotNet.PlatformAbstractions.Native.PlatformApis::NormalizeDistroInfo(Internal.Microsoft.DotNet.PlatformAbstractions.Native.PlatformApis/DistroInfo)</Name>
              <FileRef uid="51" />
              <SequencePoints>
                <SequencePoint vc="0" uspid="1437" ordinal="0" offset="0" sl="134" sc="13" el="134" ec="93" bec="2" bev="0" fileid="51" />
                <SequencePoint vc="0" uspid="1438" ordinal="1" offset="21" sl="136" sc="13" el="136" ec="83" bec="3" bev="0" fileid="51" />
                <SequencePoint vc="0" uspid="1439" ordinal="2" offset="43" sl="138" sc="17" el="138" ec="108" bec="0" bev="0" fileid="51" />
                <SequencePoint vc="0" uspid="1440" ordinal="3" offset="62" sl="141" sc="13" el="141" ec="31" bec="0" bev="0" fileid="51" />
              </SequencePoints>
              <BranchPoints>
                <BranchPoint vc="0" uspid="1441" ordinal="0" offset="7" sl="134" path="0" offsetend="9" fileid="51" />
                <BranchPoint vc="0" uspid="1442" ordinal="1" offset="7" sl="134" path="1" offsetend="13" fileid="51" />
                <BranchPoint vc="0" uspid="1443" ordinal="2" offset="37" sl="136" path="0" offsetend="39" fileid="51" />
                <BranchPoint vc="0" uspid="1444" ordinal="3" offset="37" sl="136" path="1" offsetend="62" fileid="51" />
                <BranchPoint vc="0" uspid="1445" ordinal="4" offset="41" sl="136" path="0" offsetend="43" fileid="51" />
                <BranchPoint vc="0" uspid="1446" ordinal="5" offset="41" sl="136" path="1" offsetend="62" fileid="51" />
              </BranchPoints>
              <MethodPoint xsi:type="SequencePoint" vc="0" uspid="1437" ordinal="0" offset="0" sl="134" sc="13" el="134" ec="93" bec="2" bev="0" fileid="51" />
            </Method>
            <Method visited="false" cyclomaticComplexity="4" nPathComplexity="8" sequenceCoverage="0" branchCoverage="0" crapScore="20" isConstructor="false" isStatic="true" isGetter="false" isSetter="false">
              <Summary numSequencePoints="7" visitedSequencePoints="0" numBranchPoints="7" visitedBranchPoints="0" sequenceCoverage="0" branchCoverage="0" maxCyclomaticComplexity="4" minCyclomaticComplexity="4" maxCrapScore="20" minCrapScore="20" visitedClasses="0" numClasses="0" visitedMethods="0" numMethods="1" />
              <MetadataToken>100663537</MetadataToken>
              <Name>Internal.Microsoft.DotNet.PlatformAbstractions.Platform Internal.Microsoft.DotNet.PlatformAbstractions.Native.PlatformApis::DetermineOSPlatform()</Name>
              <FileRef uid="51" />
              <SequencePoints>
                <SequencePoint vc="0" uspid="1447" ordinal="0" offset="0" sl="179" sc="13" el="179" ec="69" bec="2" bev="0" fileid="51" />
                <SequencePoint vc="0" uspid="1448" ordinal="1" offset="12" sl="181" sc="17" el="181" ec="41" bec="0" bev="0" fileid="51" />
                <SequencePoint vc="0" uspid="1449" ordinal="2" offset="14" sl="183" sc="13" el="183" ec="67" bec="2" bev="0" fileid="51" />
                <SequencePoint vc="0" uspid="1450" ordinal="3" offset="26" sl="185" sc="17" el="185" ec="39" bec="0" bev="0" fileid="51" />
                <SequencePoint vc="0" uspid="1451" ordinal="4" offset="28" sl="187" sc="13" el="187" ec="65" bec="2" bev="0" fileid="51" />
                <SequencePoint vc="0" uspid="1452" ordinal="5" offset="40" sl="189" sc="17" el="189" ec="40" bec="0" bev="0" fileid="51" />
                <SequencePoint vc="0" uspid="1453" ordinal="6" offset="42" sl="191" sc="13" el="191" ec="37" bec="0" bev="0" fileid="51" />
              </SequencePoints>
              <BranchPoints>
                <BranchPoint vc="0" uspid="1454" ordinal="0" offset="10" sl="179" path="0" offsetend="12" fileid="51" />
                <BranchPoint vc="0" uspid="1455" ordinal="1" offset="10" sl="179" path="1" offsetend="14" fileid="51" />
                <BranchPoint vc="0" uspid="1456" ordinal="2" offset="24" sl="183" path="0" offsetend="26" fileid="51" />
                <BranchPoint vc="0" uspid="1457" ordinal="3" offset="24" sl="183" path="1" offsetend="28" fileid="51" />
                <BranchPoint vc="0" uspid="1458" ordinal="4" offset="38" sl="187" path="0" offsetend="40" fileid="51" />
                <BranchPoint vc="0" uspid="1459" ordinal="5" offset="38" sl="187" path="1" offsetend="42" fileid="51" />
              </BranchPoints>
              <MethodPoint xsi:type="SequencePoint" vc="0" uspid="1447" ordinal="0" offset="0" sl="179" sc="13" el="179" ec="69" bec="2" bev="0" fileid="51" />
            </Method>
            <Method visited="false" cyclomaticComplexity="1" nPathComplexity="0" sequenceCoverage="0" branchCoverage="0" crapScore="2" isConstructor="true" isStatic="true" isGetter="false" isSetter="false">
              <Summary numSequencePoints="2" visitedSequencePoints="0" numBranchPoints="1" visitedBranchPoints="0" sequenceCoverage="0" branchCoverage="0" maxCyclomaticComplexity="1" minCyclomaticComplexity="1" maxCrapScore="2" minCrapScore="2" visitedClasses="0" numClasses="0" visitedMethods="0" numMethods="1" />
              <MetadataToken>100663538</MetadataToken>
              <Name>System.Void Internal.Microsoft.DotNet.PlatformAbstractions.Native.PlatformApis::.cctor()</Name>
              <FileRef uid="51" />
              <SequencePoints>
                <SequencePoint vc="0" uspid="1460" ordinal="0" offset="0" sl="20" sc="9" el="20" ec="100" bec="0" bev="0" fileid="51" />
                <SequencePoint vc="0" uspid="1461" ordinal="1" offset="22" sl="21" sc="9" el="21" ec="101" bec="0" bev="0" fileid="51" />
              </SequencePoints>
              <BranchPoints />
              <MethodPoint xsi:type="SequencePoint" vc="0" uspid="1460" ordinal="0" offset="0" sl="20" sc="9" el="20" ec="100" bec="0" bev="0" fileid="51" />
            </Method>
          </Methods>
        </Class>
        <Class>
          <Summary numSequencePoints="0" visitedSequencePoints="0" numBranchPoints="0" visitedBranchPoints="0" sequenceCoverage="0" branchCoverage="0" maxCyclomaticComplexity="1" minCyclomaticComplexity="1" maxCrapScore="2" minCrapScore="2" visitedClasses="0" numClasses="0" visitedMethods="0" numMethods="0" />
          <FullName>Internal.Microsoft.DotNet.PlatformAbstractions.Native.PlatformApis/DistroInfo</FullName>
          <Methods>
            <Method visited="false" cyclomaticComplexity="1" nPathComplexity="0" sequenceCoverage="0" branchCoverage="0" crapScore="2" isConstructor="true" isStatic="false" isGetter="false" isSetter="false">
              <Summary numSequencePoints="0" visitedSequencePoints="0" numBranchPoints="0" visitedBranchPoints="0" sequenceCoverage="0" branchCoverage="0" maxCyclomaticComplexity="1" minCyclomaticComplexity="1" maxCrapScore="2" minCrapScore="2" visitedClasses="0" numClasses="0" visitedMethods="0" numMethods="0" />
              <MetadataToken>100663755</MetadataToken>
              <Name>System.Void Internal.Microsoft.DotNet.PlatformAbstractions.Native.PlatformApis/DistroInfo::.ctor()</Name>
              <SequencePoints />
              <BranchPoints />
              <MethodPoint vc="0" uspid="1462" ordinal="0" offset="0" />
            </Method>
          </Methods>
        </Class>
        <Class>
          <Summary numSequencePoints="49" visitedSequencePoints="0" numBranchPoints="26" visitedBranchPoints="0" sequenceCoverage="0" branchCoverage="0" maxCyclomaticComplexity="19" minCyclomaticComplexity="1" maxCrapScore="380" minCrapScore="2" visitedClasses="0" numClasses="1" visitedMethods="0" numMethods="5" />
          <FullName>Xunit.ConsoleHelper</FullName>
          <Methods>
            <Method visited="false" cyclomaticComplexity="2" nPathComplexity="2" sequenceCoverage="0" branchCoverage="0" crapScore="6" isConstructor="true" isStatic="true" isGetter="false" isSetter="false">
              <Summary numSequencePoints="7" visitedSequencePoints="0" numBranchPoints="3" visitedBranchPoints="0" sequenceCoverage="0" branchCoverage="0" maxCyclomaticComplexity="2" minCyclomaticComplexity="2" maxCrapScore="6" minCrapScore="6" visitedClasses="0" numClasses="0" visitedMethods="0" numMethods="1" />
              <MetadataToken>100663539</MetadataToken>
              <Name>System.Void Xunit.ConsoleHelper::.cctor()</Name>
              <FileRef uid="52" />
              <SequencePoints>
                <SequencePoint vc="0" uspid="1463" ordinal="0" offset="0" sl="21" sc="13" el="21" ec="131" bec="2" bev="0" fileid="52" />
                <SequencePoint vc="0" uspid="1464" ordinal="1" offset="12" sl="23" sc="17" el="23" ec="48" bec="0" bev="0" fileid="52" />
                <SequencePoint vc="0" uspid="1465" ordinal="2" offset="29" sl="24" sc="17" el="24" ec="64" bec="0" bev="0" fileid="52" />
                <SequencePoint vc="0" uspid="1466" ordinal="3" offset="46" sl="25" sc="13" el="25" ec="14" bec="0" bev="0" fileid="52" />
                <SequencePoint vc="0" uspid="1467" ordinal="4" offset="47" sl="28" sc="17" el="28" ec="45" bec="0" bev="0" fileid="52" />
                <SequencePoint vc="0" uspid="1468" ordinal="5" offset="64" sl="29" sc="17" el="29" ec="61" bec="0" bev="0" fileid="52" />
                <SequencePoint vc="0" uspid="1469" ordinal="6" offset="81" sl="32" sc="9" el="32" ec="10" bec="0" bev="0" fileid="52" />
              </SequencePoints>
              <BranchPoints>
                <BranchPoint vc="0" uspid="1470" ordinal="0" offset="10" sl="21" path="0" offsetend="12" fileid="52" />
                <BranchPoint vc="0" uspid="1471" ordinal="1" offset="10" sl="21" path="1" offsetend="47" fileid="52" />
              </BranchPoints>
              <MethodPoint xsi:type="SequencePoint" vc="0" uspid="1463" ordinal="0" offset="0" sl="21" sc="13" el="21" ec="131" bec="2" bev="0" fileid="52" />
            </Method>
            <Method visited="false" cyclomaticComplexity="19" nPathComplexity="34" sequenceCoverage="0" branchCoverage="0" crapScore="380" isConstructor="false" isStatic="true" isGetter="false" isSetter="false">
              <Summary numSequencePoints="39" visitedSequencePoints="0" numBranchPoints="20" visitedBranchPoints="0" sequenceCoverage="0" branchCoverage="0" maxCyclomaticComplexity="19" minCyclomaticComplexity="19" maxCrapScore="380" minCrapScore="380" visitedClasses="0" numClasses="0" visitedMethods="0" numMethods="1" />
              <MetadataToken>100663540</MetadataToken>
              <Name>System.Void Xunit.ConsoleHelper::SetForegroundColorANSI(System.ConsoleColor)</Name>
              <FileRef uid="52" />
              <SequencePoints>
                <SequencePoint vc="0" uspid="1472" ordinal="0" offset="0" sl="36" sc="13" el="36" ec="42" bec="0" bev="0" fileid="52" />
                <SequencePoint vc="0" uspid="1473" ordinal="1" offset="6" sl="37" sc="13" el="37" ec="23" bec="17" bev="0" fileid="52" />
                <SequencePoint vc="0" uspid="1474" ordinal="2" offset="81" sl="39" sc="42" el="39" ec="62" bec="0" bev="0" fileid="52" />
                <SequencePoint vc="0" uspid="1475" ordinal="3" offset="93" sl="39" sc="63" el="39" ec="69" bec="0" bev="0" fileid="52" />
                <SequencePoint vc="0" uspid="1476" ordinal="4" offset="98" sl="40" sc="45" el="40" ec="65" bec="0" bev="0" fileid="52" />
                <SequencePoint vc="0" uspid="1477" ordinal="5" offset="110" sl="40" sc="66" el="40" ec="72" bec="0" bev="0" fileid="52" />
                <SequencePoint vc="0" uspid="1478" ordinal="6" offset="115" sl="41" sc="46" el="41" ec="66" bec="0" bev="0" fileid="52" />
                <SequencePoint vc="0" uspid="1479" ordinal="7" offset="127" sl="41" sc="67" el="41" ec="73" bec="0" bev="0" fileid="52" />
                <SequencePoint vc="0" uspid="1480" ordinal="8" offset="132" sl="42" sc="45" el="42" ec="65" bec="0" bev="0" fileid="52" />
                <SequencePoint vc="0" uspid="1481" ordinal="9" offset="144" sl="42" sc="66" el="42" ec="72" bec="0" bev="0" fileid="52" />
                <SequencePoint vc="0" uspid="1482" ordinal="10" offset="149" sl="43" sc="44" el="43" ec="64" bec="0" bev="0" fileid="52" />
                <SequencePoint vc="0" uspid="1483" ordinal="11" offset="161" sl="43" sc="65" el="43" ec="71" bec="0" bev="0" fileid="52" />
                <SequencePoint vc="0" uspid="1484" ordinal="12" offset="166" sl="44" sc="48" el="44" ec="68" bec="0" bev="0" fileid="52" />
                <SequencePoint vc="0" uspid="1485" ordinal="13" offset="178" sl="44" sc="69" el="44" ec="75" bec="0" bev="0" fileid="52" />
                <SequencePoint vc="0" uspid="1486" ordinal="14" offset="183" sl="45" sc="47" el="45" ec="67" bec="0" bev="0" fileid="52" />
                <SequencePoint vc="0" uspid="1487" ordinal="15" offset="195" sl="45" sc="68" el="45" ec="74" bec="0" bev="0" fileid="52" />
                <SequencePoint vc="0" uspid="1488" ordinal="16" offset="200" sl="46" sc="41" el="46" ec="61" bec="0" bev="0" fileid="52" />
                <SequencePoint vc="0" uspid="1489" ordinal="17" offset="212" sl="46" sc="62" el="46" ec="68" bec="0" bev="0" fileid="52" />
                <SequencePoint vc="0" uspid="1490" ordinal="18" offset="214" sl="47" sc="45" el="47" ec="67" bec="0" bev="0" fileid="52" />
                <SequencePoint vc="0" uspid="1491" ordinal="19" offset="226" sl="47" sc="68" el="47" ec="74" bec="0" bev="0" fileid="52" />
                <SequencePoint vc="0" uspid="1492" ordinal="20" offset="228" sl="48" sc="41" el="48" ec="63" bec="0" bev="0" fileid="52" />
                <SequencePoint vc="0" uspid="1493" ordinal="21" offset="240" sl="48" sc="64" el="48" ec="70" bec="0" bev="0" fileid="52" />
                <SequencePoint vc="0" uspid="1494" ordinal="22" offset="242" sl="49" sc="42" el="49" ec="64" bec="0" bev="0" fileid="52" />
                <SequencePoint vc="0" uspid="1495" ordinal="23" offset="254" sl="49" sc="65" el="49" ec="71" bec="0" bev="0" fileid="52" />
                <SequencePoint vc="0" uspid="1496" ordinal="24" offset="256" sl="50" sc="41" el="50" ec="63" bec="0" bev="0" fileid="52" />
                <SequencePoint vc="0" uspid="1497" ordinal="25" offset="268" sl="50" sc="64" el="50" ec="70" bec="0" bev="0" fileid="52" />
                <SequencePoint vc="0" uspid="1498" ordinal="26" offset="270" sl="51" sc="40" el="51" ec="62" bec="0" bev="0" fileid="52" />
                <SequencePoint vc="0" uspid="1499" ordinal="27" offset="282" sl="51" sc="63" el="51" ec="69" bec="0" bev="0" fileid="52" />
                <SequencePoint vc="0" uspid="1500" ordinal="28" offset="284" sl="52" sc="44" el="52" ec="66" bec="0" bev="0" fileid="52" />
                <SequencePoint vc="0" uspid="1501" ordinal="29" offset="296" sl="52" sc="67" el="52" ec="73" bec="0" bev="0" fileid="52" />
                <SequencePoint vc="0" uspid="1502" ordinal="30" offset="298" sl="53" sc="43" el="53" ec="65" bec="0" bev="0" fileid="52" />
                <SequencePoint vc="0" uspid="1503" ordinal="31" offset="310" sl="53" sc="66" el="53" ec="72" bec="0" bev="0" fileid="52" />
                <SequencePoint vc="0" uspid="1504" ordinal="32" offset="312" sl="54" sc="42" el="54" ec="64" bec="0" bev="0" fileid="52" />
                <SequencePoint vc="0" uspid="1505" ordinal="33" offset="324" sl="54" sc="65" el="54" ec="71" bec="0" bev="0" fileid="52" />
                <SequencePoint vc="0" uspid="1506" ordinal="34" offset="326" sl="55" sc="26" el="55" ec="43" bec="0" bev="0" fileid="52" />
                <SequencePoint vc="0" uspid="1507" ordinal="35" offset="332" sl="57" sc="13" el="57" ec="35" bec="2" bev="0" fileid="52" />
                <SequencePoint vc="0" uspid="1508" ordinal="36" offset="345" sl="59" sc="17" el="59" ec="36" bec="0" bev="0" fileid="52" />
                <SequencePoint vc="0" uspid="1509" ordinal="37" offset="357" sl="60" sc="17" el="60" ec="48" bec="0" bev="0" fileid="52" />
                <SequencePoint vc="0" uspid="1510" ordinal="38" offset="368" sl="62" sc="9" el="62" ec="10" bec="0" bev="0" fileid="52" />
              </SequencePoints>
              <BranchPoints>
                <BranchPoint vc="0" uspid="1511" ordinal="0" offset="7" sl="37" path="0" offsetchain="76" offsetend="326" fileid="52" />
                <BranchPoint vc="0" uspid="1512" ordinal="1" offset="7" sl="37" path="1" offsetend="81" fileid="52" />
                <BranchPoint vc="0" uspid="1513" ordinal="2" offset="7" sl="37" path="2" offsetend="98" fileid="52" />
                <BranchPoint vc="0" uspid="1514" ordinal="3" offset="7" sl="37" path="3" offsetend="115" fileid="52" />
                <BranchPoint vc="0" uspid="1515" ordinal="4" offset="7" sl="37" path="4" offsetend="132" fileid="52" />
                <BranchPoint vc="0" uspid="1516" ordinal="5" offset="7" sl="37" path="5" offsetend="149" fileid="52" />
                <BranchPoint vc="0" uspid="1517" ordinal="6" offset="7" sl="37" path="6" offsetend="166" fileid="52" />
                <BranchPoint vc="0" uspid="1518" ordinal="7" offset="7" sl="37" path="7" offsetend="183" fileid="52" />
                <BranchPoint vc="0" uspid="1519" ordinal="8" offset="7" sl="37" path="8" offsetend="200" fileid="52" />
                <BranchPoint vc="0" uspid="1520" ordinal="9" offset="7" sl="37" path="9" offsetend="214" fileid="52" />
                <BranchPoint vc="0" uspid="1521" ordinal="10" offset="7" sl="37" path="10" offsetend="228" fileid="52" />
                <BranchPoint vc="0" uspid="1522" ordinal="11" offset="7" sl="37" path="11" offsetend="242" fileid="52" />
                <BranchPoint vc="0" uspid="1523" ordinal="12" offset="7" sl="37" path="12" offsetend="256" fileid="52" />
                <BranchPoint vc="0" uspid="1524" ordinal="13" offset="7" sl="37" path="13" offsetend="270" fileid="52" />
                <BranchPoint vc="0" uspid="1525" ordinal="14" offset="7" sl="37" path="14" offsetend="284" fileid="52" />
                <BranchPoint vc="0" uspid="1526" ordinal="15" offset="7" sl="37" path="15" offsetend="298" fileid="52" />
                <BranchPoint vc="0" uspid="1527" ordinal="16" offset="7" sl="37" path="16" offsetend="312" fileid="52" />
                <BranchPoint vc="0" uspid="1528" ordinal="17" offset="343" sl="57" path="0" offsetend="345" fileid="52" />
                <BranchPoint vc="0" uspid="1529" ordinal="18" offset="343" sl="57" path="1" offsetend="368" fileid="52" />
              </BranchPoints>
              <MethodPoint xsi:type="SequencePoint" vc="0" uspid="1472" ordinal="0" offset="0" sl="36" sc="13" el="36" ec="42" bec="0" bev="0" fileid="52" />
            </Method>
            <Method visited="false" cyclomaticComplexity="1" nPathComplexity="0" sequenceCoverage="0" branchCoverage="0" crapScore="2" isConstructor="false" isStatic="true" isGetter="false" isSetter="false">
              <Summary numSequencePoints="1" visitedSequencePoints="0" numBranchPoints="1" visitedBranchPoints="0" sequenceCoverage="0" branchCoverage="0" maxCyclomaticComplexity="1" minCyclomaticComplexity="1" maxCrapScore="2" minCrapScore="2" visitedClasses="0" numClasses="0" visitedMethods="0" numMethods="1" />
              <MetadataToken>100663541</MetadataToken>
              <Name>System.Void Xunit.ConsoleHelper::SetForegroundColorConsole(System.ConsoleColor)</Name>
              <FileRef uid="52" />
              <SequencePoints>
                <SequencePoint vc="0" uspid="1530" ordinal="0" offset="0" sl="65" sc="16" el="65" ec="43" bec="0" bev="0" fileid="52" />
              </SequencePoints>
              <BranchPoints />
              <MethodPoint xsi:type="SequencePoint" vc="0" uspid="1530" ordinal="0" offset="0" sl="65" sc="16" el="65" ec="43" bec="0" bev="0" fileid="52" />
            </Method>
            <Method visited="false" cyclomaticComplexity="1" nPathComplexity="0" sequenceCoverage="0" branchCoverage="0" crapScore="2" isConstructor="false" isStatic="true" isGetter="false" isSetter="false">
              <Summary numSequencePoints="1" visitedSequencePoints="0" numBranchPoints="1" visitedBranchPoints="0" sequenceCoverage="0" branchCoverage="0" maxCyclomaticComplexity="1" minCyclomaticComplexity="1" maxCrapScore="2" minCrapScore="2" visitedClasses="0" numClasses="0" visitedMethods="0" numMethods="1" />
              <MetadataToken>100663542</MetadataToken>
              <Name>System.Void Xunit.ConsoleHelper::ResetColorANSI()</Name>
              <FileRef uid="52" />
              <SequencePoints>
                <SequencePoint vc="0" uspid="1531" ordinal="0" offset="0" sl="68" sc="16" el="68" ec="43" bec="0" bev="0" fileid="52" />
              </SequencePoints>
              <BranchPoints />
              <MethodPoint xsi:type="SequencePoint" vc="0" uspid="1531" ordinal="0" offset="0" sl="68" sc="16" el="68" ec="43" bec="0" bev="0" fileid="52" />
            </Method>
            <Method visited="false" cyclomaticComplexity="1" nPathComplexity="0" sequenceCoverage="0" branchCoverage="0" crapScore="2" isConstructor="false" isStatic="true" isGetter="false" isSetter="false">
              <Summary numSequencePoints="1" visitedSequencePoints="0" numBranchPoints="1" visitedBranchPoints="0" sequenceCoverage="0" branchCoverage="0" maxCyclomaticComplexity="1" minCyclomaticComplexity="1" maxCrapScore="2" minCrapScore="2" visitedClasses="0" numClasses="0" visitedMethods="0" numMethods="1" />
              <MetadataToken>100663543</MetadataToken>
              <Name>System.Void Xunit.ConsoleHelper::ResetColorConsole()</Name>
              <FileRef uid="52" />
              <SequencePoints>
                <SequencePoint vc="0" uspid="1532" ordinal="0" offset="0" sl="71" sc="16" el="71" ec="36" bec="0" bev="0" fileid="52" />
              </SequencePoints>
              <BranchPoints />
              <MethodPoint xsi:type="SequencePoint" vc="0" uspid="1532" ordinal="0" offset="0" sl="71" sc="16" el="71" ec="36" bec="0" bev="0" fileid="52" />
            </Method>
          </Methods>
        </Class>
        <Class>
          <Summary numSequencePoints="7" visitedSequencePoints="0" numBranchPoints="5" visitedBranchPoints="0" sequenceCoverage="0" branchCoverage="0" maxCyclomaticComplexity="2" minCyclomaticComplexity="1" maxCrapScore="6" minCrapScore="2" visitedClasses="0" numClasses="1" visitedMethods="0" numMethods="3" />
          <FullName>Xunit.JsonArray</FullName>
          <Methods>
            <Method visited="false" cyclomaticComplexity="1" nPathComplexity="0" sequenceCoverage="0" branchCoverage="0" crapScore="2" isConstructor="false" isStatic="false" isGetter="true" isSetter="false">
              <Summary numSequencePoints="1" visitedSequencePoints="0" numBranchPoints="1" visitedBranchPoints="0" sequenceCoverage="0" branchCoverage="0" maxCyclomaticComplexity="1" minCyclomaticComplexity="1" maxCrapScore="2" minCrapScore="2" visitedClasses="0" numClasses="0" visitedMethods="0" numMethods="1" />
              <MetadataToken>100663545</MetadataToken>
              <Name>System.Int32 Xunit.JsonArray::get_Length()</Name>
              <FileRef uid="53" />
              <SequencePoints>
                <SequencePoint vc="0" uspid="1533" ordinal="0" offset="0" sl="26" sc="19" el="26" ec="40" bec="0" bev="0" fileid="53" />
              </SequencePoints>
              <BranchPoints />
              <MethodPoint xsi:type="SequencePoint" vc="0" uspid="1533" ordinal="0" offset="0" sl="26" sc="19" el="26" ec="40" bec="0" bev="0" fileid="53" />
            </Method>
            <Method visited="false" cyclomaticComplexity="1" nPathComplexity="0" sequenceCoverage="0" branchCoverage="0" crapScore="2" isConstructor="false" isStatic="false" isGetter="true" isSetter="false">
              <Summary numSequencePoints="1" visitedSequencePoints="0" numBranchPoints="1" visitedBranchPoints="0" sequenceCoverage="0" branchCoverage="0" maxCyclomaticComplexity="1" minCyclomaticComplexity="1" maxCrapScore="2" minCrapScore="2" visitedClasses="0" numClasses="0" visitedMethods="0" numMethods="1" />
              <MetadataToken>100663546</MetadataToken>
              <Name>Xunit.JsonValue Xunit.JsonArray::get_Item(System.Int32)</Name>
              <FileRef uid="53" />
              <SequencePoints>
                <SequencePoint vc="0" uspid="1534" ordinal="0" offset="0" sl="31" sc="19" el="31" ec="40" bec="0" bev="0" fileid="53" />
              </SequencePoints>
              <BranchPoints />
              <MethodPoint xsi:type="SequencePoint" vc="0" uspid="1534" ordinal="0" offset="0" sl="31" sc="19" el="31" ec="40" bec="0" bev="0" fileid="53" />
            </Method>
            <Method visited="false" cyclomaticComplexity="2" nPathComplexity="2" sequenceCoverage="0" branchCoverage="0" crapScore="6" isConstructor="true" isStatic="false" isGetter="false" isSetter="false">
              <Summary numSequencePoints="5" visitedSequencePoints="0" numBranchPoints="3" visitedBranchPoints="0" sequenceCoverage="0" branchCoverage="0" maxCyclomaticComplexity="2" minCyclomaticComplexity="2" maxCrapScore="6" minCrapScore="6" visitedClasses="0" numClasses="0" visitedMethods="0" numMethods="1" />
              <MetadataToken>100663544</MetadataToken>
              <Name>System.Void Xunit.JsonArray::.ctor(Xunit.JsonValue[],System.Int32,System.Int32)</Name>
              <FileRef uid="53" />
              <SequencePoints>
                <SequencePoint vc="0" uspid="1535" ordinal="0" offset="0" sl="14" sc="15" el="14" ec="33" bec="0" bev="0" fileid="53" />
                <SequencePoint vc="0" uspid="1536" ordinal="1" offset="8" sl="16" sc="13" el="16" ec="31" bec="2" bev="0" fileid="53" />
                <SequencePoint vc="0" uspid="1537" ordinal="2" offset="11" sl="18" sc="17" el="18" ec="64" bec="0" bev="0" fileid="53" />
                <SequencePoint vc="0" uspid="1538" ordinal="3" offset="22" sl="21" sc="13" el="21" ec="28" bec="0" bev="0" fileid="53" />
                <SequencePoint vc="0" uspid="1539" ordinal="4" offset="29" sl="22" sc="9" el="22" ec="10" bec="0" bev="0" fileid="53" />
              </SequencePoints>
              <BranchPoints>
                <BranchPoint vc="0" uspid="1540" ordinal="0" offset="9" sl="16" path="0" offsetend="11" fileid="53" />
                <BranchPoint vc="0" uspid="1541" ordinal="1" offset="9" sl="16" path="1" offsetend="22" fileid="53" />
              </BranchPoints>
              <MethodPoint xsi:type="SequencePoint" vc="0" uspid="1535" ordinal="0" offset="0" sl="14" sc="15" el="14" ec="33" bec="0" bev="0" fileid="53" />
            </Method>
          </Methods>
        </Class>
        <Class>
          <Summary numSequencePoints="11" visitedSequencePoints="0" numBranchPoints="8" visitedBranchPoints="0" sequenceCoverage="0" branchCoverage="0" maxCyclomaticComplexity="3" minCyclomaticComplexity="1" maxCrapScore="12" minCrapScore="2" visitedClasses="0" numClasses="1" visitedMethods="0" numMethods="4" />
          <FullName>Xunit.JsonBoolean</FullName>
          <Methods>
            <Method visited="false" cyclomaticComplexity="1" nPathComplexity="0" sequenceCoverage="0" branchCoverage="0" crapScore="2" isConstructor="false" isStatic="false" isGetter="true" isSetter="false">
              <Summary numSequencePoints="1" visitedSequencePoints="0" numBranchPoints="1" visitedBranchPoints="0" sequenceCoverage="0" branchCoverage="0" maxCyclomaticComplexity="1" minCyclomaticComplexity="1" maxCrapScore="2" minCrapScore="2" visitedClasses="0" numClasses="0" visitedMethods="0" numMethods="1" />
              <MetadataToken>100663548</MetadataToken>
              <Name>System.Boolean Xunit.JsonBoolean::get_Value()</Name>
              <FileRef uid="53" />
              <SequencePoints>
                <SequencePoint vc="0" uspid="1542" ordinal="0" offset="0" sl="54" sc="29" el="54" ec="33" bec="0" bev="0" fileid="53" />
              </SequencePoints>
              <BranchPoints />
              <MethodPoint xsi:type="SequencePoint" vc="0" uspid="1542" ordinal="0" offset="0" sl="54" sc="29" el="54" ec="33" bec="0" bev="0" fileid="53" />
            </Method>
            <Method visited="false" cyclomaticComplexity="1" nPathComplexity="0" sequenceCoverage="0" branchCoverage="0" crapScore="2" isConstructor="false" isStatic="false" isGetter="false" isSetter="true">
              <Summary numSequencePoints="1" visitedSequencePoints="0" numBranchPoints="1" visitedBranchPoints="0" sequenceCoverage="0" branchCoverage="0" maxCyclomaticComplexity="1" minCyclomaticComplexity="1" maxCrapScore="2" minCrapScore="2" visitedClasses="0" numClasses="0" visitedMethods="0" numMethods="1" />
              <MetadataToken>100663549</MetadataToken>
              <Name>System.Void Xunit.JsonBoolean::set_Value(System.Boolean)</Name>
              <FileRef uid="53" />
              <SequencePoints>
                <SequencePoint vc="0" uspid="1543" ordinal="0" offset="0" sl="54" sc="34" el="54" ec="46" bec="0" bev="0" fileid="53" />
              </SequencePoints>
              <BranchPoints />
              <MethodPoint xsi:type="SequencePoint" vc="0" uspid="1543" ordinal="0" offset="0" sl="54" sc="34" el="54" ec="46" bec="0" bev="0" fileid="53" />
            </Method>
            <Method visited="false" cyclomaticComplexity="3" nPathComplexity="4" sequenceCoverage="0" branchCoverage="0" crapScore="12" isConstructor="true" isStatic="false" isGetter="false" isSetter="false">
              <Summary numSequencePoints="8" visitedSequencePoints="0" numBranchPoints="5" visitedBranchPoints="0" sequenceCoverage="0" branchCoverage="0" maxCyclomaticComplexity="3" minCyclomaticComplexity="3" maxCrapScore="12" minCrapScore="12" visitedClasses="0" numClasses="0" visitedMethods="0" numMethods="1" />
              <MetadataToken>100663547</MetadataToken>
              <Name>System.Void Xunit.JsonBoolean::.ctor(Xunit.JsonToken)</Name>
              <FileRef uid="53" />
              <SequencePoints>
                <SequencePoint vc="0" uspid="1544" ordinal="0" offset="0" sl="38" sc="15" el="38" ec="45" bec="0" bev="0" fileid="53" />
                <SequencePoint vc="0" uspid="1545" ordinal="1" offset="18" sl="40" sc="13" el="40" ec="50" bec="2" bev="0" fileid="53" />
                <SequencePoint vc="0" uspid="1546" ordinal="2" offset="27" sl="42" sc="17" el="42" ec="30" bec="0" bev="0" fileid="53" />
                <SequencePoint vc="0" uspid="1547" ordinal="3" offset="34" sl="43" sc="13" el="43" ec="14" bec="0" bev="0" fileid="53" />
                <SequencePoint vc="0" uspid="1548" ordinal="4" offset="35" sl="44" sc="18" el="44" ec="56" bec="2" bev="0" fileid="53" />
                <SequencePoint vc="0" uspid="1549" ordinal="5" offset="44" sl="46" sc="17" el="46" ec="31" bec="0" bev="0" fileid="53" />
                <SequencePoint vc="0" uspid="1550" ordinal="6" offset="51" sl="47" sc="13" el="47" ec="14" bec="0" bev="0" fileid="53" />
                <SequencePoint vc="0" uspid="1551" ordinal="7" offset="52" sl="50" sc="17" el="50" ec="107" bec="0" bev="0" fileid="53" />
              </SequencePoints>
              <BranchPoints>
                <BranchPoint vc="0" uspid="1552" ordinal="0" offset="25" sl="40" path="0" offsetend="27" fileid="53" />
                <BranchPoint vc="0" uspid="1553" ordinal="1" offset="25" sl="40" path="1" offsetend="35" fileid="53" />
                <BranchPoint vc="0" uspid="1554" ordinal="2" offset="42" sl="44" path="0" offsetend="44" fileid="53" />
                <BranchPoint vc="0" uspid="1555" ordinal="3" offset="42" sl="44" path="1" offsetend="52" fileid="53" />
              </BranchPoints>
              <MethodPoint xsi:type="SequencePoint" vc="0" uspid="1544" ordinal="0" offset="0" sl="38" sc="15" el="38" ec="45" bec="0" bev="0" fileid="53" />
            </Method>
            <Method visited="false" cyclomaticComplexity="1" nPathComplexity="0" sequenceCoverage="0" branchCoverage="0" crapScore="2" isConstructor="false" isStatic="true" isGetter="false" isSetter="false">
              <Summary numSequencePoints="1" visitedSequencePoints="0" numBranchPoints="1" visitedBranchPoints="0" sequenceCoverage="0" branchCoverage="0" maxCyclomaticComplexity="1" minCyclomaticComplexity="1" maxCrapScore="2" minCrapScore="2" visitedClasses="0" numClasses="0" visitedMethods="0" numMethods="1" />
              <MetadataToken>100663550</MetadataToken>
              <Name>System.Boolean Xunit.JsonBoolean::op_Implicit(Xunit.JsonBoolean)</Name>
              <FileRef uid="53" />
              <SequencePoints>
                <SequencePoint vc="0" uspid="1556" ordinal="0" offset="0" sl="58" sc="13" el="58" ec="38" bec="0" bev="0" fileid="53" />
              </SequencePoints>
              <BranchPoints />
              <MethodPoint xsi:type="SequencePoint" vc="0" uspid="1556" ordinal="0" offset="0" sl="58" sc="13" el="58" ec="38" bec="0" bev="0" fileid="53" />
            </Method>
          </Methods>
        </Class>
        <Class>
          <Summary numSequencePoints="131" visitedSequencePoints="0" numBranchPoints="105" visitedBranchPoints="0" sequenceCoverage="0" branchCoverage="0" maxCyclomaticComplexity="17" minCyclomaticComplexity="1" maxCrapScore="306" minCrapScore="2" visitedClasses="0" numClasses="1" visitedMethods="0" numMethods="7" />
          <FullName>Xunit.JsonBuffer</FullName>
          <Methods>
            <Method visited="false" cyclomaticComplexity="1" nPathComplexity="0" sequenceCoverage="0" branchCoverage="0" crapScore="2" isConstructor="true" isStatic="false" isGetter="false" isSetter="false">
              <Summary numSequencePoints="6" visitedSequencePoints="0" numBranchPoints="1" visitedBranchPoints="0" sequenceCoverage="0" branchCoverage="0" maxCyclomaticComplexity="1" minCyclomaticComplexity="1" maxCrapScore="2" minCrapScore="2" visitedClasses="0" numClasses="0" visitedMethods="0" numMethods="1" />
              <MetadataToken>100663551</MetadataToken>
              <Name>System.Void Xunit.JsonBuffer::.ctor(System.IO.TextReader)</Name>
              <FileRef uid="53" />
              <SequencePoints>
                <SequencePoint vc="0" uspid="1557" ordinal="0" offset="0" sl="68" sc="9" el="68" ec="53" bec="0" bev="0" fileid="53" />
                <SequencePoint vc="0" uspid="1558" ordinal="1" offset="11" sl="69" sc="9" el="69" ec="63" bec="0" bev="0" fileid="53" />
                <SequencePoint vc="0" uspid="1559" ordinal="2" offset="23" sl="75" sc="9" el="75" ec="45" bec="0" bev="0" fileid="53" />
                <SequencePoint vc="0" uspid="1560" ordinal="3" offset="29" sl="77" sc="13" el="77" ec="30" bec="0" bev="0" fileid="53" />
                <SequencePoint vc="0" uspid="1561" ordinal="4" offset="36" sl="78" sc="13" el="78" ec="23" bec="0" bev="0" fileid="53" />
                <SequencePoint vc="0" uspid="1562" ordinal="5" offset="43" sl="79" sc="9" el="79" ec="10" bec="0" bev="0" fileid="53" />
              </SequencePoints>
              <BranchPoints />
              <MethodPoint xsi:type="SequencePoint" vc="0" uspid="1557" ordinal="0" offset="0" sl="68" sc="9" el="68" ec="53" bec="0" bev="0" fileid="53" />
            </Method>
            <Method visited="false" cyclomaticComplexity="15" nPathComplexity="32768" sequenceCoverage="0" branchCoverage="0" crapScore="240" isConstructor="false" isStatic="false" isGetter="false" isSetter="false">
              <Summary numSequencePoints="48" visitedSequencePoints="0" numBranchPoints="31" visitedBranchPoints="0" sequenceCoverage="0" branchCoverage="0" maxCyclomaticComplexity="15" minCyclomaticComplexity="15" maxCrapScore="240" minCrapScore="240" visitedClasses="0" numClasses="0" visitedMethods="0" numMethods="1" />
              <MetadataToken>100663552</MetadataToken>
              <Name>Xunit.JsonToken Xunit.JsonBuffer::Read()</Name>
              <FileRef uid="53" />
              <SequencePoints>
                <SequencePoint vc="0" uspid="1563" ordinal="0" offset="0" sl="86" sc="17" el="86" ec="40" bec="0" bev="0" fileid="53" />
                <SequencePoint vc="0" uspid="1564" ordinal="1" offset="7" sl="88" sc="17" el="88" ec="33" bec="2" bev="0" fileid="53" />
                <SequencePoint vc="0" uspid="1565" ordinal="2" offset="11" sl="90" sc="21" el="90" ec="53" bec="0" bev="0" fileid="53" />
                <SequencePoint vc="0" uspid="1566" ordinal="3" offset="24" sl="91" sc="21" el="91" ec="35" bec="0" bev="0" fileid="53" />
                <SequencePoint vc="0" uspid="1567" ordinal="4" offset="31" sl="93" sc="22" el="93" ec="47" bec="2" bev="0" fileid="53" />
                <SequencePoint vc="0" uspid="1568" ordinal="5" offset="39" sl="99" sc="13" el="99" ec="53" bec="0" bev="0" fileid="53" />
                <SequencePoint vc="0" uspid="1569" ordinal="6" offset="60" sl="100" sc="13" el="100" ec="33" bec="0" bev="0" fileid="53" />
                <SequencePoint vc="0" uspid="1570" ordinal="7" offset="77" sl="101" sc="13" el="101" ec="37" bec="0" bev="0" fileid="53" />
                <SequencePoint vc="0" uspid="1571" ordinal="8" offset="94" sl="103" sc="13" el="103" ec="30" bec="2" bev="0" fileid="53" />
                <SequencePoint vc="0" uspid="1572" ordinal="9" offset="99" sl="105" sc="17" el="105" ec="62" bec="0" bev="0" fileid="53" />
                <SequencePoint vc="0" uspid="1573" ordinal="10" offset="111" sl="106" sc="13" el="106" ec="14" bec="0" bev="0" fileid="53" />
                <SequencePoint vc="0" uspid="1574" ordinal="11" offset="116" sl="107" sc="18" el="107" ec="35" bec="2" bev="0" fileid="53" />
                <SequencePoint vc="0" uspid="1575" ordinal="12" offset="121" sl="109" sc="17" el="109" ec="63" bec="0" bev="0" fileid="53" />
                <SequencePoint vc="0" uspid="1576" ordinal="13" offset="133" sl="110" sc="13" el="110" ec="14" bec="0" bev="0" fileid="53" />
                <SequencePoint vc="0" uspid="1577" ordinal="14" offset="138" sl="111" sc="18" el="111" ec="35" bec="2" bev="0" fileid="53" />
                <SequencePoint vc="0" uspid="1578" ordinal="15" offset="143" sl="113" sc="17" el="113" ec="63" bec="0" bev="0" fileid="53" />
                <SequencePoint vc="0" uspid="1579" ordinal="16" offset="155" sl="114" sc="13" el="114" ec="14" bec="0" bev="0" fileid="53" />
                <SequencePoint vc="0" uspid="1580" ordinal="17" offset="160" sl="115" sc="18" el="115" ec="35" bec="2" bev="0" fileid="53" />
                <SequencePoint vc="0" uspid="1581" ordinal="18" offset="165" sl="117" sc="17" el="117" ec="64" bec="0" bev="0" fileid="53" />
                <SequencePoint vc="0" uspid="1582" ordinal="19" offset="177" sl="118" sc="13" el="118" ec="14" bec="0" bev="0" fileid="53" />
                <SequencePoint vc="0" uspid="1583" ordinal="20" offset="182" sl="119" sc="18" el="119" ec="35" bec="2" bev="0" fileid="53" />
                <SequencePoint vc="0" uspid="1584" ordinal="21" offset="187" sl="121" sc="17" el="121" ec="51" bec="0" bev="0" fileid="53" />
                <SequencePoint vc="0" uspid="1585" ordinal="22" offset="199" sl="122" sc="13" el="122" ec="14" bec="0" bev="0" fileid="53" />
                <SequencePoint vc="0" uspid="1586" ordinal="23" offset="204" sl="123" sc="18" el="123" ec="35" bec="2" bev="0" fileid="53" />
                <SequencePoint vc="0" uspid="1587" ordinal="24" offset="209" sl="125" sc="17" el="125" ec="51" bec="0" bev="0" fileid="53" />
                <SequencePoint vc="0" uspid="1588" ordinal="25" offset="221" sl="126" sc="13" el="126" ec="14" bec="0" bev="0" fileid="53" />
                <SequencePoint vc="0" uspid="1589" ordinal="26" offset="226" sl="127" sc="18" el="127" ec="35" bec="2" bev="0" fileid="53" />
                <SequencePoint vc="0" uspid="1590" ordinal="27" offset="231" sl="129" sc="17" el="129" ec="52" bec="0" bev="0" fileid="53" />
                <SequencePoint vc="0" uspid="1591" ordinal="28" offset="244" sl="130" sc="17" el="130" ec="45" bec="0" bev="0" fileid="53" />
                <SequencePoint vc="0" uspid="1592" ordinal="29" offset="261" sl="131" sc="13" el="131" ec="14" bec="0" bev="0" fileid="53" />
                <SequencePoint vc="0" uspid="1593" ordinal="30" offset="266" sl="132" sc="18" el="132" ec="35" bec="2" bev="0" fileid="53" />
                <SequencePoint vc="0" uspid="1594" ordinal="31" offset="271" sl="134" sc="17" el="134" ec="40" bec="0" bev="0" fileid="53" />
                <SequencePoint vc="0" uspid="1595" ordinal="32" offset="282" sl="135" sc="17" el="135" ec="50" bec="0" bev="0" fileid="53" />
                <SequencePoint vc="0" uspid="1596" ordinal="33" offset="294" sl="136" sc="13" el="136" ec="14" bec="0" bev="0" fileid="53" />
                <SequencePoint vc="0" uspid="1597" ordinal="34" offset="296" sl="137" sc="18" el="137" ec="35" bec="2" bev="0" fileid="53" />
                <SequencePoint vc="0" uspid="1598" ordinal="35" offset="301" sl="139" sc="17" el="139" ec="41" bec="0" bev="0" fileid="53" />
                <SequencePoint vc="0" uspid="1599" ordinal="36" offset="312" sl="140" sc="17" el="140" ec="51" bec="0" bev="0" fileid="53" />
                <SequencePoint vc="0" uspid="1600" ordinal="37" offset="324" sl="141" sc="13" el="141" ec="14" bec="0" bev="0" fileid="53" />
                <SequencePoint vc="0" uspid="1601" ordinal="38" offset="326" sl="142" sc="18" el="142" ec="35" bec="2" bev="0" fileid="53" />
                <SequencePoint vc="0" uspid="1602" ordinal="39" offset="331" sl="144" sc="17" el="144" ec="40" bec="0" bev="0" fileid="53" />
                <SequencePoint vc="0" uspid="1603" ordinal="40" offset="342" sl="145" sc="17" el="145" ec="50" bec="0" bev="0" fileid="53" />
                <SequencePoint vc="0" uspid="1604" ordinal="41" offset="354" sl="146" sc="13" el="146" ec="14" bec="0" bev="0" fileid="53" />
                <SequencePoint vc="0" uspid="1605" ordinal="42" offset="356" sl="147" sc="18" el="147" ec="69" bec="4" bev="0" fileid="53" />
                <SequencePoint vc="0" uspid="1606" ordinal="43" offset="371" sl="149" sc="17" el="149" ec="52" bec="0" bev="0" fileid="53" />
                <SequencePoint vc="0" uspid="1607" ordinal="44" offset="384" sl="150" sc="17" el="150" ec="50" bec="0" bev="0" fileid="53" />
                <SequencePoint vc="0" uspid="1608" ordinal="45" offset="402" sl="151" sc="13" el="151" ec="14" bec="0" bev="0" fileid="53" />
                <SequencePoint vc="0" uspid="1609" ordinal="46" offset="404" sl="154" sc="17" el="156" ec="29" bec="0" bev="0" fileid="53" />
                <SequencePoint vc="0" uspid="1610" ordinal="47" offset="422" sl="160" sc="13" el="160" ec="27" bec="0" bev="0" fileid="53" />
              </SequencePoints>
              <BranchPoints>
                <BranchPoint vc="0" uspid="1611" ordinal="0" offset="9" sl="88" path="0" offsetend="11" fileid="53" />
                <BranchPoint vc="0" uspid="1612" ordinal="1" offset="9" sl="88" path="1" offsetend="31" fileid="53" />
                <BranchPoint vc="0" uspid="1613" ordinal="2" offset="37" sl="93" path="0" offsetend="39" fileid="53" />
                <BranchPoint vc="0" uspid="1614" ordinal="3" offset="37" sl="93" path="1" offsetend="0" fileid="53" />
                <BranchPoint vc="0" uspid="1615" ordinal="4" offset="97" sl="103" path="0" offsetend="99" fileid="53" />
                <BranchPoint vc="0" uspid="1616" ordinal="5" offset="97" sl="103" path="1" offsetend="116" fileid="53" />
                <BranchPoint vc="0" uspid="1617" ordinal="6" offset="119" sl="107" path="0" offsetend="121" fileid="53" />
                <BranchPoint vc="0" uspid="1618" ordinal="7" offset="119" sl="107" path="1" offsetend="138" fileid="53" />
                <BranchPoint vc="0" uspid="1619" ordinal="8" offset="141" sl="111" path="0" offsetend="143" fileid="53" />
                <BranchPoint vc="0" uspid="1620" ordinal="9" offset="141" sl="111" path="1" offsetend="160" fileid="53" />
                <BranchPoint vc="0" uspid="1621" ordinal="10" offset="163" sl="115" path="0" offsetend="165" fileid="53" />
                <BranchPoint vc="0" uspid="1622" ordinal="11" offset="163" sl="115" path="1" offsetend="182" fileid="53" />
                <BranchPoint vc="0" uspid="1623" ordinal="12" offset="185" sl="119" path="0" offsetend="187" fileid="53" />
                <BranchPoint vc="0" uspid="1624" ordinal="13" offset="185" sl="119" path="1" offsetend="204" fileid="53" />
                <BranchPoint vc="0" uspid="1625" ordinal="14" offset="207" sl="123" path="0" offsetend="209" fileid="53" />
                <BranchPoint vc="0" uspid="1626" ordinal="15" offset="207" sl="123" path="1" offsetend="226" fileid="53" />
                <BranchPoint vc="0" uspid="1627" ordinal="16" offset="229" sl="127" path="0" offsetend="231" fileid="53" />
                <BranchPoint vc="0" uspid="1628" ordinal="17" offset="229" sl="127" path="1" offsetend="266" fileid="53" />
                <BranchPoint vc="0" uspid="1629" ordinal="18" offset="269" sl="132" path="0" offsetend="271" fileid="53" />
                <BranchPoint vc="0" uspid="1630" ordinal="19" offset="269" sl="132" path="1" offsetend="296" fileid="53" />
                <BranchPoint vc="0" uspid="1631" ordinal="20" offset="299" sl="137" path="0" offsetend="301" fileid="53" />
                <BranchPoint vc="0" uspid="1632" ordinal="21" offset="299" sl="137" path="1" offsetend="326" fileid="53" />
                <BranchPoint vc="0" uspid="1633" ordinal="22" offset="329" sl="142" path="0" offsetend="331" fileid="53" />
                <BranchPoint vc="0" uspid="1634" ordinal="23" offset="329" sl="142" path="1" offsetend="356" fileid="53" />
                <BranchPoint vc="0" uspid="1635" ordinal="24" offset="359" sl="147" path="0" offsetend="361" fileid="53" />
                <BranchPoint vc="0" uspid="1636" ordinal="25" offset="359" sl="147" path="1" offsetend="366" fileid="53" />
                <BranchPoint vc="0" uspid="1637" ordinal="26" offset="364" sl="147" path="0" offsetend="366" fileid="53" />
                <BranchPoint vc="0" uspid="1638" ordinal="27" offset="364" sl="147" path="1" offsetend="371" fileid="53" />
                <BranchPoint vc="0" uspid="1639" ordinal="28" offset="369" sl="147" path="0" offsetend="371" fileid="53" />
                <BranchPoint vc="0" uspid="1640" ordinal="29" offset="369" sl="147" path="1" offsetend="404" fileid="53" />
              </BranchPoints>
              <MethodPoint xsi:type="SequencePoint" vc="0" uspid="1563" ordinal="0" offset="0" sl="86" sc="17" el="86" ec="40" bec="0" bev="0" fileid="53" />
            </Method>
            <Method visited="false" cyclomaticComplexity="3" nPathComplexity="8" sequenceCoverage="0" branchCoverage="0" crapScore="12" isConstructor="false" isStatic="false" isGetter="false" isSetter="false">
              <Summary numSequencePoints="8" visitedSequencePoints="0" numBranchPoints="7" visitedBranchPoints="0" sequenceCoverage="0" branchCoverage="0" maxCyclomaticComplexity="3" minCyclomaticComplexity="3" maxCrapScore="12" minCrapScore="12" visitedClasses="0" numClasses="0" visitedMethods="0" numMethods="1" />
              <MetadataToken>100663553</MetadataToken>
              <Name>System.Int32 Xunit.JsonBuffer::ReadNextChar()</Name>
              <FileRef uid="53" />
              <SequencePoints>
                <SequencePoint vc="0" uspid="1641" ordinal="0" offset="0" sl="167" sc="17" el="167" ec="44" bec="0" bev="0" fileid="53" />
                <SequencePoint vc="0" uspid="1642" ordinal="1" offset="12" sl="168" sc="17" el="168" ec="27" bec="0" bev="0" fileid="53" />
                <SequencePoint vc="0" uspid="1643" ordinal="2" offset="26" sl="169" sc="17" el="169" ec="31" bec="6" bev="0" fileid="53" />
                <SequencePoint vc="0" uspid="1644" ordinal="3" offset="42" sl="173" sc="25" el="173" ec="35" bec="0" bev="0" fileid="53" />
                <SequencePoint vc="0" uspid="1645" ordinal="4" offset="44" sl="177" sc="25" el="177" ec="37" bec="0" bev="0" fileid="53" />
                <SequencePoint vc="0" uspid="1646" ordinal="5" offset="51" sl="178" sc="25" el="178" ec="33" bec="0" bev="0" fileid="53" />
                <SequencePoint vc="0" uspid="1647" ordinal="6" offset="65" sl="180" sc="25" el="180" ec="34" bec="0" bev="0" fileid="53" />
                <SequencePoint vc="0" uspid="1648" ordinal="7" offset="67" sl="185" sc="25" el="185" ec="38" bec="0" bev="0" fileid="53" />
              </SequencePoints>
              <BranchPoints>
                <BranchPoint vc="0" uspid="1649" ordinal="0" offset="28" sl="169" path="0" offsetend="30" fileid="53" />
                <BranchPoint vc="0" uspid="1650" ordinal="1" offset="28" sl="169" path="1" offsetend="42" fileid="53" />
                <BranchPoint vc="0" uspid="1651" ordinal="2" offset="33" sl="169" path="0" offsetend="35" fileid="53" />
                <BranchPoint vc="0" uspid="1652" ordinal="3" offset="33" sl="169" path="1" offsetend="44" fileid="53" />
                <BranchPoint vc="0" uspid="1653" ordinal="4" offset="38" sl="169" path="0" offsetchain="40" offsetend="67" fileid="53" />
                <BranchPoint vc="0" uspid="1654" ordinal="5" offset="38" sl="169" path="1" offsetend="0" fileid="53" />
              </BranchPoints>
              <MethodPoint xsi:type="SequencePoint" vc="0" uspid="1641" ordinal="0" offset="0" sl="167" sc="17" el="167" ec="44" bec="0" bev="0" fileid="53" />
            </Method>
            <Method visited="false" cyclomaticComplexity="6" nPathComplexity="32" sequenceCoverage="0" branchCoverage="0" crapScore="42" isConstructor="false" isStatic="false" isGetter="false" isSetter="false">
              <Summary numSequencePoints="7" visitedSequencePoints="0" numBranchPoints="11" visitedBranchPoints="0" sequenceCoverage="0" branchCoverage="0" maxCyclomaticComplexity="6" minCyclomaticComplexity="6" maxCrapScore="42" minCrapScore="42" visitedClasses="0" numClasses="0" visitedMethods="0" numMethods="1" />
              <MetadataToken>100663554</MetadataToken>
              <Name>System.String Xunit.JsonBuffer::ReadNumber(System.Int32)</Name>
              <FileRef uid="53" />
              <SequencePoints>
                <SequencePoint vc="0" uspid="1655" ordinal="0" offset="0" sl="195" sc="13" el="195" ec="29" bec="0" bev="0" fileid="53" />
                <SequencePoint vc="0" uspid="1656" ordinal="1" offset="12" sl="197" sc="13" el="197" ec="45" bec="0" bev="0" fileid="53" />
                <SequencePoint vc="0" uspid="1657" ordinal="2" offset="26" sl="201" sc="17" el="201" ec="43" bec="0" bev="0" fileid="53" />
                <SequencePoint vc="0" uspid="1658" ordinal="3" offset="38" sl="203" sc="17" el="206" ec="33" bec="6" bev="0" fileid="53" />
                <SequencePoint vc="0" uspid="1659" ordinal="4" offset="63" sl="208" sc="21" el="208" ec="58" bec="0" bev="0" fileid="53" />
                <SequencePoint vc="0" uspid="1660" ordinal="5" offset="82" sl="209" sc="17" el="209" ec="18" bec="0" bev="0" fileid="53" />
                <SequencePoint vc="0" uspid="1661" ordinal="6" offset="84" sl="216" sc="13" el="216" ec="39" bec="0" bev="0" fileid="53" />
              </SequencePoints>
              <BranchPoints>
                <BranchPoint vc="0" uspid="1662" ordinal="0" offset="41" sl="203" path="0" offsetend="43" fileid="53" />
                <BranchPoint vc="0" uspid="1663" ordinal="1" offset="41" sl="203" path="1" offsetend="48" fileid="53" />
                <BranchPoint vc="0" uspid="1664" ordinal="2" offset="46" sl="203" path="0" offsetend="48" fileid="53" />
                <BranchPoint vc="0" uspid="1665" ordinal="3" offset="46" sl="203" path="1" offsetend="63" fileid="53" />
                <BranchPoint vc="0" uspid="1666" ordinal="4" offset="51" sl="203" path="0" offsetend="53" fileid="53" />
                <BranchPoint vc="0" uspid="1667" ordinal="5" offset="51" sl="203" path="1" offsetend="63" fileid="53" />
                <BranchPoint vc="0" uspid="1668" ordinal="6" offset="56" sl="203" path="0" offsetend="58" fileid="53" />
                <BranchPoint vc="0" uspid="1669" ordinal="7" offset="56" sl="203" path="1" offsetend="63" fileid="53" />
                <BranchPoint vc="0" uspid="1670" ordinal="8" offset="61" sl="203" path="0" offsetend="63" fileid="53" />
                <BranchPoint vc="0" uspid="1671" ordinal="9" offset="61" sl="203" path="1" offsetend="84" fileid="53" />
              </BranchPoints>
              <MethodPoint xsi:type="SequencePoint" vc="0" uspid="1655" ordinal="0" offset="0" sl="195" sc="13" el="195" ec="29" bec="0" bev="0" fileid="53" />
            </Method>
            <Method visited="false" cyclomaticComplexity="9" nPathComplexity="256" sequenceCoverage="0" branchCoverage="0" crapScore="90" isConstructor="false" isStatic="false" isGetter="false" isSetter="false">
              <Summary numSequencePoints="11" visitedSequencePoints="0" numBranchPoints="17" visitedBranchPoints="0" sequenceCoverage="0" branchCoverage="0" maxCyclomaticComplexity="9" minCyclomaticComplexity="9" maxCrapScore="90" minCrapScore="90" visitedClasses="0" numClasses="0" visitedMethods="0" numMethods="1" />
              <MetadataToken>100663555</MetadataToken>
              <Name>System.Void Xunit.JsonBuffer::ReadLiteral(System.String)</Name>
              <FileRef uid="53" />
              <SequencePoints>
                <SequencePoint vc="0" uspid="1672" ordinal="0" offset="0" sl="221" sc="18" el="221" ec="27" bec="0" bev="0" fileid="53" />
                <SequencePoint vc="0" uspid="1673" ordinal="1" offset="4" sl="223" sc="17" el="223" ec="43" bec="0" bev="0" fileid="53" />
                <SequencePoint vc="0" uspid="1674" ordinal="2" offset="15" sl="224" sc="17" el="224" ec="40" bec="2" bev="0" fileid="53" />
                <SequencePoint vc="0" uspid="1675" ordinal="3" offset="24" sl="226" sc="21" el="228" ec="41" bec="0" bev="0" fileid="53" />
                <SequencePoint vc="0" uspid="1676" ordinal="4" offset="48" sl="232" sc="21" el="232" ec="36" bec="0" bev="0" fileid="53" />
                <SequencePoint vc="0" uspid="1677" ordinal="5" offset="55" sl="221" sc="49" el="221" ec="52" bec="0" bev="0" fileid="53" />
                <SequencePoint vc="0" uspid="1678" ordinal="6" offset="59" sl="221" sc="29" el="221" ec="47" bec="2" bev="0" fileid="53" />
                <SequencePoint vc="0" uspid="1679" ordinal="7" offset="68" sl="236" sc="13" el="236" ec="39" bec="0" bev="0" fileid="53" />
                <SequencePoint vc="0" uspid="1680" ordinal="8" offset="80" sl="237" sc="13" el="242" ec="37" bec="7" bev="0" fileid="53" />
                <SequencePoint vc="0" uspid="1681" ordinal="9" offset="112" sl="244" sc="17" el="246" ec="37" bec="0" bev="0" fileid="53" />
                <SequencePoint vc="0" uspid="1682" ordinal="10" offset="137" sl="248" sc="9" el="248" ec="10" bec="0" bev="0" fileid="53" />
              </SequencePoints>
              <BranchPoints>
                <BranchPoint vc="0" uspid="1683" ordinal="0" offset="22" sl="224" path="0" offsetend="24" fileid="53" />
                <BranchPoint vc="0" uspid="1684" ordinal="1" offset="22" sl="224" path="1" offsetend="48" fileid="53" />
                <BranchPoint vc="0" uspid="1685" ordinal="2" offset="66" sl="221" path="0" offsetend="68" fileid="53" />
                <BranchPoint vc="0" uspid="1686" ordinal="3" offset="66" sl="221" path="1" offsetend="4" fileid="53" />
                <BranchPoint vc="0" uspid="1687" ordinal="4" offset="83" sl="237" path="0" offsetend="85" fileid="53" />
                <BranchPoint vc="0" uspid="1688" ordinal="5" offset="83" sl="237" path="1" offsetend="137" fileid="53" />
                <BranchPoint vc="0" uspid="1689" ordinal="6" offset="88" sl="237" path="0" offsetend="90" fileid="53" />
                <BranchPoint vc="0" uspid="1690" ordinal="7" offset="88" sl="237" path="1" offsetend="137" fileid="53" />
                <BranchPoint vc="0" uspid="1691" ordinal="8" offset="93" sl="237" path="0" offsetend="95" fileid="53" />
                <BranchPoint vc="0" uspid="1692" ordinal="9" offset="93" sl="237" path="1" offsetend="137" fileid="53" />
                <BranchPoint vc="0" uspid="1693" ordinal="10" offset="98" sl="237" path="0" offsetend="100" fileid="53" />
                <BranchPoint vc="0" uspid="1694" ordinal="11" offset="98" sl="237" path="1" offsetend="137" fileid="53" />
                <BranchPoint vc="0" uspid="1695" ordinal="12" offset="102" sl="237" path="0" offsetend="104" fileid="53" />
                <BranchPoint vc="0" uspid="1696" ordinal="13" offset="102" sl="237" path="1" offsetend="137" fileid="53" />
                <BranchPoint vc="0" uspid="1697" ordinal="14" offset="110" sl="237" path="0" offsetend="112" fileid="53" />
                <BranchPoint vc="0" uspid="1698" ordinal="15" offset="110" sl="237" path="1" offsetend="137" fileid="53" />
              </BranchPoints>
              <MethodPoint xsi:type="SequencePoint" vc="0" uspid="1672" ordinal="0" offset="0" sl="221" sc="18" el="221" ec="27" bec="0" bev="0" fileid="53" />
            </Method>
            <Method visited="false" cyclomaticComplexity="17" nPathComplexity="65536" sequenceCoverage="0" branchCoverage="0" crapScore="306" isConstructor="false" isStatic="false" isGetter="false" isSetter="false">
              <Summary numSequencePoints="50" visitedSequencePoints="0" numBranchPoints="33" visitedBranchPoints="0" sequenceCoverage="0" branchCoverage="0" maxCyclomaticComplexity="17" minCyclomaticComplexity="17" maxCrapScore="306" minCrapScore="306" visitedClasses="0" numClasses="0" visitedMethods="0" numMethods="1" />
              <MetadataToken>100663556</MetadataToken>
              <Name>System.String Xunit.JsonBuffer::ReadString()</Name>
              <FileRef uid="53" />
              <SequencePoints>
                <SequencePoint vc="0" uspid="1699" ordinal="0" offset="0" sl="255" sc="13" el="255" ec="29" bec="0" bev="0" fileid="53" />
                <SequencePoint vc="0" uspid="1700" ordinal="1" offset="12" sl="257" sc="13" el="257" ec="33" bec="0" bev="0" fileid="53" />
                <SequencePoint vc="0" uspid="1701" ordinal="2" offset="14" sl="261" sc="17" el="261" ec="43" bec="0" bev="0" fileid="53" />
                <SequencePoint vc="0" uspid="1702" ordinal="3" offset="21" sl="263" sc="17" el="263" ec="48" bec="3" bev="0" fileid="53" />
                <SequencePoint vc="0" uspid="1703" ordinal="4" offset="30" sl="265" sc="21" el="267" ec="41" bec="0" bev="0" fileid="53" />
                <SequencePoint vc="0" uspid="1704" ordinal="5" offset="53" sl="269" sc="22" el="269" ec="34" bec="2" bev="0" fileid="53" />
                <SequencePoint vc="0" uspid="1705" ordinal="6" offset="59" sl="271" sc="21" el="271" ec="74" bec="4" bev="0" fileid="53" />
                <SequencePoint vc="0" uspid="1706" ordinal="7" offset="74" sl="273" sc="25" el="273" ec="52" bec="0" bev="0" fileid="53" />
                <SequencePoint vc="0" uspid="1707" ordinal="8" offset="88" sl="274" sc="21" el="274" ec="22" bec="0" bev="0" fileid="53" />
                <SequencePoint vc="0" uspid="1708" ordinal="9" offset="93" sl="275" sc="26" el="275" ec="42" bec="2" bev="0" fileid="53" />
                <SequencePoint vc="0" uspid="1709" ordinal="10" offset="98" sl="278" sc="25" el="278" ec="46" bec="0" bev="0" fileid="53" />
                <SequencePoint vc="0" uspid="1710" ordinal="11" offset="111" sl="279" sc="21" el="279" ec="22" bec="0" bev="0" fileid="53" />
                <SequencePoint vc="0" uspid="1711" ordinal="12" offset="116" sl="280" sc="26" el="280" ec="42" bec="2" bev="0" fileid="53" />
                <SequencePoint vc="0" uspid="1712" ordinal="13" offset="121" sl="283" sc="25" el="283" ec="46" bec="0" bev="0" fileid="53" />
                <SequencePoint vc="0" uspid="1713" ordinal="14" offset="135" sl="284" sc="21" el="284" ec="22" bec="0" bev="0" fileid="53" />
                <SequencePoint vc="0" uspid="1714" ordinal="15" offset="140" sl="285" sc="26" el="285" ec="42" bec="2" bev="0" fileid="53" />
                <SequencePoint vc="0" uspid="1715" ordinal="16" offset="145" sl="288" sc="25" el="288" ec="46" bec="0" bev="0" fileid="53" />
                <SequencePoint vc="0" uspid="1716" ordinal="17" offset="159" sl="289" sc="21" el="289" ec="22" bec="0" bev="0" fileid="53" />
                <SequencePoint vc="0" uspid="1717" ordinal="18" offset="164" sl="290" sc="26" el="290" ec="42" bec="2" bev="0" fileid="53" />
                <SequencePoint vc="0" uspid="1718" ordinal="19" offset="169" sl="293" sc="25" el="293" ec="46" bec="0" bev="0" fileid="53" />
                <SequencePoint vc="0" uspid="1719" ordinal="20" offset="183" sl="294" sc="21" el="294" ec="22" bec="0" bev="0" fileid="53" />
                <SequencePoint vc="0" uspid="1720" ordinal="21" offset="188" sl="295" sc="26" el="295" ec="42" bec="2" bev="0" fileid="53" />
                <SequencePoint vc="0" uspid="1721" ordinal="22" offset="193" sl="298" sc="25" el="298" ec="46" bec="0" bev="0" fileid="53" />
                <SequencePoint vc="0" uspid="1722" ordinal="23" offset="207" sl="299" sc="21" el="299" ec="22" bec="0" bev="0" fileid="53" />
                <SequencePoint vc="0" uspid="1723" ordinal="24" offset="212" sl="300" sc="26" el="300" ec="42" bec="2" bev="0" fileid="53" />
                <SequencePoint vc="0" uspid="1724" ordinal="25" offset="220" sl="303" sc="25" el="303" ec="49" bec="0" bev="0" fileid="53" />
                <SequencePoint vc="0" uspid="1725" ordinal="26" offset="227" sl="304" sc="25" el="304" ec="53" bec="0" bev="0" fileid="53" />
                <SequencePoint vc="0" uspid="1726" ordinal="27" offset="234" sl="309" sc="25" el="309" ec="50" bec="0" bev="0" fileid="53" />
                <SequencePoint vc="0" uspid="1727" ordinal="28" offset="246" sl="311" sc="30" el="311" ec="39" bec="0" bev="0" fileid="53" />
                <SequencePoint vc="0" uspid="1728" ordinal="29" offset="251" sl="313" sc="29" el="313" ec="51" bec="0" bev="0" fileid="53" />
                <SequencePoint vc="0" uspid="1729" ordinal="30" offset="258" sl="314" sc="29" el="314" ec="44" bec="2" bev="0" fileid="53" />
                <SequencePoint vc="0" uspid="1730" ordinal="31" offset="262" sl="316" sc="33" el="319" ec="52" bec="0" bev="0" fileid="53" />
                <SequencePoint vc="0" uspid="1731" ordinal="32" offset="275" sl="323" sc="33" el="323" ec="66" bec="0" bev="0" fileid="53" />
                <SequencePoint vc="0" uspid="1732" ordinal="33" offset="290" sl="311" sc="48" el="311" ec="51" bec="0" bev="0" fileid="53" />
                <SequencePoint vc="0" uspid="1733" ordinal="34" offset="296" sl="311" sc="41" el="311" ec="46" bec="2" bev="0" fileid="53" />
                <SequencePoint vc="0" uspid="1734" ordinal="35" offset="302" sl="329" sc="29" el="329" ec="141" bec="0" bev="0" fileid="53" />
                <SequencePoint vc="0" uspid="1735" ordinal="36" offset="330" sl="330" sc="29" el="330" ec="64" bec="0" bev="0" fileid="53" />
                <SequencePoint vc="0" uspid="1736" ordinal="37" offset="345" sl="331" sc="25" el="331" ec="26" bec="0" bev="0" fileid="53" />
                <SequencePoint vc="0" uspid="1737" ordinal="38" offset="347" sl="332" sc="25" el="332" ec="51" bec="0" bev="0" fileid="53" />
                <SequencePoint vc="0" uspid="1738" ordinal="39" offset="349" sl="334" sc="29" el="338" ec="48" bec="0" bev="0" fileid="53" />
                <SequencePoint vc="0" uspid="1739" ordinal="40" offset="375" sl="343" sc="25" el="346" ec="38" bec="0" bev="0" fileid="53" />
                <SequencePoint vc="0" uspid="1740" ordinal="41" offset="419" sl="349" sc="21" el="349" ec="37" bec="0" bev="0" fileid="53" />
                <SequencePoint vc="0" uspid="1741" ordinal="42" offset="421" sl="350" sc="17" el="350" ec="18" bec="0" bev="0" fileid="53" />
                <SequencePoint vc="0" uspid="1742" ordinal="43" offset="426" sl="351" sc="22" el="351" ec="39" bec="2" bev="0" fileid="53" />
                <SequencePoint vc="0" uspid="1743" ordinal="44" offset="431" sl="353" sc="21" el="353" ec="36" bec="0" bev="0" fileid="53" />
                <SequencePoint vc="0" uspid="1744" ordinal="45" offset="433" sl="354" sc="17" el="354" ec="18" bec="0" bev="0" fileid="53" />
                <SequencePoint vc="0" uspid="1745" ordinal="46" offset="438" sl="355" sc="22" el="355" ec="38" bec="2" bev="0" fileid="53" />
                <SequencePoint vc="0" uspid="1746" ordinal="47" offset="443" sl="361" sc="21" el="361" ec="48" bec="0" bev="0" fileid="53" />
                <SequencePoint vc="0" uspid="1747" ordinal="48" offset="457" sl="259" sc="13" el="259" ec="25" bec="0" bev="0" fileid="53" />
                <SequencePoint vc="0" uspid="1748" ordinal="49" offset="462" sl="365" sc="13" el="365" ec="39" bec="0" bev="0" fileid="53" />
              </SequencePoints>
              <BranchPoints>
                <BranchPoint vc="0" uspid="1749" ordinal="0" offset="23" sl="263" path="0" offsetend="25" fileid="53" />
                <BranchPoint vc="0" uspid="1750" ordinal="1" offset="23" sl="263" path="1" offsetend="30" fileid="53" />
                <BranchPoint vc="0" uspid="1751" ordinal="2" offset="28" sl="263" path="0" offsetend="30" fileid="53" />
                <BranchPoint vc="0" uspid="1752" ordinal="3" offset="28" sl="263" path="1" offsetend="53" fileid="53" />
                <BranchPoint vc="0" uspid="1753" ordinal="4" offset="54" sl="269" path="0" offsetend="59" fileid="53" />
                <BranchPoint vc="0" uspid="1754" ordinal="5" offset="54" sl="269" path="1" offsetend="426" fileid="53" />
                <BranchPoint vc="0" uspid="1755" ordinal="6" offset="62" sl="271" path="0" offsetend="64" fileid="53" />
                <BranchPoint vc="0" uspid="1756" ordinal="7" offset="62" sl="271" path="1" offsetend="74" fileid="53" />
                <BranchPoint vc="0" uspid="1757" ordinal="8" offset="67" sl="271" path="0" offsetend="69" fileid="53" />
                <BranchPoint vc="0" uspid="1758" ordinal="9" offset="67" sl="271" path="1" offsetend="74" fileid="53" />
                <BranchPoint vc="0" uspid="1759" ordinal="10" offset="72" sl="271" path="0" offsetend="74" fileid="53" />
                <BranchPoint vc="0" uspid="1760" ordinal="11" offset="72" sl="271" path="1" offsetend="93" fileid="53" />
                <BranchPoint vc="0" uspid="1761" ordinal="12" offset="96" sl="275" path="0" offsetend="98" fileid="53" />
                <BranchPoint vc="0" uspid="1762" ordinal="13" offset="96" sl="275" path="1" offsetend="116" fileid="53" />
                <BranchPoint vc="0" uspid="1763" ordinal="14" offset="119" sl="280" path="0" offsetend="121" fileid="53" />
                <BranchPoint vc="0" uspid="1764" ordinal="15" offset="119" sl="280" path="1" offsetend="140" fileid="53" />
                <BranchPoint vc="0" uspid="1765" ordinal="16" offset="143" sl="285" path="0" offsetend="145" fileid="53" />
                <BranchPoint vc="0" uspid="1766" ordinal="17" offset="143" sl="285" path="1" offsetend="164" fileid="53" />
                <BranchPoint vc="0" uspid="1767" ordinal="18" offset="167" sl="290" path="0" offsetend="169" fileid="53" />
                <BranchPoint vc="0" uspid="1768" ordinal="19" offset="167" sl="290" path="1" offsetend="188" fileid="53" />
                <BranchPoint vc="0" uspid="1769" ordinal="20" offset="191" sl="295" path="0" offsetend="193" fileid="53" />
                <BranchPoint vc="0" uspid="1770" ordinal="21" offset="191" sl="295" path="1" offsetend="212" fileid="53" />
                <BranchPoint vc="0" uspid="1771" ordinal="22" offset="215" sl="300" path="0" offsetend="220" fileid="53" />
                <BranchPoint vc="0" uspid="1772" ordinal="23" offset="215" sl="300" path="1" offsetend="375" fileid="53" />
                <BranchPoint vc="0" uspid="1773" ordinal="24" offset="260" sl="314" path="0" offsetend="262" fileid="53" />
                <BranchPoint vc="0" uspid="1774" ordinal="25" offset="260" sl="314" path="1" offsetend="275" fileid="53" />
                <BranchPoint vc="0" uspid="1775" ordinal="26" offset="299" sl="311" path="0" offsetend="301" fileid="53" />
                <BranchPoint vc="0" uspid="1776" ordinal="27" offset="299" sl="311" path="1" offsetend="251" fileid="53" />
                <BranchPoint vc="0" uspid="1777" ordinal="28" offset="429" sl="351" path="0" offsetend="431" fileid="53" />
                <BranchPoint vc="0" uspid="1778" ordinal="29" offset="429" sl="351" path="1" offsetend="438" fileid="53" />
                <BranchPoint vc="0" uspid="1779" ordinal="30" offset="441" sl="355" path="0" offsetend="443" fileid="53" />
                <BranchPoint vc="0" uspid="1780" ordinal="31" offset="441" sl="355" path="1" offsetend="462" fileid="53" />
              </BranchPoints>
              <MethodPoint xsi:type="SequencePoint" vc="0" uspid="1699" ordinal="0" offset="0" sl="255" sc="13" el="255" ec="29" bec="0" bev="0" fileid="53" />
            </Method>
            <Method visited="false" cyclomaticComplexity="3" nPathComplexity="4" sequenceCoverage="0" branchCoverage="0" crapScore="12" isConstructor="false" isStatic="true" isGetter="false" isSetter="false">
              <Summary numSequencePoints="1" visitedSequencePoints="0" numBranchPoints="5" visitedBranchPoints="0" sequenceCoverage="0" branchCoverage="0" maxCyclomaticComplexity="3" minCyclomaticComplexity="3" maxCrapScore="12" minCrapScore="12" visitedClasses="0" numClasses="0" visitedMethods="0" numMethods="1" />
              <MetadataToken>100663557</MetadataToken>
              <Name>System.Boolean Xunit.JsonBuffer::IsWhitespace(System.Int32)</Name>
              <FileRef uid="53" />
              <SequencePoints>
                <SequencePoint vc="0" uspid="1781" ordinal="0" offset="0" sl="370" sc="13" el="370" ec="67" bec="3" bev="0" fileid="53" />
              </SequencePoints>
              <BranchPoints>
                <BranchPoint vc="0" uspid="1782" ordinal="0" offset="3" sl="370" path="0" offsetend="5" fileid="53" />
                <BranchPoint vc="0" uspid="1783" ordinal="1" offset="3" sl="370" path="1" offsetend="16" fileid="53" />
                <BranchPoint vc="0" uspid="1784" ordinal="2" offset="8" sl="370" path="0" offsetend="10" fileid="53" />
                <BranchPoint vc="0" uspid="1785" ordinal="3" offset="8" sl="370" path="1" offsetend="16" fileid="53" />
              </BranchPoints>
              <MethodPoint xsi:type="SequencePoint" vc="0" uspid="1781" ordinal="0" offset="0" sl="370" sc="13" el="370" ec="67" bec="3" bev="0" fileid="53" />
            </Method>
          </Methods>
        </Class>
        <Class>
          <Summary numSequencePoints="55" visitedSequencePoints="0" numBranchPoints="48" visitedBranchPoints="0" sequenceCoverage="0" branchCoverage="0" maxCyclomaticComplexity="9" minCyclomaticComplexity="3" maxCrapScore="90" minCrapScore="12" visitedClasses="0" numClasses="1" visitedMethods="0" numMethods="4" />
          <FullName>Xunit.JsonDeserializer</FullName>
          <Methods>
            <Method visited="false" cyclomaticComplexity="3" nPathComplexity="4" sequenceCoverage="0" branchCoverage="0" crapScore="12" isConstructor="false" isStatic="true" isGetter="false" isSetter="false">
              <Summary numSequencePoints="8" visitedSequencePoints="0" numBranchPoints="5" visitedBranchPoints="0" sequenceCoverage="0" branchCoverage="0" maxCyclomaticComplexity="3" minCyclomaticComplexity="3" maxCrapScore="12" minCrapScore="12" visitedClasses="0" numClasses="0" visitedMethods="0" numMethods="1" />
              <MetadataToken>100663558</MetadataToken>
              <Name>Xunit.JsonValue Xunit.JsonDeserializer::Deserialize(System.IO.TextReader)</Name>
              <FileRef uid="53" />
              <SequencePoints>
                <SequencePoint vc="0" uspid="1786" ordinal="0" offset="0" sl="378" sc="13" el="378" ec="32" bec="2" bev="0" fileid="53" />
                <SequencePoint vc="0" uspid="1787" ordinal="1" offset="3" sl="380" sc="17" el="380" ec="65" bec="0" bev="0" fileid="53" />
                <SequencePoint vc="0" uspid="1788" ordinal="2" offset="14" sl="383" sc="13" el="383" ec="49" bec="0" bev="0" fileid="53" />
                <SequencePoint vc="0" uspid="1789" ordinal="3" offset="21" sl="385" sc="13" el="385" ec="69" bec="0" bev="0" fileid="53" />
                <SequencePoint vc="0" uspid="1790" ordinal="4" offset="33" sl="388" sc="13" el="388" ec="43" bec="0" bev="0" fileid="53" />
                <SequencePoint vc="0" uspid="1791" ordinal="5" offset="40" sl="389" sc="13" el="389" ec="53" bec="2" bev="0" fileid="53" />
                <SequencePoint vc="0" uspid="1792" ordinal="6" offset="50" sl="391" sc="17" el="393" ec="32" bec="0" bev="0" fileid="53" />
                <SequencePoint vc="0" uspid="1793" ordinal="7" offset="68" sl="396" sc="13" el="396" ec="27" bec="0" bev="0" fileid="53" />
              </SequencePoints>
              <BranchPoints>
                <BranchPoint vc="0" uspid="1794" ordinal="0" offset="1" sl="378" path="0" offsetend="3" fileid="53" />
                <BranchPoint vc="0" uspid="1795" ordinal="1" offset="1" sl="378" path="1" offsetend="14" fileid="53" />
                <BranchPoint vc="0" uspid="1796" ordinal="2" offset="48" sl="389" path="0" offsetend="50" fileid="53" />
                <BranchPoint vc="0" uspid="1797" ordinal="3" offset="48" sl="389" path="1" offsetend="68" fileid="53" />
              </BranchPoints>
              <MethodPoint xsi:type="SequencePoint" vc="0" uspid="1786" ordinal="0" offset="0" sl="378" sc="13" el="378" ec="32" bec="2" bev="0" fileid="53" />
            </Method>
            <Method visited="false" cyclomaticComplexity="9" nPathComplexity="256" sequenceCoverage="0" branchCoverage="0" crapScore="90" isConstructor="false" isStatic="true" isGetter="false" isSetter="false">
              <Summary numSequencePoints="15" visitedSequencePoints="0" numBranchPoints="17" visitedBranchPoints="0" sequenceCoverage="0" branchCoverage="0" maxCyclomaticComplexity="9" minCyclomaticComplexity="9" maxCrapScore="90" minCrapScore="90" visitedClasses="0" numClasses="0" visitedMethods="0" numMethods="1" />
              <MetadataToken>100663559</MetadataToken>
              <Name>Xunit.JsonValue Xunit.JsonDeserializer::DeserializeInternal(Xunit.JsonToken,Xunit.JsonBuffer)</Name>
              <FileRef uid="53" />
              <SequencePoints>
                <SequencePoint vc="0" uspid="1798" ordinal="0" offset="0" sl="401" sc="13" el="401" ec="48" bec="2" bev="0" fileid="53" />
                <SequencePoint vc="0" uspid="1799" ordinal="1" offset="10" sl="403" sc="17" el="403" ec="29" bec="0" bev="0" fileid="53" />
                <SequencePoint vc="0" uspid="1800" ordinal="2" offset="12" sl="406" sc="13" el="406" ec="62" bec="2" bev="0" fileid="53" />
                <SequencePoint vc="0" uspid="1801" ordinal="3" offset="21" sl="408" sc="17" el="408" ec="55" bec="0" bev="0" fileid="53" />
                <SequencePoint vc="0" uspid="1802" ordinal="4" offset="29" sl="411" sc="13" el="411" ec="61" bec="2" bev="0" fileid="53" />
                <SequencePoint vc="0" uspid="1803" ordinal="5" offset="37" sl="413" sc="17" el="413" ec="56" bec="0" bev="0" fileid="53" />
                <SequencePoint vc="0" uspid="1804" ordinal="6" offset="45" sl="416" sc="13" el="416" ec="51" bec="2" bev="0" fileid="53" />
                <SequencePoint vc="0" uspid="1805" ordinal="7" offset="55" sl="418" sc="17" el="418" ec="75" bec="0" bev="0" fileid="53" />
                <SequencePoint vc="0" uspid="1806" ordinal="8" offset="79" sl="421" sc="13" el="421" ec="85" bec="3" bev="0" fileid="53" />
                <SequencePoint vc="0" uspid="1807" ordinal="9" offset="97" sl="423" sc="17" el="423" ec="46" bec="0" bev="0" fileid="53" />
                <SequencePoint vc="0" uspid="1808" ordinal="10" offset="104" sl="426" sc="13" el="426" ec="49" bec="2" bev="0" fileid="53" />
                <SequencePoint vc="0" uspid="1809" ordinal="11" offset="113" sl="428" sc="17" el="428" ec="61" bec="0" bev="0" fileid="53" />
                <SequencePoint vc="0" uspid="1810" ordinal="12" offset="131" sl="431" sc="13" el="431" ec="51" bec="2" bev="0" fileid="53" />
                <SequencePoint vc="0" uspid="1811" ordinal="13" offset="141" sl="433" sc="17" el="433" ec="45" bec="0" bev="0" fileid="53" />
                <SequencePoint vc="0" uspid="1812" ordinal="14" offset="148" sl="436" sc="13" el="438" ec="23" bec="0" bev="0" fileid="53" />
              </SequencePoints>
              <BranchPoints>
                <BranchPoint vc="0" uspid="1813" ordinal="0" offset="8" sl="401" path="0" offsetend="10" fileid="53" />
                <BranchPoint vc="0" uspid="1814" ordinal="1" offset="8" sl="401" path="1" offsetend="12" fileid="53" />
                <BranchPoint vc="0" uspid="1815" ordinal="2" offset="19" sl="406" path="0" offsetend="21" fileid="53" />
                <BranchPoint vc="0" uspid="1816" ordinal="3" offset="19" sl="406" path="1" offsetend="29" fileid="53" />
                <BranchPoint vc="0" uspid="1817" ordinal="4" offset="35" sl="411" path="0" offsetend="37" fileid="53" />
                <BranchPoint vc="0" uspid="1818" ordinal="5" offset="35" sl="411" path="1" offsetend="45" fileid="53" />
                <BranchPoint vc="0" uspid="1819" ordinal="6" offset="53" sl="416" path="0" offsetend="55" fileid="53" />
                <BranchPoint vc="0" uspid="1820" ordinal="7" offset="53" sl="416" path="1" offsetend="79" fileid="53" />
                <BranchPoint vc="0" uspid="1821" ordinal="8" offset="86" sl="421" path="0" offsetend="88" fileid="53" />
                <BranchPoint vc="0" uspid="1822" ordinal="9" offset="86" sl="421" path="1" offsetend="97" fileid="53" />
                <BranchPoint vc="0" uspid="1823" ordinal="10" offset="95" sl="421" path="0" offsetend="97" fileid="53" />
                <BranchPoint vc="0" uspid="1824" ordinal="11" offset="95" sl="421" path="1" offsetend="104" fileid="53" />
                <BranchPoint vc="0" uspid="1825" ordinal="12" offset="111" sl="426" path="0" offsetend="113" fileid="53" />
                <BranchPoint vc="0" uspid="1826" ordinal="13" offset="111" sl="426" path="1" offsetend="131" fileid="53" />
                <BranchPoint vc="0" uspid="1827" ordinal="14" offset="139" sl="431" path="0" offsetend="141" fileid="53" />
                <BranchPoint vc="0" uspid="1828" ordinal="15" offset="139" sl="431" path="1" offsetend="148" fileid="53" />
              </BranchPoints>
              <MethodPoint xsi:type="SequencePoint" vc="0" uspid="1798" ordinal="0" offset="0" sl="401" sc="13" el="401" ec="48" bec="2" bev="0" fileid="53" />
            </Method>
            <Method visited="false" cyclomaticComplexity="5" nPathComplexity="16" sequenceCoverage="0" branchCoverage="0" crapScore="30" isConstructor="false" isStatic="true" isGetter="false" isSetter="false">
              <Summary numSequencePoints="11" visitedSequencePoints="0" numBranchPoints="9" visitedBranchPoints="0" sequenceCoverage="0" branchCoverage="0" maxCyclomaticComplexity="5" minCyclomaticComplexity="5" maxCrapScore="30" minCrapScore="30" visitedClasses="0" numClasses="0" visitedMethods="0" numMethods="1" />
              <MetadataToken>100663560</MetadataToken>
              <Name>Xunit.JsonArray Xunit.JsonDeserializer::DeserializeArray(Xunit.JsonToken,Xunit.JsonBuffer)</Name>
              <FileRef uid="53" />
              <SequencePoints>
                <SequencePoint vc="0" uspid="1829" ordinal="0" offset="0" sl="443" sc="13" el="443" ec="46" bec="0" bev="0" fileid="53" />
                <SequencePoint vc="0" uspid="1830" ordinal="1" offset="6" sl="446" sc="17" el="446" ec="42" bec="0" bev="0" fileid="53" />
                <SequencePoint vc="0" uspid="1831" ordinal="2" offset="13" sl="447" sc="17" el="447" ec="67" bec="2" bev="0" fileid="53" />
                <SequencePoint vc="0" uspid="1832" ordinal="3" offset="22" sl="452" sc="17" el="452" ec="61" bec="0" bev="0" fileid="53" />
                <SequencePoint vc="0" uspid="1833" ordinal="4" offset="35" sl="454" sc="17" el="454" ec="38" bec="0" bev="0" fileid="53" />
                <SequencePoint vc="0" uspid="1834" ordinal="5" offset="42" sl="455" sc="17" el="455" ec="52" bec="2" bev="0" fileid="53" />
                <SequencePoint vc="0" uspid="1835" ordinal="6" offset="52" sl="457" sc="21" el="459" ec="31" bec="0" bev="0" fileid="53" />
                <SequencePoint vc="0" uspid="1836" ordinal="7" offset="73" sl="461" sc="22" el="461" ec="72" bec="2" bev="0" fileid="53" />
                <SequencePoint vc="0" uspid="1837" ordinal="8" offset="82" sl="465" sc="22" el="465" ec="59" bec="2" bev="0" fileid="53" />
                <SequencePoint vc="0" uspid="1838" ordinal="9" offset="91" sl="467" sc="21" el="469" ec="31" bec="0" bev="0" fileid="53" />
                <SequencePoint vc="0" uspid="1839" ordinal="10" offset="110" sl="473" sc="13" el="473" ec="74" bec="0" bev="0" fileid="53" />
              </SequencePoints>
              <BranchPoints>
                <BranchPoint vc="0" uspid="1840" ordinal="0" offset="20" sl="447" path="0" offsetend="22" fileid="53" />
                <BranchPoint vc="0" uspid="1841" ordinal="1" offset="20" sl="447" path="1" offsetend="110" fileid="53" />
                <BranchPoint vc="0" uspid="1842" ordinal="2" offset="50" sl="455" path="0" offsetend="52" fileid="53" />
                <BranchPoint vc="0" uspid="1843" ordinal="3" offset="50" sl="455" path="1" offsetend="73" fileid="53" />
                <BranchPoint vc="0" uspid="1844" ordinal="4" offset="80" sl="461" path="0" offsetend="82" fileid="53" />
                <BranchPoint vc="0" uspid="1845" ordinal="5" offset="80" sl="461" path="1" offsetend="110" fileid="53" />
                <BranchPoint vc="0" uspid="1846" ordinal="6" offset="89" sl="465" path="0" offsetend="91" fileid="53" />
                <BranchPoint vc="0" uspid="1847" ordinal="7" offset="89" sl="465" path="1" offsetend="6" fileid="53" />
              </BranchPoints>
              <MethodPoint xsi:type="SequencePoint" vc="0" uspid="1829" ordinal="0" offset="0" sl="443" sc="13" el="443" ec="46" bec="0" bev="0" fileid="53" />
            </Method>
            <Method visited="false" cyclomaticComplexity="9" nPathComplexity="256" sequenceCoverage="0" branchCoverage="0" crapScore="90" isConstructor="false" isStatic="true" isGetter="false" isSetter="false">
              <Summary numSequencePoints="21" visitedSequencePoints="0" numBranchPoints="17" visitedBranchPoints="0" sequenceCoverage="0" branchCoverage="0" maxCyclomaticComplexity="9" minCyclomaticComplexity="9" maxCrapScore="90" minCrapScore="90" visitedClasses="0" numClasses="0" visitedMethods="0" numMethods="1" />
              <MetadataToken>100663561</MetadataToken>
              <Name>Xunit.JsonObject Xunit.JsonDeserializer::DeserializeObject(Xunit.JsonToken,Xunit.JsonBuffer)</Name>
              <FileRef uid="53" />
              <SequencePoints>
                <SequencePoint vc="0" uspid="1848" ordinal="0" offset="0" sl="478" sc="13" el="478" ec="66" bec="0" bev="0" fileid="53" />
                <SequencePoint vc="0" uspid="1849" ordinal="1" offset="6" sl="483" sc="17" el="483" ec="42" bec="0" bev="0" fileid="53" />
                <SequencePoint vc="0" uspid="1850" ordinal="2" offset="13" sl="484" sc="17" el="484" ec="52" bec="2" bev="0" fileid="53" />
                <SequencePoint vc="0" uspid="1851" ordinal="3" offset="23" sl="486" sc="21" el="488" ec="31" bec="0" bev="0" fileid="53" />
                <SequencePoint vc="0" uspid="1852" ordinal="4" offset="42" sl="491" sc="17" el="491" ec="54" bec="2" bev="0" fileid="53" />
                <SequencePoint vc="0" uspid="1853" ordinal="5" offset="51" sl="493" sc="21" el="495" ec="31" bec="0" bev="0" fileid="53" />
                <SequencePoint vc="0" uspid="1854" ordinal="6" offset="70" sl="497" sc="22" el="497" ec="71" bec="2" bev="0" fileid="53" />
                <SequencePoint vc="0" uspid="1855" ordinal="7" offset="82" sl="503" sc="21" el="503" ec="59" bec="2" bev="0" fileid="53" />
                <SequencePoint vc="0" uspid="1856" ordinal="8" offset="92" sl="505" sc="25" el="507" ec="35" bec="0" bev="0" fileid="53" />
                <SequencePoint vc="0" uspid="1857" ordinal="9" offset="114" sl="510" sc="21" el="510" ec="49" bec="0" bev="0" fileid="53" />
                <SequencePoint vc="0" uspid="1858" ordinal="10" offset="121" sl="511" sc="21" el="511" ec="60" bec="2" bev="0" fileid="53" />
                <SequencePoint vc="0" uspid="1859" ordinal="11" offset="130" sl="513" sc="25" el="515" ec="35" bec="0" bev="0" fileid="53" />
                <SequencePoint vc="0" uspid="1860" ordinal="12" offset="143" sl="518" sc="21" el="518" ec="42" bec="0" bev="0" fileid="53" />
                <SequencePoint vc="0" uspid="1861" ordinal="13" offset="150" sl="519" sc="21" el="519" ec="58" bec="2" bev="0" fileid="53" />
                <SequencePoint vc="0" uspid="1862" ordinal="14" offset="159" sl="521" sc="25" el="523" ec="35" bec="0" bev="0" fileid="53" />
                <SequencePoint vc="0" uspid="1863" ordinal="15" offset="178" sl="526" sc="21" el="526" ec="89" bec="0" bev="0" fileid="53" />
                <SequencePoint vc="0" uspid="1864" ordinal="16" offset="197" sl="528" sc="21" el="528" ec="42" bec="0" bev="0" fileid="53" />
                <SequencePoint vc="0" uspid="1865" ordinal="17" offset="204" sl="529" sc="21" el="529" ec="70" bec="2" bev="0" fileid="53" />
                <SequencePoint vc="0" uspid="1866" ordinal="18" offset="213" sl="533" sc="26" el="533" ec="63" bec="2" bev="0" fileid="53" />
                <SequencePoint vc="0" uspid="1867" ordinal="19" offset="225" sl="535" sc="25" el="537" ec="35" bec="0" bev="0" fileid="53" />
                <SequencePoint vc="0" uspid="1868" ordinal="20" offset="246" sl="542" sc="13" el="542" ec="71" bec="0" bev="0" fileid="53" />
              </SequencePoints>
              <BranchPoints>
                <BranchPoint vc="0" uspid="1869" ordinal="0" offset="21" sl="484" path="0" offsetend="23" fileid="53" />
                <BranchPoint vc="0" uspid="1870" ordinal="1" offset="21" sl="484" path="1" offsetend="42" fileid="53" />
                <BranchPoint vc="0" uspid="1871" ordinal="2" offset="49" sl="491" path="0" offsetend="51" fileid="53" />
                <BranchPoint vc="0" uspid="1872" ordinal="3" offset="49" sl="491" path="1" offsetend="70" fileid="53" />
                <BranchPoint vc="0" uspid="1873" ordinal="4" offset="77" sl="497" path="0" offsetend="82" fileid="53" />
                <BranchPoint vc="0" uspid="1874" ordinal="5" offset="77" sl="497" path="1" offsetend="246" fileid="53" />
                <BranchPoint vc="0" uspid="1875" ordinal="6" offset="90" sl="503" path="0" offsetend="92" fileid="53" />
                <BranchPoint vc="0" uspid="1876" ordinal="7" offset="90" sl="503" path="1" offsetend="114" fileid="53" />
                <BranchPoint vc="0" uspid="1877" ordinal="8" offset="128" sl="511" path="0" offsetend="130" fileid="53" />
                <BranchPoint vc="0" uspid="1878" ordinal="9" offset="128" sl="511" path="1" offsetend="143" fileid="53" />
                <BranchPoint vc="0" uspid="1879" ordinal="10" offset="157" sl="519" path="0" offsetend="159" fileid="53" />
                <BranchPoint vc="0" uspid="1880" ordinal="11" offset="157" sl="519" path="1" offsetend="178" fileid="53" />
                <BranchPoint vc="0" uspid="1881" ordinal="12" offset="211" sl="529" path="0" offsetend="213" fileid="53" />
                <BranchPoint vc="0" uspid="1882" ordinal="13" offset="211" sl="529" path="1" offsetend="246" fileid="53" />
                <BranchPoint vc="0" uspid="1883" ordinal="14" offset="220" sl="533" path="0" offsetend="225" fileid="53" />
                <BranchPoint vc="0" uspid="1884" ordinal="15" offset="220" sl="533" path="1" offsetend="6" fileid="53" />
              </BranchPoints>
              <MethodPoint xsi:type="SequencePoint" vc="0" uspid="1848" ordinal="0" offset="0" sl="478" sc="13" el="478" ec="66" bec="0" bev="0" fileid="53" />
            </Method>
          </Methods>
        </Class>
        <Class>
          <Summary numSequencePoints="14" visitedSequencePoints="0" numBranchPoints="5" visitedBranchPoints="0" sequenceCoverage="0" branchCoverage="0" maxCyclomaticComplexity="1" minCyclomaticComplexity="1" maxCrapScore="2" minCrapScore="2" visitedClasses="0" numClasses="1" visitedMethods="0" numMethods="5" />
          <FullName>Xunit.JsonDeserializerException</FullName>
          <Methods>
            <Method visited="false" cyclomaticComplexity="1" nPathComplexity="0" sequenceCoverage="0" branchCoverage="0" crapScore="2" isConstructor="false" isStatic="false" isGetter="true" isSetter="false">
              <Summary numSequencePoints="1" visitedSequencePoints="0" numBranchPoints="1" visitedBranchPoints="0" sequenceCoverage="0" branchCoverage="0" maxCyclomaticComplexity="1" minCyclomaticComplexity="1" maxCrapScore="2" minCrapScore="2" visitedClasses="0" numClasses="0" visitedMethods="0" numMethods="1" />
              <MetadataToken>100663565</MetadataToken>
              <Name>System.Int32 Xunit.JsonDeserializerException::get_Line()</Name>
              <FileRef uid="53" />
              <SequencePoints>
                <SequencePoint vc="0" uspid="1885" ordinal="0" offset="0" sl="569" sc="27" el="569" ec="31" bec="0" bev="0" fileid="53" />
              </SequencePoints>
              <BranchPoints />
              <MethodPoint xsi:type="SequencePoint" vc="0" uspid="1885" ordinal="0" offset="0" sl="569" sc="27" el="569" ec="31" bec="0" bev="0" fileid="53" />
            </Method>
            <Method visited="false" cyclomaticComplexity="1" nPathComplexity="0" sequenceCoverage="0" branchCoverage="0" crapScore="2" isConstructor="false" isStatic="false" isGetter="true" isSetter="false">
              <Summary numSequencePoints="1" visitedSequencePoints="0" numBranchPoints="1" visitedBranchPoints="0" sequenceCoverage="0" branchCoverage="0" maxCyclomaticComplexity="1" minCyclomaticComplexity="1" maxCrapScore="2" minCrapScore="2" visitedClasses="0" numClasses="0" visitedMethods="0" numMethods="1" />
              <MetadataToken>100663566</MetadataToken>
              <Name>System.Int32 Xunit.JsonDeserializerException::get_Column()</Name>
              <FileRef uid="53" />
              <SequencePoints>
                <SequencePoint vc="0" uspid="1886" ordinal="0" offset="0" sl="571" sc="29" el="571" ec="33" bec="0" bev="0" fileid="53" />
              </SequencePoints>
              <BranchPoints />
              <MethodPoint xsi:type="SequencePoint" vc="0" uspid="1886" ordinal="0" offset="0" sl="571" sc="29" el="571" ec="33" bec="0" bev="0" fileid="53" />
            </Method>
            <Method visited="false" cyclomaticComplexity="1" nPathComplexity="0" sequenceCoverage="0" branchCoverage="0" crapScore="2" isConstructor="true" isStatic="false" isGetter="false" isSetter="false">
              <Summary numSequencePoints="4" visitedSequencePoints="0" numBranchPoints="1" visitedBranchPoints="0" sequenceCoverage="0" branchCoverage="0" maxCyclomaticComplexity="1" minCyclomaticComplexity="1" maxCrapScore="2" minCrapScore="2" visitedClasses="0" numClasses="0" visitedMethods="0" numMethods="1" />
              <MetadataToken>100663562</MetadataToken>
              <Name>System.Void Xunit.JsonDeserializerException::.ctor(System.String,System.Exception,System.Int32,System.Int32)</Name>
              <FileRef uid="53" />
              <SequencePoints>
                <SequencePoint vc="0" uspid="1887" ordinal="0" offset="0" sl="549" sc="15" el="549" ec="44" bec="0" bev="0" fileid="53" />
                <SequencePoint vc="0" uspid="1888" ordinal="1" offset="8" sl="551" sc="13" el="551" ec="25" bec="0" bev="0" fileid="53" />
                <SequencePoint vc="0" uspid="1889" ordinal="2" offset="15" sl="552" sc="13" el="552" ec="29" bec="0" bev="0" fileid="53" />
                <SequencePoint vc="0" uspid="1890" ordinal="3" offset="23" sl="553" sc="9" el="553" ec="10" bec="0" bev="0" fileid="53" />
              </SequencePoints>
              <BranchPoints />
              <MethodPoint xsi:type="SequencePoint" vc="0" uspid="1887" ordinal="0" offset="0" sl="549" sc="15" el="549" ec="44" bec="0" bev="0" fileid="53" />
            </Method>
            <Method visited="false" cyclomaticComplexity="1" nPathComplexity="0" sequenceCoverage="0" branchCoverage="0" crapScore="2" isConstructor="true" isStatic="false" isGetter="false" isSetter="false">
              <Summary numSequencePoints="4" visitedSequencePoints="0" numBranchPoints="1" visitedBranchPoints="0" sequenceCoverage="0" branchCoverage="0" maxCyclomaticComplexity="1" minCyclomaticComplexity="1" maxCrapScore="2" minCrapScore="2" visitedClasses="0" numClasses="0" visitedMethods="0" numMethods="1" />
              <MetadataToken>100663563</MetadataToken>
              <Name>System.Void Xunit.JsonDeserializerException::.ctor(System.String,System.Int32,System.Int32)</Name>
              <FileRef uid="53" />
              <SequencePoints>
                <SequencePoint vc="0" uspid="1891" ordinal="0" offset="0" sl="556" sc="15" el="556" ec="28" bec="0" bev="0" fileid="53" />
                <SequencePoint vc="0" uspid="1892" ordinal="1" offset="7" sl="558" sc="13" el="558" ec="25" bec="0" bev="0" fileid="53" />
                <SequencePoint vc="0" uspid="1893" ordinal="2" offset="14" sl="559" sc="13" el="559" ec="29" bec="0" bev="0" fileid="53" />
                <SequencePoint vc="0" uspid="1894" ordinal="3" offset="21" sl="560" sc="9" el="560" ec="10" bec="0" bev="0" fileid="53" />
              </SequencePoints>
              <BranchPoints />
              <MethodPoint xsi:type="SequencePoint" vc="0" uspid="1891" ordinal="0" offset="0" sl="556" sc="15" el="556" ec="28" bec="0" bev="0" fileid="53" />
            </Method>
            <Method visited="false" cyclomaticComplexity="1" nPathComplexity="0" sequenceCoverage="0" branchCoverage="0" crapScore="2" isConstructor="true" isStatic="false" isGetter="false" isSetter="false">
              <Summary numSequencePoints="4" visitedSequencePoints="0" numBranchPoints="1" visitedBranchPoints="0" sequenceCoverage="0" branchCoverage="0" maxCyclomaticComplexity="1" minCyclomaticComplexity="1" maxCrapScore="2" minCrapScore="2" visitedClasses="0" numClasses="0" visitedMethods="0" numMethods="1" />
              <MetadataToken>100663564</MetadataToken>
              <Name>System.Void Xunit.JsonDeserializerException::.ctor(System.String,Xunit.JsonToken)</Name>
              <FileRef uid="53" />
              <SequencePoints>
                <SequencePoint vc="0" uspid="1895" ordinal="0" offset="0" sl="563" sc="15" el="563" ec="28" bec="0" bev="0" fileid="53" />
                <SequencePoint vc="0" uspid="1896" ordinal="1" offset="7" sl="565" sc="13" el="565" ec="35" bec="0" bev="0" fileid="53" />
                <SequencePoint vc="0" uspid="1897" ordinal="2" offset="19" sl="566" sc="13" el="566" ec="39" bec="0" bev="0" fileid="53" />
                <SequencePoint vc="0" uspid="1898" ordinal="3" offset="31" sl="567" sc="9" el="567" ec="10" bec="0" bev="0" fileid="53" />
              </SequencePoints>
              <BranchPoints />
              <MethodPoint xsi:type="SequencePoint" vc="0" uspid="1895" ordinal="0" offset="0" sl="563" sc="15" el="563" ec="28" bec="0" bev="0" fileid="53" />
            </Method>
          </Methods>
        </Class>
        <Class>
          <Summary numSequencePoints="17" visitedSequencePoints="0" numBranchPoints="17" visitedBranchPoints="0" sequenceCoverage="0" branchCoverage="0" maxCyclomaticComplexity="1" minCyclomaticComplexity="1" maxCrapScore="2" minCrapScore="2" visitedClasses="0" numClasses="1" visitedMethods="0" numMethods="17" />
          <FullName>Xunit.JsonDeserializerResource</FullName>
          <Methods>
            <Method visited="false" cyclomaticComplexity="1" nPathComplexity="0" sequenceCoverage="0" branchCoverage="0" crapScore="2" isConstructor="false" isStatic="true" isGetter="true" isSetter="false">
              <Summary numSequencePoints="1" visitedSequencePoints="0" numBranchPoints="1" visitedBranchPoints="0" sequenceCoverage="0" branchCoverage="0" maxCyclomaticComplexity="1" minCyclomaticComplexity="1" maxCrapScore="2" minCrapScore="2" visitedClasses="0" numClasses="0" visitedMethods="0" numMethods="1" />
              <MetadataToken>100663582</MetadataToken>
              <Name>System.String Xunit.JsonDeserializerResource::get_JSON_OpenString()</Name>
              <FileRef uid="53" />
              <SequencePoints>
                <SequencePoint vc="0" uspid="1899" ordinal="0" offset="0" sl="653" sc="19" el="653" ec="79" bec="0" bev="0" fileid="53" />
              </SequencePoints>
              <BranchPoints />
              <MethodPoint xsi:type="SequencePoint" vc="0" uspid="1899" ordinal="0" offset="0" sl="653" sc="19" el="653" ec="79" bec="0" bev="0" fileid="53" />
            </Method>
            <Method visited="false" cyclomaticComplexity="1" nPathComplexity="0" sequenceCoverage="0" branchCoverage="0" crapScore="2" isConstructor="false" isStatic="true" isGetter="true" isSetter="false">
              <Summary numSequencePoints="1" visitedSequencePoints="0" numBranchPoints="1" visitedBranchPoints="0" sequenceCoverage="0" branchCoverage="0" maxCyclomaticComplexity="1" minCyclomaticComplexity="1" maxCrapScore="2" minCrapScore="2" visitedClasses="0" numClasses="0" visitedMethods="0" numMethods="1" />
              <MetadataToken>100663583</MetadataToken>
              <Name>System.String Xunit.JsonDeserializerResource::get_JSON_InvalidEnd()</Name>
              <FileRef uid="53" />
              <SequencePoints>
                <SequencePoint vc="0" uspid="1900" ordinal="0" offset="0" sl="658" sc="19" el="658" ec="66" bec="0" bev="0" fileid="53" />
              </SequencePoints>
              <BranchPoints />
              <MethodPoint xsi:type="SequencePoint" vc="0" uspid="1900" ordinal="0" offset="0" sl="658" sc="19" el="658" ec="66" bec="0" bev="0" fileid="53" />
            </Method>
            <Method visited="false" cyclomaticComplexity="1" nPathComplexity="0" sequenceCoverage="0" branchCoverage="0" crapScore="2" isConstructor="false" isStatic="true" isGetter="false" isSetter="false">
              <Summary numSequencePoints="1" visitedSequencePoints="0" numBranchPoints="1" visitedBranchPoints="0" sequenceCoverage="0" branchCoverage="0" maxCyclomaticComplexity="1" minCyclomaticComplexity="1" maxCrapScore="2" minCrapScore="2" visitedClasses="0" numClasses="0" visitedMethods="0" numMethods="1" />
              <MetadataToken>100663567</MetadataToken>
              <Name>System.String Xunit.JsonDeserializerResource::Format_IllegalCharacter(System.Int32)</Name>
              <FileRef uid="53" />
              <SequencePoints>
                <SequencePoint vc="0" uspid="1901" ordinal="0" offset="0" sl="578" sc="13" el="578" ec="91" bec="0" bev="0" fileid="53" />
              </SequencePoints>
              <BranchPoints />
              <MethodPoint xsi:type="SequencePoint" vc="0" uspid="1901" ordinal="0" offset="0" sl="578" sc="13" el="578" ec="91" bec="0" bev="0" fileid="53" />
            </Method>
            <Method visited="false" cyclomaticComplexity="1" nPathComplexity="0" sequenceCoverage="0" branchCoverage="0" crapScore="2" isConstructor="false" isStatic="true" isGetter="false" isSetter="false">
              <Summary numSequencePoints="1" visitedSequencePoints="0" numBranchPoints="1" visitedBranchPoints="0" sequenceCoverage="0" branchCoverage="0" maxCyclomaticComplexity="1" minCyclomaticComplexity="1" maxCrapScore="2" minCrapScore="2" visitedClasses="0" numClasses="0" visitedMethods="0" numMethods="1" />
              <MetadataToken>100663568</MetadataToken>
              <Name>System.String Xunit.JsonDeserializerResource::Format_IllegalTrailingCharacterAfterLiteral(System.Int32,System.String)</Name>
              <FileRef uid="53" />
              <SequencePoints>
                <SequencePoint vc="0" uspid="1902" ordinal="0" offset="0" sl="583" sc="13" el="583" ec="126" bec="0" bev="0" fileid="53" />
              </SequencePoints>
              <BranchPoints />
              <MethodPoint xsi:type="SequencePoint" vc="0" uspid="1902" ordinal="0" offset="0" sl="583" sc="13" el="583" ec="126" bec="0" bev="0" fileid="53" />
            </Method>
            <Method visited="false" cyclomaticComplexity="1" nPathComplexity="0" sequenceCoverage="0" branchCoverage="0" crapScore="2" isConstructor="false" isStatic="true" isGetter="false" isSetter="false">
              <Summary numSequencePoints="1" visitedSequencePoints="0" numBranchPoints="1" visitedBranchPoints="0" sequenceCoverage="0" branchCoverage="0" maxCyclomaticComplexity="1" minCyclomaticComplexity="1" maxCrapScore="2" minCrapScore="2" visitedClasses="0" numClasses="0" visitedMethods="0" numMethods="1" />
              <MetadataToken>100663569</MetadataToken>
              <Name>System.String Xunit.JsonDeserializerResource::Format_UnrecognizedLiteral(System.String)</Name>
              <FileRef uid="53" />
              <SequencePoints>
                <SequencePoint vc="0" uspid="1903" ordinal="0" offset="0" sl="588" sc="13" el="588" ec="75" bec="0" bev="0" fileid="53" />
              </SequencePoints>
              <BranchPoints />
              <MethodPoint xsi:type="SequencePoint" vc="0" uspid="1903" ordinal="0" offset="0" sl="588" sc="13" el="588" ec="75" bec="0" bev="0" fileid="53" />
            </Method>
            <Method visited="false" cyclomaticComplexity="1" nPathComplexity="0" sequenceCoverage="0" branchCoverage="0" crapScore="2" isConstructor="false" isStatic="true" isGetter="false" isSetter="false">
              <Summary numSequencePoints="1" visitedSequencePoints="0" numBranchPoints="1" visitedBranchPoints="0" sequenceCoverage="0" branchCoverage="0" maxCyclomaticComplexity="1" minCyclomaticComplexity="1" maxCrapScore="2" minCrapScore="2" visitedClasses="0" numClasses="0" visitedMethods="0" numMethods="1" />
              <MetadataToken>100663570</MetadataToken>
              <Name>System.String Xunit.JsonDeserializerResource::Format_DuplicateObjectMemberName(System.String)</Name>
              <FileRef uid="53" />
              <SequencePoints>
                <SequencePoint vc="0" uspid="1904" ordinal="0" offset="0" sl="593" sc="13" el="593" ec="97" bec="0" bev="0" fileid="53" />
              </SequencePoints>
              <BranchPoints />
              <MethodPoint xsi:type="SequencePoint" vc="0" uspid="1904" ordinal="0" offset="0" sl="593" sc="13" el="593" ec="97" bec="0" bev="0" fileid="53" />
            </Method>
            <Method visited="false" cyclomaticComplexity="1" nPathComplexity="0" sequenceCoverage="0" branchCoverage="0" crapScore="2" isConstructor="false" isStatic="true" isGetter="false" isSetter="false">
              <Summary numSequencePoints="1" visitedSequencePoints="0" numBranchPoints="1" visitedBranchPoints="0" sequenceCoverage="0" branchCoverage="0" maxCyclomaticComplexity="1" minCyclomaticComplexity="1" maxCrapScore="2" minCrapScore="2" visitedClasses="0" numClasses="0" visitedMethods="0" numMethods="1" />
              <MetadataToken>100663571</MetadataToken>
              <Name>System.String Xunit.JsonDeserializerResource::Format_InvalidFloatNumberFormat(System.String)</Name>
              <FileRef uid="53" />
              <SequencePoints>
                <SequencePoint vc="0" uspid="1905" ordinal="0" offset="0" sl="598" sc="13" el="598" ec="58" bec="0" bev="0" fileid="53" />
              </SequencePoints>
              <BranchPoints />
              <MethodPoint xsi:type="SequencePoint" vc="0" uspid="1905" ordinal="0" offset="0" sl="598" sc="13" el="598" ec="58" bec="0" bev="0" fileid="53" />
            </Method>
            <Method visited="false" cyclomaticComplexity="1" nPathComplexity="0" sequenceCoverage="0" branchCoverage="0" crapScore="2" isConstructor="false" isStatic="true" isGetter="false" isSetter="false">
              <Summary numSequencePoints="1" visitedSequencePoints="0" numBranchPoints="1" visitedBranchPoints="0" sequenceCoverage="0" branchCoverage="0" maxCyclomaticComplexity="1" minCyclomaticComplexity="1" maxCrapScore="2" minCrapScore="2" visitedClasses="0" numClasses="0" visitedMethods="0" numMethods="1" />
              <MetadataToken>100663572</MetadataToken>
              <Name>System.String Xunit.JsonDeserializerResource::Format_FloatNumberOverflow(System.String)</Name>
              <FileRef uid="53" />
              <SequencePoints>
                <SequencePoint vc="0" uspid="1906" ordinal="0" offset="0" sl="603" sc="13" el="603" ec="52" bec="0" bev="0" fileid="53" />
              </SequencePoints>
              <BranchPoints />
              <MethodPoint xsi:type="SequencePoint" vc="0" uspid="1906" ordinal="0" offset="0" sl="603" sc="13" el="603" ec="52" bec="0" bev="0" fileid="53" />
            </Method>
            <Method visited="false" cyclomaticComplexity="1" nPathComplexity="0" sequenceCoverage="0" branchCoverage="0" crapScore="2" isConstructor="false" isStatic="true" isGetter="false" isSetter="false">
              <Summary numSequencePoints="1" visitedSequencePoints="0" numBranchPoints="1" visitedBranchPoints="0" sequenceCoverage="0" branchCoverage="0" maxCyclomaticComplexity="1" minCyclomaticComplexity="1" maxCrapScore="2" minCrapScore="2" visitedClasses="0" numClasses="0" visitedMethods="0" numMethods="1" />
              <MetadataToken>100663573</MetadataToken>
              <Name>System.String Xunit.JsonDeserializerResource::Format_InvalidSyntax(System.String,System.String)</Name>
              <FileRef uid="53" />
              <SequencePoints>
                <SequencePoint vc="0" uspid="1907" ordinal="0" offset="0" sl="608" sc="13" el="608" ec="61" bec="0" bev="0" fileid="53" />
              </SequencePoints>
              <BranchPoints />
              <MethodPoint xsi:type="SequencePoint" vc="0" uspid="1907" ordinal="0" offset="0" sl="608" sc="13" el="608" ec="61" bec="0" bev="0" fileid="53" />
            </Method>
            <Method visited="false" cyclomaticComplexity="1" nPathComplexity="0" sequenceCoverage="0" branchCoverage="0" crapScore="2" isConstructor="false" isStatic="true" isGetter="false" isSetter="false">
              <Summary numSequencePoints="1" visitedSequencePoints="0" numBranchPoints="1" visitedBranchPoints="0" sequenceCoverage="0" branchCoverage="0" maxCyclomaticComplexity="1" minCyclomaticComplexity="1" maxCrapScore="2" minCrapScore="2" visitedClasses="0" numClasses="0" visitedMethods="0" numMethods="1" />
              <MetadataToken>100663574</MetadataToken>
              <Name>System.String Xunit.JsonDeserializerResource::Format_InvalidSyntaxNotExpected(System.String,System.Char)</Name>
              <FileRef uid="53" />
              <SequencePoints>
                <SequencePoint vc="0" uspid="1908" ordinal="0" offset="0" sl="613" sc="13" el="613" ec="79" bec="0" bev="0" fileid="53" />
              </SequencePoints>
              <BranchPoints />
              <MethodPoint xsi:type="SequencePoint" vc="0" uspid="1908" ordinal="0" offset="0" sl="613" sc="13" el="613" ec="79" bec="0" bev="0" fileid="53" />
            </Method>
            <Method visited="false" cyclomaticComplexity="1" nPathComplexity="0" sequenceCoverage="0" branchCoverage="0" crapScore="2" isConstructor="false" isStatic="true" isGetter="false" isSetter="false">
              <Summary numSequencePoints="1" visitedSequencePoints="0" numBranchPoints="1" visitedBranchPoints="0" sequenceCoverage="0" branchCoverage="0" maxCyclomaticComplexity="1" minCyclomaticComplexity="1" maxCrapScore="2" minCrapScore="2" visitedClasses="0" numClasses="0" visitedMethods="0" numMethods="1" />
              <MetadataToken>100663575</MetadataToken>
              <Name>System.String Xunit.JsonDeserializerResource::Format_InvalidSyntaxNotExpected(System.String,System.String)</Name>
              <FileRef uid="53" />
              <SequencePoints>
                <SequencePoint vc="0" uspid="1909" ordinal="0" offset="0" sl="618" sc="13" el="618" ec="77" bec="0" bev="0" fileid="53" />
              </SequencePoints>
              <BranchPoints />
              <MethodPoint xsi:type="SequencePoint" vc="0" uspid="1909" ordinal="0" offset="0" sl="618" sc="13" el="618" ec="77" bec="0" bev="0" fileid="53" />
            </Method>
            <Method visited="false" cyclomaticComplexity="1" nPathComplexity="0" sequenceCoverage="0" branchCoverage="0" crapScore="2" isConstructor="false" isStatic="true" isGetter="false" isSetter="false">
              <Summary numSequencePoints="1" visitedSequencePoints="0" numBranchPoints="1" visitedBranchPoints="0" sequenceCoverage="0" branchCoverage="0" maxCyclomaticComplexity="1" minCyclomaticComplexity="1" maxCrapScore="2" minCrapScore="2" visitedClasses="0" numClasses="0" visitedMethods="0" numMethods="1" />
              <MetadataToken>100663576</MetadataToken>
              <Name>System.String Xunit.JsonDeserializerResource::Format_InvalidSyntaxExpectation(System.String,System.Char)</Name>
              <FileRef uid="53" />
              <SequencePoints>
                <SequencePoint vc="0" uspid="1910" ordinal="0" offset="0" sl="623" sc="13" el="623" ec="78" bec="0" bev="0" fileid="53" />
              </SequencePoints>
              <BranchPoints />
              <MethodPoint xsi:type="SequencePoint" vc="0" uspid="1910" ordinal="0" offset="0" sl="623" sc="13" el="623" ec="78" bec="0" bev="0" fileid="53" />
            </Method>
            <Method visited="false" cyclomaticComplexity="1" nPathComplexity="0" sequenceCoverage="0" branchCoverage="0" crapScore="2" isConstructor="false" isStatic="true" isGetter="false" isSetter="false">
              <Summary numSequencePoints="1" visitedSequencePoints="0" numBranchPoints="1" visitedBranchPoints="0" sequenceCoverage="0" branchCoverage="0" maxCyclomaticComplexity="1" minCyclomaticComplexity="1" maxCrapScore="2" minCrapScore="2" visitedClasses="0" numClasses="0" visitedMethods="0" numMethods="1" />
              <MetadataToken>100663577</MetadataToken>
              <Name>System.String Xunit.JsonDeserializerResource::Format_InvalidSyntaxExpectation(System.String,System.String)</Name>
              <FileRef uid="53" />
              <SequencePoints>
                <SequencePoint vc="0" uspid="1911" ordinal="0" offset="0" sl="628" sc="13" el="628" ec="76" bec="0" bev="0" fileid="53" />
              </SequencePoints>
              <BranchPoints />
              <MethodPoint xsi:type="SequencePoint" vc="0" uspid="1911" ordinal="0" offset="0" sl="628" sc="13" el="628" ec="76" bec="0" bev="0" fileid="53" />
            </Method>
            <Method visited="false" cyclomaticComplexity="1" nPathComplexity="0" sequenceCoverage="0" branchCoverage="0" crapScore="2" isConstructor="false" isStatic="true" isGetter="false" isSetter="false">
              <Summary numSequencePoints="1" visitedSequencePoints="0" numBranchPoints="1" visitedBranchPoints="0" sequenceCoverage="0" branchCoverage="0" maxCyclomaticComplexity="1" minCyclomaticComplexity="1" maxCrapScore="2" minCrapScore="2" visitedClasses="0" numClasses="0" visitedMethods="0" numMethods="1" />
              <MetadataToken>100663578</MetadataToken>
              <Name>System.String Xunit.JsonDeserializerResource::Format_InvalidSyntaxExpectation(System.String,System.Char,System.Char)</Name>
              <FileRef uid="53" />
              <SequencePoints>
                <SequencePoint vc="0" uspid="1912" ordinal="0" offset="0" sl="633" sc="13" el="633" ec="99" bec="0" bev="0" fileid="53" />
              </SequencePoints>
              <BranchPoints />
              <MethodPoint xsi:type="SequencePoint" vc="0" uspid="1912" ordinal="0" offset="0" sl="633" sc="13" el="633" ec="99" bec="0" bev="0" fileid="53" />
            </Method>
            <Method visited="false" cyclomaticComplexity="1" nPathComplexity="0" sequenceCoverage="0" branchCoverage="0" crapScore="2" isConstructor="false" isStatic="true" isGetter="false" isSetter="false">
              <Summary numSequencePoints="1" visitedSequencePoints="0" numBranchPoints="1" visitedBranchPoints="0" sequenceCoverage="0" branchCoverage="0" maxCyclomaticComplexity="1" minCyclomaticComplexity="1" maxCrapScore="2" minCrapScore="2" visitedClasses="0" numClasses="0" visitedMethods="0" numMethods="1" />
              <MetadataToken>100663579</MetadataToken>
              <Name>System.String Xunit.JsonDeserializerResource::Format_InvalidTokenExpectation(System.String,System.String)</Name>
              <FileRef uid="53" />
              <SequencePoints>
                <SequencePoint vc="0" uspid="1913" ordinal="0" offset="0" sl="638" sc="13" el="638" ec="80" bec="0" bev="0" fileid="53" />
              </SequencePoints>
              <BranchPoints />
              <MethodPoint xsi:type="SequencePoint" vc="0" uspid="1913" ordinal="0" offset="0" sl="638" sc="13" el="638" ec="80" bec="0" bev="0" fileid="53" />
            </Method>
            <Method visited="false" cyclomaticComplexity="1" nPathComplexity="0" sequenceCoverage="0" branchCoverage="0" crapScore="2" isConstructor="false" isStatic="true" isGetter="false" isSetter="false">
              <Summary numSequencePoints="1" visitedSequencePoints="0" numBranchPoints="1" visitedBranchPoints="0" sequenceCoverage="0" branchCoverage="0" maxCyclomaticComplexity="1" minCyclomaticComplexity="1" maxCrapScore="2" minCrapScore="2" visitedClasses="0" numClasses="0" visitedMethods="0" numMethods="1" />
              <MetadataToken>100663580</MetadataToken>
              <Name>System.String Xunit.JsonDeserializerResource::Format_InvalidUnicode(System.String)</Name>
              <FileRef uid="53" />
              <SequencePoints>
                <SequencePoint vc="0" uspid="1914" ordinal="0" offset="0" sl="643" sc="13" el="643" ec="51" bec="0" bev="0" fileid="53" />
              </SequencePoints>
              <BranchPoints />
              <MethodPoint xsi:type="SequencePoint" vc="0" uspid="1914" ordinal="0" offset="0" sl="643" sc="13" el="643" ec="51" bec="0" bev="0" fileid="53" />
            </Method>
            <Method visited="false" cyclomaticComplexity="1" nPathComplexity="0" sequenceCoverage="0" branchCoverage="0" crapScore="2" isConstructor="false" isStatic="true" isGetter="false" isSetter="false">
              <Summary numSequencePoints="1" visitedSequencePoints="0" numBranchPoints="1" visitedBranchPoints="0" sequenceCoverage="0" branchCoverage="0" maxCyclomaticComplexity="1" minCyclomaticComplexity="1" maxCrapScore="2" minCrapScore="2" visitedClasses="0" numClasses="0" visitedMethods="0" numMethods="1" />
              <MetadataToken>100663581</MetadataToken>
              <Name>System.String Xunit.JsonDeserializerResource::Format_UnfinishedJSON(System.String)</Name>
              <FileRef uid="53" />
              <SequencePoints>
                <SequencePoint vc="0" uspid="1915" ordinal="0" offset="0" sl="648" sc="13" el="648" ec="77" bec="0" bev="0" fileid="53" />
              </SequencePoints>
              <BranchPoints />
              <MethodPoint xsi:type="SequencePoint" vc="0" uspid="1915" ordinal="0" offset="0" sl="648" sc="13" el="648" ec="77" bec="0" bev="0" fileid="53" />
            </Method>
          </Methods>
        </Class>
        <Class>
          <Summary numSequencePoints="2" visitedSequencePoints="0" numBranchPoints="1" visitedBranchPoints="0" sequenceCoverage="0" branchCoverage="0" maxCyclomaticComplexity="1" minCyclomaticComplexity="1" maxCrapScore="2" minCrapScore="2" visitedClasses="0" numClasses="1" visitedMethods="0" numMethods="1" />
          <FullName>Xunit.JsonNull</FullName>
          <Methods>
            <Method visited="false" cyclomaticComplexity="1" nPathComplexity="0" sequenceCoverage="0" branchCoverage="0" crapScore="2" isConstructor="true" isStatic="false" isGetter="false" isSetter="false">
              <Summary numSequencePoints="2" visitedSequencePoints="0" numBranchPoints="1" visitedBranchPoints="0" sequenceCoverage="0" branchCoverage="0" maxCyclomaticComplexity="1" minCyclomaticComplexity="1" maxCrapScore="2" minCrapScore="2" visitedClasses="0" numClasses="0" visitedMethods="0" numMethods="1" />
              <MetadataToken>100663584</MetadataToken>
              <Name>System.Void Xunit.JsonNull::.ctor(System.Int32,System.Int32)</Name>
              <FileRef uid="53" />
              <SequencePoints>
                <SequencePoint vc="0" uspid="1916" ordinal="0" offset="0" sl="665" sc="15" el="665" ec="33" bec="0" bev="0" fileid="53" />
                <SequencePoint vc="0" uspid="1917" ordinal="1" offset="8" sl="667" sc="9" el="667" ec="10" bec="0" bev="0" fileid="53" />
              </SequencePoints>
              <BranchPoints />
              <MethodPoint xsi:type="SequencePoint" vc="0" uspid="1916" ordinal="0" offset="0" sl="665" sc="15" el="665" ec="33" bec="0" bev="0" fileid="53" />
            </Method>
          </Methods>
        </Class>
        <Class>
          <Summary numSequencePoints="11" visitedSequencePoints="0" numBranchPoints="3" visitedBranchPoints="0" sequenceCoverage="0" branchCoverage="0" maxCyclomaticComplexity="1" minCyclomaticComplexity="1" maxCrapScore="2" minCrapScore="2" visitedClasses="0" numClasses="1" visitedMethods="0" numMethods="3" />
          <FullName>Xunit.JsonNumber</FullName>
          <Methods>
            <Method visited="false" cyclomaticComplexity="1" nPathComplexity="0" sequenceCoverage="0" branchCoverage="0" crapScore="2" isConstructor="false" isStatic="false" isGetter="true" isSetter="false">
              <Summary numSequencePoints="1" visitedSequencePoints="0" numBranchPoints="1" visitedBranchPoints="0" sequenceCoverage="0" branchCoverage="0" maxCyclomaticComplexity="1" minCyclomaticComplexity="1" maxCrapScore="2" minCrapScore="2" visitedClasses="0" numClasses="0" visitedMethods="0" numMethods="1" />
              <MetadataToken>100663586</MetadataToken>
              <Name>System.Double Xunit.JsonNumber::get_Double()</Name>
              <FileRef uid="53" />
              <SequencePoints>
                <SequencePoint vc="0" uspid="1918" ordinal="0" offset="0" sl="703" sc="19" el="703" ec="34" bec="0" bev="0" fileid="53" />
              </SequencePoints>
              <BranchPoints />
              <MethodPoint xsi:type="SequencePoint" vc="0" uspid="1918" ordinal="0" offset="0" sl="703" sc="19" el="703" ec="34" bec="0" bev="0" fileid="53" />
            </Method>
            <Method visited="false" cyclomaticComplexity="1" nPathComplexity="0" sequenceCoverage="0" branchCoverage="0" crapScore="2" isConstructor="false" isStatic="false" isGetter="true" isSetter="false">
              <Summary numSequencePoints="1" visitedSequencePoints="0" numBranchPoints="1" visitedBranchPoints="0" sequenceCoverage="0" branchCoverage="0" maxCyclomaticComplexity="1" minCyclomaticComplexity="1" maxCrapScore="2" minCrapScore="2" visitedClasses="0" numClasses="0" visitedMethods="0" numMethods="1" />
              <MetadataToken>100663587</MetadataToken>
              <Name>System.String Xunit.JsonNumber::get_Raw()</Name>
              <FileRef uid="53" />
              <SequencePoints>
                <SequencePoint vc="0" uspid="1919" ordinal="0" offset="0" sl="708" sc="19" el="708" ec="31" bec="0" bev="0" fileid="53" />
              </SequencePoints>
              <BranchPoints />
              <MethodPoint xsi:type="SequencePoint" vc="0" uspid="1919" ordinal="0" offset="0" sl="708" sc="19" el="708" ec="31" bec="0" bev="0" fileid="53" />
            </Method>
            <Method visited="false" cyclomaticComplexity="1" nPathComplexity="0" sequenceCoverage="0" branchCoverage="0" crapScore="2" isConstructor="true" isStatic="false" isGetter="false" isSetter="false">
              <Summary numSequencePoints="9" visitedSequencePoints="0" numBranchPoints="1" visitedBranchPoints="0" sequenceCoverage="0" branchCoverage="0" maxCyclomaticComplexity="1" minCyclomaticComplexity="1" maxCrapScore="2" minCrapScore="2" visitedClasses="0" numClasses="0" visitedMethods="0" numMethods="1" />
              <MetadataToken>100663585</MetadataToken>
              <Name>System.Void Xunit.JsonNumber::.ctor(Xunit.JsonToken)</Name>
              <FileRef uid="53" />
              <SequencePoints>
                <SequencePoint vc="0" uspid="1920" ordinal="0" offset="0" sl="676" sc="15" el="676" ec="45" bec="0" bev="0" fileid="53" />
                <SequencePoint vc="0" uspid="1921" ordinal="1" offset="18" sl="680" sc="17" el="680" ec="36" bec="0" bev="0" fileid="53" />
                <SequencePoint vc="0" uspid="1922" ordinal="2" offset="30" sl="681" sc="17" el="681" ec="66" bec="0" bev="0" fileid="53" />
                <SequencePoint vc="0" uspid="1923" ordinal="3" offset="52" sl="682" sc="13" el="682" ec="14" bec="0" bev="0" fileid="53" />
                <SequencePoint vc="0" uspid="1924" ordinal="4" offset="54" sl="683" sc="13" el="683" ec="39" bec="0" bev="0" fileid="53" />
                <SequencePoint vc="0" uspid="1925" ordinal="5" offset="55" sl="685" sc="17" el="689" ec="35" bec="0" bev="0" fileid="53" />
                <SequencePoint vc="0" uspid="1926" ordinal="6" offset="85" sl="691" sc="13" el="691" ec="41" bec="0" bev="0" fileid="53" />
                <SequencePoint vc="0" uspid="1927" ordinal="7" offset="86" sl="693" sc="17" el="697" ec="35" bec="0" bev="0" fileid="53" />
                <SequencePoint vc="0" uspid="1928" ordinal="8" offset="116" sl="699" sc="9" el="699" ec="10" bec="0" bev="0" fileid="53" />
              </SequencePoints>
              <BranchPoints />
              <MethodPoint xsi:type="SequencePoint" vc="0" uspid="1920" ordinal="0" offset="0" sl="676" sc="15" el="676" ec="45" bec="0" bev="0" fileid="53" />
            </Method>
          </Methods>
        </Class>
        <Class>
          <Summary numSequencePoints="33" visitedSequencePoints="0" numBranchPoints="25" visitedBranchPoints="0" sequenceCoverage="0" branchCoverage="0" maxCyclomaticComplexity="5" minCyclomaticComplexity="1" maxCrapScore="30" minCrapScore="2" visitedClasses="0" numClasses="1" visitedMethods="0" numMethods="9" />
          <FullName>Xunit.JsonObject</FullName>
          <Methods>
            <Method visited="false" cyclomaticComplexity="1" nPathComplexity="0" sequenceCoverage="0" branchCoverage="0" crapScore="2" isConstructor="false" isStatic="false" isGetter="true" isSetter="false">
              <Summary numSequencePoints="1" visitedSequencePoints="0" numBranchPoints="1" visitedBranchPoints="0" sequenceCoverage="0" branchCoverage="0" maxCyclomaticComplexity="1" minCyclomaticComplexity="1" maxCrapScore="2" minCrapScore="2" visitedClasses="0" numClasses="0" visitedMethods="0" numMethods="1" />
              <MetadataToken>100663589</MetadataToken>
              <Name>System.Collections.Generic.ICollection`1&lt;System.String&gt; Xunit.JsonObject::get_Keys()</Name>
              <FileRef uid="53" />
              <SequencePoints>
                <SequencePoint vc="0" uspid="1929" ordinal="0" offset="0" sl="729" sc="19" el="729" ec="37" bec="0" bev="0" fileid="53" />
              </SequencePoints>
              <BranchPoints />
              <MethodPoint xsi:type="SequencePoint" vc="0" uspid="1929" ordinal="0" offset="0" sl="729" sc="19" el="729" ec="37" bec="0" bev="0" fileid="53" />
            </Method>
            <Method visited="false" cyclomaticComplexity="2" nPathComplexity="2" sequenceCoverage="0" branchCoverage="0" crapScore="6" isConstructor="true" isStatic="false" isGetter="false" isSetter="false">
              <Summary numSequencePoints="5" visitedSequencePoints="0" numBranchPoints="3" visitedBranchPoints="0" sequenceCoverage="0" branchCoverage="0" maxCyclomaticComplexity="2" minCyclomaticComplexity="2" maxCrapScore="6" minCrapScore="6" visitedClasses="0" numClasses="0" visitedMethods="0" numMethods="1" />
              <MetadataToken>100663588</MetadataToken>
              <Name>System.Void Xunit.JsonObject::.ctor(System.Collections.Generic.IDictionary`2&lt;System.String,Xunit.JsonValue&gt;,System.Int32,System.Int32)</Name>
              <FileRef uid="53" />
              <SequencePoints>
                <SequencePoint vc="0" uspid="1930" ordinal="0" offset="0" sl="717" sc="15" el="717" ec="33" bec="0" bev="0" fileid="53" />
                <SequencePoint vc="0" uspid="1931" ordinal="1" offset="8" sl="719" sc="13" el="719" ec="30" bec="2" bev="0" fileid="53" />
                <SequencePoint vc="0" uspid="1932" ordinal="2" offset="11" sl="721" sc="17" el="721" ec="63" bec="0" bev="0" fileid="53" />
                <SequencePoint vc="0" uspid="1933" ordinal="3" offset="22" sl="724" sc="13" el="724" ec="26" bec="0" bev="0" fileid="53" />
                <SequencePoint vc="0" uspid="1934" ordinal="4" offset="29" sl="725" sc="9" el="725" ec="10" bec="0" bev="0" fileid="53" />
              </SequencePoints>
              <BranchPoints>
                <BranchPoint vc="0" uspid="1935" ordinal="0" offset="9" sl="719" path="0" offsetend="11" fileid="53" />
                <BranchPoint vc="0" uspid="1936" ordinal="1" offset="9" sl="719" path="1" offsetend="22" fileid="53" />
              </BranchPoints>
              <MethodPoint xsi:type="SequencePoint" vc="0" uspid="1930" ordinal="0" offset="0" sl="717" sc="15" el="717" ec="33" bec="0" bev="0" fileid="53" />
            </Method>
            <Method visited="false" cyclomaticComplexity="2" nPathComplexity="2" sequenceCoverage="0" branchCoverage="0" crapScore="6" isConstructor="false" isStatic="false" isGetter="false" isSetter="false">
              <Summary numSequencePoints="3" visitedSequencePoints="0" numBranchPoints="3" visitedBranchPoints="0" sequenceCoverage="0" branchCoverage="0" maxCyclomaticComplexity="2" minCyclomaticComplexity="2" maxCrapScore="6" minCrapScore="6" visitedClasses="0" numClasses="0" visitedMethods="0" numMethods="1" />
              <MetadataToken>100663590</MetadataToken>
              <Name>Xunit.JsonValue Xunit.JsonObject::Value(System.String)</Name>
              <FileRef uid="53" />
              <SequencePoints>
                <SequencePoint vc="0" uspid="1937" ordinal="0" offset="0" sl="735" sc="13" el="735" ec="53" bec="2" bev="0" fileid="53" />
                <SequencePoint vc="0" uspid="1938" ordinal="1" offset="16" sl="737" sc="17" el="737" ec="31" bec="0" bev="0" fileid="53" />
                <SequencePoint vc="0" uspid="1939" ordinal="2" offset="18" sl="740" sc="13" el="740" ec="27" bec="0" bev="0" fileid="53" />
              </SequencePoints>
              <BranchPoints>
                <BranchPoint vc="0" uspid="1940" ordinal="0" offset="14" sl="735" path="0" offsetend="16" fileid="53" />
                <BranchPoint vc="0" uspid="1941" ordinal="1" offset="14" sl="735" path="1" offsetend="18" fileid="53" />
              </BranchPoints>
              <MethodPoint xsi:type="SequencePoint" vc="0" uspid="1937" ordinal="0" offset="0" sl="735" sc="13" el="735" ec="53" bec="2" bev="0" fileid="53" />
            </Method>
            <Method visited="false" cyclomaticComplexity="1" nPathComplexity="0" sequenceCoverage="0" branchCoverage="0" crapScore="2" isConstructor="false" isStatic="false" isGetter="false" isSetter="false">
              <Summary numSequencePoints="1" visitedSequencePoints="0" numBranchPoints="1" visitedBranchPoints="0" sequenceCoverage="0" branchCoverage="0" maxCyclomaticComplexity="1" minCyclomaticComplexity="1" maxCrapScore="2" minCrapScore="2" visitedClasses="0" numClasses="0" visitedMethods="0" numMethods="1" />
              <MetadataToken>100663591</MetadataToken>
              <Name>Xunit.JsonObject Xunit.JsonObject::ValueAsJsonObject(System.String)</Name>
              <FileRef uid="53" />
              <SequencePoints>
                <SequencePoint vc="0" uspid="1942" ordinal="0" offset="0" sl="745" sc="13" el="745" ec="45" bec="0" bev="0" fileid="53" />
              </SequencePoints>
              <BranchPoints />
              <MethodPoint xsi:type="SequencePoint" vc="0" uspid="1942" ordinal="0" offset="0" sl="745" sc="13" el="745" ec="45" bec="0" bev="0" fileid="53" />
            </Method>
            <Method visited="false" cyclomaticComplexity="1" nPathComplexity="0" sequenceCoverage="0" branchCoverage="0" crapScore="2" isConstructor="false" isStatic="false" isGetter="false" isSetter="false">
              <Summary numSequencePoints="1" visitedSequencePoints="0" numBranchPoints="1" visitedBranchPoints="0" sequenceCoverage="0" branchCoverage="0" maxCyclomaticComplexity="1" minCyclomaticComplexity="1" maxCrapScore="2" minCrapScore="2" visitedClasses="0" numClasses="0" visitedMethods="0" numMethods="1" />
              <MetadataToken>100663592</MetadataToken>
              <Name>Xunit.JsonString Xunit.JsonObject::ValueAsString(System.String)</Name>
              <FileRef uid="53" />
              <SequencePoints>
                <SequencePoint vc="0" uspid="1943" ordinal="0" offset="0" sl="750" sc="13" el="750" ec="45" bec="0" bev="0" fileid="53" />
              </SequencePoints>
              <BranchPoints />
              <MethodPoint xsi:type="SequencePoint" vc="0" uspid="1943" ordinal="0" offset="0" sl="750" sc="13" el="750" ec="45" bec="0" bev="0" fileid="53" />
            </Method>
            <Method visited="false" cyclomaticComplexity="2" nPathComplexity="2" sequenceCoverage="0" branchCoverage="0" crapScore="6" isConstructor="false" isStatic="false" isGetter="false" isSetter="false">
              <Summary numSequencePoints="4" visitedSequencePoints="0" numBranchPoints="3" visitedBranchPoints="0" sequenceCoverage="0" branchCoverage="0" maxCyclomaticComplexity="2" minCyclomaticComplexity="2" maxCrapScore="6" minCrapScore="6" visitedClasses="0" numClasses="0" visitedMethods="0" numMethods="1" />
              <MetadataToken>100663593</MetadataToken>
              <Name>System.Int32 Xunit.JsonObject::ValueAsInt(System.String)</Name>
              <FileRef uid="53" />
              <SequencePoints>
                <SequencePoint vc="0" uspid="1944" ordinal="0" offset="0" sl="755" sc="13" el="755" ec="51" bec="0" bev="0" fileid="53" />
                <SequencePoint vc="0" uspid="1945" ordinal="1" offset="12" sl="756" sc="13" el="756" ec="32" bec="2" bev="0" fileid="53" />
                <SequencePoint vc="0" uspid="1946" ordinal="2" offset="15" sl="758" sc="17" el="758" ec="45" bec="0" bev="0" fileid="53" />
                <SequencePoint vc="0" uspid="1947" ordinal="3" offset="21" sl="760" sc="13" el="760" ec="48" bec="0" bev="0" fileid="53" />
              </SequencePoints>
              <BranchPoints>
                <BranchPoint vc="0" uspid="1948" ordinal="0" offset="13" sl="756" path="0" offsetend="15" fileid="53" />
                <BranchPoint vc="0" uspid="1949" ordinal="1" offset="13" sl="756" path="1" offsetend="21" fileid="53" />
              </BranchPoints>
              <MethodPoint xsi:type="SequencePoint" vc="0" uspid="1944" ordinal="0" offset="0" sl="755" sc="13" el="755" ec="51" bec="0" bev="0" fileid="53" />
            </Method>
            <Method visited="false" cyclomaticComplexity="2" nPathComplexity="2" sequenceCoverage="0" branchCoverage="0" crapScore="6" isConstructor="false" isStatic="false" isGetter="false" isSetter="false">
              <Summary numSequencePoints="4" visitedSequencePoints="0" numBranchPoints="3" visitedBranchPoints="0" sequenceCoverage="0" branchCoverage="0" maxCyclomaticComplexity="2" minCyclomaticComplexity="2" maxCrapScore="6" minCrapScore="6" visitedClasses="0" numClasses="0" visitedMethods="0" numMethods="1" />
              <MetadataToken>100663594</MetadataToken>
              <Name>System.Boolean Xunit.JsonObject::ValueAsBoolean(System.String,System.Boolean)</Name>
              <FileRef uid="53" />
              <SequencePoints>
                <SequencePoint vc="0" uspid="1950" ordinal="0" offset="0" sl="765" sc="13" el="765" ec="53" bec="0" bev="0" fileid="53" />
                <SequencePoint vc="0" uspid="1951" ordinal="1" offset="13" sl="766" sc="13" el="766" ec="33" bec="2" bev="0" fileid="53" />
                <SequencePoint vc="0" uspid="1952" ordinal="2" offset="16" sl="768" sc="17" el="768" ec="38" bec="0" bev="0" fileid="53" />
                <SequencePoint vc="0" uspid="1953" ordinal="3" offset="23" sl="771" sc="13" el="771" ec="33" bec="0" bev="0" fileid="53" />
              </SequencePoints>
              <BranchPoints>
                <BranchPoint vc="0" uspid="1954" ordinal="0" offset="14" sl="766" path="0" offsetend="16" fileid="53" />
                <BranchPoint vc="0" uspid="1955" ordinal="1" offset="14" sl="766" path="1" offsetend="23" fileid="53" />
              </BranchPoints>
              <MethodPoint xsi:type="SequencePoint" vc="0" uspid="1950" ordinal="0" offset="0" sl="765" sc="13" el="765" ec="53" bec="0" bev="0" fileid="53" />
            </Method>
            <Method visited="false" cyclomaticComplexity="2" nPathComplexity="2" sequenceCoverage="0" branchCoverage="0" crapScore="6" isConstructor="false" isStatic="false" isGetter="false" isSetter="false">
              <Summary numSequencePoints="4" visitedSequencePoints="0" numBranchPoints="3" visitedBranchPoints="0" sequenceCoverage="0" branchCoverage="0" maxCyclomaticComplexity="2" minCyclomaticComplexity="2" maxCrapScore="6" minCrapScore="6" visitedClasses="0" numClasses="0" visitedMethods="0" numMethods="1" />
              <MetadataToken>100663595</MetadataToken>
              <Name>System.Nullable`1&lt;System.Boolean&gt; Xunit.JsonObject::ValueAsNullableBoolean(System.String)</Name>
              <FileRef uid="53" />
              <SequencePoints>
                <SequencePoint vc="0" uspid="1956" ordinal="0" offset="0" sl="776" sc="13" el="776" ec="53" bec="0" bev="0" fileid="53" />
                <SequencePoint vc="0" uspid="1957" ordinal="1" offset="13" sl="777" sc="13" el="777" ec="33" bec="2" bev="0" fileid="53" />
                <SequencePoint vc="0" uspid="1958" ordinal="2" offset="16" sl="779" sc="17" el="779" ec="38" bec="0" bev="0" fileid="53" />
                <SequencePoint vc="0" uspid="1959" ordinal="3" offset="28" sl="782" sc="13" el="782" ec="25" bec="0" bev="0" fileid="53" />
              </SequencePoints>
              <BranchPoints>
                <BranchPoint vc="0" uspid="1960" ordinal="0" offset="14" sl="777" path="0" offsetend="16" fileid="53" />
                <BranchPoint vc="0" uspid="1961" ordinal="1" offset="14" sl="777" path="1" offsetend="28" fileid="53" />
              </BranchPoints>
              <MethodPoint xsi:type="SequencePoint" vc="0" uspid="1956" ordinal="0" offset="0" sl="776" sc="13" el="776" ec="53" bec="0" bev="0" fileid="53" />
            </Method>
            <Method visited="false" cyclomaticComplexity="5" nPathComplexity="8" sequenceCoverage="0" branchCoverage="0" crapScore="30" isConstructor="false" isStatic="false" isGetter="false" isSetter="false">
              <Summary numSequencePoints="10" visitedSequencePoints="0" numBranchPoints="7" visitedBranchPoints="0" sequenceCoverage="0" branchCoverage="0" maxCyclomaticComplexity="5" minCyclomaticComplexity="5" maxCrapScore="30" minCrapScore="30" visitedClasses="0" numClasses="0" visitedMethods="0" numMethods="1" />
              <MetadataToken>100663596</MetadataToken>
              <Name>System.String[] Xunit.JsonObject::ValueAsStringArray(System.String)</Name>
              <FileRef uid="53" />
              <SequencePoints>
                <SequencePoint vc="0" uspid="1962" ordinal="0" offset="0" sl="787" sc="13" el="787" ec="48" bec="0" bev="0" fileid="53" />
                <SequencePoint vc="0" uspid="1963" ordinal="1" offset="13" sl="788" sc="13" el="788" ec="30" bec="2" bev="0" fileid="53" />
                <SequencePoint vc="0" uspid="1964" ordinal="2" offset="16" sl="790" sc="17" el="790" ec="29" bec="0" bev="0" fileid="53" />
                <SequencePoint vc="0" uspid="1965" ordinal="3" offset="18" sl="793" sc="13" el="793" ec="50" bec="0" bev="0" fileid="53" />
                <SequencePoint vc="0" uspid="1966" ordinal="4" offset="30" sl="795" sc="18" el="795" ec="27" bec="0" bev="0" fileid="53" />
                <SequencePoint vc="0" uspid="1967" ordinal="5" offset="34" sl="797" sc="17" el="797" ec="56" bec="0" bev="0" fileid="53" />
                <SequencePoint vc="0" uspid="1968" ordinal="6" offset="47" sl="798" sc="17" el="798" ec="52" bec="2" bev="0" fileid="53" />
                <SequencePoint vc="0" uspid="1969" ordinal="7" offset="62" sl="795" sc="46" el="795" ec="49" bec="0" bev="0" fileid="53" />
                <SequencePoint vc="0" uspid="1970" ordinal="8" offset="66" sl="795" sc="29" el="795" ec="44" bec="2" bev="0" fileid="53" />
                <SequencePoint vc="0" uspid="1971" ordinal="9" offset="75" sl="801" sc="13" el="801" ec="27" bec="0" bev="0" fileid="53" />
              </SequencePoints>
              <BranchPoints>
                <BranchPoint vc="0" uspid="1972" ordinal="0" offset="14" sl="788" path="0" offsetend="16" fileid="53" />
                <BranchPoint vc="0" uspid="1973" ordinal="1" offset="14" sl="788" path="1" offsetend="18" fileid="53" />
                <BranchPoint vc="0" uspid="1974" ordinal="2" offset="50" sl="798" path="0" offsetend="52" fileid="53" />
                <BranchPoint vc="0" uspid="1975" ordinal="3" offset="50" sl="798" path="1" offsetend="55" fileid="53" />
                <BranchPoint vc="0" uspid="1976" ordinal="4" offset="73" sl="795" path="0" offsetend="75" fileid="53" />
                <BranchPoint vc="0" uspid="1977" ordinal="5" offset="73" sl="795" path="1" offsetend="34" fileid="53" />
              </BranchPoints>
              <MethodPoint xsi:type="SequencePoint" vc="0" uspid="1962" ordinal="0" offset="0" sl="787" sc="13" el="787" ec="48" bec="0" bev="0" fileid="53" />
            </Method>
          </Methods>
        </Class>
        <Class>
          <Summary numSequencePoints="10" visitedSequencePoints="0" numBranchPoints="8" visitedBranchPoints="0" sequenceCoverage="0" branchCoverage="0" maxCyclomaticComplexity="2" minCyclomaticComplexity="1" maxCrapScore="6" minCrapScore="2" visitedClasses="0" numClasses="1" visitedMethods="0" numMethods="4" />
          <FullName>Xunit.JsonString</FullName>
          <Methods>
            <Method visited="false" cyclomaticComplexity="1" nPathComplexity="0" sequenceCoverage="0" branchCoverage="0" crapScore="2" isConstructor="false" isStatic="false" isGetter="true" isSetter="false">
              <Summary numSequencePoints="1" visitedSequencePoints="0" numBranchPoints="1" visitedBranchPoints="0" sequenceCoverage="0" branchCoverage="0" maxCyclomaticComplexity="1" minCyclomaticComplexity="1" maxCrapScore="2" minCrapScore="2" visitedClasses="0" numClasses="0" visitedMethods="0" numMethods="1" />
              <MetadataToken>100663598</MetadataToken>
              <Name>System.String Xunit.JsonString::get_Value()</Name>
              <FileRef uid="53" />
              <SequencePoints>
                <SequencePoint vc="0" uspid="1978" ordinal="0" offset="0" sl="822" sc="19" el="822" ec="33" bec="0" bev="0" fileid="53" />
              </SequencePoints>
              <BranchPoints />
              <MethodPoint xsi:type="SequencePoint" vc="0" uspid="1978" ordinal="0" offset="0" sl="822" sc="19" el="822" ec="33" bec="0" bev="0" fileid="53" />
            </Method>
            <Method visited="false" cyclomaticComplexity="2" nPathComplexity="2" sequenceCoverage="0" branchCoverage="0" crapScore="6" isConstructor="true" isStatic="false" isGetter="false" isSetter="false">
              <Summary numSequencePoints="5" visitedSequencePoints="0" numBranchPoints="3" visitedBranchPoints="0" sequenceCoverage="0" branchCoverage="0" maxCyclomaticComplexity="2" minCyclomaticComplexity="2" maxCrapScore="6" minCrapScore="6" visitedClasses="0" numClasses="0" visitedMethods="0" numMethods="1" />
              <MetadataToken>100663597</MetadataToken>
              <Name>System.Void Xunit.JsonString::.ctor(System.String,System.Int32,System.Int32)</Name>
              <FileRef uid="53" />
              <SequencePoints>
                <SequencePoint vc="0" uspid="1979" ordinal="0" offset="0" sl="810" sc="15" el="810" ec="33" bec="0" bev="0" fileid="53" />
                <SequencePoint vc="0" uspid="1980" ordinal="1" offset="8" sl="812" sc="13" el="812" ec="31" bec="2" bev="0" fileid="53" />
                <SequencePoint vc="0" uspid="1981" ordinal="2" offset="11" sl="814" sc="17" el="814" ec="64" bec="0" bev="0" fileid="53" />
                <SequencePoint vc="0" uspid="1982" ordinal="3" offset="22" sl="817" sc="13" el="817" ec="28" bec="0" bev="0" fileid="53" />
                <SequencePoint vc="0" uspid="1983" ordinal="4" offset="29" sl="818" sc="9" el="818" ec="10" bec="0" bev="0" fileid="53" />
              </SequencePoints>
              <BranchPoints>
                <BranchPoint vc="0" uspid="1984" ordinal="0" offset="9" sl="812" path="0" offsetend="11" fileid="53" />
                <BranchPoint vc="0" uspid="1985" ordinal="1" offset="9" sl="812" path="1" offsetend="22" fileid="53" />
              </BranchPoints>
              <MethodPoint xsi:type="SequencePoint" vc="0" uspid="1979" ordinal="0" offset="0" sl="810" sc="15" el="810" ec="33" bec="0" bev="0" fileid="53" />
            </Method>
            <Method visited="false" cyclomaticComplexity="1" nPathComplexity="0" sequenceCoverage="0" branchCoverage="0" crapScore="2" isConstructor="false" isStatic="false" isGetter="false" isSetter="false">
              <Summary numSequencePoints="1" visitedSequencePoints="0" numBranchPoints="1" visitedBranchPoints="0" sequenceCoverage="0" branchCoverage="0" maxCyclomaticComplexity="1" minCyclomaticComplexity="1" maxCrapScore="2" minCrapScore="2" visitedClasses="0" numClasses="0" visitedMethods="0" numMethods="1" />
              <MetadataToken>100663599</MetadataToken>
              <Name>System.String Xunit.JsonString::ToString()</Name>
              <FileRef uid="53" />
              <SequencePoints>
                <SequencePoint vc="0" uspid="1986" ordinal="0" offset="0" sl="827" sc="13" el="827" ec="27" bec="0" bev="0" fileid="53" />
              </SequencePoints>
              <BranchPoints />
              <MethodPoint xsi:type="SequencePoint" vc="0" uspid="1986" ordinal="0" offset="0" sl="827" sc="13" el="827" ec="27" bec="0" bev="0" fileid="53" />
            </Method>
            <Method visited="false" cyclomaticComplexity="2" nPathComplexity="2" sequenceCoverage="0" branchCoverage="0" crapScore="6" isConstructor="false" isStatic="true" isGetter="false" isSetter="false">
              <Summary numSequencePoints="3" visitedSequencePoints="0" numBranchPoints="3" visitedBranchPoints="0" sequenceCoverage="0" branchCoverage="0" maxCyclomaticComplexity="2" minCyclomaticComplexity="2" maxCrapScore="6" minCrapScore="6" visitedClasses="0" numClasses="0" visitedMethods="0" numMethods="1" />
              <MetadataToken>100663600</MetadataToken>
              <Name>System.String Xunit.JsonString::op_Implicit(Xunit.JsonString)</Name>
              <FileRef uid="53" />
              <SequencePoints>
                <SequencePoint vc="0" uspid="1987" ordinal="0" offset="0" sl="832" sc="13" el="832" ec="34" bec="2" bev="0" fileid="53" />
                <SequencePoint vc="0" uspid="1988" ordinal="1" offset="3" sl="834" sc="17" el="834" ec="29" bec="0" bev="0" fileid="53" />
                <SequencePoint vc="0" uspid="1989" ordinal="2" offset="5" sl="838" sc="17" el="838" ec="39" bec="0" bev="0" fileid="53" />
              </SequencePoints>
              <BranchPoints>
                <BranchPoint vc="0" uspid="1990" ordinal="0" offset="1" sl="832" path="0" offsetend="3" fileid="53" />
                <BranchPoint vc="0" uspid="1991" ordinal="1" offset="1" sl="832" path="1" offsetend="5" fileid="53" />
              </BranchPoints>
              <MethodPoint xsi:type="SequencePoint" vc="0" uspid="1987" ordinal="0" offset="0" sl="832" sc="13" el="832" ec="34" bec="2" bev="0" fileid="53" />
            </Method>
          </Methods>
        </Class>
        <Class>
          <Summary numSequencePoints="6" visitedSequencePoints="0" numBranchPoints="3" visitedBranchPoints="0" sequenceCoverage="0" branchCoverage="0" maxCyclomaticComplexity="1" minCyclomaticComplexity="1" maxCrapScore="2" minCrapScore="2" visitedClasses="0" numClasses="1" visitedMethods="0" numMethods="3" />
          <FullName>Xunit.JsonValue</FullName>
          <Methods>
            <Method visited="false" cyclomaticComplexity="1" nPathComplexity="0" sequenceCoverage="0" branchCoverage="0" crapScore="2" isConstructor="false" isStatic="false" isGetter="true" isSetter="false">
              <Summary numSequencePoints="1" visitedSequencePoints="0" numBranchPoints="1" visitedBranchPoints="0" sequenceCoverage="0" branchCoverage="0" maxCyclomaticComplexity="1" minCyclomaticComplexity="1" maxCrapScore="2" minCrapScore="2" visitedClasses="0" numClasses="0" visitedMethods="0" numMethods="1" />
              <MetadataToken>100663602</MetadataToken>
              <Name>System.Int32 Xunit.JsonValue::get_Line()</Name>
              <FileRef uid="53" />
              <SequencePoints>
                <SequencePoint vc="0" uspid="1992" ordinal="0" offset="0" sl="875" sc="27" el="875" ec="31" bec="0" bev="0" fileid="53" />
              </SequencePoints>
              <BranchPoints />
              <MethodPoint xsi:type="SequencePoint" vc="0" uspid="1992" ordinal="0" offset="0" sl="875" sc="27" el="875" ec="31" bec="0" bev="0" fileid="53" />
            </Method>
            <Method visited="false" cyclomaticComplexity="1" nPathComplexity="0" sequenceCoverage="0" branchCoverage="0" crapScore="2" isConstructor="false" isStatic="false" isGetter="true" isSetter="false">
              <Summary numSequencePoints="1" visitedSequencePoints="0" numBranchPoints="1" visitedBranchPoints="0" sequenceCoverage="0" branchCoverage="0" maxCyclomaticComplexity="1" minCyclomaticComplexity="1" maxCrapScore="2" minCrapScore="2" visitedClasses="0" numClasses="0" visitedMethods="0" numMethods="1" />
              <MetadataToken>100663603</MetadataToken>
              <Name>System.Int32 Xunit.JsonValue::get_Column()</Name>
              <FileRef uid="53" />
              <SequencePoints>
                <SequencePoint vc="0" uspid="1993" ordinal="0" offset="0" sl="877" sc="29" el="877" ec="33" bec="0" bev="0" fileid="53" />
              </SequencePoints>
              <BranchPoints />
              <MethodPoint xsi:type="SequencePoint" vc="0" uspid="1993" ordinal="0" offset="0" sl="877" sc="29" el="877" ec="33" bec="0" bev="0" fileid="53" />
            </Method>
            <Method visited="false" cyclomaticComplexity="1" nPathComplexity="0" sequenceCoverage="0" branchCoverage="0" crapScore="2" isConstructor="true" isStatic="false" isGetter="false" isSetter="false">
              <Summary numSequencePoints="4" visitedSequencePoints="0" numBranchPoints="1" visitedBranchPoints="0" sequenceCoverage="0" branchCoverage="0" maxCyclomaticComplexity="1" minCyclomaticComplexity="1" maxCrapScore="2" minCrapScore="2" visitedClasses="0" numClasses="0" visitedMethods="0" numMethods="1" />
              <MetadataToken>100663601</MetadataToken>
              <Name>System.Void Xunit.JsonValue::.ctor(System.Int32,System.Int32)</Name>
              <FileRef uid="53" />
              <SequencePoints>
                <SequencePoint vc="0" uspid="1994" ordinal="0" offset="0" sl="869" sc="9" el="869" ec="47" bec="0" bev="0" fileid="53" />
                <SequencePoint vc="0" uspid="1995" ordinal="1" offset="6" sl="871" sc="13" el="871" ec="25" bec="0" bev="0" fileid="53" />
                <SequencePoint vc="0" uspid="1996" ordinal="2" offset="13" sl="872" sc="13" el="872" ec="29" bec="0" bev="0" fileid="53" />
                <SequencePoint vc="0" uspid="1997" ordinal="3" offset="20" sl="873" sc="9" el="873" ec="10" bec="0" bev="0" fileid="53" />
              </SequencePoints>
              <BranchPoints />
              <MethodPoint xsi:type="SequencePoint" vc="0" uspid="1994" ordinal="0" offset="0" sl="869" sc="9" el="869" ec="47" bec="0" bev="0" fileid="53" />
            </Method>
          </Methods>
        </Class>
        <Class>
          <Summary numSequencePoints="35" visitedSequencePoints="0" numBranchPoints="29" visitedBranchPoints="0" sequenceCoverage="0" branchCoverage="0" maxCyclomaticComplexity="7" minCyclomaticComplexity="1" maxCrapScore="56" minCrapScore="2" visitedClasses="0" numClasses="1" visitedMethods="0" numMethods="9" />
          <FullName>Xunit.AssemblyHelper</FullName>
          <Methods>
            <Method visited="false" cyclomaticComplexity="7" nPathComplexity="64" sequenceCoverage="0" branchCoverage="0" crapScore="56" isConstructor="true" isStatic="false" isGetter="false" isSetter="false">
              <Summary numSequencePoints="20" visitedSequencePoints="0" numBranchPoints="13" visitedBranchPoints="0" sequenceCoverage="0" branchCoverage="0" maxCyclomaticComplexity="7" minCyclomaticComplexity="7" maxCrapScore="56" minCrapScore="56" visitedClasses="0" numClasses="0" visitedMethods="0" numMethods="1" />
              <MetadataToken>100663604</MetadataToken>
              <Name>System.Void Xunit.AssemblyHelper::.ctor(System.String,Xunit.Abstractions.IMessageSink)</Name>
              <FileRef uid="64" />
              <SequencePoints>
                <SequencePoint vc="0" uspid="1998" ordinal="0" offset="0" sl="26" sc="9" el="26" ec="100" bec="0" bev="0" fileid="64" />
                <SequencePoint vc="0" uspid="1999" ordinal="1" offset="6" sl="28" sc="13" el="28" ec="82" bec="0" bev="0" fileid="64" />
                <SequencePoint vc="0" uspid="2000" ordinal="2" offset="13" sl="30" sc="13" el="30" ec="48" bec="2" bev="0" fileid="64" />
                <SequencePoint vc="0" uspid="2001" ordinal="3" offset="21" sl="32" sc="17" el="32" ec="60" bec="2" bev="0" fileid="64" />
                <SequencePoint vc="0" uspid="2002" ordinal="4" offset="24" sl="33" sc="21" el="33" ec="170" bec="0" bev="0" fileid="64" />
                <SequencePoint vc="0" uspid="2003" ordinal="5" offset="52" sl="34" sc="17" el="34" ec="24" bec="0" bev="0" fileid="64" />
                <SequencePoint vc="0" uspid="2004" ordinal="6" offset="53" sl="37" sc="13" el="37" ec="67" bec="0" bev="0" fileid="64" />
                <SequencePoint vc="0" uspid="2005" ordinal="7" offset="61" sl="38" sc="13" el="38" ec="34" bec="2" bev="0" fileid="64" />
                <SequencePoint vc="0" uspid="2006" ordinal="8" offset="70" sl="40" sc="17" el="40" ec="60" bec="2" bev="0" fileid="64" />
                <SequencePoint vc="0" uspid="2007" ordinal="9" offset="73" sl="41" sc="21" el="41" ec="180" bec="0" bev="0" fileid="64" />
                <SequencePoint vc="0" uspid="2008" ordinal="10" offset="101" sl="42" sc="17" el="42" ec="24" bec="0" bev="0" fileid="64" />
                <SequencePoint vc="0" uspid="2009" ordinal="11" offset="102" sl="45" sc="13" el="45" ec="70" bec="0" bev="0" fileid="64" />
                <SequencePoint vc="0" uspid="2010" ordinal="12" offset="109" sl="46" sc="13" el="46" ec="43" bec="2" bev="0" fileid="64" />
                <SequencePoint vc="0" uspid="2011" ordinal="13" offset="112" sl="48" sc="17" el="48" ec="60" bec="2" bev="0" fileid="64" />
                <SequencePoint vc="0" uspid="2012" ordinal="14" offset="115" sl="49" sc="21" el="49" ec="197" bec="0" bev="0" fileid="64" />
                <SequencePoint vc="0" uspid="2013" ordinal="15" offset="143" sl="50" sc="17" el="50" ec="24" bec="0" bev="0" fileid="64" />
                <SequencePoint vc="0" uspid="2014" ordinal="16" offset="144" sl="53" sc="13" el="53" ec="74" bec="0" bev="0" fileid="64" />
                <SequencePoint vc="0" uspid="2015" ordinal="17" offset="151" sl="54" sc="13" el="54" ec="131" bec="0" bev="0" fileid="64" />
                <SequencePoint vc="0" uspid="2016" ordinal="18" offset="176" sl="56" sc="13" el="56" ec="46" bec="0" bev="0" fileid="64" />
                <SequencePoint vc="0" uspid="2017" ordinal="19" offset="198" sl="57" sc="9" el="57" ec="10" bec="0" bev="0" fileid="64" />
              </SequencePoints>
              <BranchPoints>
                <BranchPoint vc="0" uspid="2018" ordinal="0" offset="19" sl="30" path="0" offsetend="21" fileid="64" />
                <BranchPoint vc="0" uspid="2019" ordinal="1" offset="19" sl="30" path="1" offsetend="53" fileid="64" />
                <BranchPoint vc="0" uspid="2020" ordinal="2" offset="22" sl="32" path="0" offsetend="24" fileid="64" />
                <BranchPoint vc="0" uspid="2021" ordinal="3" offset="22" sl="32" path="1" offsetend="52" fileid="64" />
                <BranchPoint vc="0" uspid="2022" ordinal="4" offset="68" sl="38" path="0" offsetend="70" fileid="64" />
                <BranchPoint vc="0" uspid="2023" ordinal="5" offset="68" sl="38" path="1" offsetend="102" fileid="64" />
                <BranchPoint vc="0" uspid="2024" ordinal="6" offset="71" sl="40" path="0" offsetend="73" fileid="64" />
                <BranchPoint vc="0" uspid="2025" ordinal="7" offset="71" sl="40" path="1" offsetend="101" fileid="64" />
                <BranchPoint vc="0" uspid="2026" ordinal="8" offset="110" sl="46" path="0" offsetend="112" fileid="64" />
                <BranchPoint vc="0" uspid="2027" ordinal="9" offset="110" sl="46" path="1" offsetend="144" fileid="64" />
                <BranchPoint vc="0" uspid="2028" ordinal="10" offset="113" sl="48" path="0" offsetend="115" fileid="64" />
                <BranchPoint vc="0" uspid="2029" ordinal="11" offset="113" sl="48" path="1" offsetend="143" fileid="64" />
              </BranchPoints>
              <MethodPoint xsi:type="SequencePoint" vc="0" uspid="1998" ordinal="0" offset="0" sl="26" sc="9" el="26" ec="100" bec="0" bev="0" fileid="64" />
            </Method>
            <Method visited="false" cyclomaticComplexity="2" nPathComplexity="2" sequenceCoverage="0" branchCoverage="0" crapScore="6" isConstructor="false" isStatic="false" isGetter="false" isSetter="false">
              <Summary numSequencePoints="3" visitedSequencePoints="0" numBranchPoints="3" visitedBranchPoints="0" sequenceCoverage="0" branchCoverage="0" maxCyclomaticComplexity="2" minCyclomaticComplexity="2" maxCrapScore="6" minCrapScore="6" visitedClasses="0" numClasses="0" visitedMethods="0" numMethods="1" />
              <MetadataToken>100663605</MetadataToken>
              <Name>System.Void Xunit.AssemblyHelper::Dispose()</Name>
              <FileRef uid="64" />
              <SequencePoints>
                <SequencePoint vc="0" uspid="2030" ordinal="0" offset="0" sl="62" sc="13" el="62" ec="39" bec="2" bev="0" fileid="64" />
                <SequencePoint vc="0" uspid="2031" ordinal="1" offset="8" sl="63" sc="17" el="63" ec="50" bec="0" bev="0" fileid="64" />
                <SequencePoint vc="0" uspid="2032" ordinal="2" offset="30" sl="64" sc="9" el="64" ec="10" bec="0" bev="0" fileid="64" />
              </SequencePoints>
              <BranchPoints>
                <BranchPoint vc="0" uspid="2033" ordinal="0" offset="6" sl="62" path="0" offsetend="8" fileid="64" />
                <BranchPoint vc="0" uspid="2034" ordinal="1" offset="6" sl="62" path="1" offsetend="30" fileid="64" />
              </BranchPoints>
              <MethodPoint xsi:type="SequencePoint" vc="0" uspid="2030" ordinal="0" offset="0" sl="62" sc="13" el="62" ec="39" bec="2" bev="0" fileid="64" />
            </Method>
            <Method visited="false" cyclomaticComplexity="1" nPathComplexity="0" sequenceCoverage="0" branchCoverage="0" crapScore="2" isConstructor="false" isStatic="false" isGetter="false" isSetter="false">
              <Summary numSequencePoints="1" visitedSequencePoints="0" numBranchPoints="1" visitedBranchPoints="0" sequenceCoverage="0" branchCoverage="0" maxCyclomaticComplexity="1" minCyclomaticComplexity="1" maxCrapScore="2" minCrapScore="2" visitedClasses="0" numClasses="0" visitedMethods="0" numMethods="1" />
              <MetadataToken>100663606</MetadataToken>
              <Name>System.Reflection.Assembly Xunit.AssemblyHelper::Load(System.Reflection.AssemblyName)</Name>
              <FileRef uid="64" />
              <SequencePoints>
                <SequencePoint vc="0" uspid="2035" ordinal="0" offset="0" sl="68" sc="16" el="68" ec="58" bec="0" bev="0" fileid="64" />
              </SequencePoints>
              <BranchPoints />
              <MethodPoint xsi:type="SequencePoint" vc="0" uspid="2035" ordinal="0" offset="0" sl="68" sc="16" el="68" ec="58" bec="0" bev="0" fileid="64" />
            </Method>
            <Method visited="false" cyclomaticComplexity="3" nPathComplexity="4" sequenceCoverage="0" branchCoverage="0" crapScore="12" isConstructor="false" isStatic="false" isGetter="false" isSetter="false">
              <Summary numSequencePoints="6" visitedSequencePoints="0" numBranchPoints="5" visitedBranchPoints="0" sequenceCoverage="0" branchCoverage="0" maxCyclomaticComplexity="3" minCyclomaticComplexity="3" maxCrapScore="12" minCrapScore="12" visitedClasses="0" numClasses="0" visitedMethods="0" numMethods="1" />
              <MetadataToken>100663607</MetadataToken>
              <Name>System.IntPtr Xunit.AssemblyHelper::LoadUnmanagedDll(System.String)</Name>
              <FileRef uid="64" />
              <SequencePoints>
                <SequencePoint vc="0" uspid="2036" ordinal="0" offset="0" sl="73" sc="13" el="73" ec="42" bec="0" bev="0" fileid="64" />
                <SequencePoint vc="0" uspid="2037" ordinal="1" offset="8" sl="75" sc="13" el="75" ec="39" bec="2" bev="0" fileid="64" />
                <SequencePoint vc="0" uspid="2038" ordinal="2" offset="16" sl="76" sc="17" el="76" ec="119" bec="0" bev="0" fileid="64" />
                <SequencePoint vc="0" uspid="2039" ordinal="3" offset="41" sl="78" sc="13" el="78" ec="35" bec="2" bev="0" fileid="64" />
                <SequencePoint vc="0" uspid="2040" ordinal="4" offset="51" sl="79" sc="17" el="79" ec="66" bec="0" bev="0" fileid="64" />
                <SequencePoint vc="0" uspid="2041" ordinal="5" offset="59" sl="81" sc="13" el="81" ec="27" bec="0" bev="0" fileid="64" />
              </SequencePoints>
              <BranchPoints>
                <BranchPoint vc="0" uspid="2042" ordinal="0" offset="14" sl="75" path="0" offsetend="16" fileid="64" />
                <BranchPoint vc="0" uspid="2043" ordinal="1" offset="14" sl="75" path="1" offsetend="41" fileid="64" />
                <BranchPoint vc="0" uspid="2044" ordinal="2" offset="49" sl="78" path="0" offsetend="51" fileid="64" />
                <BranchPoint vc="0" uspid="2045" ordinal="3" offset="49" sl="78" path="1" offsetend="59" fileid="64" />
              </BranchPoints>
              <MethodPoint xsi:type="SequencePoint" vc="0" uspid="2036" ordinal="0" offset="0" sl="73" sc="13" el="73" ec="42" bec="0" bev="0" fileid="64" />
            </Method>
            <Method visited="false" cyclomaticComplexity="2" nPathComplexity="2" sequenceCoverage="0" branchCoverage="0" crapScore="6" isConstructor="false" isStatic="false" isGetter="false" isSetter="false">
              <Summary numSequencePoints="1" visitedSequencePoints="0" numBranchPoints="3" visitedBranchPoints="0" sequenceCoverage="0" branchCoverage="0" maxCyclomaticComplexity="2" minCyclomaticComplexity="2" maxCrapScore="6" minCrapScore="6" visitedClasses="0" numClasses="0" visitedMethods="0" numMethods="1" />
              <MetadataToken>100663608</MetadataToken>
              <Name>System.Reflection.Assembly Xunit.AssemblyHelper::OnResolving(System.Runtime.Loader.AssemblyLoadContext,System.Reflection.AssemblyName)</Name>
              <FileRef uid="64" />
              <SequencePoints>
                <SequencePoint vc="0" uspid="2046" ordinal="0" offset="0" sl="85" sc="16" el="85" ec="92" bec="2" bev="0" fileid="64" />
              </SequencePoints>
              <BranchPoints>
                <BranchPoint vc="0" uspid="2047" ordinal="0" offset="7" sl="85" path="0" offsetend="9" fileid="64" />
                <BranchPoint vc="0" uspid="2048" ordinal="1" offset="7" sl="85" path="1" offsetend="12" fileid="64" />
              </BranchPoints>
              <MethodPoint xsi:type="SequencePoint" vc="0" uspid="2046" ordinal="0" offset="0" sl="85" sc="16" el="85" ec="92" bec="2" bev="0" fileid="64" />
            </Method>
            <Method visited="false" cyclomaticComplexity="1" nPathComplexity="0" sequenceCoverage="0" branchCoverage="0" crapScore="2" isConstructor="false" isStatic="true" isGetter="false" isSetter="false">
              <Summary numSequencePoints="1" visitedSequencePoints="0" numBranchPoints="1" visitedBranchPoints="0" sequenceCoverage="0" branchCoverage="0" maxCyclomaticComplexity="1" minCyclomaticComplexity="1" maxCrapScore="2" minCrapScore="2" visitedClasses="0" numClasses="0" visitedMethods="0" numMethods="1" />
              <MetadataToken>100663609</MetadataToken>
              <Name>System.IDisposable Xunit.AssemblyHelper::SubscribeResolveForAssembly(System.String,Xunit.Abstractions.IMessageSink)</Name>
              <FileRef uid="64" />
              <SequencePoints>
                <SequencePoint vc="0" uspid="2049" ordinal="0" offset="0" sl="94" sc="16" el="94" ec="84" bec="0" bev="0" fileid="64" />
              </SequencePoints>
              <BranchPoints />
              <MethodPoint xsi:type="SequencePoint" vc="0" uspid="2049" ordinal="0" offset="0" sl="94" sc="16" el="94" ec="84" bec="0" bev="0" fileid="64" />
            </Method>
            <Method visited="false" cyclomaticComplexity="1" nPathComplexity="0" sequenceCoverage="0" branchCoverage="0" crapScore="2" isConstructor="false" isStatic="true" isGetter="false" isSetter="false">
              <Summary numSequencePoints="1" visitedSequencePoints="0" numBranchPoints="1" visitedBranchPoints="0" sequenceCoverage="0" branchCoverage="0" maxCyclomaticComplexity="1" minCyclomaticComplexity="1" maxCrapScore="2" minCrapScore="2" visitedClasses="0" numClasses="0" visitedMethods="0" numMethods="1" />
              <MetadataToken>100663610</MetadataToken>
              <Name>System.IDisposable Xunit.AssemblyHelper::SubscribeResolveForAssembly(System.Type,Xunit.Abstractions.IMessageSink)</Name>
              <FileRef uid="64" />
              <SequencePoints>
                <SequencePoint vc="0" uspid="2050" ordinal="0" offset="0" sl="103" sc="16" el="103" ec="114" bec="0" bev="0" fileid="64" />
              </SequencePoints>
              <BranchPoints />
              <MethodPoint xsi:type="SequencePoint" vc="0" uspid="2050" ordinal="0" offset="0" sl="103" sc="16" el="103" ec="114" bec="0" bev="0" fileid="64" />
            </Method>
            <Method visited="false" cyclomaticComplexity="1" nPathComplexity="0" sequenceCoverage="0" branchCoverage="0" crapScore="2" isConstructor="false" isStatic="false" isGetter="false" isSetter="false">
              <Summary numSequencePoints="1" visitedSequencePoints="0" numBranchPoints="1" visitedBranchPoints="0" sequenceCoverage="0" branchCoverage="0" maxCyclomaticComplexity="1" minCyclomaticComplexity="1" maxCrapScore="2" minCrapScore="2" visitedClasses="0" numClasses="0" visitedMethods="0" numMethods="1" />
              <MetadataToken>100663611</MetadataToken>
              <Name>System.IntPtr Xunit.AssemblyHelper::&lt;LoadUnmanagedDll&gt;b__5_0(System.String)</Name>
              <FileRef uid="64" />
              <SequencePoints>
                <SequencePoint vc="0" uspid="2051" ordinal="0" offset="0" sl="76" sc="87" el="76" ec="117" bec="0" bev="0" fileid="64" />
              </SequencePoints>
              <BranchPoints />
              <MethodPoint xsi:type="SequencePoint" vc="0" uspid="2051" ordinal="0" offset="0" sl="76" sc="87" el="76" ec="117" bec="0" bev="0" fileid="64" />
            </Method>
            <Method visited="false" cyclomaticComplexity="1" nPathComplexity="0" sequenceCoverage="0" branchCoverage="0" crapScore="2" isConstructor="false" isStatic="false" isGetter="false" isSetter="false">
              <Summary numSequencePoints="1" visitedSequencePoints="0" numBranchPoints="1" visitedBranchPoints="0" sequenceCoverage="0" branchCoverage="0" maxCyclomaticComplexity="1" minCyclomaticComplexity="1" maxCrapScore="2" minCrapScore="2" visitedClasses="0" numClasses="0" visitedMethods="0" numMethods="1" />
              <MetadataToken>100663612</MetadataToken>
              <Name>System.Reflection.Assembly Xunit.AssemblyHelper::&lt;OnResolving&gt;b__6_0(System.String)</Name>
              <FileRef uid="64" />
              <SequencePoints>
                <SequencePoint vc="0" uspid="2052" ordinal="0" offset="0" sl="85" sc="65" el="85" ec="91" bec="0" bev="0" fileid="64" />
              </SequencePoints>
              <BranchPoints />
              <MethodPoint xsi:type="SequencePoint" vc="0" uspid="2052" ordinal="0" offset="0" sl="85" sc="65" el="85" ec="91" bec="0" bev="0" fileid="64" />
            </Method>
          </Methods>
        </Class>
        <Class>
          <Summary numSequencePoints="128" visitedSequencePoints="0" numBranchPoints="136" visitedBranchPoints="0" sequenceCoverage="0" branchCoverage="0" maxCyclomaticComplexity="23" minCyclomaticComplexity="1" maxCrapScore="552" minCrapScore="2" visitedClasses="0" numClasses="1" visitedMethods="0" numMethods="12" />
          <FullName>Xunit.DependencyContextAssemblyCache</FullName>
          <Methods>
            <Method visited="false" cyclomaticComplexity="23" nPathComplexity="4194304" sequenceCoverage="0" branchCoverage="0" crapScore="552" isConstructor="true" isStatic="false" isGetter="false" isSetter="false">
              <Summary numSequencePoints="24" visitedSequencePoints="0" numBranchPoints="45" visitedBranchPoints="0" sequenceCoverage="0" branchCoverage="0" maxCyclomaticComplexity="23" minCyclomaticComplexity="23" maxCrapScore="552" minCrapScore="552" visitedClasses="0" numClasses="0" visitedMethods="0" numMethods="1" />
              <MetadataToken>100663613</MetadataToken>
              <Name>System.Void Xunit.DependencyContextAssemblyCache::.ctor(System.String,Internal.Microsoft.Extensions.DependencyModel.DependencyContext,Xunit.Abstractions.IMessageSink,System.Nullable`1&lt;Internal.Microsoft.DotNet.PlatformAbstractions.Platform&gt;,System.String,Internal.Microsoft.Extensions.DependencyModel.IFileSystem)</Name>
              <FileRef uid="65" />
              <SequencePoints>
                <SequencePoint vc="0" uspid="2053" ordinal="0" offset="0" sl="37" sc="9" el="42" ec="77" bec="0" bev="0" fileid="65" />
                <SequencePoint vc="0" uspid="2054" ordinal="1" offset="12" sl="44" sc="13" el="44" ec="50" bec="0" bev="0" fileid="65" />
                <SequencePoint vc="0" uspid="2055" ordinal="2" offset="19" sl="45" sc="13" el="45" ec="56" bec="0" bev="0" fileid="65" />
                <SequencePoint vc="0" uspid="2056" ordinal="3" offset="26" sl="46" sc="13" el="46" ec="82" bec="0" bev="0" fileid="65" />
                <SequencePoint vc="0" uspid="2057" ordinal="4" offset="33" sl="47" sc="13" el="47" ec="114" bec="2" bev="0" fileid="65" />
                <SequencePoint vc="0" uspid="2058" ordinal="5" offset="65" sl="48" sc="13" el="48" ec="115" bec="2" bev="0" fileid="65" />
                <SequencePoint vc="0" uspid="2059" ordinal="6" offset="82" sl="49" sc="13" el="49" ec="69" bec="2" bev="0" fileid="65" />
                <SequencePoint vc="0" uspid="2060" ordinal="7" offset="99" sl="51" sc="13" el="51" ec="115" bec="0" bev="0" fileid="65" />
                <SequencePoint vc="0" uspid="2061" ordinal="8" offset="122" sl="52" sc="13" el="52" ec="120" bec="0" bev="0" fileid="65" />
                <SequencePoint vc="0" uspid="2062" ordinal="9" offset="136" sl="54" sc="13" el="54" ec="56" bec="2" bev="0" fileid="65" />
                <SequencePoint vc="0" uspid="2063" ordinal="10" offset="139" sl="55" sc="17" el="55" ec="223" bec="2" bev="0" fileid="65" />
                <SequencePoint vc="0" uspid="2064" ordinal="11" offset="218" sl="57" sc="13" el="57" ec="79" bec="0" bev="0" fileid="65" />
                <SequencePoint vc="0" uspid="2065" ordinal="12" offset="231" sl="59" sc="13" el="59" ec="56" bec="2" bev="0" fileid="65" />
                <SequencePoint vc="0" uspid="2066" ordinal="13" offset="234" sl="60" sc="17" el="60" ec="209" bec="2" bev="0" fileid="65" />
                <SequencePoint vc="0" uspid="2067" ordinal="14" offset="313" sl="62" sc="13" el="62" ec="103" bec="0" bev="0" fileid="65" />
                <SequencePoint vc="0" uspid="2068" ordinal="15" offset="329" sl="63" sc="13" el="71" ec="147" bec="10" bev="0" fileid="65" />
                <SequencePoint vc="0" uspid="2069" ordinal="16" offset="538" sl="73" sc="13" el="73" ec="56" bec="2" bev="0" fileid="65" />
                <SequencePoint vc="0" uspid="2070" ordinal="17" offset="541" sl="74" sc="17" el="74" ec="265" bec="4" bev="0" fileid="65" />
                <SequencePoint vc="0" uspid="2071" ordinal="18" offset="666" sl="76" sc="13" el="76" ec="70" bec="0" bev="0" fileid="65" />
                <SequencePoint vc="0" uspid="2072" ordinal="19" offset="683" sl="77" sc="13" el="77" ec="103" bec="0" bev="0" fileid="65" />
                <SequencePoint vc="0" uspid="2073" ordinal="20" offset="699" sl="78" sc="13" el="85" ec="147" bec="8" bev="0" fileid="65" />
                <SequencePoint vc="0" uspid="2074" ordinal="21" offset="872" sl="87" sc="13" el="87" ec="56" bec="2" bev="0" fileid="65" />
                <SequencePoint vc="0" uspid="2075" ordinal="22" offset="875" sl="88" sc="17" el="88" ec="269" bec="4" bev="0" fileid="65" />
                <SequencePoint vc="0" uspid="2076" ordinal="23" offset="1000" sl="89" sc="9" el="89" ec="10" bec="0" bev="0" fileid="65" />
              </SequencePoints>
              <BranchPoints>
                <BranchPoint vc="0" uspid="2077" ordinal="0" offset="44" sl="47" path="0" offsetend="46" fileid="65" />
                <BranchPoint vc="0" uspid="2078" ordinal="1" offset="44" sl="47" path="1" offsetend="53" fileid="65" />
                <BranchPoint vc="0" uspid="2079" ordinal="2" offset="69" sl="48" path="0" offsetend="71" fileid="65" />
                <BranchPoint vc="0" uspid="2080" ordinal="3" offset="69" sl="48" path="1" offsetend="77" fileid="65" />
                <BranchPoint vc="0" uspid="2081" ordinal="4" offset="86" sl="49" path="0" offsetend="88" fileid="65" />
                <BranchPoint vc="0" uspid="2082" ordinal="5" offset="86" sl="49" path="1" offsetend="94" fileid="65" />
                <BranchPoint vc="0" uspid="2083" ordinal="6" offset="137" sl="54" path="0" offsetend="139" fileid="65" />
                <BranchPoint vc="0" uspid="2084" ordinal="7" offset="137" sl="54" path="1" offsetend="218" fileid="65" />
                <BranchPoint vc="0" uspid="2085" ordinal="8" offset="162" sl="55" path="0" offsetend="164" fileid="65" />
                <BranchPoint vc="0" uspid="2086" ordinal="9" offset="162" sl="55" path="1" offsetend="187" fileid="65" />
                <BranchPoint vc="0" uspid="2087" ordinal="10" offset="232" sl="59" path="0" offsetend="234" fileid="65" />
                <BranchPoint vc="0" uspid="2088" ordinal="11" offset="232" sl="59" path="1" offsetend="313" fileid="65" />
                <BranchPoint vc="0" uspid="2089" ordinal="12" offset="257" sl="60" path="0" offsetend="259" fileid="65" />
                <BranchPoint vc="0" uspid="2090" ordinal="13" offset="257" sl="60" path="1" offsetend="282" fileid="65" />
                <BranchPoint vc="0" uspid="2091" ordinal="14" offset="342" sl="63" path="0" offsetend="344" fileid="65" />
                <BranchPoint vc="0" uspid="2092" ordinal="15" offset="342" sl="63" path="1" offsetend="367" fileid="65" />
                <BranchPoint vc="0" uspid="2093" ordinal="16" offset="395" sl="63" path="0" offsetend="397" fileid="65" />
                <BranchPoint vc="0" uspid="2094" ordinal="17" offset="395" sl="63" path="1" offsetend="420" fileid="65" />
                <BranchPoint vc="0" uspid="2095" ordinal="18" offset="431" sl="63" path="0" offsetend="433" fileid="65" />
                <BranchPoint vc="0" uspid="2096" ordinal="19" offset="431" sl="63" path="1" offsetend="456" fileid="65" />
                <BranchPoint vc="0" uspid="2097" ordinal="20" offset="467" sl="63" path="0" offsetend="469" fileid="65" />
                <BranchPoint vc="0" uspid="2098" ordinal="21" offset="467" sl="63" path="1" offsetend="492" fileid="65" />
                <BranchPoint vc="0" uspid="2099" ordinal="22" offset="498" sl="63" path="0" offsetend="500" fileid="65" />
                <BranchPoint vc="0" uspid="2100" ordinal="23" offset="498" sl="63" path="1" offsetend="523" fileid="65" />
                <BranchPoint vc="0" uspid="2101" ordinal="24" offset="539" sl="73" path="0" offsetend="541" fileid="65" />
                <BranchPoint vc="0" uspid="2102" ordinal="25" offset="539" sl="73" path="1" offsetend="666" fileid="65" />
                <BranchPoint vc="0" uspid="2103" ordinal="26" offset="569" sl="74" path="0" offsetend="571" fileid="65" />
                <BranchPoint vc="0" uspid="2104" ordinal="27" offset="569" sl="74" path="1" offsetend="594" fileid="65" />
                <BranchPoint vc="0" uspid="2105" ordinal="28" offset="605" sl="74" path="0" offsetend="607" fileid="65" />
                <BranchPoint vc="0" uspid="2106" ordinal="29" offset="605" sl="74" path="1" offsetend="630" fileid="65" />
                <BranchPoint vc="0" uspid="2107" ordinal="30" offset="729" sl="78" path="0" offsetend="731" fileid="65" />
                <BranchPoint vc="0" uspid="2108" ordinal="31" offset="729" sl="78" path="1" offsetend="754" fileid="65" />
                <BranchPoint vc="0" uspid="2109" ordinal="32" offset="765" sl="78" path="0" offsetend="767" fileid="65" />
                <BranchPoint vc="0" uspid="2110" ordinal="33" offset="765" sl="78" path="1" offsetend="790" fileid="65" />
                <BranchPoint vc="0" uspid="2111" ordinal="34" offset="801" sl="78" path="0" offsetend="803" fileid="65" />
                <BranchPoint vc="0" uspid="2112" ordinal="35" offset="801" sl="78" path="1" offsetend="826" fileid="65" />
                <BranchPoint vc="0" uspid="2113" ordinal="36" offset="832" sl="78" path="0" offsetend="834" fileid="65" />
                <BranchPoint vc="0" uspid="2114" ordinal="37" offset="832" sl="78" path="1" offsetend="857" fileid="65" />
                <BranchPoint vc="0" uspid="2115" ordinal="38" offset="873" sl="87" path="0" offsetend="875" fileid="65" />
                <BranchPoint vc="0" uspid="2116" ordinal="39" offset="873" sl="87" path="1" offsetend="1000" fileid="65" />
                <BranchPoint vc="0" uspid="2117" ordinal="40" offset="903" sl="88" path="0" offsetend="905" fileid="65" />
                <BranchPoint vc="0" uspid="2118" ordinal="41" offset="903" sl="88" path="1" offsetend="928" fileid="65" />
                <BranchPoint vc="0" uspid="2119" ordinal="42" offset="939" sl="88" path="0" offsetend="941" fileid="65" />
                <BranchPoint vc="0" uspid="2120" ordinal="43" offset="939" sl="88" path="1" offsetend="964" fileid="65" />
              </BranchPoints>
              <MethodPoint xsi:type="SequencePoint" vc="0" uspid="2053" ordinal="0" offset="0" sl="37" sc="9" el="42" ec="77" bec="0" bev="0" fileid="65" />
            </Method>
            <Method visited="false" cyclomaticComplexity="3" nPathComplexity="2" sequenceCoverage="0" branchCoverage="0" crapScore="12" isConstructor="false" isStatic="false" isGetter="false" isSetter="false">
              <Summary numSequencePoints="4" visitedSequencePoints="0" numBranchPoints="3" visitedBranchPoints="0" sequenceCoverage="0" branchCoverage="0" maxCyclomaticComplexity="3" minCyclomaticComplexity="3" maxCrapScore="12" minCrapScore="12" visitedClasses="0" numClasses="0" visitedMethods="0" numMethods="1" />
              <MetadataToken>100663614</MetadataToken>
              <Name>System.Collections.Generic.List`1&lt;System.String&gt; Xunit.DependencyContextAssemblyCache::GetCompatibleRuntimes(Internal.Microsoft.Extensions.DependencyModel.DependencyContext)</Name>
              <FileRef uid="65" />
              <SequencePoints>
                <SequencePoint vc="0" uspid="2121" ordinal="0" offset="0" sl="93" sc="13" el="93" ec="99" bec="0" bev="0" fileid="65" />
                <SequencePoint vc="0" uspid="2122" ordinal="1" offset="22" sl="94" sc="13" el="94" ec="133" bec="2" bev="0" fileid="65" />
                <SequencePoint vc="0" uspid="2123" ordinal="2" offset="61" sl="95" sc="13" el="95" ec="38" bec="0" bev="0" fileid="65" />
                <SequencePoint vc="0" uspid="2124" ordinal="3" offset="72" sl="96" sc="13" el="96" ec="27" bec="0" bev="0" fileid="65" />
              </SequencePoints>
              <BranchPoints>
                <BranchPoint vc="0" uspid="2125" ordinal="0" offset="35" sl="94" path="0" offsetend="37" fileid="65" />
                <BranchPoint vc="0" uspid="2126" ordinal="1" offset="35" sl="94" path="1" offsetend="45" fileid="65" />
              </BranchPoints>
              <MethodPoint xsi:type="SequencePoint" vc="0" uspid="2121" ordinal="0" offset="0" sl="93" sc="13" el="93" ec="99" bec="0" bev="0" fileid="65" />
            </Method>
            <Method visited="false" cyclomaticComplexity="3" nPathComplexity="4" sequenceCoverage="0" branchCoverage="0" crapScore="12" isConstructor="false" isStatic="false" isGetter="false" isSetter="false">
              <Summary numSequencePoints="1" visitedSequencePoints="0" numBranchPoints="5" visitedBranchPoints="0" sequenceCoverage="0" branchCoverage="0" maxCyclomaticComplexity="3" minCyclomaticComplexity="3" maxCrapScore="12" minCrapScore="12" visitedClasses="0" numClasses="0" visitedMethods="0" numMethods="1" />
              <MetadataToken>100663615</MetadataToken>
              <Name>Internal.Microsoft.Extensions.DependencyModel.RuntimeFallbacks Xunit.DependencyContextAssemblyCache::GetFallbacks(System.Collections.Generic.IReadOnlyList`1&lt;Internal.Microsoft.Extensions.DependencyModel.RuntimeFallbacks&gt;)</Name>
              <FileRef uid="65" />
              <SequencePoints>
                <SequencePoint vc="0" uspid="2127" ordinal="0" offset="0" sl="100" sc="16" el="102" ec="26" bec="3" bev="0" fileid="65" />
              </SequencePoints>
              <BranchPoints>
                <BranchPoint vc="0" uspid="2128" ordinal="0" offset="19" sl="100" path="0" offsetend="21" fileid="65" />
                <BranchPoint vc="0" uspid="2129" ordinal="1" offset="19" sl="100" path="1" offsetend="49" fileid="65" />
                <BranchPoint vc="0" uspid="2130" ordinal="2" offset="41" sl="100" path="0" offsetend="43" fileid="65" />
                <BranchPoint vc="0" uspid="2131" ordinal="3" offset="41" sl="100" path="1" offsetend="49" fileid="65" />
              </BranchPoints>
              <MethodPoint xsi:type="SequencePoint" vc="0" uspid="2127" ordinal="0" offset="0" sl="100" sc="16" el="102" ec="26" bec="3" bev="0" fileid="65" />
            </Method>
            <Method visited="false" cyclomaticComplexity="12" nPathComplexity="64" sequenceCoverage="0" branchCoverage="0" crapScore="156" isConstructor="false" isStatic="false" isGetter="false" isSetter="false">
              <Summary numSequencePoints="14" visitedSequencePoints="0" numBranchPoints="13" visitedBranchPoints="0" sequenceCoverage="0" branchCoverage="0" maxCyclomaticComplexity="12" minCyclomaticComplexity="12" maxCrapScore="156" minCrapScore="156" visitedClasses="0" numClasses="0" visitedMethods="0" numMethods="1" />
              <MetadataToken>100663616</MetadataToken>
              <Name>System.String Xunit.DependencyContextAssemblyCache::GetFallbackRuntime(System.String)</Name>
              <FileRef uid="65" />
              <SequencePoints>
                <SequencePoint vc="0" uspid="2132" ordinal="0" offset="0" sl="107" sc="13" el="107" ec="55" bec="0" bev="0" fileid="65" />
                <SequencePoint vc="0" uspid="2133" ordinal="1" offset="11" sl="108" sc="13" el="108" ec="54" bec="6" bev="0" fileid="65" />
                <SequencePoint vc="0" uspid="2134" ordinal="2" offset="53" sl="109" sc="13" el="109" ec="42" bec="0" bev="0" fileid="65" />
                <SequencePoint vc="0" uspid="2135" ordinal="3" offset="55" sl="111" sc="13" el="111" ec="45" bec="4" bev="0" fileid="65" />
                <SequencePoint vc="0" uspid="2136" ordinal="4" offset="84" sl="114" sc="21" el="114" ec="45" bec="0" bev="0" fileid="65" />
                <SequencePoint vc="0" uspid="2137" ordinal="5" offset="96" sl="115" sc="21" el="115" ec="27" bec="0" bev="0" fileid="65" />
                <SequencePoint vc="0" uspid="2138" ordinal="6" offset="98" sl="118" sc="21" el="118" ec="49" bec="0" bev="0" fileid="65" />
                <SequencePoint vc="0" uspid="2139" ordinal="7" offset="110" sl="119" sc="21" el="119" ec="27" bec="0" bev="0" fileid="65" />
                <SequencePoint vc="0" uspid="2140" ordinal="8" offset="112" sl="122" sc="21" el="122" ec="45" bec="0" bev="0" fileid="65" />
                <SequencePoint vc="0" uspid="2141" ordinal="9" offset="124" sl="123" sc="21" el="123" ec="27" bec="0" bev="0" fileid="65" />
                <SequencePoint vc="0" uspid="2142" ordinal="10" offset="126" sl="126" sc="21" el="126" ec="40" bec="0" bev="0" fileid="65" />
                <SequencePoint vc="0" uspid="2143" ordinal="11" offset="132" sl="130" sc="13" el="130" ec="56" bec="2" bev="0" fileid="65" />
                <SequencePoint vc="0" uspid="2144" ordinal="12" offset="140" sl="131" sc="17" el="131" ec="201" bec="0" bev="0" fileid="65" />
                <SequencePoint vc="0" uspid="2145" ordinal="13" offset="200" sl="133" sc="13" el="133" ec="27" bec="0" bev="0" fileid="65" />
              </SequencePoints>
              <BranchPoints>
                <BranchPoint vc="0" uspid="2146" ordinal="0" offset="12" sl="108" path="0" offsetend="14" fileid="65" />
                <BranchPoint vc="0" uspid="2147" ordinal="1" offset="12" sl="108" path="1" offsetend="18" fileid="65" />
                <BranchPoint vc="0" uspid="2148" ordinal="2" offset="24" sl="108" path="0" offsetend="26" fileid="65" />
                <BranchPoint vc="0" uspid="2149" ordinal="3" offset="24" sl="108" path="1" offsetend="30" fileid="65" />
                <BranchPoint vc="0" uspid="2150" ordinal="4" offset="41" sl="108" path="0" offsetend="43" fileid="65" />
                <BranchPoint vc="0" uspid="2151" ordinal="5" offset="41" sl="108" path="1" offsetend="47" fileid="65" />
                <BranchPoint vc="0" uspid="2152" ordinal="6" offset="65" sl="111" path="0" offsetchain="82" offsetend="126" fileid="65" />
                <BranchPoint vc="0" uspid="2153" ordinal="7" offset="65" sl="111" path="1" offsetend="84" fileid="65" />
                <BranchPoint vc="0" uspid="2154" ordinal="8" offset="65" sl="111" path="2" offsetend="112" fileid="65" />
                <BranchPoint vc="0" uspid="2155" ordinal="9" offset="65" sl="111" path="3" offsetend="98" fileid="65" />
                <BranchPoint vc="0" uspid="2156" ordinal="10" offset="138" sl="130" path="0" offsetend="140" fileid="65" />
                <BranchPoint vc="0" uspid="2157" ordinal="11" offset="138" sl="130" path="1" offsetend="200" fileid="65" />
              </BranchPoints>
              <MethodPoint xsi:type="SequencePoint" vc="0" uspid="2132" ordinal="0" offset="0" sl="107" sc="13" el="107" ec="55" bec="0" bev="0" fileid="65" />
            </Method>
            <Method visited="false" cyclomaticComplexity="1" nPathComplexity="0" sequenceCoverage="0" branchCoverage="0" crapScore="2" isConstructor="false" isStatic="false" isGetter="false" isSetter="false">
              <Summary numSequencePoints="0" visitedSequencePoints="0" numBranchPoints="0" visitedBranchPoints="0" sequenceCoverage="0" branchCoverage="0" maxCyclomaticComplexity="1" minCyclomaticComplexity="1" maxCrapScore="2" minCrapScore="2" visitedClasses="0" numClasses="0" visitedMethods="0" numMethods="0" />
              <MetadataToken>100663617</MetadataToken>
              <Name>System.Collections.Generic.IEnumerable`1&lt;System.String&gt; Xunit.DependencyContextAssemblyCache::GetUnmanagedDllFormats()</Name>
              <SequencePoints />
              <BranchPoints />
              <MethodPoint vc="0" uspid="2158" ordinal="0" offset="0" />
            </Method>
            <Method visited="false" cyclomaticComplexity="4" nPathComplexity="8" sequenceCoverage="0" branchCoverage="0" crapScore="20" isConstructor="false" isStatic="false" isGetter="false" isSetter="false">
              <Summary numSequencePoints="10" visitedSequencePoints="0" numBranchPoints="7" visitedBranchPoints="0" sequenceCoverage="0" branchCoverage="0" maxCyclomaticComplexity="4" minCyclomaticComplexity="4" maxCrapScore="20" minCrapScore="20" visitedClasses="0" numClasses="0" visitedMethods="0" numMethods="1" />
              <MetadataToken>100663618</MetadataToken>
              <Name>System.Reflection.Assembly Xunit.DependencyContextAssemblyCache::LoadManagedDll(System.String,System.Func`2&lt;System.String,System.Reflection.Assembly&gt;)</Name>
              <FileRef uid="65" />
              <SequencePoints>
                <SequencePoint vc="0" uspid="2159" ordinal="0" offset="0" sl="158" sc="13" el="158" ec="81" bec="2" bev="0" fileid="65" />
                <SequencePoint vc="0" uspid="2160" ordinal="1" offset="19" sl="160" sc="17" el="160" ec="95" bec="0" bev="0" fileid="65" />
                <SequencePoint vc="0" uspid="2161" ordinal="2" offset="27" sl="161" sc="17" el="161" ec="62" bec="0" bev="0" fileid="65" />
                <SequencePoint vc="0" uspid="2162" ordinal="3" offset="34" sl="162" sc="17" el="162" ec="44" bec="0" bev="0" fileid="65" />
                <SequencePoint vc="0" uspid="2163" ordinal="4" offset="40" sl="163" sc="17" el="163" ec="61" bec="0" bev="0" fileid="65" />
                <SequencePoint vc="0" uspid="2164" ordinal="5" offset="53" sl="165" sc="17" el="165" ec="60" bec="2" bev="0" fileid="65" />
                <SequencePoint vc="0" uspid="2165" ordinal="6" offset="61" sl="167" sc="21" el="167" ec="40" bec="2" bev="0" fileid="65" />
                <SequencePoint vc="0" uspid="2166" ordinal="7" offset="70" sl="168" sc="25" el="168" ec="211" bec="0" bev="0" fileid="65" />
                <SequencePoint vc="0" uspid="2167" ordinal="8" offset="105" sl="170" sc="25" el="170" ec="196" bec="0" bev="0" fileid="65" />
                <SequencePoint vc="0" uspid="2168" ordinal="9" offset="165" sl="174" sc="13" el="174" ec="27" bec="0" bev="0" fileid="65" />
              </SequencePoints>
              <BranchPoints>
                <BranchPoint vc="0" uspid="2169" ordinal="0" offset="14" sl="158" path="0" offsetend="19" fileid="65" />
                <BranchPoint vc="0" uspid="2170" ordinal="1" offset="14" sl="158" path="1" offsetend="165" fileid="65" />
                <BranchPoint vc="0" uspid="2171" ordinal="2" offset="59" sl="165" path="0" offsetend="61" fileid="65" />
                <BranchPoint vc="0" uspid="2172" ordinal="3" offset="59" sl="165" path="1" offsetend="165" fileid="65" />
                <BranchPoint vc="0" uspid="2173" ordinal="4" offset="68" sl="167" path="0" offsetend="70" fileid="65" />
                <BranchPoint vc="0" uspid="2174" ordinal="5" offset="68" sl="167" path="1" offsetend="105" fileid="65" />
              </BranchPoints>
              <MethodPoint xsi:type="SequencePoint" vc="0" uspid="2159" ordinal="0" offset="0" sl="158" sc="13" el="158" ec="81" bec="2" bev="0" fileid="65" />
            </Method>
            <Method visited="false" cyclomaticComplexity="7" nPathComplexity="64" sequenceCoverage="0" branchCoverage="0" crapScore="56" isConstructor="false" isStatic="false" isGetter="false" isSetter="false">
              <Summary numSequencePoints="15" visitedSequencePoints="0" numBranchPoints="13" visitedBranchPoints="0" sequenceCoverage="0" branchCoverage="0" maxCyclomaticComplexity="7" minCyclomaticComplexity="7" maxCrapScore="56" minCrapScore="56" visitedClasses="0" numClasses="0" visitedMethods="0" numMethods="1" />
              <MetadataToken>100663619</MetadataToken>
              <Name>System.IntPtr Xunit.DependencyContextAssemblyCache::LoadUnmanagedLibrary(System.String,System.Func`2&lt;System.String,System.IntPtr&gt;)</Name>
              <FileRef uid="65" />
              <SequencePoints>
                <SequencePoint vc="0" uspid="2175" ordinal="0" offset="0" sl="179" sc="13" el="179" ec="42" bec="0" bev="0" fileid="65" />
                <SequencePoint vc="0" uspid="2176" ordinal="1" offset="8" sl="180" sc="13" el="180" ec="41" bec="0" bev="0" fileid="65" />
                <SequencePoint vc="0" uspid="2177" ordinal="2" offset="10" sl="182" sc="13" el="182" ec="105" bec="2" bev="0" fileid="65" />
                <SequencePoint vc="0" uspid="2178" ordinal="3" offset="26" sl="184" sc="17" el="184" ec="86" bec="0" bev="0" fileid="65" />
                <SequencePoint vc="0" uspid="2179" ordinal="4" offset="34" sl="185" sc="17" el="185" ec="85" bec="0" bev="0" fileid="65" />
                <SequencePoint vc="0" uspid="2180" ordinal="5" offset="47" sl="186" sc="17" el="186" ec="40" bec="0" bev="0" fileid="65" />
                <SequencePoint vc="0" uspid="2181" ordinal="6" offset="49" sl="189" sc="13" el="189" ec="46" bec="2" bev="0" fileid="65" />
                <SequencePoint vc="0" uspid="2182" ordinal="7" offset="52" sl="190" sc="17" el="190" ec="72" bec="0" bev="0" fileid="65" />
                <SequencePoint vc="0" uspid="2183" ordinal="8" offset="60" sl="192" sc="13" el="192" ec="75" bec="3" bev="0" fileid="65" />
                <SequencePoint vc="0" uspid="2184" ordinal="9" offset="77" sl="193" sc="17" el="193" ec="39" bec="2" bev="0" fileid="65" />
                <SequencePoint vc="0" uspid="2185" ordinal="10" offset="87" sl="194" sc="21" el="194" ec="206" bec="0" bev="0" fileid="65" />
                <SequencePoint vc="0" uspid="2186" ordinal="11" offset="149" sl="197" sc="21" el="197" ec="54" bec="2" bev="0" fileid="65" />
                <SequencePoint vc="0" uspid="2187" ordinal="12" offset="152" sl="198" sc="25" el="198" ec="261" bec="0" bev="0" fileid="65" />
                <SequencePoint vc="0" uspid="2188" ordinal="13" offset="212" sl="200" sc="21" el="200" ec="221" bec="0" bev="0" fileid="65" />
                <SequencePoint vc="0" uspid="2189" ordinal="14" offset="245" sl="203" sc="13" el="203" ec="27" bec="0" bev="0" fileid="65" />
              </SequencePoints>
              <BranchPoints>
                <BranchPoint vc="0" uspid="2190" ordinal="0" offset="24" sl="182" path="0" offsetend="26" fileid="65" />
                <BranchPoint vc="0" uspid="2191" ordinal="1" offset="24" sl="182" path="1" offsetend="49" fileid="65" />
                <BranchPoint vc="0" uspid="2192" ordinal="2" offset="50" sl="189" path="0" offsetend="52" fileid="65" />
                <BranchPoint vc="0" uspid="2193" ordinal="3" offset="50" sl="189" path="1" offsetend="60" fileid="65" />
                <BranchPoint vc="0" uspid="2194" ordinal="4" offset="61" sl="192" path="0" offsetend="66" fileid="65" />
                <BranchPoint vc="0" uspid="2195" ordinal="5" offset="61" sl="192" path="1" offsetend="245" fileid="65" />
                <BranchPoint vc="0" uspid="2196" ordinal="6" offset="72" sl="192" path="0" offsetend="77" fileid="65" />
                <BranchPoint vc="0" uspid="2197" ordinal="7" offset="72" sl="192" path="1" offsetend="245" fileid="65" />
                <BranchPoint vc="0" uspid="2198" ordinal="8" offset="85" sl="193" path="0" offsetend="87" fileid="65" />
                <BranchPoint vc="0" uspid="2199" ordinal="9" offset="85" sl="193" path="1" offsetend="149" fileid="65" />
                <BranchPoint vc="0" uspid="2200" ordinal="10" offset="150" sl="197" path="0" offsetend="152" fileid="65" />
                <BranchPoint vc="0" uspid="2201" ordinal="11" offset="150" sl="197" path="1" offsetend="212" fileid="65" />
              </BranchPoints>
              <MethodPoint xsi:type="SequencePoint" vc="0" uspid="2175" ordinal="0" offset="0" sl="179" sc="13" el="179" ec="42" bec="0" bev="0" fileid="65" />
            </Method>
            <Method visited="false" cyclomaticComplexity="15" nPathComplexity="8192" sequenceCoverage="0" branchCoverage="0" crapScore="240" isConstructor="false" isStatic="false" isGetter="false" isSetter="false">
              <Summary numSequencePoints="34" visitedSequencePoints="0" numBranchPoints="27" visitedBranchPoints="0" sequenceCoverage="0" branchCoverage="0" maxCyclomaticComplexity="15" minCyclomaticComplexity="15" maxCrapScore="240" minCrapScore="240" visitedClasses="0" numClasses="0" visitedMethods="0" numMethods="1" />
              <MetadataToken>100663620</MetadataToken>
              <Name>System.Tuple`2&lt;System.String,System.Reflection.Assembly&gt; Xunit.DependencyContextAssemblyCache::ResolveManagedAssembly(System.String,System.Func`2&lt;System.String,System.Reflection.Assembly&gt;)</Name>
              <FileRef uid="65" />
              <SequencePoints>
                <SequencePoint vc="0" uspid="2202" ordinal="0" offset="13" sl="209" sc="13" el="209" ec="93" bec="0" bev="0" fileid="65" />
                <SequencePoint vc="0" uspid="2203" ordinal="1" offset="36" sl="211" sc="39" el="211" ec="64" bec="0" bev="0" fileid="65" />
                <SequencePoint vc="0" uspid="2204" ordinal="2" offset="47" sl="211" sc="22" el="211" ec="35" bec="0" bev="0" fileid="65" />
                <SequencePoint vc="0" uspid="2205" ordinal="3" offset="53" sl="214" sc="21" el="214" ec="73" bec="0" bev="0" fileid="65" />
                <SequencePoint vc="0" uspid="2206" ordinal="4" offset="63" sl="215" sc="21" el="215" ec="70" bec="2" bev="0" fileid="65" />
                <SequencePoint vc="0" uspid="2207" ordinal="5" offset="83" sl="217" sc="25" el="217" ec="84" bec="0" bev="0" fileid="65" />
                <SequencePoint vc="0" uspid="2208" ordinal="6" offset="93" sl="218" sc="25" el="218" ec="46" bec="2" bev="0" fileid="65" />
                <SequencePoint vc="0" uspid="2209" ordinal="7" offset="103" sl="219" sc="29" el="219" ec="81" bec="0" bev="0" fileid="65" />
                <SequencePoint vc="0" uspid="2210" ordinal="8" offset="119" sl="221" sc="17" el="221" ec="18" bec="0" bev="0" fileid="65" />
                <SequencePoint vc="0" uspid="2211" ordinal="9" offset="121" sl="222" sc="17" el="222" ec="22" bec="0" bev="0" fileid="65" />
                <SequencePoint vc="0" uspid="2212" ordinal="10" offset="122" sl="222" sc="25" el="222" ec="26" bec="0" bev="0" fileid="65" />
                <SequencePoint vc="0" uspid="2213" ordinal="11" offset="130" sl="211" sc="36" el="211" ec="38" bec="0" bev="0" fileid="65" />
                <SequencePoint vc="0" uspid="2214" ordinal="12" offset="137" sl="225" sc="13" el="225" ec="84" bec="2" bev="0" fileid="65" />
                <SequencePoint vc="0" uspid="2215" ordinal="13" offset="161" sl="227" sc="17" el="227" ec="50" bec="0" bev="0" fileid="65" />
                <SequencePoint vc="0" uspid="2216" ordinal="14" offset="169" sl="228" sc="17" el="228" ec="53" bec="0" bev="0" fileid="65" />
                <SequencePoint vc="0" uspid="2217" ordinal="15" offset="177" sl="229" sc="17" el="231" ec="86" bec="0" bev="0" fileid="65" />
                <SequencePoint vc="0" uspid="2218" ordinal="16" offset="247" sl="233" sc="17" el="233" ec="53" bec="0" bev="0" fileid="65" />
                <SequencePoint vc="0" uspid="2219" ordinal="17" offset="254" sl="234" sc="17" el="234" ec="83" bec="2" bev="0" fileid="65" />
                <SequencePoint vc="0" uspid="2220" ordinal="18" offset="274" sl="236" sc="21" el="236" ec="181" bec="0" bev="0" fileid="65" />
                <SequencePoint vc="0" uspid="2221" ordinal="19" offset="295" sl="237" sc="21" el="237" ec="54" bec="2" bev="0" fileid="65" />
                <SequencePoint vc="0" uspid="2222" ordinal="20" offset="299" sl="239" sc="25" el="239" ec="87" bec="0" bev="0" fileid="65" />
                <SequencePoint vc="0" uspid="2223" ordinal="21" offset="308" sl="241" sc="25" el="241" ec="84" bec="0" bev="0" fileid="65" />
                <SequencePoint vc="0" uspid="2224" ordinal="22" offset="318" sl="242" sc="25" el="242" ec="46" bec="2" bev="0" fileid="65" />
                <SequencePoint vc="0" uspid="2225" ordinal="23" offset="328" sl="243" sc="29" el="243" ec="81" bec="0" bev="0" fileid="65" />
                <SequencePoint vc="0" uspid="2226" ordinal="24" offset="338" sl="245" sc="25" el="245" ec="68" bec="2" bev="0" fileid="65" />
                <SequencePoint vc="0" uspid="2227" ordinal="25" offset="349" sl="246" sc="29" el="246" ec="259" bec="0" bev="0" fileid="65" />
                <SequencePoint vc="0" uspid="2228" ordinal="26" offset="415" sl="247" sc="21" el="247" ec="22" bec="0" bev="0" fileid="65" />
                <SequencePoint vc="0" uspid="2229" ordinal="27" offset="420" sl="250" sc="25" el="250" ec="68" bec="2" bev="0" fileid="65" />
                <SequencePoint vc="0" uspid="2230" ordinal="28" offset="431" sl="251" sc="29" el="251" ec="342" bec="4" bev="0" fileid="65" />
                <SequencePoint vc="0" uspid="2231" ordinal="29" offset="584" sl="253" sc="17" el="253" ec="18" bec="0" bev="0" fileid="65" />
                <SequencePoint vc="0" uspid="2232" ordinal="30" offset="589" sl="256" sc="21" el="256" ec="64" bec="2" bev="0" fileid="65" />
                <SequencePoint vc="0" uspid="2233" ordinal="31" offset="600" sl="257" sc="25" el="257" ec="351" bec="4" bev="0" fileid="65" />
                <SequencePoint vc="0" uspid="2234" ordinal="32" offset="758" sl="261" sc="13" el="261" ec="44" bec="0" bev="0" fileid="65" />
                <SequencePoint vc="0" uspid="2235" ordinal="33" offset="764" sl="262" sc="9" el="262" ec="10" bec="0" bev="0" fileid="65" />
              </SequencePoints>
              <BranchPoints>
                <BranchPoint vc="0" uspid="2236" ordinal="0" offset="81" sl="215" path="0" offsetend="83" fileid="65" />
                <BranchPoint vc="0" uspid="2237" ordinal="1" offset="81" sl="215" path="1" offsetend="119" fileid="65" />
                <BranchPoint vc="0" uspid="2238" ordinal="2" offset="101" sl="218" path="0" offsetend="103" fileid="65" />
                <BranchPoint vc="0" uspid="2239" ordinal="3" offset="101" sl="218" path="1" offsetend="119" fileid="65" />
                <BranchPoint vc="0" uspid="2242" ordinal="6" offset="156" sl="225" path="0" offsetend="161" fileid="65" />
                <BranchPoint vc="0" uspid="2243" ordinal="7" offset="156" sl="225" path="1" offsetend="758" fileid="65" />
                <BranchPoint vc="0" uspid="2244" ordinal="8" offset="269" sl="234" path="0" offsetend="274" fileid="65" />
                <BranchPoint vc="0" uspid="2245" ordinal="9" offset="269" sl="234" path="1" offsetend="589" fileid="65" />
                <BranchPoint vc="0" uspid="2246" ordinal="10" offset="297" sl="237" path="0" offsetend="299" fileid="65" />
                <BranchPoint vc="0" uspid="2247" ordinal="11" offset="297" sl="237" path="1" offsetend="420" fileid="65" />
                <BranchPoint vc="0" uspid="2248" ordinal="12" offset="326" sl="242" path="0" offsetend="328" fileid="65" />
                <BranchPoint vc="0" uspid="2249" ordinal="13" offset="326" sl="242" path="1" offsetend="338" fileid="65" />
                <BranchPoint vc="0" uspid="2250" ordinal="14" offset="344" sl="245" path="0" offsetend="349" fileid="65" />
                <BranchPoint vc="0" uspid="2251" ordinal="15" offset="344" sl="245" path="1" offsetend="758" fileid="65" />
                <BranchPoint vc="0" uspid="2252" ordinal="16" offset="426" sl="250" path="0" offsetend="431" fileid="65" />
                <BranchPoint vc="0" uspid="2253" ordinal="17" offset="426" sl="250" path="1" offsetend="758" fileid="65" />
                <BranchPoint vc="0" uspid="2254" ordinal="18" offset="483" sl="251" path="0" offsetend="485" fileid="65" />
                <BranchPoint vc="0" uspid="2255" ordinal="19" offset="483" sl="251" path="1" offsetend="508" fileid="65" />
                <BranchPoint vc="0" uspid="2256" ordinal="20" offset="524" sl="251" path="0" offsetend="526" fileid="65" />
                <BranchPoint vc="0" uspid="2257" ordinal="21" offset="524" sl="251" path="1" offsetend="549" fileid="65" />
                <BranchPoint vc="0" uspid="2258" ordinal="22" offset="595" sl="256" path="0" offsetend="600" fileid="65" />
                <BranchPoint vc="0" uspid="2259" ordinal="23" offset="595" sl="256" path="1" offsetend="758" fileid="65" />
                <BranchPoint vc="0" uspid="2260" ordinal="24" offset="657" sl="257" path="0" offsetend="659" fileid="65" />
                <BranchPoint vc="0" uspid="2261" ordinal="25" offset="657" sl="257" path="1" offsetend="682" fileid="65" />
                <BranchPoint vc="0" uspid="2262" ordinal="26" offset="698" sl="257" path="0" offsetend="700" fileid="65" />
                <BranchPoint vc="0" uspid="2263" ordinal="27" offset="698" sl="257" path="1" offsetend="723" fileid="65" />
              </BranchPoints>
              <MethodPoint vc="0" uspid="2264" ordinal="0" offset="0" />
            </Method>
            <Method visited="false" cyclomaticComplexity="11" nPathComplexity="512" sequenceCoverage="0" branchCoverage="0" crapScore="132" isConstructor="false" isStatic="false" isGetter="false" isSetter="false">
              <Summary numSequencePoints="19" visitedSequencePoints="0" numBranchPoints="19" visitedBranchPoints="0" sequenceCoverage="0" branchCoverage="0" maxCyclomaticComplexity="11" minCyclomaticComplexity="11" maxCrapScore="132" minCrapScore="132" visitedClasses="0" numClasses="0" visitedMethods="0" numMethods="1" />
              <MetadataToken>100663621</MetadataToken>
              <Name>System.String Xunit.DependencyContextAssemblyCache::ResolveUnmanagedLibrary(System.String)</Name>
              <FileRef uid="65" />
              <SequencePoints>
                <SequencePoint vc="0" uspid="2265" ordinal="0" offset="0" sl="266" sc="36" el="266" ec="55" bec="0" bev="0" fileid="65" />
                <SequencePoint vc="0" uspid="2266" ordinal="1" offset="14" sl="266" sc="22" el="266" ec="32" bec="0" bev="0" fileid="65" />
                <SequencePoint vc="0" uspid="2267" ordinal="2" offset="24" sl="268" sc="17" el="268" ec="93" bec="0" bev="0" fileid="65" />
                <SequencePoint vc="0" uspid="2268" ordinal="3" offset="37" sl="270" sc="17" el="270" ec="103" bec="2" bev="0" fileid="65" />
                <SequencePoint vc="0" uspid="2269" ordinal="4" offset="61" sl="272" sc="21" el="272" ec="54" bec="0" bev="0" fileid="65" />
                <SequencePoint vc="0" uspid="2270" ordinal="5" offset="70" sl="273" sc="21" el="273" ec="57" bec="0" bev="0" fileid="65" />
                <SequencePoint vc="0" uspid="2271" ordinal="6" offset="79" sl="274" sc="21" el="274" ec="183" bec="0" bev="0" fileid="65" />
                <SequencePoint vc="0" uspid="2272" ordinal="7" offset="135" sl="276" sc="21" el="276" ec="57" bec="0" bev="0" fileid="65" />
                <SequencePoint vc="0" uspid="2273" ordinal="8" offset="142" sl="277" sc="21" el="277" ec="87" bec="2" bev="0" fileid="65" />
                <SequencePoint vc="0" uspid="2274" ordinal="9" offset="162" sl="279" sc="25" el="279" ec="182" bec="0" bev="0" fileid="65" />
                <SequencePoint vc="0" uspid="2275" ordinal="10" offset="183" sl="280" sc="25" el="280" ec="58" bec="2" bev="0" fileid="65" />
                <SequencePoint vc="0" uspid="2276" ordinal="11" offset="187" sl="281" sc="29" el="281" ec="75" bec="0" bev="0" fileid="65" />
                <SequencePoint vc="0" uspid="2277" ordinal="12" offset="195" sl="283" sc="25" el="283" ec="68" bec="2" bev="0" fileid="65" />
                <SequencePoint vc="0" uspid="2278" ordinal="13" offset="206" sl="284" sc="29" el="284" ec="315" bec="4" bev="0" fileid="65" />
                <SequencePoint vc="0" uspid="2279" ordinal="14" offset="327" sl="285" sc="21" el="285" ec="22" bec="0" bev="0" fileid="65" />
                <SequencePoint vc="0" uspid="2280" ordinal="15" offset="332" sl="288" sc="25" el="288" ec="68" bec="2" bev="0" fileid="65" />
                <SequencePoint vc="0" uspid="2281" ordinal="16" offset="340" sl="289" sc="29" el="289" ec="328" bec="4" bev="0" fileid="65" />
                <SequencePoint vc="0" uspid="2282" ordinal="17" offset="470" sl="266" sc="33" el="266" ec="35" bec="0" bev="0" fileid="65" />
                <SequencePoint vc="0" uspid="2283" ordinal="18" offset="479" sl="294" sc="13" el="294" ec="25" bec="0" bev="0" fileid="65" />
              </SequencePoints>
              <BranchPoints>
                <BranchPoint vc="0" uspid="2284" ordinal="0" offset="56" sl="270" path="0" offsetend="61" fileid="65" />
                <BranchPoint vc="0" uspid="2285" ordinal="1" offset="56" sl="270" path="1" offsetend="466" fileid="65" />
                <BranchPoint vc="0" uspid="2286" ordinal="2" offset="157" sl="277" path="0" offsetend="162" fileid="65" />
                <BranchPoint vc="0" uspid="2287" ordinal="3" offset="157" sl="277" path="1" offsetend="332" fileid="65" />
                <BranchPoint vc="0" uspid="2288" ordinal="4" offset="185" sl="280" path="0" offsetend="187" fileid="65" />
                <BranchPoint vc="0" uspid="2289" ordinal="5" offset="185" sl="280" path="1" offsetend="195" fileid="65" />
                <BranchPoint vc="0" uspid="2290" ordinal="6" offset="201" sl="283" path="0" offsetend="206" fileid="65" />
                <BranchPoint vc="0" uspid="2291" ordinal="7" offset="201" sl="283" path="1" offsetend="466" fileid="65" />
                <BranchPoint vc="0" uspid="2292" ordinal="8" offset="230" sl="284" path="0" offsetend="232" fileid="65" />
                <BranchPoint vc="0" uspid="2293" ordinal="9" offset="230" sl="284" path="1" offsetend="255" fileid="65" />
                <BranchPoint vc="0" uspid="2294" ordinal="10" offset="271" sl="284" path="0" offsetend="273" fileid="65" />
                <BranchPoint vc="0" uspid="2295" ordinal="11" offset="271" sl="284" path="1" offsetend="296" fileid="65" />
                <BranchPoint vc="0" uspid="2296" ordinal="12" offset="338" sl="288" path="0" offsetend="340" fileid="65" />
                <BranchPoint vc="0" uspid="2297" ordinal="13" offset="338" sl="288" path="1" offsetend="466" fileid="65" />
                <BranchPoint vc="0" uspid="2298" ordinal="14" offset="369" sl="289" path="0" offsetend="371" fileid="65" />
                <BranchPoint vc="0" uspid="2299" ordinal="15" offset="369" sl="289" path="1" offsetend="394" fileid="65" />
                <BranchPoint vc="0" uspid="2300" ordinal="16" offset="410" sl="289" path="0" offsetend="412" fileid="65" />
                <BranchPoint vc="0" uspid="2301" ordinal="17" offset="410" sl="289" path="1" offsetend="435" fileid="65" />
              </BranchPoints>
              <MethodPoint xsi:type="SequencePoint" vc="0" uspid="2265" ordinal="0" offset="0" sl="266" sc="36" el="266" ec="55" bec="0" bev="0" fileid="65" />
            </Method>
            <Method visited="false" cyclomaticComplexity="1" nPathComplexity="0" sequenceCoverage="0" branchCoverage="0" crapScore="2" isConstructor="true" isStatic="true" isGetter="false" isSetter="false">
              <Summary numSequencePoints="4" visitedSequencePoints="0" numBranchPoints="1" visitedBranchPoints="0" sequenceCoverage="0" branchCoverage="0" maxCyclomaticComplexity="1" minCyclomaticComplexity="1" maxCrapScore="2" minCrapScore="2" visitedClasses="0" numClasses="0" visitedMethods="0" numMethods="1" />
              <MetadataToken>100663622</MetadataToken>
              <Name>System.Void Xunit.DependencyContextAssemblyCache::.cctor()</Name>
              <FileRef uid="65" />
              <SequencePoints>
                <SequencePoint vc="0" uspid="2304" ordinal="0" offset="0" sl="18" sc="9" el="18" ec="102" bec="0" bev="0" fileid="65" />
                <SequencePoint vc="0" uspid="2305" ordinal="1" offset="37" sl="19" sc="9" el="19" ec="81" bec="0" bev="0" fileid="65" />
                <SequencePoint vc="0" uspid="2306" ordinal="2" offset="64" sl="20" sc="9" el="20" ec="115" bec="0" bev="0" fileid="65" />
                <SequencePoint vc="0" uspid="2307" ordinal="3" offset="76" sl="21" sc="9" el="21" ec="156" bec="0" bev="0" fileid="65" />
              </SequencePoints>
              <BranchPoints />
              <MethodPoint xsi:type="SequencePoint" vc="0" uspid="2304" ordinal="0" offset="0" sl="18" sc="9" el="18" ec="102" bec="0" bev="0" fileid="65" />
            </Method>
            <Method visited="false" cyclomaticComplexity="1" nPathComplexity="0" sequenceCoverage="0" branchCoverage="0" crapScore="2" isConstructor="false" isStatic="false" isGetter="false" isSetter="false">
              <Summary numSequencePoints="1" visitedSequencePoints="0" numBranchPoints="1" visitedBranchPoints="0" sequenceCoverage="0" branchCoverage="0" maxCyclomaticComplexity="1" minCyclomaticComplexity="1" maxCrapScore="2" minCrapScore="2" visitedClasses="0" numClasses="0" visitedMethods="0" numMethods="1" />
              <MetadataToken>100663623</MetadataToken>
              <Name>System.String Xunit.DependencyContextAssemblyCache::&lt;.ctor&gt;b__17_0()</Name>
              <FileRef uid="65" />
              <SequencePoints>
                <SequencePoint vc="0" uspid="2308" ordinal="0" offset="0" sl="51" sc="64" el="51" ec="113" bec="0" bev="0" fileid="65" />
              </SequencePoints>
              <BranchPoints />
              <MethodPoint xsi:type="SequencePoint" vc="0" uspid="2308" ordinal="0" offset="0" sl="51" sc="64" el="51" ec="113" bec="0" bev="0" fileid="65" />
            </Method>
            <Method visited="false" cyclomaticComplexity="1" nPathComplexity="0" sequenceCoverage="0" branchCoverage="0" crapScore="2" isConstructor="false" isStatic="false" isGetter="false" isSetter="false">
              <Summary numSequencePoints="1" visitedSequencePoints="0" numBranchPoints="1" visitedBranchPoints="0" sequenceCoverage="0" branchCoverage="0" maxCyclomaticComplexity="1" minCyclomaticComplexity="1" maxCrapScore="2" minCrapScore="2" visitedClasses="0" numClasses="0" visitedMethods="0" numMethods="1" />
              <MetadataToken>100663624</MetadataToken>
              <Name>System.Boolean Xunit.DependencyContextAssemblyCache::&lt;GetFallbacks&gt;b__19_0(Internal.Microsoft.Extensions.DependencyModel.RuntimeFallbacks)</Name>
              <FileRef uid="65" />
              <SequencePoints>
                <SequencePoint vc="0" uspid="2309" ordinal="0" offset="0" sl="100" sc="49" el="100" ec="135" bec="0" bev="0" fileid="65" />
              </SequencePoints>
              <BranchPoints />
              <MethodPoint xsi:type="SequencePoint" vc="0" uspid="2309" ordinal="0" offset="0" sl="100" sc="49" el="100" ec="135" bec="0" bev="0" fileid="65" />
            </Method>
            <Method visited="false" cyclomaticComplexity="1" nPathComplexity="0" sequenceCoverage="0" branchCoverage="0" crapScore="2" isConstructor="false" isStatic="false" isGetter="false" isSetter="false">
              <Summary numSequencePoints="1" visitedSequencePoints="0" numBranchPoints="1" visitedBranchPoints="0" sequenceCoverage="0" branchCoverage="0" maxCyclomaticComplexity="1" minCyclomaticComplexity="1" maxCrapScore="2" minCrapScore="2" visitedClasses="0" numClasses="0" visitedMethods="0" numMethods="1" />
              <MetadataToken>100663625</MetadataToken>
              <Name>System.Boolean Xunit.DependencyContextAssemblyCache::&lt;GetFallbacks&gt;b__19_1(Internal.Microsoft.Extensions.DependencyModel.RuntimeFallbacks)</Name>
              <FileRef uid="65" />
              <SequencePoints>
                <SequencePoint vc="0" uspid="2310" ordinal="0" offset="0" sl="101" sc="49" el="101" ec="142" bec="0" bev="0" fileid="65" />
              </SequencePoints>
              <BranchPoints />
              <MethodPoint xsi:type="SequencePoint" vc="0" uspid="2310" ordinal="0" offset="0" sl="101" sc="49" el="101" ec="142" bec="0" bev="0" fileid="65" />
            </Method>
          </Methods>
        </Class>
        <Class>
          <Summary numSequencePoints="2" visitedSequencePoints="0" numBranchPoints="6" visitedBranchPoints="0" sequenceCoverage="0" branchCoverage="0" maxCyclomaticComplexity="2" minCyclomaticComplexity="1" maxCrapScore="6" minCrapScore="2" visitedClasses="0" numClasses="1" visitedMethods="0" numMethods="2" />
          <FullName>Xunit.DependencyContextAssemblyCache/&lt;&gt;c__DisplayClass17_0</FullName>
          <Methods>
            <Method visited="false" cyclomaticComplexity="1" nPathComplexity="0" sequenceCoverage="0" branchCoverage="0" crapScore="2" isConstructor="true" isStatic="false" isGetter="false" isSetter="false">
              <Summary numSequencePoints="0" visitedSequencePoints="0" numBranchPoints="0" visitedBranchPoints="0" sequenceCoverage="0" branchCoverage="0" maxCyclomaticComplexity="1" minCyclomaticComplexity="1" maxCrapScore="2" minCrapScore="2" visitedClasses="0" numClasses="0" visitedMethods="0" numMethods="0" />
              <MetadataToken>100663756</MetadataToken>
              <Name>System.Void Xunit.DependencyContextAssemblyCache/&lt;&gt;c__DisplayClass17_0::.ctor()</Name>
              <SequencePoints />
              <BranchPoints />
              <MethodPoint vc="0" uspid="2311" ordinal="0" offset="0" />
            </Method>
            <Method visited="false" cyclomaticComplexity="2" nPathComplexity="2" sequenceCoverage="0" branchCoverage="0" crapScore="6" isConstructor="false" isStatic="false" isGetter="false" isSetter="false">
              <Summary numSequencePoints="1" visitedSequencePoints="0" numBranchPoints="3" visitedBranchPoints="0" sequenceCoverage="0" branchCoverage="0" maxCyclomaticComplexity="2" minCyclomaticComplexity="2" maxCrapScore="6" minCrapScore="6" visitedClasses="0" numClasses="0" visitedMethods="0" numMethods="1" />
              <MetadataToken>100663757</MetadataToken>
              <Name>System.Tuple`2&lt;Internal.Microsoft.Extensions.DependencyModel.RuntimeLibrary,Internal.Microsoft.Extensions.DependencyModel.RuntimeAssetGroup&gt; Xunit.DependencyContextAssemblyCache/&lt;&gt;c__DisplayClass17_0::&lt;.ctor&gt;b__4(Internal.Microsoft.Extensions.DependencyModel.RuntimeLibrary)</Name>
              <FileRef uid="65" />
              <SequencePoints>
                <SequencePoint vc="0" uspid="2312" ordinal="0" offset="13" sl="66" sc="49" el="67" ec="124" bec="2" bev="0" fileid="65" />
              </SequencePoints>
              <BranchPoints>
                <BranchPoint vc="0" uspid="2313" ordinal="0" offset="42" sl="66" path="0" offsetend="44" fileid="65" />
                <BranchPoint vc="0" uspid="2314" ordinal="1" offset="42" sl="66" path="1" offsetend="67" fileid="65" />
              </BranchPoints>
              <MethodPoint vc="0" uspid="2315" ordinal="0" offset="0" />
            </Method>
            <Method visited="false" cyclomaticComplexity="2" nPathComplexity="2" sequenceCoverage="0" branchCoverage="0" crapScore="6" isConstructor="false" isStatic="false" isGetter="false" isSetter="false">
              <Summary numSequencePoints="1" visitedSequencePoints="0" numBranchPoints="3" visitedBranchPoints="0" sequenceCoverage="0" branchCoverage="0" maxCyclomaticComplexity="2" minCyclomaticComplexity="2" maxCrapScore="6" minCrapScore="6" visitedClasses="0" numClasses="0" visitedMethods="0" numMethods="1" />
              <MetadataToken>100663758</MetadataToken>
              <Name>System.Tuple`2&lt;Internal.Microsoft.Extensions.DependencyModel.RuntimeLibrary,Internal.Microsoft.Extensions.DependencyModel.RuntimeAssetGroup&gt; Xunit.DependencyContextAssemblyCache/&lt;&gt;c__DisplayClass17_0::&lt;.ctor&gt;b__11(Internal.Microsoft.Extensions.DependencyModel.RuntimeLibrary)</Name>
              <FileRef uid="65" />
              <SequencePoints>
                <SequencePoint vc="0" uspid="2316" ordinal="0" offset="13" sl="80" sc="49" el="81" ec="124" bec="2" bev="0" fileid="65" />
              </SequencePoints>
              <BranchPoints>
                <BranchPoint vc="0" uspid="2317" ordinal="0" offset="42" sl="80" path="0" offsetend="44" fileid="65" />
                <BranchPoint vc="0" uspid="2318" ordinal="1" offset="42" sl="80" path="1" offsetend="67" fileid="65" />
              </BranchPoints>
              <MethodPoint vc="0" uspid="2319" ordinal="0" offset="0" />
            </Method>
          </Methods>
        </Class>
        <Class>
          <Summary numSequencePoints="1" visitedSequencePoints="0" numBranchPoints="1" visitedBranchPoints="0" sequenceCoverage="0" branchCoverage="0" maxCyclomaticComplexity="1" minCyclomaticComplexity="1" maxCrapScore="2" minCrapScore="2" visitedClasses="0" numClasses="1" visitedMethods="0" numMethods="1" />
          <FullName>Xunit.DependencyContextAssemblyCache/&lt;&gt;c__DisplayClass17_1</FullName>
          <Methods>
            <Method visited="false" cyclomaticComplexity="1" nPathComplexity="0" sequenceCoverage="0" branchCoverage="0" crapScore="2" isConstructor="true" isStatic="false" isGetter="false" isSetter="false">
              <Summary numSequencePoints="0" visitedSequencePoints="0" numBranchPoints="0" visitedBranchPoints="0" sequenceCoverage="0" branchCoverage="0" maxCyclomaticComplexity="1" minCyclomaticComplexity="1" maxCrapScore="2" minCrapScore="2" visitedClasses="0" numClasses="0" visitedMethods="0" numMethods="0" />
              <MetadataToken>100663759</MetadataToken>
              <Name>System.Void Xunit.DependencyContextAssemblyCache/&lt;&gt;c__DisplayClass17_1::.ctor()</Name>
              <SequencePoints />
              <BranchPoints />
              <MethodPoint vc="0" uspid="2320" ordinal="0" offset="0" />
            </Method>
            <Method visited="false" cyclomaticComplexity="1" nPathComplexity="0" sequenceCoverage="0" branchCoverage="0" crapScore="2" isConstructor="false" isStatic="false" isGetter="false" isSetter="false">
              <Summary numSequencePoints="1" visitedSequencePoints="0" numBranchPoints="1" visitedBranchPoints="0" sequenceCoverage="0" branchCoverage="0" maxCyclomaticComplexity="1" minCyclomaticComplexity="1" maxCrapScore="2" minCrapScore="2" visitedClasses="0" numClasses="0" visitedMethods="0" numMethods="1" />
              <MetadataToken>100663760</MetadataToken>
              <Name>System.Tuple`2&lt;Internal.Microsoft.Extensions.DependencyModel.RuntimeLibrary,Internal.Microsoft.Extensions.DependencyModel.RuntimeAssetGroup&gt; Xunit.DependencyContextAssemblyCache/&lt;&gt;c__DisplayClass17_1::&lt;.ctor&gt;b__18(System.String)</Name>
              <FileRef uid="65" />
              <SequencePoints>
                <SequencePoint vc="0" uspid="2321" ordinal="0" offset="13" sl="66" sc="86" el="66" ec="199" bec="0" bev="0" fileid="65" />
              </SequencePoints>
              <BranchPoints />
              <MethodPoint vc="0" uspid="2322" ordinal="0" offset="0" />
            </Method>
          </Methods>
        </Class>
        <Class>
          <Summary numSequencePoints="1" visitedSequencePoints="0" numBranchPoints="1" visitedBranchPoints="0" sequenceCoverage="0" branchCoverage="0" maxCyclomaticComplexity="1" minCyclomaticComplexity="1" maxCrapScore="2" minCrapScore="2" visitedClasses="0" numClasses="1" visitedMethods="0" numMethods="1" />
          <FullName>Xunit.DependencyContextAssemblyCache/&lt;&gt;c__DisplayClass17_2</FullName>
          <Methods>
            <Method visited="false" cyclomaticComplexity="1" nPathComplexity="0" sequenceCoverage="0" branchCoverage="0" crapScore="2" isConstructor="true" isStatic="false" isGetter="false" isSetter="false">
              <Summary numSequencePoints="0" visitedSequencePoints="0" numBranchPoints="0" visitedBranchPoints="0" sequenceCoverage="0" branchCoverage="0" maxCyclomaticComplexity="1" minCyclomaticComplexity="1" maxCrapScore="2" minCrapScore="2" visitedClasses="0" numClasses="0" visitedMethods="0" numMethods="0" />
              <MetadataToken>100663761</MetadataToken>
              <Name>System.Void Xunit.DependencyContextAssemblyCache/&lt;&gt;c__DisplayClass17_2::.ctor()</Name>
              <SequencePoints />
              <BranchPoints />
              <MethodPoint vc="0" uspid="2323" ordinal="0" offset="0" />
            </Method>
            <Method visited="false" cyclomaticComplexity="1" nPathComplexity="0" sequenceCoverage="0" branchCoverage="0" crapScore="2" isConstructor="false" isStatic="false" isGetter="false" isSetter="false">
              <Summary numSequencePoints="1" visitedSequencePoints="0" numBranchPoints="1" visitedBranchPoints="0" sequenceCoverage="0" branchCoverage="0" maxCyclomaticComplexity="1" minCyclomaticComplexity="1" maxCrapScore="2" minCrapScore="2" visitedClasses="0" numClasses="0" visitedMethods="0" numMethods="1" />
              <MetadataToken>100663762</MetadataToken>
              <Name>System.Boolean Xunit.DependencyContextAssemblyCache/&lt;&gt;c__DisplayClass17_2::&lt;.ctor&gt;b__20(Internal.Microsoft.Extensions.DependencyModel.RuntimeAssetGroup)</Name>
              <FileRef uid="65" />
              <SequencePoints>
                <SequencePoint vc="0" uspid="2324" ordinal="0" offset="0" sl="66" sc="157" el="66" ec="197" bec="0" bev="0" fileid="65" />
              </SequencePoints>
              <BranchPoints />
              <MethodPoint xsi:type="SequencePoint" vc="0" uspid="2324" ordinal="0" offset="0" sl="66" sc="157" el="66" ec="197" bec="0" bev="0" fileid="65" />
            </Method>
          </Methods>
        </Class>
        <Class>
          <Summary numSequencePoints="1" visitedSequencePoints="0" numBranchPoints="1" visitedBranchPoints="0" sequenceCoverage="0" branchCoverage="0" maxCyclomaticComplexity="1" minCyclomaticComplexity="1" maxCrapScore="2" minCrapScore="2" visitedClasses="0" numClasses="1" visitedMethods="0" numMethods="1" />
          <FullName>Xunit.DependencyContextAssemblyCache/&lt;&gt;c__DisplayClass17_3</FullName>
          <Methods>
            <Method visited="false" cyclomaticComplexity="1" nPathComplexity="0" sequenceCoverage="0" branchCoverage="0" crapScore="2" isConstructor="true" isStatic="false" isGetter="false" isSetter="false">
              <Summary numSequencePoints="0" visitedSequencePoints="0" numBranchPoints="0" visitedBranchPoints="0" sequenceCoverage="0" branchCoverage="0" maxCyclomaticComplexity="1" minCyclomaticComplexity="1" maxCrapScore="2" minCrapScore="2" visitedClasses="0" numClasses="0" visitedMethods="0" numMethods="0" />
              <MetadataToken>100663763</MetadataToken>
              <Name>System.Void Xunit.DependencyContextAssemblyCache/&lt;&gt;c__DisplayClass17_3::.ctor()</Name>
              <SequencePoints />
              <BranchPoints />
              <MethodPoint vc="0" uspid="2325" ordinal="0" offset="0" />
            </Method>
            <Method visited="false" cyclomaticComplexity="1" nPathComplexity="0" sequenceCoverage="0" branchCoverage="0" crapScore="2" isConstructor="false" isStatic="false" isGetter="false" isSetter="false">
              <Summary numSequencePoints="1" visitedSequencePoints="0" numBranchPoints="1" visitedBranchPoints="0" sequenceCoverage="0" branchCoverage="0" maxCyclomaticComplexity="1" minCyclomaticComplexity="1" maxCrapScore="2" minCrapScore="2" visitedClasses="0" numClasses="0" visitedMethods="0" numMethods="1" />
              <MetadataToken>100663764</MetadataToken>
              <Name>System.Tuple`2&lt;System.String,System.Tuple`2&lt;Internal.Microsoft.Extensions.DependencyModel.RuntimeLibrary,Internal.Microsoft.Extensions.DependencyModel.RuntimeAssetGroup&gt;&gt; Xunit.DependencyContextAssemblyCache/&lt;&gt;c__DisplayClass17_3::&lt;.ctor&gt;b__22(System.String)</Name>
              <FileRef uid="65" />
              <SequencePoints>
                <SequencePoint vc="0" uspid="2326" ordinal="0" offset="0" sl="70" sc="93" el="70" ec="185" bec="0" bev="0" fileid="65" />
              </SequencePoints>
              <BranchPoints />
              <MethodPoint xsi:type="SequencePoint" vc="0" uspid="2326" ordinal="0" offset="0" sl="70" sc="93" el="70" ec="185" bec="0" bev="0" fileid="65" />
            </Method>
          </Methods>
        </Class>
        <Class>
          <Summary numSequencePoints="1" visitedSequencePoints="0" numBranchPoints="1" visitedBranchPoints="0" sequenceCoverage="0" branchCoverage="0" maxCyclomaticComplexity="1" minCyclomaticComplexity="1" maxCrapScore="2" minCrapScore="2" visitedClasses="0" numClasses="1" visitedMethods="0" numMethods="1" />
          <FullName>Xunit.DependencyContextAssemblyCache/&lt;&gt;c__DisplayClass17_4</FullName>
          <Methods>
            <Method visited="false" cyclomaticComplexity="1" nPathComplexity="0" sequenceCoverage="0" branchCoverage="0" crapScore="2" isConstructor="true" isStatic="false" isGetter="false" isSetter="false">
              <Summary numSequencePoints="0" visitedSequencePoints="0" numBranchPoints="0" visitedBranchPoints="0" sequenceCoverage="0" branchCoverage="0" maxCyclomaticComplexity="1" minCyclomaticComplexity="1" maxCrapScore="2" minCrapScore="2" visitedClasses="0" numClasses="0" visitedMethods="0" numMethods="0" />
              <MetadataToken>100663765</MetadataToken>
              <Name>System.Void Xunit.DependencyContextAssemblyCache/&lt;&gt;c__DisplayClass17_4::.ctor()</Name>
              <SequencePoints />
              <BranchPoints />
              <MethodPoint vc="0" uspid="2327" ordinal="0" offset="0" />
            </Method>
            <Method visited="false" cyclomaticComplexity="1" nPathComplexity="0" sequenceCoverage="0" branchCoverage="0" crapScore="2" isConstructor="false" isStatic="false" isGetter="false" isSetter="false">
              <Summary numSequencePoints="1" visitedSequencePoints="0" numBranchPoints="1" visitedBranchPoints="0" sequenceCoverage="0" branchCoverage="0" maxCyclomaticComplexity="1" minCyclomaticComplexity="1" maxCrapScore="2" minCrapScore="2" visitedClasses="0" numClasses="0" visitedMethods="0" numMethods="1" />
              <MetadataToken>100663766</MetadataToken>
              <Name>System.Tuple`2&lt;Internal.Microsoft.Extensions.DependencyModel.RuntimeLibrary,Internal.Microsoft.Extensions.DependencyModel.RuntimeAssetGroup&gt; Xunit.DependencyContextAssemblyCache/&lt;&gt;c__DisplayClass17_4::&lt;.ctor&gt;b__23(System.String)</Name>
              <FileRef uid="65" />
              <SequencePoints>
                <SequencePoint vc="0" uspid="2328" ordinal="0" offset="13" sl="80" sc="86" el="80" ec="197" bec="0" bev="0" fileid="65" />
              </SequencePoints>
              <BranchPoints />
              <MethodPoint vc="0" uspid="2329" ordinal="0" offset="0" />
            </Method>
          </Methods>
        </Class>
        <Class>
          <Summary numSequencePoints="1" visitedSequencePoints="0" numBranchPoints="1" visitedBranchPoints="0" sequenceCoverage="0" branchCoverage="0" maxCyclomaticComplexity="1" minCyclomaticComplexity="1" maxCrapScore="2" minCrapScore="2" visitedClasses="0" numClasses="1" visitedMethods="0" numMethods="1" />
          <FullName>Xunit.DependencyContextAssemblyCache/&lt;&gt;c__DisplayClass17_5</FullName>
          <Methods>
            <Method visited="false" cyclomaticComplexity="1" nPathComplexity="0" sequenceCoverage="0" branchCoverage="0" crapScore="2" isConstructor="true" isStatic="false" isGetter="false" isSetter="false">
              <Summary numSequencePoints="0" visitedSequencePoints="0" numBranchPoints="0" visitedBranchPoints="0" sequenceCoverage="0" branchCoverage="0" maxCyclomaticComplexity="1" minCyclomaticComplexity="1" maxCrapScore="2" minCrapScore="2" visitedClasses="0" numClasses="0" visitedMethods="0" numMethods="0" />
              <MetadataToken>100663767</MetadataToken>
              <Name>System.Void Xunit.DependencyContextAssemblyCache/&lt;&gt;c__DisplayClass17_5::.ctor()</Name>
              <SequencePoints />
              <BranchPoints />
              <MethodPoint vc="0" uspid="2330" ordinal="0" offset="0" />
            </Method>
            <Method visited="false" cyclomaticComplexity="1" nPathComplexity="0" sequenceCoverage="0" branchCoverage="0" crapScore="2" isConstructor="false" isStatic="false" isGetter="false" isSetter="false">
              <Summary numSequencePoints="1" visitedSequencePoints="0" numBranchPoints="1" visitedBranchPoints="0" sequenceCoverage="0" branchCoverage="0" maxCyclomaticComplexity="1" minCyclomaticComplexity="1" maxCrapScore="2" minCrapScore="2" visitedClasses="0" numClasses="0" visitedMethods="0" numMethods="1" />
              <MetadataToken>100663768</MetadataToken>
              <Name>System.Boolean Xunit.DependencyContextAssemblyCache/&lt;&gt;c__DisplayClass17_5::&lt;.ctor&gt;b__25(Internal.Microsoft.Extensions.DependencyModel.RuntimeAssetGroup)</Name>
              <FileRef uid="65" />
              <SequencePoints>
                <SequencePoint vc="0" uspid="2331" ordinal="0" offset="0" sl="80" sc="155" el="80" ec="195" bec="0" bev="0" fileid="65" />
              </SequencePoints>
              <BranchPoints />
              <MethodPoint xsi:type="SequencePoint" vc="0" uspid="2331" ordinal="0" offset="0" sl="80" sc="155" el="80" ec="195" bec="0" bev="0" fileid="65" />
            </Method>
          </Methods>
        </Class>
        <Class>
          <Summary numSequencePoints="1" visitedSequencePoints="0" numBranchPoints="1" visitedBranchPoints="0" sequenceCoverage="0" branchCoverage="0" maxCyclomaticComplexity="1" minCyclomaticComplexity="1" maxCrapScore="2" minCrapScore="2" visitedClasses="0" numClasses="1" visitedMethods="0" numMethods="1" />
          <FullName>Xunit.DependencyContextAssemblyCache/&lt;&gt;c__DisplayClass17_6</FullName>
          <Methods>
            <Method visited="false" cyclomaticComplexity="1" nPathComplexity="0" sequenceCoverage="0" branchCoverage="0" crapScore="2" isConstructor="true" isStatic="false" isGetter="false" isSetter="false">
              <Summary numSequencePoints="0" visitedSequencePoints="0" numBranchPoints="0" visitedBranchPoints="0" sequenceCoverage="0" branchCoverage="0" maxCyclomaticComplexity="1" minCyclomaticComplexity="1" maxCrapScore="2" minCrapScore="2" visitedClasses="0" numClasses="0" visitedMethods="0" numMethods="0" />
              <MetadataToken>100663769</MetadataToken>
              <Name>System.Void Xunit.DependencyContextAssemblyCache/&lt;&gt;c__DisplayClass17_6::.ctor()</Name>
              <SequencePoints />
              <BranchPoints />
              <MethodPoint vc="0" uspid="2332" ordinal="0" offset="0" />
            </Method>
            <Method visited="false" cyclomaticComplexity="1" nPathComplexity="0" sequenceCoverage="0" branchCoverage="0" crapScore="2" isConstructor="false" isStatic="false" isGetter="false" isSetter="false">
              <Summary numSequencePoints="1" visitedSequencePoints="0" numBranchPoints="1" visitedBranchPoints="0" sequenceCoverage="0" branchCoverage="0" maxCyclomaticComplexity="1" minCyclomaticComplexity="1" maxCrapScore="2" minCrapScore="2" visitedClasses="0" numClasses="0" visitedMethods="0" numMethods="1" />
              <MetadataToken>100663770</MetadataToken>
              <Name>System.Tuple`2&lt;System.String,System.Tuple`2&lt;Internal.Microsoft.Extensions.DependencyModel.RuntimeLibrary,Internal.Microsoft.Extensions.DependencyModel.RuntimeAssetGroup&gt;&gt; Xunit.DependencyContextAssemblyCache/&lt;&gt;c__DisplayClass17_6::&lt;.ctor&gt;b__27(System.String)</Name>
              <FileRef uid="65" />
              <SequencePoints>
                <SequencePoint vc="0" uspid="2333" ordinal="0" offset="0" sl="84" sc="93" el="84" ec="169" bec="0" bev="0" fileid="65" />
              </SequencePoints>
              <BranchPoints />
              <MethodPoint xsi:type="SequencePoint" vc="0" uspid="2333" ordinal="0" offset="0" sl="84" sc="93" el="84" ec="169" bec="0" bev="0" fileid="65" />
            </Method>
          </Methods>
        </Class>
        <Class>
          <Summary numSequencePoints="27" visitedSequencePoints="0" numBranchPoints="37" visitedBranchPoints="0" sequenceCoverage="0" branchCoverage="0" maxCyclomaticComplexity="3" minCyclomaticComplexity="1" maxCrapScore="12" minCrapScore="2" visitedClasses="0" numClasses="1" visitedMethods="0" numMethods="27" />
          <FullName>Xunit.DependencyContextAssemblyCache/&lt;&gt;c</FullName>
          <Methods>
            <Method visited="false" cyclomaticComplexity="1" nPathComplexity="0" sequenceCoverage="0" branchCoverage="0" crapScore="2" isConstructor="true" isStatic="true" isGetter="false" isSetter="false">
              <Summary numSequencePoints="0" visitedSequencePoints="0" numBranchPoints="0" visitedBranchPoints="0" sequenceCoverage="0" branchCoverage="0" maxCyclomaticComplexity="1" minCyclomaticComplexity="1" maxCrapScore="2" minCrapScore="2" visitedClasses="0" numClasses="0" visitedMethods="0" numMethods="0" />
              <MetadataToken>100663771</MetadataToken>
              <Name>System.Void Xunit.DependencyContextAssemblyCache/&lt;&gt;c::.cctor()</Name>
              <SequencePoints />
              <BranchPoints />
              <MethodPoint vc="0" uspid="2334" ordinal="0" offset="0" />
            </Method>
            <Method visited="false" cyclomaticComplexity="1" nPathComplexity="0" sequenceCoverage="0" branchCoverage="0" crapScore="2" isConstructor="true" isStatic="false" isGetter="false" isSetter="false">
              <Summary numSequencePoints="0" visitedSequencePoints="0" numBranchPoints="0" visitedBranchPoints="0" sequenceCoverage="0" branchCoverage="0" maxCyclomaticComplexity="1" minCyclomaticComplexity="1" maxCrapScore="2" minCrapScore="2" visitedClasses="0" numClasses="0" visitedMethods="0" numMethods="0" />
              <MetadataToken>100663772</MetadataToken>
              <Name>System.Void Xunit.DependencyContextAssemblyCache/&lt;&gt;c::.ctor()</Name>
              <SequencePoints />
              <BranchPoints />
              <MethodPoint vc="0" uspid="2335" ordinal="0" offset="0" />
            </Method>
            <Method visited="false" cyclomaticComplexity="1" nPathComplexity="0" sequenceCoverage="0" branchCoverage="0" crapScore="2" isConstructor="false" isStatic="false" isGetter="false" isSetter="false">
              <Summary numSequencePoints="1" visitedSequencePoints="0" numBranchPoints="1" visitedBranchPoints="0" sequenceCoverage="0" branchCoverage="0" maxCyclomaticComplexity="1" minCyclomaticComplexity="1" maxCrapScore="2" minCrapScore="2" visitedClasses="0" numClasses="0" visitedMethods="0" numMethods="1" />
              <MetadataToken>100663773</MetadataToken>
              <Name>System.String Xunit.DependencyContextAssemblyCache/&lt;&gt;c::&lt;.ctor&gt;b__17_1(Internal.Microsoft.Extensions.DependencyModel.RuntimeFallbacks)</Name>
              <FileRef uid="65" />
              <SequencePoints>
                <SequencePoint vc="0" uspid="2336" ordinal="0" offset="0" sl="55" sc="199" el="55" ec="215" bec="0" bev="0" fileid="65" />
              </SequencePoints>
              <BranchPoints />
              <MethodPoint xsi:type="SequencePoint" vc="0" uspid="2336" ordinal="0" offset="0" sl="55" sc="199" el="55" ec="215" bec="0" bev="0" fileid="65" />
            </Method>
            <Method visited="false" cyclomaticComplexity="1" nPathComplexity="0" sequenceCoverage="0" branchCoverage="0" crapScore="2" isConstructor="false" isStatic="false" isGetter="false" isSetter="false">
              <Summary numSequencePoints="1" visitedSequencePoints="0" numBranchPoints="1" visitedBranchPoints="0" sequenceCoverage="0" branchCoverage="0" maxCyclomaticComplexity="1" minCyclomaticComplexity="1" maxCrapScore="2" minCrapScore="2" visitedClasses="0" numClasses="0" visitedMethods="0" numMethods="1" />
              <MetadataToken>100663774</MetadataToken>
              <Name>System.String Xunit.DependencyContextAssemblyCache/&lt;&gt;c::&lt;.ctor&gt;b__17_2(System.String)</Name>
              <FileRef uid="65" />
              <SequencePoints>
                <SequencePoint vc="0" uspid="2337" ordinal="0" offset="0" sl="60" sc="193" el="60" ec="201" bec="0" bev="0" fileid="65" />
              </SequencePoints>
              <BranchPoints />
              <MethodPoint xsi:type="SequencePoint" vc="0" uspid="2337" ordinal="0" offset="0" sl="60" sc="193" el="60" ec="201" bec="0" bev="0" fileid="65" />
            </Method>
            <Method visited="false" cyclomaticComplexity="2" nPathComplexity="2" sequenceCoverage="0" branchCoverage="0" crapScore="6" isConstructor="false" isStatic="false" isGetter="false" isSetter="false">
              <Summary numSequencePoints="1" visitedSequencePoints="0" numBranchPoints="3" visitedBranchPoints="0" sequenceCoverage="0" branchCoverage="0" maxCyclomaticComplexity="2" minCyclomaticComplexity="2" maxCrapScore="6" minCrapScore="6" visitedClasses="0" numClasses="0" visitedMethods="0" numMethods="1" />
              <MetadataToken>100663775</MetadataToken>
              <Name>System.Boolean Xunit.DependencyContextAssemblyCache/&lt;&gt;c::&lt;.ctor&gt;b__17_3(Internal.Microsoft.Extensions.DependencyModel.RuntimeLibrary)</Name>
              <FileRef uid="65" />
              <SequencePoints>
                <SequencePoint vc="0" uspid="2338" ordinal="0" offset="0" sl="65" sc="48" el="65" ec="84" bec="2" bev="0" fileid="65" />
              </SequencePoints>
              <BranchPoints>
                <BranchPoint vc="0" uspid="2339" ordinal="0" offset="7" sl="65" path="0" offsetend="9" fileid="65" />
                <BranchPoint vc="0" uspid="2340" ordinal="1" offset="7" sl="65" path="1" offsetend="12" fileid="65" />
              </BranchPoints>
              <MethodPoint xsi:type="SequencePoint" vc="0" uspid="2338" ordinal="0" offset="0" sl="65" sc="48" el="65" ec="84" bec="2" bev="0" fileid="65" />
            </Method>
            <Method visited="false" cyclomaticComplexity="3" nPathComplexity="2" sequenceCoverage="0" branchCoverage="0" crapScore="12" isConstructor="false" isStatic="false" isGetter="false" isSetter="false">
              <Summary numSequencePoints="1" visitedSequencePoints="0" numBranchPoints="3" visitedBranchPoints="0" sequenceCoverage="0" branchCoverage="0" maxCyclomaticComplexity="3" minCyclomaticComplexity="3" maxCrapScore="12" minCrapScore="12" visitedClasses="0" numClasses="0" visitedMethods="0" numMethods="1" />
              <MetadataToken>100663776</MetadataToken>
              <Name>System.Boolean Xunit.DependencyContextAssemblyCache/&lt;&gt;c::&lt;.ctor&gt;b__17_19(System.Tuple`2&lt;Internal.Microsoft.Extensions.DependencyModel.RuntimeLibrary,Internal.Microsoft.Extensions.DependencyModel.RuntimeAssetGroup&gt;)</Name>
              <FileRef uid="65" />
              <SequencePoints>
                <SequencePoint vc="0" uspid="2341" ordinal="0" offset="0" sl="67" sc="92" el="67" ec="123" bec="2" bev="0" fileid="65" />
              </SequencePoints>
              <BranchPoints>
                <BranchPoint vc="0" uspid="2342" ordinal="0" offset="7" sl="67" path="0" offsetend="9" fileid="65" />
                <BranchPoint vc="0" uspid="2343" ordinal="1" offset="7" sl="67" path="1" offsetend="13" fileid="65" />
              </BranchPoints>
              <MethodPoint xsi:type="SequencePoint" vc="0" uspid="2341" ordinal="0" offset="0" sl="67" sc="92" el="67" ec="123" bec="2" bev="0" fileid="65" />
            </Method>
            <Method visited="false" cyclomaticComplexity="1" nPathComplexity="0" sequenceCoverage="0" branchCoverage="0" crapScore="2" isConstructor="false" isStatic="false" isGetter="false" isSetter="false">
              <Summary numSequencePoints="1" visitedSequencePoints="0" numBranchPoints="1" visitedBranchPoints="0" sequenceCoverage="0" branchCoverage="0" maxCyclomaticComplexity="1" minCyclomaticComplexity="1" maxCrapScore="2" minCrapScore="2" visitedClasses="0" numClasses="0" visitedMethods="0" numMethods="1" />
              <MetadataToken>100663777</MetadataToken>
              <Name>System.Boolean Xunit.DependencyContextAssemblyCache/&lt;&gt;c::&lt;.ctor&gt;b__17_5(System.Tuple`2&lt;Internal.Microsoft.Extensions.DependencyModel.RuntimeLibrary,Internal.Microsoft.Extensions.DependencyModel.RuntimeAssetGroup&gt;)</Name>
              <FileRef uid="65" />
              <SequencePoints>
                <SequencePoint vc="0" uspid="2344" ordinal="0" offset="0" sl="68" sc="50" el="68" ec="63" bec="0" bev="0" fileid="65" />
              </SequencePoints>
              <BranchPoints />
              <MethodPoint xsi:type="SequencePoint" vc="0" uspid="2344" ordinal="0" offset="0" sl="68" sc="50" el="68" ec="63" bec="0" bev="0" fileid="65" />
            </Method>
            <Method visited="false" cyclomaticComplexity="2" nPathComplexity="2" sequenceCoverage="0" branchCoverage="0" crapScore="6" isConstructor="false" isStatic="false" isGetter="false" isSetter="false">
              <Summary numSequencePoints="1" visitedSequencePoints="0" numBranchPoints="3" visitedBranchPoints="0" sequenceCoverage="0" branchCoverage="0" maxCyclomaticComplexity="2" minCyclomaticComplexity="2" maxCrapScore="6" minCrapScore="6" visitedClasses="0" numClasses="0" visitedMethods="0" numMethods="1" />
              <MetadataToken>100663778</MetadataToken>
              <Name>System.Collections.Generic.IEnumerable`1&lt;System.Tuple`2&lt;System.String,System.Tuple`2&lt;Internal.Microsoft.Extensions.DependencyModel.RuntimeLibrary,Internal.Microsoft.Extensions.DependencyModel.RuntimeAssetGroup&gt;&gt;&gt; Xunit.DependencyContextAssemblyCache/&lt;&gt;c::&lt;.ctor&gt;b__17_6(System.Tuple`2&lt;Internal.Microsoft.Extensions.DependencyModel.RuntimeLibrary,Internal.Microsoft.Extensions.DependencyModel.RuntimeAssetGroup&gt;)</Name>
              <FileRef uid="65" />
              <SequencePoints>
                <SequencePoint vc="0" uspid="2345" ordinal="0" offset="13" sl="69" sc="55" el="70" ec="186" bec="2" bev="0" fileid="65" />
              </SequencePoints>
              <BranchPoints>
                <BranchPoint vc="0" uspid="2346" ordinal="0" offset="35" sl="69" path="0" offsetend="37" fileid="65" />
                <BranchPoint vc="0" uspid="2347" ordinal="1" offset="35" sl="69" path="1" offsetend="60" fileid="65" />
              </BranchPoints>
              <MethodPoint vc="0" uspid="2348" ordinal="0" offset="0" />
            </Method>
            <Method visited="false" cyclomaticComplexity="1" nPathComplexity="0" sequenceCoverage="0" branchCoverage="0" crapScore="2" isConstructor="false" isStatic="false" isGetter="false" isSetter="false">
              <Summary numSequencePoints="1" visitedSequencePoints="0" numBranchPoints="1" visitedBranchPoints="0" sequenceCoverage="0" branchCoverage="0" maxCyclomaticComplexity="1" minCyclomaticComplexity="1" maxCrapScore="2" minCrapScore="2" visitedClasses="0" numClasses="0" visitedMethods="0" numMethods="1" />
              <MetadataToken>100663779</MetadataToken>
              <Name>System.Boolean Xunit.DependencyContextAssemblyCache/&lt;&gt;c::&lt;.ctor&gt;b__17_21(System.String)</Name>
              <FileRef uid="65" />
              <SequencePoints>
                <SequencePoint vc="0" uspid="2349" ordinal="0" offset="0" sl="69" sc="89" el="69" ec="98" bec="0" bev="0" fileid="65" />
              </SequencePoints>
              <BranchPoints />
              <MethodPoint xsi:type="SequencePoint" vc="0" uspid="2349" ordinal="0" offset="0" sl="69" sc="89" el="69" ec="98" bec="0" bev="0" fileid="65" />
            </Method>
            <Method visited="false" cyclomaticComplexity="1" nPathComplexity="0" sequenceCoverage="0" branchCoverage="0" crapScore="2" isConstructor="false" isStatic="false" isGetter="false" isSetter="false">
              <Summary numSequencePoints="1" visitedSequencePoints="0" numBranchPoints="1" visitedBranchPoints="0" sequenceCoverage="0" branchCoverage="0" maxCyclomaticComplexity="1" minCyclomaticComplexity="1" maxCrapScore="2" minCrapScore="2" visitedClasses="0" numClasses="0" visitedMethods="0" numMethods="1" />
              <MetadataToken>100663780</MetadataToken>
              <Name>System.String Xunit.DependencyContextAssemblyCache/&lt;&gt;c::&lt;.ctor&gt;b__17_7(System.Tuple`2&lt;System.String,System.Tuple`2&lt;Internal.Microsoft.Extensions.DependencyModel.RuntimeLibrary,Internal.Microsoft.Extensions.DependencyModel.RuntimeAssetGroup&gt;&gt;)</Name>
              <FileRef uid="65" />
              <SequencePoints>
                <SequencePoint vc="0" uspid="2350" ordinal="0" offset="0" sl="71" sc="78" el="71" ec="89" bec="0" bev="0" fileid="65" />
              </SequencePoints>
              <BranchPoints />
              <MethodPoint xsi:type="SequencePoint" vc="0" uspid="2350" ordinal="0" offset="0" sl="71" sc="78" el="71" ec="89" bec="0" bev="0" fileid="65" />
            </Method>
            <Method visited="false" cyclomaticComplexity="1" nPathComplexity="0" sequenceCoverage="0" branchCoverage="0" crapScore="2" isConstructor="false" isStatic="false" isGetter="false" isSetter="false">
              <Summary numSequencePoints="1" visitedSequencePoints="0" numBranchPoints="1" visitedBranchPoints="0" sequenceCoverage="0" branchCoverage="0" maxCyclomaticComplexity="1" minCyclomaticComplexity="1" maxCrapScore="2" minCrapScore="2" visitedClasses="0" numClasses="0" visitedMethods="0" numMethods="1" />
              <MetadataToken>100663781</MetadataToken>
              <Name>System.Tuple`2&lt;Internal.Microsoft.Extensions.DependencyModel.RuntimeLibrary,Internal.Microsoft.Extensions.DependencyModel.RuntimeAssetGroup&gt; Xunit.DependencyContextAssemblyCache/&lt;&gt;c::&lt;.ctor&gt;b__17_8(System.Tuple`2&lt;System.String,System.Tuple`2&lt;Internal.Microsoft.Extensions.DependencyModel.RuntimeLibrary,Internal.Microsoft.Extensions.DependencyModel.RuntimeAssetGroup&gt;&gt;)</Name>
              <FileRef uid="65" />
              <SequencePoints>
                <SequencePoint vc="0" uspid="2351" ordinal="0" offset="0" sl="71" sc="100" el="71" ec="111" bec="0" bev="0" fileid="65" />
              </SequencePoints>
              <BranchPoints />
              <MethodPoint xsi:type="SequencePoint" vc="0" uspid="2351" ordinal="0" offset="0" sl="71" sc="100" el="71" ec="111" bec="0" bev="0" fileid="65" />
            </Method>
            <Method visited="false" cyclomaticComplexity="1" nPathComplexity="0" sequenceCoverage="0" branchCoverage="0" crapScore="2" isConstructor="false" isStatic="false" isGetter="false" isSetter="false">
              <Summary numSequencePoints="1" visitedSequencePoints="0" numBranchPoints="1" visitedBranchPoints="0" sequenceCoverage="0" branchCoverage="0" maxCyclomaticComplexity="1" minCyclomaticComplexity="1" maxCrapScore="2" minCrapScore="2" visitedClasses="0" numClasses="0" visitedMethods="0" numMethods="1" />
              <MetadataToken>100663782</MetadataToken>
              <Name>System.String Xunit.DependencyContextAssemblyCache/&lt;&gt;c::&lt;.ctor&gt;b__17_9(System.String)</Name>
              <FileRef uid="65" />
              <SequencePoints>
                <SequencePoint vc="0" uspid="2352" ordinal="0" offset="0" sl="74" sc="199" el="74" ec="207" bec="0" bev="0" fileid="65" />
              </SequencePoints>
              <BranchPoints />
              <MethodPoint xsi:type="SequencePoint" vc="0" uspid="2352" ordinal="0" offset="0" sl="74" sc="199" el="74" ec="207" bec="0" bev="0" fileid="65" />
            </Method>
            <Method visited="false" cyclomaticComplexity="1" nPathComplexity="0" sequenceCoverage="0" branchCoverage="0" crapScore="2" isConstructor="false" isStatic="false" isGetter="false" isSetter="false">
              <Summary numSequencePoints="1" visitedSequencePoints="0" numBranchPoints="1" visitedBranchPoints="0" sequenceCoverage="0" branchCoverage="0" maxCyclomaticComplexity="1" minCyclomaticComplexity="1" maxCrapScore="2" minCrapScore="2" visitedClasses="0" numClasses="0" visitedMethods="0" numMethods="1" />
              <MetadataToken>100663783</MetadataToken>
              <Name>System.String Xunit.DependencyContextAssemblyCache/&lt;&gt;c::&lt;.ctor&gt;b__17_10(System.String)</Name>
              <FileRef uid="65" />
              <SequencePoints>
                <SequencePoint vc="0" uspid="2353" ordinal="0" offset="0" sl="74" sc="222" el="74" ec="223" bec="0" bev="0" fileid="65" />
              </SequencePoints>
              <BranchPoints />
              <MethodPoint xsi:type="SequencePoint" vc="0" uspid="2353" ordinal="0" offset="0" sl="74" sc="222" el="74" ec="223" bec="0" bev="0" fileid="65" />
            </Method>
            <Method visited="false" cyclomaticComplexity="3" nPathComplexity="2" sequenceCoverage="0" branchCoverage="0" crapScore="12" isConstructor="false" isStatic="false" isGetter="false" isSetter="false">
              <Summary numSequencePoints="1" visitedSequencePoints="0" numBranchPoints="3" visitedBranchPoints="0" sequenceCoverage="0" branchCoverage="0" maxCyclomaticComplexity="3" minCyclomaticComplexity="3" maxCrapScore="12" minCrapScore="12" visitedClasses="0" numClasses="0" visitedMethods="0" numMethods="1" />
              <MetadataToken>100663784</MetadataToken>
              <Name>System.Boolean Xunit.DependencyContextAssemblyCache/&lt;&gt;c::&lt;.ctor&gt;b__17_24(System.Tuple`2&lt;Internal.Microsoft.Extensions.DependencyModel.RuntimeLibrary,Internal.Microsoft.Extensions.DependencyModel.RuntimeAssetGroup&gt;)</Name>
              <FileRef uid="65" />
              <SequencePoints>
                <SequencePoint vc="0" uspid="2354" ordinal="0" offset="0" sl="81" sc="92" el="81" ec="123" bec="2" bev="0" fileid="65" />
              </SequencePoints>
              <BranchPoints>
                <BranchPoint vc="0" uspid="2355" ordinal="0" offset="7" sl="81" path="0" offsetend="9" fileid="65" />
                <BranchPoint vc="0" uspid="2356" ordinal="1" offset="7" sl="81" path="1" offsetend="13" fileid="65" />
              </BranchPoints>
              <MethodPoint xsi:type="SequencePoint" vc="0" uspid="2354" ordinal="0" offset="0" sl="81" sc="92" el="81" ec="123" bec="2" bev="0" fileid="65" />
            </Method>
            <Method visited="false" cyclomaticComplexity="1" nPathComplexity="0" sequenceCoverage="0" branchCoverage="0" crapScore="2" isConstructor="false" isStatic="false" isGetter="false" isSetter="false">
              <Summary numSequencePoints="1" visitedSequencePoints="0" numBranchPoints="1" visitedBranchPoints="0" sequenceCoverage="0" branchCoverage="0" maxCyclomaticComplexity="1" minCyclomaticComplexity="1" maxCrapScore="2" minCrapScore="2" visitedClasses="0" numClasses="0" visitedMethods="0" numMethods="1" />
              <MetadataToken>100663785</MetadataToken>
              <Name>System.Boolean Xunit.DependencyContextAssemblyCache/&lt;&gt;c::&lt;.ctor&gt;b__17_12(System.Tuple`2&lt;Internal.Microsoft.Extensions.DependencyModel.RuntimeLibrary,Internal.Microsoft.Extensions.DependencyModel.RuntimeAssetGroup&gt;)</Name>
              <FileRef uid="65" />
              <SequencePoints>
                <SequencePoint vc="0" uspid="2357" ordinal="0" offset="0" sl="82" sc="50" el="82" ec="63" bec="0" bev="0" fileid="65" />
              </SequencePoints>
              <BranchPoints />
              <MethodPoint xsi:type="SequencePoint" vc="0" uspid="2357" ordinal="0" offset="0" sl="82" sc="50" el="82" ec="63" bec="0" bev="0" fileid="65" />
            </Method>
            <Method visited="false" cyclomaticComplexity="2" nPathComplexity="2" sequenceCoverage="0" branchCoverage="0" crapScore="6" isConstructor="false" isStatic="false" isGetter="false" isSetter="false">
              <Summary numSequencePoints="1" visitedSequencePoints="0" numBranchPoints="3" visitedBranchPoints="0" sequenceCoverage="0" branchCoverage="0" maxCyclomaticComplexity="2" minCyclomaticComplexity="2" maxCrapScore="6" minCrapScore="6" visitedClasses="0" numClasses="0" visitedMethods="0" numMethods="1" />
              <MetadataToken>100663786</MetadataToken>
              <Name>System.Collections.Generic.IEnumerable`1&lt;System.Tuple`2&lt;System.String,System.Tuple`2&lt;Internal.Microsoft.Extensions.DependencyModel.RuntimeLibrary,Internal.Microsoft.Extensions.DependencyModel.RuntimeAssetGroup&gt;&gt;&gt; Xunit.DependencyContextAssemblyCache/&lt;&gt;c::&lt;.ctor&gt;b__17_13(System.Tuple`2&lt;Internal.Microsoft.Extensions.DependencyModel.RuntimeLibrary,Internal.Microsoft.Extensions.DependencyModel.RuntimeAssetGroup&gt;)</Name>
              <FileRef uid="65" />
              <SequencePoints>
                <SequencePoint vc="0" uspid="2358" ordinal="0" offset="13" sl="83" sc="55" el="84" ec="170" bec="2" bev="0" fileid="65" />
              </SequencePoints>
              <BranchPoints>
                <BranchPoint vc="0" uspid="2359" ordinal="0" offset="35" sl="83" path="0" offsetend="37" fileid="65" />
                <BranchPoint vc="0" uspid="2360" ordinal="1" offset="35" sl="83" path="1" offsetend="60" fileid="65" />
              </BranchPoints>
              <MethodPoint vc="0" uspid="2361" ordinal="0" offset="0" />
            </Method>
            <Method visited="false" cyclomaticComplexity="1" nPathComplexity="0" sequenceCoverage="0" branchCoverage="0" crapScore="2" isConstructor="false" isStatic="false" isGetter="false" isSetter="false">
              <Summary numSequencePoints="1" visitedSequencePoints="0" numBranchPoints="1" visitedBranchPoints="0" sequenceCoverage="0" branchCoverage="0" maxCyclomaticComplexity="1" minCyclomaticComplexity="1" maxCrapScore="2" minCrapScore="2" visitedClasses="0" numClasses="0" visitedMethods="0" numMethods="1" />
              <MetadataToken>100663787</MetadataToken>
              <Name>System.Boolean Xunit.DependencyContextAssemblyCache/&lt;&gt;c::&lt;.ctor&gt;b__17_26(System.String)</Name>
              <FileRef uid="65" />
              <SequencePoints>
                <SequencePoint vc="0" uspid="2362" ordinal="0" offset="0" sl="83" sc="89" el="83" ec="98" bec="0" bev="0" fileid="65" />
              </SequencePoints>
              <BranchPoints />
              <MethodPoint xsi:type="SequencePoint" vc="0" uspid="2362" ordinal="0" offset="0" sl="83" sc="89" el="83" ec="98" bec="0" bev="0" fileid="65" />
            </Method>
            <Method visited="false" cyclomaticComplexity="1" nPathComplexity="0" sequenceCoverage="0" branchCoverage="0" crapScore="2" isConstructor="false" isStatic="false" isGetter="false" isSetter="false">
              <Summary numSequencePoints="1" visitedSequencePoints="0" numBranchPoints="1" visitedBranchPoints="0" sequenceCoverage="0" branchCoverage="0" maxCyclomaticComplexity="1" minCyclomaticComplexity="1" maxCrapScore="2" minCrapScore="2" visitedClasses="0" numClasses="0" visitedMethods="0" numMethods="1" />
              <MetadataToken>100663788</MetadataToken>
              <Name>System.String Xunit.DependencyContextAssemblyCache/&lt;&gt;c::&lt;.ctor&gt;b__17_14(System.Tuple`2&lt;System.String,System.Tuple`2&lt;Internal.Microsoft.Extensions.DependencyModel.RuntimeLibrary,Internal.Microsoft.Extensions.DependencyModel.RuntimeAssetGroup&gt;&gt;)</Name>
              <FileRef uid="65" />
              <SequencePoints>
                <SequencePoint vc="0" uspid="2363" ordinal="0" offset="0" sl="85" sc="78" el="85" ec="89" bec="0" bev="0" fileid="65" />
              </SequencePoints>
              <BranchPoints />
              <MethodPoint xsi:type="SequencePoint" vc="0" uspid="2363" ordinal="0" offset="0" sl="85" sc="78" el="85" ec="89" bec="0" bev="0" fileid="65" />
            </Method>
            <Method visited="false" cyclomaticComplexity="1" nPathComplexity="0" sequenceCoverage="0" branchCoverage="0" crapScore="2" isConstructor="false" isStatic="false" isGetter="false" isSetter="false">
              <Summary numSequencePoints="1" visitedSequencePoints="0" numBranchPoints="1" visitedBranchPoints="0" sequenceCoverage="0" branchCoverage="0" maxCyclomaticComplexity="1" minCyclomaticComplexity="1" maxCrapScore="2" minCrapScore="2" visitedClasses="0" numClasses="0" visitedMethods="0" numMethods="1" />
              <MetadataToken>100663789</MetadataToken>
              <Name>System.Tuple`2&lt;Internal.Microsoft.Extensions.DependencyModel.RuntimeLibrary,Internal.Microsoft.Extensions.DependencyModel.RuntimeAssetGroup&gt; Xunit.DependencyContextAssemblyCache/&lt;&gt;c::&lt;.ctor&gt;b__17_15(System.Tuple`2&lt;System.String,System.Tuple`2&lt;Internal.Microsoft.Extensions.DependencyModel.RuntimeLibrary,Internal.Microsoft.Extensions.DependencyModel.RuntimeAssetGroup&gt;&gt;)</Name>
              <FileRef uid="65" />
              <SequencePoints>
                <SequencePoint vc="0" uspid="2364" ordinal="0" offset="0" sl="85" sc="100" el="85" ec="111" bec="0" bev="0" fileid="65" />
              </SequencePoints>
              <BranchPoints />
              <MethodPoint xsi:type="SequencePoint" vc="0" uspid="2364" ordinal="0" offset="0" sl="85" sc="100" el="85" ec="111" bec="0" bev="0" fileid="65" />
            </Method>
            <Method visited="false" cyclomaticComplexity="1" nPathComplexity="0" sequenceCoverage="0" branchCoverage="0" crapScore="2" isConstructor="false" isStatic="false" isGetter="false" isSetter="false">
              <Summary numSequencePoints="1" visitedSequencePoints="0" numBranchPoints="1" visitedBranchPoints="0" sequenceCoverage="0" branchCoverage="0" maxCyclomaticComplexity="1" minCyclomaticComplexity="1" maxCrapScore="2" minCrapScore="2" visitedClasses="0" numClasses="0" visitedMethods="0" numMethods="1" />
              <MetadataToken>100663790</MetadataToken>
              <Name>System.String Xunit.DependencyContextAssemblyCache/&lt;&gt;c::&lt;.ctor&gt;b__17_16(System.String)</Name>
              <FileRef uid="65" />
              <SequencePoints>
                <SequencePoint vc="0" uspid="2365" ordinal="0" offset="0" sl="88" sc="203" el="88" ec="211" bec="0" bev="0" fileid="65" />
              </SequencePoints>
              <BranchPoints />
              <MethodPoint xsi:type="SequencePoint" vc="0" uspid="2365" ordinal="0" offset="0" sl="88" sc="203" el="88" ec="211" bec="0" bev="0" fileid="65" />
            </Method>
            <Method visited="false" cyclomaticComplexity="1" nPathComplexity="0" sequenceCoverage="0" branchCoverage="0" crapScore="2" isConstructor="false" isStatic="false" isGetter="false" isSetter="false">
              <Summary numSequencePoints="1" visitedSequencePoints="0" numBranchPoints="1" visitedBranchPoints="0" sequenceCoverage="0" branchCoverage="0" maxCyclomaticComplexity="1" minCyclomaticComplexity="1" maxCrapScore="2" minCrapScore="2" visitedClasses="0" numClasses="0" visitedMethods="0" numMethods="1" />
              <MetadataToken>100663791</MetadataToken>
              <Name>System.String Xunit.DependencyContextAssemblyCache/&lt;&gt;c::&lt;.ctor&gt;b__17_17(System.String)</Name>
              <FileRef uid="65" />
              <SequencePoints>
                <SequencePoint vc="0" uspid="2366" ordinal="0" offset="0" sl="88" sc="226" el="88" ec="227" bec="0" bev="0" fileid="65" />
              </SequencePoints>
              <BranchPoints />
              <MethodPoint xsi:type="SequencePoint" vc="0" uspid="2366" ordinal="0" offset="0" sl="88" sc="226" el="88" ec="227" bec="0" bev="0" fileid="65" />
            </Method>
            <Method visited="false" cyclomaticComplexity="1" nPathComplexity="0" sequenceCoverage="0" branchCoverage="0" crapScore="2" isConstructor="false" isStatic="false" isGetter="false" isSetter="false">
              <Summary numSequencePoints="1" visitedSequencePoints="0" numBranchPoints="1" visitedBranchPoints="0" sequenceCoverage="0" branchCoverage="0" maxCyclomaticComplexity="1" minCyclomaticComplexity="1" maxCrapScore="2" minCrapScore="2" visitedClasses="0" numClasses="0" visitedMethods="0" numMethods="1" />
              <MetadataToken>100663792</MetadataToken>
              <Name>System.String Xunit.DependencyContextAssemblyCache/&lt;&gt;c::&lt;ResolveManagedAssembly&gt;b__24_3(System.String)</Name>
              <FileRef uid="65" />
              <SequencePoints>
                <SequencePoint vc="0" uspid="2367" ordinal="0" offset="0" sl="251" sc="277" el="251" ec="278" bec="0" bev="0" fileid="65" />
              </SequencePoints>
              <BranchPoints />
              <MethodPoint xsi:type="SequencePoint" vc="0" uspid="2367" ordinal="0" offset="0" sl="251" sc="277" el="251" ec="278" bec="0" bev="0" fileid="65" />
            </Method>
            <Method visited="false" cyclomaticComplexity="1" nPathComplexity="0" sequenceCoverage="0" branchCoverage="0" crapScore="2" isConstructor="false" isStatic="false" isGetter="false" isSetter="false">
              <Summary numSequencePoints="1" visitedSequencePoints="0" numBranchPoints="1" visitedBranchPoints="0" sequenceCoverage="0" branchCoverage="0" maxCyclomaticComplexity="1" minCyclomaticComplexity="1" maxCrapScore="2" minCrapScore="2" visitedClasses="0" numClasses="0" visitedMethods="0" numMethods="1" />
              <MetadataToken>100663793</MetadataToken>
              <Name>System.String Xunit.DependencyContextAssemblyCache/&lt;&gt;c::&lt;ResolveManagedAssembly&gt;b__24_4(System.String)</Name>
              <FileRef uid="65" />
              <SequencePoints>
                <SequencePoint vc="0" uspid="2368" ordinal="0" offset="0" sl="251" sc="326" el="251" ec="334" bec="0" bev="0" fileid="65" />
              </SequencePoints>
              <BranchPoints />
              <MethodPoint xsi:type="SequencePoint" vc="0" uspid="2368" ordinal="0" offset="0" sl="251" sc="326" el="251" ec="334" bec="0" bev="0" fileid="65" />
            </Method>
            <Method visited="false" cyclomaticComplexity="1" nPathComplexity="0" sequenceCoverage="0" branchCoverage="0" crapScore="2" isConstructor="false" isStatic="false" isGetter="false" isSetter="false">
              <Summary numSequencePoints="1" visitedSequencePoints="0" numBranchPoints="1" visitedBranchPoints="0" sequenceCoverage="0" branchCoverage="0" maxCyclomaticComplexity="1" minCyclomaticComplexity="1" maxCrapScore="2" minCrapScore="2" visitedClasses="0" numClasses="0" visitedMethods="0" numMethods="1" />
              <MetadataToken>100663794</MetadataToken>
              <Name>System.String Xunit.DependencyContextAssemblyCache/&lt;&gt;c::&lt;ResolveManagedAssembly&gt;b__24_0(System.String)</Name>
              <FileRef uid="65" />
              <SequencePoints>
                <SequencePoint vc="0" uspid="2369" ordinal="0" offset="0" sl="257" sc="286" el="257" ec="287" bec="0" bev="0" fileid="65" />
              </SequencePoints>
              <BranchPoints />
              <MethodPoint xsi:type="SequencePoint" vc="0" uspid="2369" ordinal="0" offset="0" sl="257" sc="286" el="257" ec="287" bec="0" bev="0" fileid="65" />
            </Method>
            <Method visited="false" cyclomaticComplexity="1" nPathComplexity="0" sequenceCoverage="0" branchCoverage="0" crapScore="2" isConstructor="false" isStatic="false" isGetter="false" isSetter="false">
              <Summary numSequencePoints="1" visitedSequencePoints="0" numBranchPoints="1" visitedBranchPoints="0" sequenceCoverage="0" branchCoverage="0" maxCyclomaticComplexity="1" minCyclomaticComplexity="1" maxCrapScore="2" minCrapScore="2" visitedClasses="0" numClasses="0" visitedMethods="0" numMethods="1" />
              <MetadataToken>100663795</MetadataToken>
              <Name>System.String Xunit.DependencyContextAssemblyCache/&lt;&gt;c::&lt;ResolveManagedAssembly&gt;b__24_1(System.String)</Name>
              <FileRef uid="65" />
              <SequencePoints>
                <SequencePoint vc="0" uspid="2370" ordinal="0" offset="0" sl="257" sc="335" el="257" ec="343" bec="0" bev="0" fileid="65" />
              </SequencePoints>
              <BranchPoints />
              <MethodPoint xsi:type="SequencePoint" vc="0" uspid="2370" ordinal="0" offset="0" sl="257" sc="335" el="257" ec="343" bec="0" bev="0" fileid="65" />
            </Method>
            <Method visited="false" cyclomaticComplexity="1" nPathComplexity="0" sequenceCoverage="0" branchCoverage="0" crapScore="2" isConstructor="false" isStatic="false" isGetter="false" isSetter="false">
              <Summary numSequencePoints="1" visitedSequencePoints="0" numBranchPoints="1" visitedBranchPoints="0" sequenceCoverage="0" branchCoverage="0" maxCyclomaticComplexity="1" minCyclomaticComplexity="1" maxCrapScore="2" minCrapScore="2" visitedClasses="0" numClasses="0" visitedMethods="0" numMethods="1" />
              <MetadataToken>100663796</MetadataToken>
              <Name>System.String Xunit.DependencyContextAssemblyCache/&lt;&gt;c::&lt;ResolveUnmanagedLibrary&gt;b__25_3(System.String)</Name>
              <FileRef uid="65" />
              <SequencePoints>
                <SequencePoint vc="0" uspid="2371" ordinal="0" offset="0" sl="284" sc="250" el="284" ec="251" bec="0" bev="0" fileid="65" />
              </SequencePoints>
              <BranchPoints />
              <MethodPoint xsi:type="SequencePoint" vc="0" uspid="2371" ordinal="0" offset="0" sl="284" sc="250" el="284" ec="251" bec="0" bev="0" fileid="65" />
            </Method>
            <Method visited="false" cyclomaticComplexity="1" nPathComplexity="0" sequenceCoverage="0" branchCoverage="0" crapScore="2" isConstructor="false" isStatic="false" isGetter="false" isSetter="false">
              <Summary numSequencePoints="1" visitedSequencePoints="0" numBranchPoints="1" visitedBranchPoints="0" sequenceCoverage="0" branchCoverage="0" maxCyclomaticComplexity="1" minCyclomaticComplexity="1" maxCrapScore="2" minCrapScore="2" visitedClasses="0" numClasses="0" visitedMethods="0" numMethods="1" />
              <MetadataToken>100663797</MetadataToken>
              <Name>System.String Xunit.DependencyContextAssemblyCache/&lt;&gt;c::&lt;ResolveUnmanagedLibrary&gt;b__25_4(System.String)</Name>
              <FileRef uid="65" />
              <SequencePoints>
                <SequencePoint vc="0" uspid="2372" ordinal="0" offset="0" sl="284" sc="299" el="284" ec="307" bec="0" bev="0" fileid="65" />
              </SequencePoints>
              <BranchPoints />
              <MethodPoint xsi:type="SequencePoint" vc="0" uspid="2372" ordinal="0" offset="0" sl="284" sc="299" el="284" ec="307" bec="0" bev="0" fileid="65" />
            </Method>
            <Method visited="false" cyclomaticComplexity="1" nPathComplexity="0" sequenceCoverage="0" branchCoverage="0" crapScore="2" isConstructor="false" isStatic="false" isGetter="false" isSetter="false">
              <Summary numSequencePoints="1" visitedSequencePoints="0" numBranchPoints="1" visitedBranchPoints="0" sequenceCoverage="0" branchCoverage="0" maxCyclomaticComplexity="1" minCyclomaticComplexity="1" maxCrapScore="2" minCrapScore="2" visitedClasses="0" numClasses="0" visitedMethods="0" numMethods="1" />
              <MetadataToken>100663798</MetadataToken>
              <Name>System.String Xunit.DependencyContextAssemblyCache/&lt;&gt;c::&lt;ResolveUnmanagedLibrary&gt;b__25_0(System.String)</Name>
              <FileRef uid="65" />
              <SequencePoints>
                <SequencePoint vc="0" uspid="2373" ordinal="0" offset="0" sl="289" sc="263" el="289" ec="264" bec="0" bev="0" fileid="65" />
              </SequencePoints>
              <BranchPoints />
              <MethodPoint xsi:type="SequencePoint" vc="0" uspid="2373" ordinal="0" offset="0" sl="289" sc="263" el="289" ec="264" bec="0" bev="0" fileid="65" />
            </Method>
            <Method visited="false" cyclomaticComplexity="1" nPathComplexity="0" sequenceCoverage="0" branchCoverage="0" crapScore="2" isConstructor="false" isStatic="false" isGetter="false" isSetter="false">
              <Summary numSequencePoints="1" visitedSequencePoints="0" numBranchPoints="1" visitedBranchPoints="0" sequenceCoverage="0" branchCoverage="0" maxCyclomaticComplexity="1" minCyclomaticComplexity="1" maxCrapScore="2" minCrapScore="2" visitedClasses="0" numClasses="0" visitedMethods="0" numMethods="1" />
              <MetadataToken>100663799</MetadataToken>
              <Name>System.String Xunit.DependencyContextAssemblyCache/&lt;&gt;c::&lt;ResolveUnmanagedLibrary&gt;b__25_1(System.String)</Name>
              <FileRef uid="65" />
              <SequencePoints>
                <SequencePoint vc="0" uspid="2374" ordinal="0" offset="0" sl="289" sc="312" el="289" ec="320" bec="0" bev="0" fileid="65" />
              </SequencePoints>
              <BranchPoints />
              <MethodPoint xsi:type="SequencePoint" vc="0" uspid="2374" ordinal="0" offset="0" sl="289" sc="312" el="289" ec="320" bec="0" bev="0" fileid="65" />
            </Method>
          </Methods>
        </Class>
        <Class>
          <Summary numSequencePoints="12" visitedSequencePoints="0" numBranchPoints="7" visitedBranchPoints="0" sequenceCoverage="0" branchCoverage="0" maxCyclomaticComplexity="11" minCyclomaticComplexity="1" maxCrapScore="132" minCrapScore="2" visitedClasses="0" numClasses="1" visitedMethods="0" numMethods="1" />
          <FullName>Xunit.DependencyContextAssemblyCache/&lt;GetUnmanagedDllFormats&gt;d__21</FullName>
          <Methods>
            <Method visited="false" cyclomaticComplexity="1" nPathComplexity="0" sequenceCoverage="0" branchCoverage="0" crapScore="2" isConstructor="false" isStatic="false" isGetter="true" isSetter="false">
              <Summary numSequencePoints="0" visitedSequencePoints="0" numBranchPoints="0" visitedBranchPoints="0" sequenceCoverage="0" branchCoverage="0" maxCyclomaticComplexity="1" minCyclomaticComplexity="1" maxCrapScore="2" minCrapScore="2" visitedClasses="0" numClasses="0" visitedMethods="0" numMethods="0" />
              <MetadataToken>100663803</MetadataToken>
              <Name>System.String Xunit.DependencyContextAssemblyCache/&lt;GetUnmanagedDllFormats&gt;d__21::System.Collections.Generic.IEnumerator&lt;System.String&gt;.get_Current()</Name>
              <SequencePoints />
              <BranchPoints />
              <MethodPoint vc="0" uspid="2375" ordinal="0" offset="0" />
            </Method>
            <Method visited="false" cyclomaticComplexity="1" nPathComplexity="0" sequenceCoverage="0" branchCoverage="0" crapScore="2" isConstructor="false" isStatic="false" isGetter="true" isSetter="false">
              <Summary numSequencePoints="0" visitedSequencePoints="0" numBranchPoints="0" visitedBranchPoints="0" sequenceCoverage="0" branchCoverage="0" maxCyclomaticComplexity="1" minCyclomaticComplexity="1" maxCrapScore="2" minCrapScore="2" visitedClasses="0" numClasses="0" visitedMethods="0" numMethods="0" />
              <MetadataToken>100663805</MetadataToken>
              <Name>System.Object Xunit.DependencyContextAssemblyCache/&lt;GetUnmanagedDllFormats&gt;d__21::System.Collections.IEnumerator.get_Current()</Name>
              <SequencePoints />
              <BranchPoints />
              <MethodPoint vc="0" uspid="2376" ordinal="0" offset="0" />
            </Method>
            <Method visited="false" cyclomaticComplexity="1" nPathComplexity="0" sequenceCoverage="0" branchCoverage="0" crapScore="2" isConstructor="true" isStatic="false" isGetter="false" isSetter="false">
              <Summary numSequencePoints="0" visitedSequencePoints="0" numBranchPoints="0" visitedBranchPoints="0" sequenceCoverage="0" branchCoverage="0" maxCyclomaticComplexity="1" minCyclomaticComplexity="1" maxCrapScore="2" minCrapScore="2" visitedClasses="0" numClasses="0" visitedMethods="0" numMethods="0" />
              <MetadataToken>100663800</MetadataToken>
              <Name>System.Void Xunit.DependencyContextAssemblyCache/&lt;GetUnmanagedDllFormats&gt;d__21::.ctor(System.Int32)</Name>
              <SequencePoints />
              <BranchPoints />
              <MethodPoint vc="0" uspid="2377" ordinal="0" offset="0" />
            </Method>
            <Method visited="false" cyclomaticComplexity="1" nPathComplexity="0" sequenceCoverage="0" branchCoverage="0" crapScore="2" isConstructor="false" isStatic="false" isGetter="false" isSetter="false">
              <Summary numSequencePoints="0" visitedSequencePoints="0" numBranchPoints="0" visitedBranchPoints="0" sequenceCoverage="0" branchCoverage="0" maxCyclomaticComplexity="1" minCyclomaticComplexity="1" maxCrapScore="2" minCrapScore="2" visitedClasses="0" numClasses="0" visitedMethods="0" numMethods="0" />
              <MetadataToken>100663801</MetadataToken>
              <Name>System.Void Xunit.DependencyContextAssemblyCache/&lt;GetUnmanagedDllFormats&gt;d__21::System.IDisposable.Dispose()</Name>
              <SequencePoints />
              <BranchPoints />
              <MethodPoint vc="0" uspid="2378" ordinal="0" offset="0" />
            </Method>
            <Method visited="false" cyclomaticComplexity="11" nPathComplexity="8" sequenceCoverage="0" branchCoverage="0" crapScore="132" isConstructor="false" isStatic="false" isGetter="false" isSetter="false">
              <Summary numSequencePoints="12" visitedSequencePoints="0" numBranchPoints="7" visitedBranchPoints="0" sequenceCoverage="0" branchCoverage="0" maxCyclomaticComplexity="11" minCyclomaticComplexity="11" maxCrapScore="132" minCrapScore="132" visitedClasses="0" numClasses="0" visitedMethods="0" numMethods="1" />
              <MetadataToken>100663802</MetadataToken>
              <Name>System.Boolean Xunit.DependencyContextAssemblyCache/&lt;GetUnmanagedDllFormats&gt;d__21::MoveNext()</Name>
              <FileRef uid="65" />
              <SequencePoints>
                <SequencePoint vc="0" uspid="2379" ordinal="0" offset="57" sl="138" sc="13" el="138" ec="32" bec="0" bev="0" fileid="65" />
                <SequencePoint vc="0" uspid="2380" ordinal="1" offset="84" sl="140" sc="13" el="140" ec="61" bec="2" bev="0" fileid="65" />
                <SequencePoint vc="0" uspid="2381" ordinal="2" offset="93" sl="142" sc="17" el="142" ec="40" bec="0" bev="0" fileid="65" />
                <SequencePoint vc="0" uspid="2382" ordinal="3" offset="120" sl="143" sc="13" el="143" ec="14" bec="0" bev="0" fileid="65" />
                <SequencePoint vc="0" uspid="2383" ordinal="4" offset="125" sl="144" sc="18" el="144" ec="65" bec="2" bev="0" fileid="65" />
                <SequencePoint vc="0" uspid="2384" ordinal="5" offset="134" sl="146" sc="17" el="146" ec="45" bec="0" bev="0" fileid="65" />
                <SequencePoint vc="0" uspid="2385" ordinal="6" offset="161" sl="147" sc="17" el="147" ec="42" bec="0" bev="0" fileid="65" />
                <SequencePoint vc="0" uspid="2386" ordinal="7" offset="188" sl="148" sc="13" el="148" ec="14" bec="0" bev="0" fileid="65" />
                <SequencePoint vc="0" uspid="2387" ordinal="8" offset="190" sl="149" sc="18" el="149" ec="64" bec="2" bev="0" fileid="65" />
                <SequencePoint vc="0" uspid="2388" ordinal="9" offset="199" sl="151" sc="17" el="151" ec="42" bec="0" bev="0" fileid="65" />
                <SequencePoint vc="0" uspid="2389" ordinal="10" offset="226" sl="152" sc="17" el="152" ec="39" bec="0" bev="0" fileid="65" />
                <SequencePoint vc="0" uspid="2390" ordinal="11" offset="253" sl="154" sc="9" el="154" ec="10" bec="0" bev="0" fileid="65" />
              </SequencePoints>
              <BranchPoints>
                <BranchPoint vc="0" uspid="2391" ordinal="0" offset="91" sl="140" path="0" offsetend="93" fileid="65" />
                <BranchPoint vc="0" uspid="2392" ordinal="1" offset="91" sl="140" path="1" offsetend="125" fileid="65" />
                <BranchPoint vc="0" uspid="2393" ordinal="2" offset="132" sl="144" path="0" offsetend="134" fileid="65" />
                <BranchPoint vc="0" uspid="2394" ordinal="3" offset="132" sl="144" path="1" offsetend="190" fileid="65" />
                <BranchPoint vc="0" uspid="2395" ordinal="4" offset="197" sl="149" path="0" offsetend="199" fileid="65" />
                <BranchPoint vc="0" uspid="2396" ordinal="5" offset="197" sl="149" path="1" offsetend="253" fileid="65" />
              </BranchPoints>
              <MethodPoint vc="0" uspid="2397" ordinal="0" offset="0" />
            </Method>
            <Method visited="false" cyclomaticComplexity="1" nPathComplexity="0" sequenceCoverage="0" branchCoverage="0" crapScore="2" isConstructor="false" isStatic="false" isGetter="false" isSetter="false">
              <Summary numSequencePoints="0" visitedSequencePoints="0" numBranchPoints="0" visitedBranchPoints="0" sequenceCoverage="0" branchCoverage="0" maxCyclomaticComplexity="1" minCyclomaticComplexity="1" maxCrapScore="2" minCrapScore="2" visitedClasses="0" numClasses="0" visitedMethods="0" numMethods="0" />
              <MetadataToken>100663804</MetadataToken>
              <Name>System.Void Xunit.DependencyContextAssemblyCache/&lt;GetUnmanagedDllFormats&gt;d__21::System.Collections.IEnumerator.Reset()</Name>
              <SequencePoints />
              <BranchPoints />
              <MethodPoint vc="0" uspid="2398" ordinal="0" offset="0" />
            </Method>
            <Method visited="false" cyclomaticComplexity="3" nPathComplexity="0" sequenceCoverage="0" branchCoverage="0" crapScore="12" isConstructor="false" isStatic="false" isGetter="false" isSetter="false">
              <Summary numSequencePoints="0" visitedSequencePoints="0" numBranchPoints="0" visitedBranchPoints="0" sequenceCoverage="0" branchCoverage="0" maxCyclomaticComplexity="3" minCyclomaticComplexity="3" maxCrapScore="12" minCrapScore="12" visitedClasses="0" numClasses="0" visitedMethods="0" numMethods="0" />
              <MetadataToken>100663806</MetadataToken>
              <Name>System.Collections.Generic.IEnumerator`1&lt;System.String&gt; Xunit.DependencyContextAssemblyCache/&lt;GetUnmanagedDllFormats&gt;d__21::System.Collections.Generic.IEnumerable&lt;System.String&gt;.GetEnumerator()</Name>
              <SequencePoints />
              <BranchPoints />
              <MethodPoint vc="0" uspid="2399" ordinal="0" offset="0" />
            </Method>
            <Method visited="false" cyclomaticComplexity="1" nPathComplexity="0" sequenceCoverage="0" branchCoverage="0" crapScore="2" isConstructor="false" isStatic="false" isGetter="false" isSetter="false">
              <Summary numSequencePoints="0" visitedSequencePoints="0" numBranchPoints="0" visitedBranchPoints="0" sequenceCoverage="0" branchCoverage="0" maxCyclomaticComplexity="1" minCyclomaticComplexity="1" maxCrapScore="2" minCrapScore="2" visitedClasses="0" numClasses="0" visitedMethods="0" numMethods="0" />
              <MetadataToken>100663807</MetadataToken>
              <Name>System.Collections.IEnumerator Xunit.DependencyContextAssemblyCache/&lt;GetUnmanagedDllFormats&gt;d__21::System.Collections.IEnumerable.GetEnumerator()</Name>
              <SequencePoints />
              <BranchPoints />
              <MethodPoint vc="0" uspid="2400" ordinal="0" offset="0" />
            </Method>
          </Methods>
        </Class>
        <Class>
          <Summary numSequencePoints="1" visitedSequencePoints="0" numBranchPoints="1" visitedBranchPoints="0" sequenceCoverage="0" branchCoverage="0" maxCyclomaticComplexity="1" minCyclomaticComplexity="1" maxCrapScore="2" minCrapScore="2" visitedClasses="0" numClasses="1" visitedMethods="0" numMethods="1" />
          <FullName>Xunit.DependencyContextAssemblyCache/&lt;&gt;c__DisplayClass24_0</FullName>
          <Methods>
            <Method visited="false" cyclomaticComplexity="1" nPathComplexity="0" sequenceCoverage="0" branchCoverage="0" crapScore="2" isConstructor="true" isStatic="false" isGetter="false" isSetter="false">
              <Summary numSequencePoints="0" visitedSequencePoints="0" numBranchPoints="0" visitedBranchPoints="0" sequenceCoverage="0" branchCoverage="0" maxCyclomaticComplexity="1" minCyclomaticComplexity="1" maxCrapScore="2" minCrapScore="2" visitedClasses="0" numClasses="0" visitedMethods="0" numMethods="0" />
              <MetadataToken>100663808</MetadataToken>
              <Name>System.Void Xunit.DependencyContextAssemblyCache/&lt;&gt;c__DisplayClass24_0::.ctor()</Name>
              <SequencePoints />
              <BranchPoints />
              <MethodPoint vc="0" uspid="2401" ordinal="0" offset="0" />
            </Method>
            <Method visited="false" cyclomaticComplexity="1" nPathComplexity="0" sequenceCoverage="0" branchCoverage="0" crapScore="2" isConstructor="false" isStatic="false" isGetter="false" isSetter="false">
              <Summary numSequencePoints="1" visitedSequencePoints="0" numBranchPoints="1" visitedBranchPoints="0" sequenceCoverage="0" branchCoverage="0" maxCyclomaticComplexity="1" minCyclomaticComplexity="1" maxCrapScore="2" minCrapScore="2" visitedClasses="0" numClasses="0" visitedMethods="0" numMethods="1" />
              <MetadataToken>100663809</MetadataToken>
              <Name>System.Boolean Xunit.DependencyContextAssemblyCache/&lt;&gt;c__DisplayClass24_0::&lt;ResolveManagedAssembly&gt;b__2(System.String)</Name>
              <FileRef uid="65" />
              <SequencePoints>
                <SequencePoint vc="0" uspid="2402" ordinal="0" offset="0" sl="236" sc="79" el="236" ec="179" bec="0" bev="0" fileid="65" />
              </SequencePoints>
              <BranchPoints />
              <MethodPoint xsi:type="SequencePoint" vc="0" uspid="2402" ordinal="0" offset="0" sl="236" sc="79" el="236" ec="179" bec="0" bev="0" fileid="65" />
            </Method>
          </Methods>
        </Class>
        <Class>
          <Summary numSequencePoints="1" visitedSequencePoints="0" numBranchPoints="1" visitedBranchPoints="0" sequenceCoverage="0" branchCoverage="0" maxCyclomaticComplexity="1" minCyclomaticComplexity="1" maxCrapScore="2" minCrapScore="2" visitedClasses="0" numClasses="1" visitedMethods="0" numMethods="1" />
          <FullName>Xunit.DependencyContextAssemblyCache/&lt;&gt;c__DisplayClass25_0</FullName>
          <Methods>
            <Method visited="false" cyclomaticComplexity="1" nPathComplexity="0" sequenceCoverage="0" branchCoverage="0" crapScore="2" isConstructor="true" isStatic="false" isGetter="false" isSetter="false">
              <Summary numSequencePoints="0" visitedSequencePoints="0" numBranchPoints="0" visitedBranchPoints="0" sequenceCoverage="0" branchCoverage="0" maxCyclomaticComplexity="1" minCyclomaticComplexity="1" maxCrapScore="2" minCrapScore="2" visitedClasses="0" numClasses="0" visitedMethods="0" numMethods="0" />
              <MetadataToken>100663810</MetadataToken>
              <Name>System.Void Xunit.DependencyContextAssemblyCache/&lt;&gt;c__DisplayClass25_0::.ctor()</Name>
              <SequencePoints />
              <BranchPoints />
              <MethodPoint vc="0" uspid="2403" ordinal="0" offset="0" />
            </Method>
            <Method visited="false" cyclomaticComplexity="1" nPathComplexity="0" sequenceCoverage="0" branchCoverage="0" crapScore="2" isConstructor="false" isStatic="false" isGetter="false" isSetter="false">
              <Summary numSequencePoints="1" visitedSequencePoints="0" numBranchPoints="1" visitedBranchPoints="0" sequenceCoverage="0" branchCoverage="0" maxCyclomaticComplexity="1" minCyclomaticComplexity="1" maxCrapScore="2" minCrapScore="2" visitedClasses="0" numClasses="0" visitedMethods="0" numMethods="1" />
              <MetadataToken>100663811</MetadataToken>
              <Name>System.Boolean Xunit.DependencyContextAssemblyCache/&lt;&gt;c__DisplayClass25_0::&lt;ResolveUnmanagedLibrary&gt;b__2(System.String)</Name>
              <FileRef uid="65" />
              <SequencePoints>
                <SequencePoint vc="0" uspid="2404" ordinal="0" offset="0" sl="279" sc="83" el="279" ec="180" bec="0" bev="0" fileid="65" />
              </SequencePoints>
              <BranchPoints />
              <MethodPoint xsi:type="SequencePoint" vc="0" uspid="2404" ordinal="0" offset="0" sl="279" sc="83" el="279" ec="180" bec="0" bev="0" fileid="65" />
            </Method>
          </Methods>
        </Class>
        <Class>
          <Summary numSequencePoints="43" visitedSequencePoints="0" numBranchPoints="29" visitedBranchPoints="0" sequenceCoverage="0" branchCoverage="0" maxCyclomaticComplexity="7" minCyclomaticComplexity="1" maxCrapScore="56" minCrapScore="2" visitedClasses="0" numClasses="1" visitedMethods="0" numMethods="5" />
          <FullName>Xunit.XunitPackageCompilationAssemblyResolver</FullName>
          <Methods>
            <Method visited="false" cyclomaticComplexity="2" nPathComplexity="2" sequenceCoverage="0" branchCoverage="0" crapScore="6" isConstructor="true" isStatic="false" isGetter="false" isSetter="false">
              <Summary numSequencePoints="4" visitedSequencePoints="0" numBranchPoints="3" visitedBranchPoints="0" sequenceCoverage="0" branchCoverage="0" maxCyclomaticComplexity="2" minCyclomaticComplexity="2" maxCrapScore="6" minCrapScore="6" visitedClasses="0" numClasses="0" visitedMethods="0" numMethods="1" />
              <MetadataToken>100663626</MetadataToken>
              <Name>System.Void Xunit.XunitPackageCompilationAssemblyResolver::.ctor(Xunit.Abstractions.IMessageSink,Internal.Microsoft.Extensions.DependencyModel.IFileSystem)</Name>
              <FileRef uid="77" />
              <SequencePoints>
                <SequencePoint vc="0" uspid="2405" ordinal="0" offset="0" sl="21" sc="9" el="22" ec="86" bec="0" bev="0" fileid="77" />
                <SequencePoint vc="0" uspid="2406" ordinal="1" offset="6" sl="24" sc="13" el="24" ec="98" bec="0" bev="0" fileid="77" />
                <SequencePoint vc="0" uspid="2407" ordinal="2" offset="18" sl="25" sc="13" el="25" ec="69" bec="2" bev="0" fileid="77" />
                <SequencePoint vc="0" uspid="2408" ordinal="3" offset="34" sl="26" sc="9" el="26" ec="10" bec="0" bev="0" fileid="77" />
              </SequencePoints>
              <BranchPoints>
                <BranchPoint vc="0" uspid="2409" ordinal="0" offset="21" sl="25" path="0" offsetend="23" fileid="77" />
                <BranchPoint vc="0" uspid="2410" ordinal="1" offset="21" sl="25" path="1" offsetend="29" fileid="77" />
              </BranchPoints>
              <MethodPoint xsi:type="SequencePoint" vc="0" uspid="2405" ordinal="0" offset="0" sl="21" sc="9" el="22" ec="86" bec="0" bev="0" fileid="77" />
            </Method>
            <Method visited="false" cyclomaticComplexity="1" nPathComplexity="0" sequenceCoverage="0" branchCoverage="0" crapScore="2" isConstructor="false" isStatic="true" isGetter="false" isSetter="false">
              <Summary numSequencePoints="1" visitedSequencePoints="0" numBranchPoints="1" visitedBranchPoints="0" sequenceCoverage="0" branchCoverage="0" maxCyclomaticComplexity="1" minCyclomaticComplexity="1" maxCrapScore="2" minCrapScore="2" visitedClasses="0" numClasses="0" visitedMethods="0" numMethods="1" />
              <MetadataToken>100663627</MetadataToken>
              <Name>System.Collections.Generic.List`1&lt;System.String&gt; Xunit.XunitPackageCompilationAssemblyResolver::GetDefaultProbeDirectories(Xunit.Abstractions.IMessageSink)</Name>
              <FileRef uid="77" />
              <SequencePoints>
                <SequencePoint vc="0" uspid="2411" ordinal="0" offset="0" sl="29" sc="13" el="29" ec="115" bec="0" bev="0" fileid="77" />
              </SequencePoints>
              <BranchPoints />
              <MethodPoint xsi:type="SequencePoint" vc="0" uspid="2411" ordinal="0" offset="0" sl="29" sc="13" el="29" ec="115" bec="0" bev="0" fileid="77" />
            </Method>
            <Method visited="false" cyclomaticComplexity="7" nPathComplexity="64" sequenceCoverage="0" branchCoverage="0" crapScore="56" isConstructor="false" isStatic="true" isGetter="false" isSetter="false">
              <Summary numSequencePoints="16" visitedSequencePoints="0" numBranchPoints="13" visitedBranchPoints="0" sequenceCoverage="0" branchCoverage="0" maxCyclomaticComplexity="7" minCyclomaticComplexity="7" maxCrapScore="56" minCrapScore="56" visitedClasses="0" numClasses="0" visitedMethods="0" numMethods="1" />
              <MetadataToken>100663628</MetadataToken>
              <Name>System.Collections.Generic.List`1&lt;System.String&gt; Xunit.XunitPackageCompilationAssemblyResolver::GetDefaultProbeDirectories(Internal.Microsoft.DotNet.PlatformAbstractions.Platform,Xunit.Abstractions.IMessageSink)</Name>
              <FileRef uid="77" />
              <SequencePoints>
                <SequencePoint vc="0" uspid="2412" ordinal="0" offset="0" sl="33" sc="13" el="33" ec="49" bec="0" bev="0" fileid="77" />
                <SequencePoint vc="0" uspid="2413" ordinal="1" offset="2" sl="35" sc="13" el="35" ec="88" bec="0" bev="0" fileid="77" />
                <SequencePoint vc="0" uspid="2414" ordinal="2" offset="18" sl="36" sc="13" el="36" ec="57" bec="2" bev="0" fileid="77" />
                <SequencePoint vc="0" uspid="2415" ordinal="3" offset="26" sl="37" sc="17" el="37" ec="133" bec="0" bev="0" fileid="77" />
                <SequencePoint vc="0" uspid="2416" ordinal="4" offset="55" sl="40" sc="17" el="40" ec="46" bec="0" bev="0" fileid="77" />
                <SequencePoint vc="0" uspid="2417" ordinal="5" offset="61" sl="43" sc="17" el="43" ec="93" bec="0" bev="0" fileid="77" />
                <SequencePoint vc="0" uspid="2418" ordinal="6" offset="72" sl="44" sc="17" el="44" ec="61" bec="2" bev="0" fileid="77" />
                <SequencePoint vc="0" uspid="2419" ordinal="7" offset="80" sl="45" sc="21" el="45" ec="51" bec="0" bev="0" fileid="77" />
                <SequencePoint vc="0" uspid="2420" ordinal="8" offset="89" sl="49" sc="21" el="49" ec="56" bec="2" bev="0" fileid="77" />
                <SequencePoint vc="0" uspid="2421" ordinal="9" offset="93" sl="50" sc="25" el="50" ec="86" bec="0" bev="0" fileid="77" />
                <SequencePoint vc="0" uspid="2422" ordinal="10" offset="106" sl="52" sc="25" el="52" ec="79" bec="0" bev="0" fileid="77" />
                <SequencePoint vc="0" uspid="2423" ordinal="11" offset="117" sl="54" sc="21" el="54" ec="57" bec="2" bev="0" fileid="77" />
                <SequencePoint vc="0" uspid="2424" ordinal="12" offset="125" sl="55" sc="25" el="55" ec="83" bec="0" bev="0" fileid="77" />
                <SequencePoint vc="0" uspid="2425" ordinal="13" offset="147" sl="59" sc="13" el="59" ec="56" bec="2" bev="0" fileid="77" />
                <SequencePoint vc="0" uspid="2426" ordinal="14" offset="150" sl="60" sc="17" el="60" ec="216" bec="2" bev="0" fileid="77" />
                <SequencePoint vc="0" uspid="2427" ordinal="15" offset="224" sl="62" sc="13" el="62" ec="28" bec="0" bev="0" fileid="77" />
              </SequencePoints>
              <BranchPoints>
                <BranchPoint vc="0" uspid="2428" ordinal="0" offset="24" sl="36" path="0" offsetend="26" fileid="77" />
                <BranchPoint vc="0" uspid="2429" ordinal="1" offset="24" sl="36" path="1" offsetend="55" fileid="77" />
                <BranchPoint vc="0" uspid="2430" ordinal="2" offset="78" sl="44" path="0" offsetend="80" fileid="77" />
                <BranchPoint vc="0" uspid="2431" ordinal="3" offset="78" sl="44" path="1" offsetend="89" fileid="77" />
                <BranchPoint vc="0" uspid="2432" ordinal="4" offset="91" sl="49" path="0" offsetend="93" fileid="77" />
                <BranchPoint vc="0" uspid="2433" ordinal="5" offset="91" sl="49" path="1" offsetend="106" fileid="77" />
                <BranchPoint vc="0" uspid="2434" ordinal="6" offset="123" sl="54" path="0" offsetend="125" fileid="77" />
                <BranchPoint vc="0" uspid="2435" ordinal="7" offset="123" sl="54" path="1" offsetend="147" fileid="77" />
                <BranchPoint vc="0" uspid="2436" ordinal="8" offset="148" sl="59" path="0" offsetend="150" fileid="77" />
                <BranchPoint vc="0" uspid="2437" ordinal="9" offset="148" sl="59" path="1" offsetend="224" fileid="77" />
                <BranchPoint vc="0" uspid="2438" ordinal="10" offset="168" sl="60" path="0" offsetend="170" fileid="77" />
                <BranchPoint vc="0" uspid="2439" ordinal="11" offset="168" sl="60" path="1" offsetend="193" fileid="77" />
              </BranchPoints>
              <MethodPoint xsi:type="SequencePoint" vc="0" uspid="2412" ordinal="0" offset="0" sl="33" sc="13" el="33" ec="49" bec="0" bev="0" fileid="77" />
            </Method>
            <Method visited="false" cyclomaticComplexity="6" nPathComplexity="16" sequenceCoverage="0" branchCoverage="0" crapScore="42" isConstructor="false" isStatic="false" isGetter="false" isSetter="false">
              <Summary numSequencePoints="11" visitedSequencePoints="0" numBranchPoints="9" visitedBranchPoints="0" sequenceCoverage="0" branchCoverage="0" maxCyclomaticComplexity="6" minCyclomaticComplexity="6" maxCrapScore="42" minCrapScore="42" visitedClasses="0" numClasses="0" visitedMethods="0" numMethods="1" />
              <MetadataToken>100663629</MetadataToken>
              <Name>System.Boolean Xunit.XunitPackageCompilationAssemblyResolver::TryResolveAssemblyPaths(Internal.Microsoft.Extensions.DependencyModel.CompilationLibrary,System.Collections.Generic.List`1&lt;System.String&gt;)</Name>
              <FileRef uid="77" />
              <SequencePoints>
                <SequencePoint vc="0" uspid="2440" ordinal="0" offset="0" sl="67" sc="13" el="67" ec="131" bec="3" bev="0" fileid="77" />
                <SequencePoint vc="0" uspid="2441" ordinal="1" offset="32" sl="68" sc="17" el="68" ec="30" bec="0" bev="0" fileid="77" />
                <SequencePoint vc="0" uspid="2442" ordinal="2" offset="34" sl="70" sc="39" el="70" ec="62" bec="0" bev="0" fileid="77" />
                <SequencePoint vc="0" uspid="2443" ordinal="3" offset="48" sl="70" sc="22" el="70" ec="35" bec="0" bev="0" fileid="77" />
                <SequencePoint vc="0" uspid="2444" ordinal="4" offset="56" sl="71" sc="17" el="71" ec="110" bec="2" bev="0" fileid="77" />
                <SequencePoint vc="0" uspid="2445" ordinal="5" offset="73" sl="72" sc="21" el="72" ec="103" bec="2" bev="0" fileid="77" />
                <SequencePoint vc="0" uspid="2446" ordinal="6" offset="85" sl="74" sc="25" el="74" ec="67" bec="0" bev="0" fileid="77" />
                <SequencePoint vc="0" uspid="2447" ordinal="7" offset="92" sl="75" sc="25" el="75" ec="37" bec="0" bev="0" fileid="77" />
                <SequencePoint vc="0" uspid="2448" ordinal="8" offset="97" sl="70" sc="36" el="70" ec="38" bec="0" bev="0" fileid="77" />
                <SequencePoint vc="0" uspid="2449" ordinal="9" offset="122" sl="78" sc="13" el="78" ec="26" bec="0" bev="0" fileid="77" />
                <SequencePoint vc="0" uspid="2450" ordinal="10" offset="124" sl="79" sc="9" el="79" ec="10" bec="0" bev="0" fileid="77" />
              </SequencePoints>
              <BranchPoints>
                <BranchPoint vc="0" uspid="2451" ordinal="0" offset="11" sl="67" path="0" offsetend="13" fileid="77" />
                <BranchPoint vc="0" uspid="2452" ordinal="1" offset="11" sl="67" path="1" offsetend="32" fileid="77" />
                <BranchPoint vc="0" uspid="2453" ordinal="2" offset="30" sl="67" path="0" offsetend="32" fileid="77" />
                <BranchPoint vc="0" uspid="2454" ordinal="3" offset="30" sl="67" path="1" offsetend="34" fileid="77" />
                <BranchPoint vc="0" uspid="2455" ordinal="4" offset="71" sl="71" path="0" offsetend="73" fileid="77" />
                <BranchPoint vc="0" uspid="2456" ordinal="5" offset="71" sl="71" path="1" offsetend="97" fileid="77" />
                <BranchPoint vc="0" uspid="2457" ordinal="6" offset="83" sl="72" path="0" offsetend="85" fileid="77" />
                <BranchPoint vc="0" uspid="2458" ordinal="7" offset="83" sl="72" path="1" offsetend="97" fileid="77" />
              </BranchPoints>
              <MethodPoint xsi:type="SequencePoint" vc="0" uspid="2440" ordinal="0" offset="0" sl="67" sc="13" el="67" ec="131" bec="3" bev="0" fileid="77" />
            </Method>
            <Method visited="false" cyclomaticComplexity="4" nPathComplexity="2" sequenceCoverage="0" branchCoverage="0" crapScore="20" isConstructor="false" isStatic="false" isGetter="false" isSetter="false">
              <Summary numSequencePoints="11" visitedSequencePoints="0" numBranchPoints="3" visitedBranchPoints="0" sequenceCoverage="0" branchCoverage="0" maxCyclomaticComplexity="4" minCyclomaticComplexity="4" maxCrapScore="20" minCrapScore="20" visitedClasses="0" numClasses="0" visitedMethods="0" numMethods="1" />
              <MetadataToken>100663630</MetadataToken>
              <Name>System.Boolean Xunit.XunitPackageCompilationAssemblyResolver::TryResolveFromPackagePath(Internal.Microsoft.Extensions.DependencyModel.CompilationLibrary,System.String,System.Collections.Generic.IEnumerable`1&lt;System.String&gt;&amp;)</Name>
              <FileRef uid="77" />
              <SequencePoints>
                <SequencePoint vc="0" uspid="2461" ordinal="0" offset="0" sl="83" sc="13" el="83" ec="44" bec="0" bev="0" fileid="77" />
                <SequencePoint vc="0" uspid="2462" ordinal="1" offset="6" sl="85" sc="38" el="85" ec="56" bec="0" bev="0" fileid="77" />
                <SequencePoint vc="0" uspid="2463" ordinal="2" offset="20" sl="85" sc="22" el="85" ec="34" bec="0" bev="0" fileid="77" />
                <SequencePoint vc="0" uspid="2464" ordinal="3" offset="27" sl="87" sc="17" el="87" ec="109" bec="2" bev="0" fileid="77" />
                <SequencePoint vc="0" uspid="2465" ordinal="4" offset="44" sl="92" sc="21" el="92" ec="36" bec="0" bev="0" fileid="77" />
                <SequencePoint vc="0" uspid="2466" ordinal="5" offset="47" sl="93" sc="21" el="93" ec="34" bec="0" bev="0" fileid="77" />
                <SequencePoint vc="0" uspid="2467" ordinal="6" offset="52" sl="96" sc="17" el="96" ec="37" bec="0" bev="0" fileid="77" />
                <SequencePoint vc="0" uspid="2468" ordinal="7" offset="59" sl="85" sc="35" el="85" ec="37" bec="0" bev="0" fileid="77" />
                <SequencePoint vc="0" uspid="2469" ordinal="8" offset="79" sl="99" sc="13" el="99" ec="29" bec="0" bev="0" fileid="77" />
                <SequencePoint vc="0" uspid="2470" ordinal="9" offset="82" sl="100" sc="13" el="100" ec="25" bec="0" bev="0" fileid="77" />
                <SequencePoint vc="0" uspid="2471" ordinal="10" offset="84" sl="101" sc="9" el="101" ec="10" bec="0" bev="0" fileid="77" />
              </SequencePoints>
              <BranchPoints>
                <BranchPoint vc="0" uspid="2472" ordinal="0" offset="42" sl="87" path="0" offsetend="44" fileid="77" />
                <BranchPoint vc="0" uspid="2473" ordinal="1" offset="42" sl="87" path="1" offsetend="52" fileid="77" />
              </BranchPoints>
              <MethodPoint xsi:type="SequencePoint" vc="0" uspid="2461" ordinal="0" offset="0" sl="83" sc="13" el="83" ec="44" bec="0" bev="0" fileid="77" />
            </Method>
          </Methods>
        </Class>
        <Class>
          <Summary numSequencePoints="1" visitedSequencePoints="0" numBranchPoints="1" visitedBranchPoints="0" sequenceCoverage="0" branchCoverage="0" maxCyclomaticComplexity="1" minCyclomaticComplexity="1" maxCrapScore="2" minCrapScore="2" visitedClasses="0" numClasses="1" visitedMethods="0" numMethods="1" />
          <FullName>Xunit.XunitPackageCompilationAssemblyResolver/&lt;&gt;c</FullName>
          <Methods>
            <Method visited="false" cyclomaticComplexity="1" nPathComplexity="0" sequenceCoverage="0" branchCoverage="0" crapScore="2" isConstructor="true" isStatic="true" isGetter="false" isSetter="false">
              <Summary numSequencePoints="0" visitedSequencePoints="0" numBranchPoints="0" visitedBranchPoints="0" sequenceCoverage="0" branchCoverage="0" maxCyclomaticComplexity="1" minCyclomaticComplexity="1" maxCrapScore="2" minCrapScore="2" visitedClasses="0" numClasses="0" visitedMethods="0" numMethods="0" />
              <MetadataToken>100663812</MetadataToken>
              <Name>System.Void Xunit.XunitPackageCompilationAssemblyResolver/&lt;&gt;c::.cctor()</Name>
              <SequencePoints />
              <BranchPoints />
              <MethodPoint vc="0" uspid="2476" ordinal="0" offset="0" />
            </Method>
            <Method visited="false" cyclomaticComplexity="1" nPathComplexity="0" sequenceCoverage="0" branchCoverage="0" crapScore="2" isConstructor="true" isStatic="false" isGetter="false" isSetter="false">
              <Summary numSequencePoints="0" visitedSequencePoints="0" numBranchPoints="0" visitedBranchPoints="0" sequenceCoverage="0" branchCoverage="0" maxCyclomaticComplexity="1" minCyclomaticComplexity="1" maxCrapScore="2" minCrapScore="2" visitedClasses="0" numClasses="0" visitedMethods="0" numMethods="0" />
              <MetadataToken>100663813</MetadataToken>
              <Name>System.Void Xunit.XunitPackageCompilationAssemblyResolver/&lt;&gt;c::.ctor()</Name>
              <SequencePoints />
              <BranchPoints />
              <MethodPoint vc="0" uspid="2477" ordinal="0" offset="0" />
            </Method>
            <Method visited="false" cyclomaticComplexity="1" nPathComplexity="0" sequenceCoverage="0" branchCoverage="0" crapScore="2" isConstructor="false" isStatic="false" isGetter="false" isSetter="false">
              <Summary numSequencePoints="1" visitedSequencePoints="0" numBranchPoints="1" visitedBranchPoints="0" sequenceCoverage="0" branchCoverage="0" maxCyclomaticComplexity="1" minCyclomaticComplexity="1" maxCrapScore="2" minCrapScore="2" visitedClasses="0" numClasses="0" visitedMethods="0" numMethods="1" />
              <MetadataToken>100663814</MetadataToken>
              <Name>System.String Xunit.XunitPackageCompilationAssemblyResolver/&lt;&gt;c::&lt;GetDefaultProbeDirectories&gt;b__4_0(System.String)</Name>
              <FileRef uid="77" />
              <SequencePoints>
                <SequencePoint vc="0" uspid="2478" ordinal="0" offset="0" sl="60" sc="200" el="60" ec="208" bec="0" bev="0" fileid="77" />
              </SequencePoints>
              <BranchPoints />
              <MethodPoint xsi:type="SequencePoint" vc="0" uspid="2478" ordinal="0" offset="0" sl="60" sc="200" el="60" ec="208" bec="0" bev="0" fileid="77" />
            </Method>
          </Methods>
        </Class>
        <Class>
          <Summary numSequencePoints="10" visitedSequencePoints="0" numBranchPoints="5" visitedBranchPoints="0" sequenceCoverage="0" branchCoverage="0" maxCyclomaticComplexity="1" minCyclomaticComplexity="1" maxCrapScore="2" minCrapScore="2" visitedClasses="0" numClasses="1" visitedMethods="0" numMethods="5" />
          <FullName>Xunit._DiagnosticMessage</FullName>
          <Methods>
            <Method visited="false" cyclomaticComplexity="1" nPathComplexity="0" sequenceCoverage="0" branchCoverage="0" crapScore="2" isConstructor="false" isStatic="false" isGetter="true" isSetter="false">
              <Summary numSequencePoints="1" visitedSequencePoints="0" numBranchPoints="1" visitedBranchPoints="0" sequenceCoverage="0" branchCoverage="0" maxCyclomaticComplexity="1" minCyclomaticComplexity="1" maxCrapScore="2" minCrapScore="2" visitedClasses="0" numClasses="0" visitedMethods="0" numMethods="1" />
              <MetadataToken>100663634</MetadataToken>
              <Name>System.String Xunit._DiagnosticMessage::get_Message()</Name>
              <FileRef uid="79" />
              <SequencePoints>
                <SequencePoint vc="0" uspid="2479" ordinal="0" offset="0" sl="32" sc="33" el="32" ec="37" bec="0" bev="0" fileid="79" />
              </SequencePoints>
              <BranchPoints />
              <MethodPoint xsi:type="SequencePoint" vc="0" uspid="2479" ordinal="0" offset="0" sl="32" sc="33" el="32" ec="37" bec="0" bev="0" fileid="79" />
            </Method>
            <Method visited="false" cyclomaticComplexity="1" nPathComplexity="0" sequenceCoverage="0" branchCoverage="0" crapScore="2" isConstructor="false" isStatic="false" isGetter="false" isSetter="true">
              <Summary numSequencePoints="1" visitedSequencePoints="0" numBranchPoints="1" visitedBranchPoints="0" sequenceCoverage="0" branchCoverage="0" maxCyclomaticComplexity="1" minCyclomaticComplexity="1" maxCrapScore="2" minCrapScore="2" visitedClasses="0" numClasses="0" visitedMethods="0" numMethods="1" />
              <MetadataToken>100663635</MetadataToken>
              <Name>System.Void Xunit._DiagnosticMessage::set_Message(System.String)</Name>
              <FileRef uid="79" />
              <SequencePoints>
                <SequencePoint vc="0" uspid="2480" ordinal="0" offset="0" sl="32" sc="38" el="32" ec="42" bec="0" bev="0" fileid="79" />
              </SequencePoints>
              <BranchPoints />
              <MethodPoint xsi:type="SequencePoint" vc="0" uspid="2480" ordinal="0" offset="0" sl="32" sc="38" el="32" ec="42" bec="0" bev="0" fileid="79" />
            </Method>
            <Method visited="false" cyclomaticComplexity="1" nPathComplexity="0" sequenceCoverage="0" branchCoverage="0" crapScore="2" isConstructor="true" isStatic="false" isGetter="false" isSetter="false">
              <Summary numSequencePoints="2" visitedSequencePoints="0" numBranchPoints="1" visitedBranchPoints="0" sequenceCoverage="0" branchCoverage="0" maxCyclomaticComplexity="1" minCyclomaticComplexity="1" maxCrapScore="2" minCrapScore="2" visitedClasses="0" numClasses="0" visitedMethods="0" numMethods="1" />
              <MetadataToken>100663631</MetadataToken>
              <Name>System.Void Xunit._DiagnosticMessage::.ctor()</Name>
              <FileRef uid="79" />
              <SequencePoints>
                <SequencePoint vc="0" uspid="2481" ordinal="0" offset="0" sl="10" sc="9" el="10" ec="36" bec="0" bev="0" fileid="79" />
                <SequencePoint vc="0" uspid="2482" ordinal="1" offset="6" sl="10" sc="39" el="10" ec="40" bec="0" bev="0" fileid="79" />
              </SequencePoints>
              <BranchPoints />
              <MethodPoint xsi:type="SequencePoint" vc="0" uspid="2481" ordinal="0" offset="0" sl="10" sc="9" el="10" ec="36" bec="0" bev="0" fileid="79" />
            </Method>
            <Method visited="false" cyclomaticComplexity="1" nPathComplexity="0" sequenceCoverage="0" branchCoverage="0" crapScore="2" isConstructor="true" isStatic="false" isGetter="false" isSetter="false">
              <Summary numSequencePoints="3" visitedSequencePoints="0" numBranchPoints="1" visitedBranchPoints="0" sequenceCoverage="0" branchCoverage="0" maxCyclomaticComplexity="1" minCyclomaticComplexity="1" maxCrapScore="2" minCrapScore="2" visitedClasses="0" numClasses="0" visitedMethods="0" numMethods="1" />
              <MetadataToken>100663632</MetadataToken>
              <Name>System.Void Xunit._DiagnosticMessage::.ctor(System.String)</Name>
              <FileRef uid="79" />
              <SequencePoints>
                <SequencePoint vc="0" uspid="2483" ordinal="0" offset="0" sl="16" sc="9" el="16" ec="50" bec="0" bev="0" fileid="79" />
                <SequencePoint vc="0" uspid="2484" ordinal="1" offset="6" sl="18" sc="13" el="18" ec="31" bec="0" bev="0" fileid="79" />
                <SequencePoint vc="0" uspid="2485" ordinal="2" offset="13" sl="19" sc="9" el="19" ec="10" bec="0" bev="0" fileid="79" />
              </SequencePoints>
              <BranchPoints />
              <MethodPoint xsi:type="SequencePoint" vc="0" uspid="2483" ordinal="0" offset="0" sl="16" sc="9" el="16" ec="50" bec="0" bev="0" fileid="79" />
            </Method>
            <Method visited="false" cyclomaticComplexity="1" nPathComplexity="0" sequenceCoverage="0" branchCoverage="0" crapScore="2" isConstructor="true" isStatic="false" isGetter="false" isSetter="false">
              <Summary numSequencePoints="3" visitedSequencePoints="0" numBranchPoints="1" visitedBranchPoints="0" sequenceCoverage="0" branchCoverage="0" maxCyclomaticComplexity="1" minCyclomaticComplexity="1" maxCrapScore="2" minCrapScore="2" visitedClasses="0" numClasses="0" visitedMethods="0" numMethods="1" />
              <MetadataToken>100663633</MetadataToken>
              <Name>System.Void Xunit._DiagnosticMessage::.ctor(System.String,System.Object[])</Name>
              <FileRef uid="79" />
              <SequencePoints>
                <SequencePoint vc="0" uspid="2486" ordinal="0" offset="0" sl="26" sc="9" el="26" ec="71" bec="0" bev="0" fileid="79" />
                <SequencePoint vc="0" uspid="2487" ordinal="1" offset="6" sl="28" sc="13" el="28" ec="51" bec="0" bev="0" fileid="79" />
                <SequencePoint vc="0" uspid="2488" ordinal="2" offset="19" sl="29" sc="9" el="29" ec="10" bec="0" bev="0" fileid="79" />
              </SequencePoints>
              <BranchPoints />
              <MethodPoint xsi:type="SequencePoint" vc="0" uspid="2486" ordinal="0" offset="0" sl="26" sc="9" el="26" ec="71" bec="0" bev="0" fileid="79" />
            </Method>
          </Methods>
        </Class>
        <Class>
          <Summary numSequencePoints="246" visitedSequencePoints="0" numBranchPoints="192" visitedBranchPoints="0" sequenceCoverage="0" branchCoverage="0" maxCyclomaticComplexity="67" minCyclomaticComplexity="1" maxCrapScore="4556" minCrapScore="2" visitedClasses="0" numClasses="1" visitedMethods="0" numMethods="40" />
          <FullName>Xunit.ConsoleClient.CommandLine</FullName>
          <Methods>
            <Method visited="false" cyclomaticComplexity="1" nPathComplexity="0" sequenceCoverage="0" branchCoverage="0" crapScore="2" isConstructor="false" isStatic="false" isGetter="true" isSetter="false">
              <Summary numSequencePoints="1" visitedSequencePoints="0" numBranchPoints="1" visitedBranchPoints="0" sequenceCoverage="0" branchCoverage="0" maxCyclomaticComplexity="1" minCyclomaticComplexity="1" maxCrapScore="2" minCrapScore="2" visitedClasses="0" numClasses="0" visitedMethods="0" numMethods="1" />
              <MetadataToken>100663637</MetadataToken>
              <Name>System.Nullable`1&lt;Xunit.AppDomainSupport&gt; Xunit.ConsoleClient.CommandLine::get_AppDomains()</Name>
              <FileRef uid="80" />
              <SequencePoints>
                <SequencePoint vc="0" uspid="2489" ordinal="0" offset="0" sl="24" sc="47" el="24" ec="51" bec="0" bev="0" fileid="80" />
              </SequencePoints>
              <BranchPoints />
              <MethodPoint xsi:type="SequencePoint" vc="0" uspid="2489" ordinal="0" offset="0" sl="24" sc="47" el="24" ec="51" bec="0" bev="0" fileid="80" />
            </Method>
            <Method visited="false" cyclomaticComplexity="1" nPathComplexity="0" sequenceCoverage="0" branchCoverage="0" crapScore="2" isConstructor="false" isStatic="false" isGetter="false" isSetter="true">
              <Summary numSequencePoints="1" visitedSequencePoints="0" numBranchPoints="1" visitedBranchPoints="0" sequenceCoverage="0" branchCoverage="0" maxCyclomaticComplexity="1" minCyclomaticComplexity="1" maxCrapScore="2" minCrapScore="2" visitedClasses="0" numClasses="0" visitedMethods="0" numMethods="1" />
              <MetadataToken>100663638</MetadataToken>
              <Name>System.Void Xunit.ConsoleClient.CommandLine::set_AppDomains(System.Nullable`1&lt;Xunit.AppDomainSupport&gt;)</Name>
              <FileRef uid="80" />
              <SequencePoints>
                <SequencePoint vc="0" uspid="2490" ordinal="0" offset="0" sl="24" sc="52" el="24" ec="66" bec="0" bev="0" fileid="80" />
              </SequencePoints>
              <BranchPoints />
              <MethodPoint xsi:type="SequencePoint" vc="0" uspid="2490" ordinal="0" offset="0" sl="24" sc="52" el="24" ec="66" bec="0" bev="0" fileid="80" />
            </Method>
            <Method visited="false" cyclomaticComplexity="1" nPathComplexity="0" sequenceCoverage="0" branchCoverage="0" crapScore="2" isConstructor="false" isStatic="false" isGetter="true" isSetter="false">
              <Summary numSequencePoints="1" visitedSequencePoints="0" numBranchPoints="1" visitedBranchPoints="0" sequenceCoverage="0" branchCoverage="0" maxCyclomaticComplexity="1" minCyclomaticComplexity="1" maxCrapScore="2" minCrapScore="2" visitedClasses="0" numClasses="0" visitedMethods="0" numMethods="1" />
              <MetadataToken>100663639</MetadataToken>
              <Name>System.Boolean Xunit.ConsoleClient.CommandLine::get_Debug()</Name>
              <FileRef uid="80" />
              <SequencePoints>
                <SequencePoint vc="0" uspid="2491" ordinal="0" offset="0" sl="26" sc="29" el="26" ec="33" bec="0" bev="0" fileid="80" />
              </SequencePoints>
              <BranchPoints />
              <MethodPoint xsi:type="SequencePoint" vc="0" uspid="2491" ordinal="0" offset="0" sl="26" sc="29" el="26" ec="33" bec="0" bev="0" fileid="80" />
            </Method>
            <Method visited="false" cyclomaticComplexity="1" nPathComplexity="0" sequenceCoverage="0" branchCoverage="0" crapScore="2" isConstructor="false" isStatic="false" isGetter="false" isSetter="true">
              <Summary numSequencePoints="1" visitedSequencePoints="0" numBranchPoints="1" visitedBranchPoints="0" sequenceCoverage="0" branchCoverage="0" maxCyclomaticComplexity="1" minCyclomaticComplexity="1" maxCrapScore="2" minCrapScore="2" visitedClasses="0" numClasses="0" visitedMethods="0" numMethods="1" />
              <MetadataToken>100663640</MetadataToken>
              <Name>System.Void Xunit.ConsoleClient.CommandLine::set_Debug(System.Boolean)</Name>
              <FileRef uid="80" />
              <SequencePoints>
                <SequencePoint vc="0" uspid="2492" ordinal="0" offset="0" sl="26" sc="34" el="26" ec="48" bec="0" bev="0" fileid="80" />
              </SequencePoints>
              <BranchPoints />
              <MethodPoint xsi:type="SequencePoint" vc="0" uspid="2492" ordinal="0" offset="0" sl="26" sc="34" el="26" ec="48" bec="0" bev="0" fileid="80" />
            </Method>
            <Method visited="false" cyclomaticComplexity="1" nPathComplexity="0" sequenceCoverage="0" branchCoverage="0" crapScore="2" isConstructor="false" isStatic="false" isGetter="true" isSetter="false">
              <Summary numSequencePoints="1" visitedSequencePoints="0" numBranchPoints="1" visitedBranchPoints="0" sequenceCoverage="0" branchCoverage="0" maxCyclomaticComplexity="1" minCyclomaticComplexity="1" maxCrapScore="2" minCrapScore="2" visitedClasses="0" numClasses="0" visitedMethods="0" numMethods="1" />
              <MetadataToken>100663641</MetadataToken>
              <Name>System.Boolean Xunit.ConsoleClient.CommandLine::get_DiagnosticMessages()</Name>
              <FileRef uid="80" />
              <SequencePoints>
                <SequencePoint vc="0" uspid="2493" ordinal="0" offset="0" sl="28" sc="42" el="28" ec="46" bec="0" bev="0" fileid="80" />
              </SequencePoints>
              <BranchPoints />
              <MethodPoint xsi:type="SequencePoint" vc="0" uspid="2493" ordinal="0" offset="0" sl="28" sc="42" el="28" ec="46" bec="0" bev="0" fileid="80" />
            </Method>
            <Method visited="false" cyclomaticComplexity="1" nPathComplexity="0" sequenceCoverage="0" branchCoverage="0" crapScore="2" isConstructor="false" isStatic="false" isGetter="false" isSetter="true">
              <Summary numSequencePoints="1" visitedSequencePoints="0" numBranchPoints="1" visitedBranchPoints="0" sequenceCoverage="0" branchCoverage="0" maxCyclomaticComplexity="1" minCyclomaticComplexity="1" maxCrapScore="2" minCrapScore="2" visitedClasses="0" numClasses="0" visitedMethods="0" numMethods="1" />
              <MetadataToken>100663642</MetadataToken>
              <Name>System.Void Xunit.ConsoleClient.CommandLine::set_DiagnosticMessages(System.Boolean)</Name>
              <FileRef uid="80" />
              <SequencePoints>
                <SequencePoint vc="0" uspid="2494" ordinal="0" offset="0" sl="28" sc="47" el="28" ec="61" bec="0" bev="0" fileid="80" />
              </SequencePoints>
              <BranchPoints />
              <MethodPoint xsi:type="SequencePoint" vc="0" uspid="2494" ordinal="0" offset="0" sl="28" sc="47" el="28" ec="61" bec="0" bev="0" fileid="80" />
            </Method>
            <Method visited="false" cyclomaticComplexity="1" nPathComplexity="0" sequenceCoverage="0" branchCoverage="0" crapScore="2" isConstructor="false" isStatic="false" isGetter="true" isSetter="false">
              <Summary numSequencePoints="1" visitedSequencePoints="0" numBranchPoints="1" visitedBranchPoints="0" sequenceCoverage="0" branchCoverage="0" maxCyclomaticComplexity="1" minCyclomaticComplexity="1" maxCrapScore="2" minCrapScore="2" visitedClasses="0" numClasses="0" visitedMethods="0" numMethods="1" />
              <MetadataToken>100663643</MetadataToken>
              <Name>System.Boolean Xunit.ConsoleClient.CommandLine::get_InternalDiagnosticMessages()</Name>
              <FileRef uid="80" />
              <SequencePoints>
                <SequencePoint vc="0" uspid="2495" ordinal="0" offset="0" sl="30" sc="50" el="30" ec="54" bec="0" bev="0" fileid="80" />
              </SequencePoints>
              <BranchPoints />
              <MethodPoint xsi:type="SequencePoint" vc="0" uspid="2495" ordinal="0" offset="0" sl="30" sc="50" el="30" ec="54" bec="0" bev="0" fileid="80" />
            </Method>
            <Method visited="false" cyclomaticComplexity="1" nPathComplexity="0" sequenceCoverage="0" branchCoverage="0" crapScore="2" isConstructor="false" isStatic="false" isGetter="false" isSetter="true">
              <Summary numSequencePoints="1" visitedSequencePoints="0" numBranchPoints="1" visitedBranchPoints="0" sequenceCoverage="0" branchCoverage="0" maxCyclomaticComplexity="1" minCyclomaticComplexity="1" maxCrapScore="2" minCrapScore="2" visitedClasses="0" numClasses="0" visitedMethods="0" numMethods="1" />
              <MetadataToken>100663644</MetadataToken>
              <Name>System.Void Xunit.ConsoleClient.CommandLine::set_InternalDiagnosticMessages(System.Boolean)</Name>
              <FileRef uid="80" />
              <SequencePoints>
                <SequencePoint vc="0" uspid="2496" ordinal="0" offset="0" sl="30" sc="55" el="30" ec="69" bec="0" bev="0" fileid="80" />
              </SequencePoints>
              <BranchPoints />
              <MethodPoint xsi:type="SequencePoint" vc="0" uspid="2496" ordinal="0" offset="0" sl="30" sc="55" el="30" ec="69" bec="0" bev="0" fileid="80" />
            </Method>
            <Method visited="false" cyclomaticComplexity="1" nPathComplexity="0" sequenceCoverage="0" branchCoverage="0" crapScore="2" isConstructor="false" isStatic="false" isGetter="true" isSetter="false">
              <Summary numSequencePoints="1" visitedSequencePoints="0" numBranchPoints="1" visitedBranchPoints="0" sequenceCoverage="0" branchCoverage="0" maxCyclomaticComplexity="1" minCyclomaticComplexity="1" maxCrapScore="2" minCrapScore="2" visitedClasses="0" numClasses="0" visitedMethods="0" numMethods="1" />
              <MetadataToken>100663645</MetadataToken>
              <Name>System.Boolean Xunit.ConsoleClient.CommandLine::get_FailSkips()</Name>
              <FileRef uid="80" />
              <SequencePoints>
                <SequencePoint vc="0" uspid="2497" ordinal="0" offset="0" sl="32" sc="33" el="32" ec="37" bec="0" bev="0" fileid="80" />
              </SequencePoints>
              <BranchPoints />
              <MethodPoint xsi:type="SequencePoint" vc="0" uspid="2497" ordinal="0" offset="0" sl="32" sc="33" el="32" ec="37" bec="0" bev="0" fileid="80" />
            </Method>
            <Method visited="false" cyclomaticComplexity="1" nPathComplexity="0" sequenceCoverage="0" branchCoverage="0" crapScore="2" isConstructor="false" isStatic="false" isGetter="false" isSetter="true">
              <Summary numSequencePoints="1" visitedSequencePoints="0" numBranchPoints="1" visitedBranchPoints="0" sequenceCoverage="0" branchCoverage="0" maxCyclomaticComplexity="1" minCyclomaticComplexity="1" maxCrapScore="2" minCrapScore="2" visitedClasses="0" numClasses="0" visitedMethods="0" numMethods="1" />
              <MetadataToken>100663646</MetadataToken>
              <Name>System.Void Xunit.ConsoleClient.CommandLine::set_FailSkips(System.Boolean)</Name>
              <FileRef uid="80" />
              <SequencePoints>
                <SequencePoint vc="0" uspid="2498" ordinal="0" offset="0" sl="32" sc="38" el="32" ec="52" bec="0" bev="0" fileid="80" />
              </SequencePoints>
              <BranchPoints />
              <MethodPoint xsi:type="SequencePoint" vc="0" uspid="2498" ordinal="0" offset="0" sl="32" sc="38" el="32" ec="52" bec="0" bev="0" fileid="80" />
            </Method>
            <Method visited="false" cyclomaticComplexity="1" nPathComplexity="0" sequenceCoverage="0" branchCoverage="0" crapScore="2" isConstructor="false" isStatic="false" isGetter="true" isSetter="false">
              <Summary numSequencePoints="1" visitedSequencePoints="0" numBranchPoints="1" visitedBranchPoints="0" sequenceCoverage="0" branchCoverage="0" maxCyclomaticComplexity="1" minCyclomaticComplexity="1" maxCrapScore="2" minCrapScore="2" visitedClasses="0" numClasses="0" visitedMethods="0" numMethods="1" />
              <MetadataToken>100663647</MetadataToken>
              <Name>System.Nullable`1&lt;System.Int32&gt; Xunit.ConsoleClient.CommandLine::get_MaxParallelThreads()</Name>
              <FileRef uid="80" />
              <SequencePoints>
                <SequencePoint vc="0" uspid="2499" ordinal="0" offset="0" sl="34" sc="42" el="34" ec="46" bec="0" bev="0" fileid="80" />
              </SequencePoints>
              <BranchPoints />
              <MethodPoint xsi:type="SequencePoint" vc="0" uspid="2499" ordinal="0" offset="0" sl="34" sc="42" el="34" ec="46" bec="0" bev="0" fileid="80" />
            </Method>
            <Method visited="false" cyclomaticComplexity="1" nPathComplexity="0" sequenceCoverage="0" branchCoverage="0" crapScore="2" isConstructor="false" isStatic="false" isGetter="false" isSetter="true">
              <Summary numSequencePoints="1" visitedSequencePoints="0" numBranchPoints="1" visitedBranchPoints="0" sequenceCoverage="0" branchCoverage="0" maxCyclomaticComplexity="1" minCyclomaticComplexity="1" maxCrapScore="2" minCrapScore="2" visitedClasses="0" numClasses="0" visitedMethods="0" numMethods="1" />
              <MetadataToken>100663648</MetadataToken>
              <Name>System.Void Xunit.ConsoleClient.CommandLine::set_MaxParallelThreads(System.Nullable`1&lt;System.Int32&gt;)</Name>
              <FileRef uid="80" />
              <SequencePoints>
                <SequencePoint vc="0" uspid="2500" ordinal="0" offset="0" sl="34" sc="47" el="34" ec="51" bec="0" bev="0" fileid="80" />
              </SequencePoints>
              <BranchPoints />
              <MethodPoint xsi:type="SequencePoint" vc="0" uspid="2500" ordinal="0" offset="0" sl="34" sc="47" el="34" ec="51" bec="0" bev="0" fileid="80" />
            </Method>
            <Method visited="false" cyclomaticComplexity="1" nPathComplexity="0" sequenceCoverage="0" branchCoverage="0" crapScore="2" isConstructor="false" isStatic="false" isGetter="true" isSetter="false">
              <Summary numSequencePoints="1" visitedSequencePoints="0" numBranchPoints="1" visitedBranchPoints="0" sequenceCoverage="0" branchCoverage="0" maxCyclomaticComplexity="1" minCyclomaticComplexity="1" maxCrapScore="2" minCrapScore="2" visitedClasses="0" numClasses="0" visitedMethods="0" numMethods="1" />
              <MetadataToken>100663649</MetadataToken>
              <Name>System.Boolean Xunit.ConsoleClient.CommandLine::get_NoAutoReporters()</Name>
              <FileRef uid="80" />
              <SequencePoints>
                <SequencePoint vc="0" uspid="2501" ordinal="0" offset="0" sl="36" sc="39" el="36" ec="43" bec="0" bev="0" fileid="80" />
              </SequencePoints>
              <BranchPoints />
              <MethodPoint xsi:type="SequencePoint" vc="0" uspid="2501" ordinal="0" offset="0" sl="36" sc="39" el="36" ec="43" bec="0" bev="0" fileid="80" />
            </Method>
            <Method visited="false" cyclomaticComplexity="1" nPathComplexity="0" sequenceCoverage="0" branchCoverage="0" crapScore="2" isConstructor="false" isStatic="false" isGetter="false" isSetter="true">
              <Summary numSequencePoints="1" visitedSequencePoints="0" numBranchPoints="1" visitedBranchPoints="0" sequenceCoverage="0" branchCoverage="0" maxCyclomaticComplexity="1" minCyclomaticComplexity="1" maxCrapScore="2" minCrapScore="2" visitedClasses="0" numClasses="0" visitedMethods="0" numMethods="1" />
              <MetadataToken>100663650</MetadataToken>
              <Name>System.Void Xunit.ConsoleClient.CommandLine::set_NoAutoReporters(System.Boolean)</Name>
              <FileRef uid="80" />
              <SequencePoints>
                <SequencePoint vc="0" uspid="2502" ordinal="0" offset="0" sl="36" sc="44" el="36" ec="58" bec="0" bev="0" fileid="80" />
              </SequencePoints>
              <BranchPoints />
              <MethodPoint xsi:type="SequencePoint" vc="0" uspid="2502" ordinal="0" offset="0" sl="36" sc="44" el="36" ec="58" bec="0" bev="0" fileid="80" />
            </Method>
            <Method visited="false" cyclomaticComplexity="1" nPathComplexity="0" sequenceCoverage="0" branchCoverage="0" crapScore="2" isConstructor="false" isStatic="false" isGetter="true" isSetter="false">
              <Summary numSequencePoints="1" visitedSequencePoints="0" numBranchPoints="1" visitedBranchPoints="0" sequenceCoverage="0" branchCoverage="0" maxCyclomaticComplexity="1" minCyclomaticComplexity="1" maxCrapScore="2" minCrapScore="2" visitedClasses="0" numClasses="0" visitedMethods="0" numMethods="1" />
              <MetadataToken>100663651</MetadataToken>
              <Name>System.Boolean Xunit.ConsoleClient.CommandLine::get_NoColor()</Name>
              <FileRef uid="80" />
              <SequencePoints>
                <SequencePoint vc="0" uspid="2503" ordinal="0" offset="0" sl="38" sc="31" el="38" ec="35" bec="0" bev="0" fileid="80" />
              </SequencePoints>
              <BranchPoints />
              <MethodPoint xsi:type="SequencePoint" vc="0" uspid="2503" ordinal="0" offset="0" sl="38" sc="31" el="38" ec="35" bec="0" bev="0" fileid="80" />
            </Method>
            <Method visited="false" cyclomaticComplexity="1" nPathComplexity="0" sequenceCoverage="0" branchCoverage="0" crapScore="2" isConstructor="false" isStatic="false" isGetter="false" isSetter="true">
              <Summary numSequencePoints="1" visitedSequencePoints="0" numBranchPoints="1" visitedBranchPoints="0" sequenceCoverage="0" branchCoverage="0" maxCyclomaticComplexity="1" minCyclomaticComplexity="1" maxCrapScore="2" minCrapScore="2" visitedClasses="0" numClasses="0" visitedMethods="0" numMethods="1" />
              <MetadataToken>100663652</MetadataToken>
              <Name>System.Void Xunit.ConsoleClient.CommandLine::set_NoColor(System.Boolean)</Name>
              <FileRef uid="80" />
              <SequencePoints>
                <SequencePoint vc="0" uspid="2504" ordinal="0" offset="0" sl="38" sc="36" el="38" ec="50" bec="0" bev="0" fileid="80" />
              </SequencePoints>
              <BranchPoints />
              <MethodPoint xsi:type="SequencePoint" vc="0" uspid="2504" ordinal="0" offset="0" sl="38" sc="36" el="38" ec="50" bec="0" bev="0" fileid="80" />
            </Method>
            <Method visited="false" cyclomaticComplexity="1" nPathComplexity="0" sequenceCoverage="0" branchCoverage="0" crapScore="2" isConstructor="false" isStatic="false" isGetter="true" isSetter="false">
              <Summary numSequencePoints="1" visitedSequencePoints="0" numBranchPoints="1" visitedBranchPoints="0" sequenceCoverage="0" branchCoverage="0" maxCyclomaticComplexity="1" minCyclomaticComplexity="1" maxCrapScore="2" minCrapScore="2" visitedClasses="0" numClasses="0" visitedMethods="0" numMethods="1" />
              <MetadataToken>100663653</MetadataToken>
              <Name>System.Boolean Xunit.ConsoleClient.CommandLine::get_NoLogo()</Name>
              <FileRef uid="80" />
              <SequencePoints>
                <SequencePoint vc="0" uspid="2505" ordinal="0" offset="0" sl="40" sc="30" el="40" ec="34" bec="0" bev="0" fileid="80" />
              </SequencePoints>
              <BranchPoints />
              <MethodPoint xsi:type="SequencePoint" vc="0" uspid="2505" ordinal="0" offset="0" sl="40" sc="30" el="40" ec="34" bec="0" bev="0" fileid="80" />
            </Method>
            <Method visited="false" cyclomaticComplexity="1" nPathComplexity="0" sequenceCoverage="0" branchCoverage="0" crapScore="2" isConstructor="false" isStatic="false" isGetter="false" isSetter="true">
              <Summary numSequencePoints="1" visitedSequencePoints="0" numBranchPoints="1" visitedBranchPoints="0" sequenceCoverage="0" branchCoverage="0" maxCyclomaticComplexity="1" minCyclomaticComplexity="1" maxCrapScore="2" minCrapScore="2" visitedClasses="0" numClasses="0" visitedMethods="0" numMethods="1" />
              <MetadataToken>100663654</MetadataToken>
              <Name>System.Void Xunit.ConsoleClient.CommandLine::set_NoLogo(System.Boolean)</Name>
              <FileRef uid="80" />
              <SequencePoints>
                <SequencePoint vc="0" uspid="2506" ordinal="0" offset="0" sl="40" sc="35" el="40" ec="49" bec="0" bev="0" fileid="80" />
              </SequencePoints>
              <BranchPoints />
              <MethodPoint xsi:type="SequencePoint" vc="0" uspid="2506" ordinal="0" offset="0" sl="40" sc="35" el="40" ec="49" bec="0" bev="0" fileid="80" />
            </Method>
            <Method visited="false" cyclomaticComplexity="1" nPathComplexity="0" sequenceCoverage="0" branchCoverage="0" crapScore="2" isConstructor="false" isStatic="false" isGetter="true" isSetter="false">
              <Summary numSequencePoints="1" visitedSequencePoints="0" numBranchPoints="1" visitedBranchPoints="0" sequenceCoverage="0" branchCoverage="0" maxCyclomaticComplexity="1" minCyclomaticComplexity="1" maxCrapScore="2" minCrapScore="2" visitedClasses="0" numClasses="0" visitedMethods="0" numMethods="1" />
              <MetadataToken>100663655</MetadataToken>
              <Name>Xunit.XunitProject Xunit.ConsoleClient.CommandLine::get_Project()</Name>
              <FileRef uid="80" />
              <SequencePoints>
                <SequencePoint vc="0" uspid="2507" ordinal="0" offset="0" sl="46" sc="39" el="46" ec="43" bec="0" bev="0" fileid="80" />
              </SequencePoints>
              <BranchPoints />
              <MethodPoint xsi:type="SequencePoint" vc="0" uspid="2507" ordinal="0" offset="0" sl="46" sc="39" el="46" ec="43" bec="0" bev="0" fileid="80" />
            </Method>
            <Method visited="false" cyclomaticComplexity="1" nPathComplexity="0" sequenceCoverage="0" branchCoverage="0" crapScore="2" isConstructor="false" isStatic="false" isGetter="false" isSetter="true">
              <Summary numSequencePoints="1" visitedSequencePoints="0" numBranchPoints="1" visitedBranchPoints="0" sequenceCoverage="0" branchCoverage="0" maxCyclomaticComplexity="1" minCyclomaticComplexity="1" maxCrapScore="2" minCrapScore="2" visitedClasses="0" numClasses="0" visitedMethods="0" numMethods="1" />
              <MetadataToken>100663656</MetadataToken>
              <Name>System.Void Xunit.ConsoleClient.CommandLine::set_Project(Xunit.XunitProject)</Name>
              <FileRef uid="80" />
              <SequencePoints>
                <SequencePoint vc="0" uspid="2508" ordinal="0" offset="0" sl="46" sc="44" el="46" ec="58" bec="0" bev="0" fileid="80" />
              </SequencePoints>
              <BranchPoints />
              <MethodPoint xsi:type="SequencePoint" vc="0" uspid="2508" ordinal="0" offset="0" sl="46" sc="44" el="46" ec="58" bec="0" bev="0" fileid="80" />
            </Method>
            <Method visited="false" cyclomaticComplexity="1" nPathComplexity="0" sequenceCoverage="0" branchCoverage="0" crapScore="2" isConstructor="false" isStatic="false" isGetter="true" isSetter="false">
              <Summary numSequencePoints="1" visitedSequencePoints="0" numBranchPoints="1" visitedBranchPoints="0" sequenceCoverage="0" branchCoverage="0" maxCyclomaticComplexity="1" minCyclomaticComplexity="1" maxCrapScore="2" minCrapScore="2" visitedClasses="0" numClasses="0" visitedMethods="0" numMethods="1" />
              <MetadataToken>100663657</MetadataToken>
              <Name>System.Nullable`1&lt;System.Boolean&gt; Xunit.ConsoleClient.CommandLine::get_ParallelizeAssemblies()</Name>
              <FileRef uid="80" />
              <SequencePoints>
                <SequencePoint vc="0" uspid="2509" ordinal="0" offset="0" sl="48" sc="46" el="48" ec="50" bec="0" bev="0" fileid="80" />
              </SequencePoints>
              <BranchPoints />
              <MethodPoint xsi:type="SequencePoint" vc="0" uspid="2509" ordinal="0" offset="0" sl="48" sc="46" el="48" ec="50" bec="0" bev="0" fileid="80" />
            </Method>
            <Method visited="false" cyclomaticComplexity="1" nPathComplexity="0" sequenceCoverage="0" branchCoverage="0" crapScore="2" isConstructor="false" isStatic="false" isGetter="false" isSetter="true">
              <Summary numSequencePoints="1" visitedSequencePoints="0" numBranchPoints="1" visitedBranchPoints="0" sequenceCoverage="0" branchCoverage="0" maxCyclomaticComplexity="1" minCyclomaticComplexity="1" maxCrapScore="2" minCrapScore="2" visitedClasses="0" numClasses="0" visitedMethods="0" numMethods="1" />
              <MetadataToken>100663658</MetadataToken>
              <Name>System.Void Xunit.ConsoleClient.CommandLine::set_ParallelizeAssemblies(System.Nullable`1&lt;System.Boolean&gt;)</Name>
              <FileRef uid="80" />
              <SequencePoints>
                <SequencePoint vc="0" uspid="2510" ordinal="0" offset="0" sl="48" sc="51" el="48" ec="65" bec="0" bev="0" fileid="80" />
              </SequencePoints>
              <BranchPoints />
              <MethodPoint xsi:type="SequencePoint" vc="0" uspid="2510" ordinal="0" offset="0" sl="48" sc="51" el="48" ec="65" bec="0" bev="0" fileid="80" />
            </Method>
            <Method visited="false" cyclomaticComplexity="1" nPathComplexity="0" sequenceCoverage="0" branchCoverage="0" crapScore="2" isConstructor="false" isStatic="false" isGetter="true" isSetter="false">
              <Summary numSequencePoints="1" visitedSequencePoints="0" numBranchPoints="1" visitedBranchPoints="0" sequenceCoverage="0" branchCoverage="0" maxCyclomaticComplexity="1" minCyclomaticComplexity="1" maxCrapScore="2" minCrapScore="2" visitedClasses="0" numClasses="0" visitedMethods="0" numMethods="1" />
              <MetadataToken>100663659</MetadataToken>
              <Name>System.Nullable`1&lt;System.Boolean&gt; Xunit.ConsoleClient.CommandLine::get_ParallelizeTestCollections()</Name>
              <FileRef uid="80" />
              <SequencePoints>
                <SequencePoint vc="0" uspid="2511" ordinal="0" offset="0" sl="50" sc="51" el="50" ec="55" bec="0" bev="0" fileid="80" />
              </SequencePoints>
              <BranchPoints />
              <MethodPoint xsi:type="SequencePoint" vc="0" uspid="2511" ordinal="0" offset="0" sl="50" sc="51" el="50" ec="55" bec="0" bev="0" fileid="80" />
            </Method>
            <Method visited="false" cyclomaticComplexity="1" nPathComplexity="0" sequenceCoverage="0" branchCoverage="0" crapScore="2" isConstructor="false" isStatic="false" isGetter="false" isSetter="true">
              <Summary numSequencePoints="1" visitedSequencePoints="0" numBranchPoints="1" visitedBranchPoints="0" sequenceCoverage="0" branchCoverage="0" maxCyclomaticComplexity="1" minCyclomaticComplexity="1" maxCrapScore="2" minCrapScore="2" visitedClasses="0" numClasses="0" visitedMethods="0" numMethods="1" />
              <MetadataToken>100663660</MetadataToken>
              <Name>System.Void Xunit.ConsoleClient.CommandLine::set_ParallelizeTestCollections(System.Nullable`1&lt;System.Boolean&gt;)</Name>
              <FileRef uid="80" />
              <SequencePoints>
                <SequencePoint vc="0" uspid="2512" ordinal="0" offset="0" sl="50" sc="56" el="50" ec="60" bec="0" bev="0" fileid="80" />
              </SequencePoints>
              <BranchPoints />
              <MethodPoint xsi:type="SequencePoint" vc="0" uspid="2512" ordinal="0" offset="0" sl="50" sc="56" el="50" ec="60" bec="0" bev="0" fileid="80" />
            </Method>
            <Method visited="false" cyclomaticComplexity="1" nPathComplexity="0" sequenceCoverage="0" branchCoverage="0" crapScore="2" isConstructor="false" isStatic="false" isGetter="true" isSetter="false">
              <Summary numSequencePoints="1" visitedSequencePoints="0" numBranchPoints="1" visitedBranchPoints="0" sequenceCoverage="0" branchCoverage="0" maxCyclomaticComplexity="1" minCyclomaticComplexity="1" maxCrapScore="2" minCrapScore="2" visitedClasses="0" numClasses="0" visitedMethods="0" numMethods="1" />
              <MetadataToken>100663661</MetadataToken>
              <Name>System.Boolean Xunit.ConsoleClient.CommandLine::get_Serialize()</Name>
              <FileRef uid="80" />
              <SequencePoints>
                <SequencePoint vc="0" uspid="2513" ordinal="0" offset="0" sl="52" sc="33" el="52" ec="37" bec="0" bev="0" fileid="80" />
              </SequencePoints>
              <BranchPoints />
              <MethodPoint xsi:type="SequencePoint" vc="0" uspid="2513" ordinal="0" offset="0" sl="52" sc="33" el="52" ec="37" bec="0" bev="0" fileid="80" />
            </Method>
            <Method visited="false" cyclomaticComplexity="1" nPathComplexity="0" sequenceCoverage="0" branchCoverage="0" crapScore="2" isConstructor="false" isStatic="false" isGetter="false" isSetter="true">
              <Summary numSequencePoints="1" visitedSequencePoints="0" numBranchPoints="1" visitedBranchPoints="0" sequenceCoverage="0" branchCoverage="0" maxCyclomaticComplexity="1" minCyclomaticComplexity="1" maxCrapScore="2" minCrapScore="2" visitedClasses="0" numClasses="0" visitedMethods="0" numMethods="1" />
              <MetadataToken>100663662</MetadataToken>
              <Name>System.Void Xunit.ConsoleClient.CommandLine::set_Serialize(System.Boolean)</Name>
              <FileRef uid="80" />
              <SequencePoints>
                <SequencePoint vc="0" uspid="2514" ordinal="0" offset="0" sl="52" sc="38" el="52" ec="52" bec="0" bev="0" fileid="80" />
              </SequencePoints>
              <BranchPoints />
              <MethodPoint xsi:type="SequencePoint" vc="0" uspid="2514" ordinal="0" offset="0" sl="52" sc="38" el="52" ec="52" bec="0" bev="0" fileid="80" />
            </Method>
            <Method visited="false" cyclomaticComplexity="1" nPathComplexity="0" sequenceCoverage="0" branchCoverage="0" crapScore="2" isConstructor="false" isStatic="false" isGetter="true" isSetter="false">
              <Summary numSequencePoints="1" visitedSequencePoints="0" numBranchPoints="1" visitedBranchPoints="0" sequenceCoverage="0" branchCoverage="0" maxCyclomaticComplexity="1" minCyclomaticComplexity="1" maxCrapScore="2" minCrapScore="2" visitedClasses="0" numClasses="0" visitedMethods="0" numMethods="1" />
              <MetadataToken>100663663</MetadataToken>
              <Name>System.Boolean Xunit.ConsoleClient.CommandLine::get_StopOnFail()</Name>
              <FileRef uid="80" />
              <SequencePoints>
                <SequencePoint vc="0" uspid="2515" ordinal="0" offset="0" sl="54" sc="34" el="54" ec="38" bec="0" bev="0" fileid="80" />
              </SequencePoints>
              <BranchPoints />
              <MethodPoint xsi:type="SequencePoint" vc="0" uspid="2515" ordinal="0" offset="0" sl="54" sc="34" el="54" ec="38" bec="0" bev="0" fileid="80" />
            </Method>
            <Method visited="false" cyclomaticComplexity="1" nPathComplexity="0" sequenceCoverage="0" branchCoverage="0" crapScore="2" isConstructor="false" isStatic="false" isGetter="false" isSetter="true">
              <Summary numSequencePoints="1" visitedSequencePoints="0" numBranchPoints="1" visitedBranchPoints="0" sequenceCoverage="0" branchCoverage="0" maxCyclomaticComplexity="1" minCyclomaticComplexity="1" maxCrapScore="2" minCrapScore="2" visitedClasses="0" numClasses="0" visitedMethods="0" numMethods="1" />
              <MetadataToken>100663664</MetadataToken>
              <Name>System.Void Xunit.ConsoleClient.CommandLine::set_StopOnFail(System.Boolean)</Name>
              <FileRef uid="80" />
              <SequencePoints>
                <SequencePoint vc="0" uspid="2516" ordinal="0" offset="0" sl="54" sc="39" el="54" ec="53" bec="0" bev="0" fileid="80" />
              </SequencePoints>
              <BranchPoints />
              <MethodPoint xsi:type="SequencePoint" vc="0" uspid="2516" ordinal="0" offset="0" sl="54" sc="39" el="54" ec="53" bec="0" bev="0" fileid="80" />
            </Method>
            <Method visited="false" cyclomaticComplexity="1" nPathComplexity="0" sequenceCoverage="0" branchCoverage="0" crapScore="2" isConstructor="false" isStatic="false" isGetter="true" isSetter="false">
              <Summary numSequencePoints="1" visitedSequencePoints="0" numBranchPoints="1" visitedBranchPoints="0" sequenceCoverage="0" branchCoverage="0" maxCyclomaticComplexity="1" minCyclomaticComplexity="1" maxCrapScore="2" minCrapScore="2" visitedClasses="0" numClasses="0" visitedMethods="0" numMethods="1" />
              <MetadataToken>100663665</MetadataToken>
              <Name>System.Boolean Xunit.ConsoleClient.CommandLine::get_Wait()</Name>
              <FileRef uid="80" />
              <SequencePoints>
                <SequencePoint vc="0" uspid="2517" ordinal="0" offset="0" sl="56" sc="28" el="56" ec="32" bec="0" bev="0" fileid="80" />
              </SequencePoints>
              <BranchPoints />
              <MethodPoint xsi:type="SequencePoint" vc="0" uspid="2517" ordinal="0" offset="0" sl="56" sc="28" el="56" ec="32" bec="0" bev="0" fileid="80" />
            </Method>
            <Method visited="false" cyclomaticComplexity="1" nPathComplexity="0" sequenceCoverage="0" branchCoverage="0" crapScore="2" isConstructor="false" isStatic="false" isGetter="false" isSetter="true">
              <Summary numSequencePoints="1" visitedSequencePoints="0" numBranchPoints="1" visitedBranchPoints="0" sequenceCoverage="0" branchCoverage="0" maxCyclomaticComplexity="1" minCyclomaticComplexity="1" maxCrapScore="2" minCrapScore="2" visitedClasses="0" numClasses="0" visitedMethods="0" numMethods="1" />
              <MetadataToken>100663666</MetadataToken>
              <Name>System.Void Xunit.ConsoleClient.CommandLine::set_Wait(System.Boolean)</Name>
              <FileRef uid="80" />
              <SequencePoints>
                <SequencePoint vc="0" uspid="2518" ordinal="0" offset="0" sl="56" sc="33" el="56" ec="47" bec="0" bev="0" fileid="80" />
              </SequencePoints>
              <BranchPoints />
              <MethodPoint xsi:type="SequencePoint" vc="0" uspid="2518" ordinal="0" offset="0" sl="56" sc="33" el="56" ec="47" bec="0" bev="0" fileid="80" />
            </Method>
            <Method visited="false" cyclomaticComplexity="3" nPathComplexity="4" sequenceCoverage="0" branchCoverage="0" crapScore="12" isConstructor="true" isStatic="false" isGetter="false" isSetter="false">
              <Summary numSequencePoints="11" visitedSequencePoints="0" numBranchPoints="5" visitedBranchPoints="0" sequenceCoverage="0" branchCoverage="0" maxCyclomaticComplexity="3" minCyclomaticComplexity="3" maxCrapScore="12" minCrapScore="12" visitedClasses="0" numClasses="0" visitedMethods="0" numMethods="1" />
              <MetadataToken>100663636</MetadataToken>
              <Name>System.Void Xunit.ConsoleClient.CommandLine::.ctor(System.String[],System.Predicate`1&lt;System.String&gt;)</Name>
              <FileRef uid="80" />
              <SequencePoints>
                <SequencePoint vc="0" uspid="2519" ordinal="0" offset="0" sl="10" sc="9" el="10" ec="64" bec="0" bev="0" fileid="80" />
                <SequencePoint vc="0" uspid="2520" ordinal="1" offset="11" sl="11" sc="9" el="11" ec="67" bec="0" bev="0" fileid="80" />
                <SequencePoint vc="0" uspid="2521" ordinal="2" offset="22" sl="13" sc="9" el="13" ec="82" bec="0" bev="0" fileid="80" />
                <SequencePoint vc="0" uspid="2522" ordinal="3" offset="28" sl="15" sc="13" el="15" ec="36" bec="2" bev="0" fileid="80" />
                <SequencePoint vc="0" uspid="2523" ordinal="4" offset="31" sl="16" sc="17" el="16" ec="42" bec="0" bev="0" fileid="80" />
                <SequencePoint vc="0" uspid="2524" ordinal="5" offset="45" sl="18" sc="18" el="18" ec="41" bec="0" bev="0" fileid="80" />
                <SequencePoint vc="0" uspid="2525" ordinal="6" offset="53" sl="19" sc="17" el="19" ec="41" bec="0" bev="0" fileid="80" />
                <SequencePoint vc="0" uspid="2526" ordinal="7" offset="67" sl="18" sc="51" el="18" ec="54" bec="0" bev="0" fileid="80" />
                <SequencePoint vc="0" uspid="2527" ordinal="8" offset="71" sl="18" sc="43" el="18" ec="49" bec="2" bev="0" fileid="80" />
                <SequencePoint vc="0" uspid="2528" ordinal="9" offset="75" sl="21" sc="13" el="21" ec="41" bec="0" bev="0" fileid="80" />
                <SequencePoint vc="0" uspid="2529" ordinal="10" offset="88" sl="22" sc="9" el="22" ec="10" bec="0" bev="0" fileid="80" />
              </SequencePoints>
              <BranchPoints>
                <BranchPoint vc="0" uspid="2530" ordinal="0" offset="29" sl="15" path="0" offsetend="31" fileid="80" />
                <BranchPoint vc="0" uspid="2531" ordinal="1" offset="29" sl="15" path="1" offsetend="45" fileid="80" />
                <BranchPoint vc="0" uspid="2532" ordinal="2" offset="73" sl="18" path="0" offsetend="75" fileid="80" />
                <BranchPoint vc="0" uspid="2533" ordinal="3" offset="73" sl="18" path="1" offsetend="53" fileid="80" />
              </BranchPoints>
              <MethodPoint xsi:type="SequencePoint" vc="0" uspid="2519" ordinal="0" offset="0" sl="10" sc="9" el="10" ec="64" bec="0" bev="0" fileid="80" />
            </Method>
            <Method visited="false" cyclomaticComplexity="8" nPathComplexity="64" sequenceCoverage="0" branchCoverage="0" crapScore="72" isConstructor="false" isStatic="false" isGetter="false" isSetter="false">
              <Summary numSequencePoints="11" visitedSequencePoints="0" numBranchPoints="13" visitedBranchPoints="0" sequenceCoverage="0" branchCoverage="0" maxCyclomaticComplexity="8" minCyclomaticComplexity="8" maxCrapScore="72" minCrapScore="72" visitedClasses="0" numClasses="0" visitedMethods="0" numMethods="1" />
              <MetadataToken>100663667</MetadataToken>
              <Name>Xunit.IRunnerReporter Xunit.ConsoleClient.CommandLine::ChooseReporter(System.Collections.Generic.IReadOnlyList`1&lt;Xunit.IRunnerReporter&gt;)</Name>
              <FileRef uid="80" />
              <SequencePoints>
                <SequencePoint vc="0" uspid="2534" ordinal="0" offset="0" sl="60" sc="13" el="60" ec="51" bec="0" bev="0" fileid="80" />
                <SequencePoint vc="0" uspid="2535" ordinal="1" offset="2" sl="62" sc="43" el="62" ec="57" bec="0" bev="0" fileid="80" />
                <SequencePoint vc="0" uspid="2536" ordinal="2" offset="22" sl="62" sc="22" el="62" ec="39" bec="0" bev="0" fileid="80" />
                <SequencePoint vc="0" uspid="2537" ordinal="3" offset="35" sl="64" sc="17" el="64" ec="163" bec="2" bev="0" fileid="80" />
                <SequencePoint vc="0" uspid="2538" ordinal="4" offset="79" sl="66" sc="17" el="66" ec="36" bec="2" bev="0" fileid="80" />
                <SequencePoint vc="0" uspid="2539" ordinal="5" offset="82" sl="67" sc="21" el="67" ec="81" bec="0" bev="0" fileid="80" />
                <SequencePoint vc="0" uspid="2540" ordinal="6" offset="93" sl="69" sc="17" el="69" ec="35" bec="0" bev="0" fileid="80" />
                <SequencePoint vc="0" uspid="2541" ordinal="7" offset="94" sl="62" sc="40" el="62" ec="42" bec="0" bev="0" fileid="80" />
                <SequencePoint vc="0" uspid="2542" ordinal="8" offset="119" sl="72" sc="13" el="72" ec="34" bec="2" bev="0" fileid="80" />
                <SequencePoint vc="0" uspid="2543" ordinal="9" offset="127" sl="73" sc="17" el="73" ec="94" bec="4" bev="0" fileid="80" />
                <SequencePoint vc="0" uspid="2544" ordinal="10" offset="170" sl="75" sc="13" el="75" ec="67" bec="2" bev="0" fileid="80" />
              </SequencePoints>
              <BranchPoints>
                <BranchPoint vc="0" uspid="2545" ordinal="0" offset="54" sl="64" path="0" offsetend="56" fileid="80" />
                <BranchPoint vc="0" uspid="2546" ordinal="1" offset="54" sl="64" path="1" offsetend="79" fileid="80" />
                <BranchPoint vc="0" uspid="2547" ordinal="2" offset="80" sl="66" path="0" offsetend="82" fileid="80" />
                <BranchPoint vc="0" uspid="2548" ordinal="3" offset="80" sl="66" path="1" offsetend="93" fileid="80" />
                <BranchPoint vc="0" uspid="2551" ordinal="6" offset="125" sl="72" path="0" offsetend="127" fileid="80" />
                <BranchPoint vc="0" uspid="2552" ordinal="7" offset="125" sl="72" path="1" offsetend="170" fileid="80" />
                <BranchPoint vc="0" uspid="2553" ordinal="8" offset="134" sl="73" path="0" offsetend="136" fileid="80" />
                <BranchPoint vc="0" uspid="2554" ordinal="9" offset="134" sl="73" path="1" offsetend="159" fileid="80" />
                <BranchPoint vc="0" uspid="2555" ordinal="10" offset="165" sl="73" path="0" offsetend="167" fileid="80" />
                <BranchPoint vc="0" uspid="2556" ordinal="11" offset="165" sl="73" path="1" offsetend="169" fileid="80" />
                <BranchPoint vc="0" uspid="2557" ordinal="12" offset="172" sl="75" path="0" offsetend="174" fileid="80" />
                <BranchPoint vc="0" uspid="2558" ordinal="13" offset="172" sl="75" path="1" offsetend="180" fileid="80" />
              </BranchPoints>
              <MethodPoint xsi:type="SequencePoint" vc="0" uspid="2534" ordinal="0" offset="0" sl="60" sc="13" el="60" ec="51" bec="0" bev="0" fileid="80" />
            </Method>
            <Method visited="false" cyclomaticComplexity="1" nPathComplexity="0" sequenceCoverage="0" branchCoverage="0" crapScore="2" isConstructor="false" isStatic="false" isGetter="false" isSetter="false">
              <Summary numSequencePoints="1" visitedSequencePoints="0" numBranchPoints="1" visitedBranchPoints="0" sequenceCoverage="0" branchCoverage="0" maxCyclomaticComplexity="1" minCyclomaticComplexity="1" maxCrapScore="2" minCrapScore="2" visitedClasses="0" numClasses="0" visitedMethods="0" numMethods="1" />
              <MetadataToken>100663668</MetadataToken>
              <Name>System.String Xunit.ConsoleClient.CommandLine::GetFullPath(System.String)</Name>
              <FileRef uid="80" />
              <SequencePoints>
                <SequencePoint vc="0" uspid="2559" ordinal="0" offset="0" sl="80" sc="13" el="80" ec="47" bec="0" bev="0" fileid="80" />
              </SequencePoints>
              <BranchPoints />
              <MethodPoint xsi:type="SequencePoint" vc="0" uspid="2559" ordinal="0" offset="0" sl="80" sc="13" el="80" ec="47" bec="0" bev="0" fileid="80" />
            </Method>
            <Method visited="false" cyclomaticComplexity="4" nPathComplexity="2" sequenceCoverage="0" branchCoverage="0" crapScore="20" isConstructor="false" isStatic="false" isGetter="false" isSetter="false">
              <Summary numSequencePoints="6" visitedSequencePoints="0" numBranchPoints="3" visitedBranchPoints="0" sequenceCoverage="0" branchCoverage="0" maxCyclomaticComplexity="4" minCyclomaticComplexity="4" maxCrapScore="20" minCrapScore="20" visitedClasses="0" numClasses="0" visitedMethods="0" numMethods="1" />
              <MetadataToken>100663669</MetadataToken>
              <Name>Xunit.XunitProject Xunit.ConsoleClient.CommandLine::GetProjectFile(System.Collections.Generic.List`1&lt;System.Tuple`2&lt;System.String,System.String&gt;&gt;)</Name>
              <FileRef uid="80" />
              <SequencePoints>
                <SequencePoint vc="0" uspid="2560" ordinal="0" offset="0" sl="85" sc="13" el="85" ec="45" bec="0" bev="0" fileid="80" />
                <SequencePoint vc="0" uspid="2561" ordinal="1" offset="6" sl="87" sc="38" el="87" ec="48" bec="0" bev="0" fileid="80" />
                <SequencePoint vc="0" uspid="2562" ordinal="2" offset="15" sl="87" sc="22" el="87" ec="34" bec="0" bev="0" fileid="80" />
                <SequencePoint vc="0" uspid="2563" ordinal="3" offset="23" sl="88" sc="17" el="92" ec="20" bec="2" bev="0" fileid="80" />
                <SequencePoint vc="0" uspid="2564" ordinal="4" offset="81" sl="87" sc="35" el="87" ec="37" bec="0" bev="0" fileid="80" />
                <SequencePoint vc="0" uspid="2565" ordinal="5" offset="106" sl="94" sc="13" el="94" ec="27" bec="0" bev="0" fileid="80" />
              </SequencePoints>
              <BranchPoints>
                <BranchPoint vc="0" uspid="2566" ordinal="0" offset="54" sl="88" path="0" offsetend="56" fileid="80" />
                <BranchPoint vc="0" uspid="2567" ordinal="1" offset="54" sl="88" path="1" offsetend="59" fileid="80" />
              </BranchPoints>
              <MethodPoint xsi:type="SequencePoint" vc="0" uspid="2560" ordinal="0" offset="0" sl="85" sc="13" el="85" ec="45" bec="0" bev="0" fileid="80" />
            </Method>
            <Method visited="false" cyclomaticComplexity="2" nPathComplexity="2" sequenceCoverage="0" branchCoverage="0" crapScore="6" isConstructor="false" isStatic="true" isGetter="false" isSetter="false">
              <Summary numSequencePoints="3" visitedSequencePoints="0" numBranchPoints="3" visitedBranchPoints="0" sequenceCoverage="0" branchCoverage="0" maxCyclomaticComplexity="2" minCyclomaticComplexity="2" maxCrapScore="6" minCrapScore="6" visitedClasses="0" numClasses="0" visitedMethods="0" numMethods="1" />
              <MetadataToken>100663670</MetadataToken>
              <Name>System.Void Xunit.ConsoleClient.CommandLine::GuardNoOptionValue(System.Collections.Generic.KeyValuePair`2&lt;System.String,System.String&gt;)</Name>
              <FileRef uid="80" />
              <SequencePoints>
                <SequencePoint vc="0" uspid="2570" ordinal="0" offset="0" sl="99" sc="13" el="99" ec="38" bec="2" bev="0" fileid="80" />
                <SequencePoint vc="0" uspid="2571" ordinal="1" offset="9" sl="100" sc="17" el="100" ec="100" bec="0" bev="0" fileid="80" />
                <SequencePoint vc="0" uspid="2572" ordinal="2" offset="32" sl="101" sc="9" el="101" ec="10" bec="0" bev="0" fileid="80" />
              </SequencePoints>
              <BranchPoints>
                <BranchPoint vc="0" uspid="2573" ordinal="0" offset="7" sl="99" path="0" offsetend="9" fileid="80" />
                <BranchPoint vc="0" uspid="2574" ordinal="1" offset="7" sl="99" path="1" offsetend="32" fileid="80" />
              </BranchPoints>
              <MethodPoint xsi:type="SequencePoint" vc="0" uspid="2570" ordinal="0" offset="0" sl="99" sc="13" el="99" ec="38" bec="2" bev="0" fileid="80" />
            </Method>
            <Method visited="false" cyclomaticComplexity="2" nPathComplexity="2" sequenceCoverage="0" branchCoverage="0" crapScore="6" isConstructor="false" isStatic="true" isGetter="false" isSetter="false">
              <Summary numSequencePoints="1" visitedSequencePoints="0" numBranchPoints="3" visitedBranchPoints="0" sequenceCoverage="0" branchCoverage="0" maxCyclomaticComplexity="2" minCyclomaticComplexity="2" maxCrapScore="6" minCrapScore="6" visitedClasses="0" numClasses="0" visitedMethods="0" numMethods="1" />
              <MetadataToken>100663671</MetadataToken>
              <Name>System.Boolean Xunit.ConsoleClient.CommandLine::IsConfigFile(System.String)</Name>
              <FileRef uid="80" />
              <SequencePoints>
                <SequencePoint vc="0" uspid="2575" ordinal="0" offset="0" sl="105" sc="13" el="106" ec="83" bec="2" bev="0" fileid="80" />
              </SequencePoints>
              <BranchPoints>
                <BranchPoint vc="0" uspid="2576" ordinal="0" offset="12" sl="105" path="0" offsetend="14" fileid="80" />
                <BranchPoint vc="0" uspid="2577" ordinal="1" offset="12" sl="105" path="1" offsetend="27" fileid="80" />
              </BranchPoints>
              <MethodPoint xsi:type="SequencePoint" vc="0" uspid="2575" ordinal="0" offset="0" sl="105" sc="13" el="106" ec="83" bec="2" bev="0" fileid="80" />
            </Method>
            <Method visited="false" cyclomaticComplexity="1" nPathComplexity="0" sequenceCoverage="0" branchCoverage="0" crapScore="2" isConstructor="false" isStatic="true" isGetter="false" isSetter="false">
              <Summary numSequencePoints="1" visitedSequencePoints="0" numBranchPoints="1" visitedBranchPoints="0" sequenceCoverage="0" branchCoverage="0" maxCyclomaticComplexity="1" minCyclomaticComplexity="1" maxCrapScore="2" minCrapScore="2" visitedClasses="0" numClasses="0" visitedMethods="0" numMethods="1" />
              <MetadataToken>100663672</MetadataToken>
              <Name>Xunit.ConsoleClient.CommandLine Xunit.ConsoleClient.CommandLine::Parse(System.String[])</Name>
              <FileRef uid="80" />
              <SequencePoints>
                <SequencePoint vc="0" uspid="2578" ordinal="0" offset="0" sl="110" sc="16" el="110" ec="37" bec="0" bev="0" fileid="80" />
              </SequencePoints>
              <BranchPoints />
              <MethodPoint xsi:type="SequencePoint" vc="0" uspid="2578" ordinal="0" offset="0" sl="110" sc="16" el="110" ec="37" bec="0" bev="0" fileid="80" />
            </Method>
            <Method visited="false" cyclomaticComplexity="67" nPathComplexity="2147483647" sequenceCoverage="0" branchCoverage="0" crapScore="4556" isConstructor="false" isStatic="false" isGetter="false" isSetter="false">
              <Summary numSequencePoints="172" visitedSequencePoints="0" numBranchPoints="125" visitedBranchPoints="0" sequenceCoverage="0" branchCoverage="0" maxCyclomaticComplexity="67" minCyclomaticComplexity="67" maxCrapScore="4556" minCrapScore="4556" visitedClasses="0" numClasses="0" visitedMethods="0" numMethods="1" />
              <MetadataToken>100663673</MetadataToken>
              <Name>Xunit.XunitProject Xunit.ConsoleClient.CommandLine::Parse(System.Predicate`1&lt;System.String&gt;)</Name>
              <FileRef uid="80" />
              <SequencePoints>
                <SequencePoint vc="0" uspid="2579" ordinal="0" offset="0" sl="114" sc="13" el="114" ec="64" bec="0" bev="0" fileid="80" />
                <SequencePoint vc="0" uspid="2580" ordinal="1" offset="11" sl="118" sc="17" el="118" ec="80" bec="2" bev="0" fileid="80" />
                <SequencePoint vc="0" uspid="2581" ordinal="2" offset="38" sl="121" sc="17" el="121" ec="52" bec="0" bev="0" fileid="80" />
                <SequencePoint vc="0" uspid="2582" ordinal="3" offset="50" sl="122" sc="17" el="122" ec="48" bec="2" bev="0" fileid="80" />
                <SequencePoint vc="0" uspid="2583" ordinal="4" offset="58" sl="123" sc="21" el="123" ec="105" bec="0" bev="0" fileid="80" />
                <SequencePoint vc="0" uspid="2584" ordinal="5" offset="75" sl="124" sc="17" el="124" ec="47" bec="2" bev="0" fileid="80" />
                <SequencePoint vc="0" uspid="2585" ordinal="6" offset="84" sl="125" sc="21" el="125" ec="84" bec="0" bev="0" fileid="80" />
                <SequencePoint vc="0" uspid="2586" ordinal="7" offset="101" sl="127" sc="17" el="127" ec="42" bec="0" bev="0" fileid="80" />
                <SequencePoint vc="0" uspid="2587" ordinal="8" offset="103" sl="128" sc="17" el="128" ec="41" bec="2" bev="0" fileid="80" />
                <SequencePoint vc="0" uspid="2588" ordinal="9" offset="117" sl="130" sc="21" el="130" ec="50" bec="0" bev="0" fileid="80" />
                <SequencePoint vc="0" uspid="2589" ordinal="10" offset="130" sl="131" sc="21" el="131" ec="97" bec="3" bev="0" fileid="80" />
                <SequencePoint vc="0" uspid="2590" ordinal="11" offset="154" sl="133" sc="25" el="133" ec="54" bec="0" bev="0" fileid="80" />
                <SequencePoint vc="0" uspid="2591" ordinal="12" offset="166" sl="134" sc="25" el="134" ec="53" bec="2" bev="0" fileid="80" />
                <SequencePoint vc="0" uspid="2592" ordinal="13" offset="175" sl="135" sc="29" el="135" ec="97" bec="0" bev="0" fileid="80" />
                <SequencePoint vc="0" uspid="2593" ordinal="14" offset="192" sl="139" sc="17" el="139" ec="72" bec="0" bev="0" fileid="80" />
                <SequencePoint vc="0" uspid="2594" ordinal="15" offset="205" sl="116" sc="13" el="116" ec="40" bec="2" bev="0" fileid="80" />
                <SequencePoint vc="0" uspid="2595" ordinal="16" offset="222" sl="142" sc="13" el="142" ec="54" bec="0" bev="0" fileid="80" />
                <SequencePoint vc="0" uspid="2596" ordinal="17" offset="242" sl="146" sc="17" el="146" ec="51" bec="0" bev="0" fileid="80" />
                <SequencePoint vc="0" uspid="2597" ordinal="18" offset="255" sl="147" sc="17" el="147" ec="64" bec="0" bev="0" fileid="80" />
                <SequencePoint vc="0" uspid="2598" ordinal="19" offset="274" sl="149" sc="17" el="149" ec="75" bec="2" bev="0" fileid="80" />
                <SequencePoint vc="0" uspid="2599" ordinal="20" offset="294" sl="150" sc="21" el="150" ec="95" bec="0" bev="0" fileid="80" />
                <SequencePoint vc="0" uspid="2600" ordinal="21" offset="317" sl="152" sc="17" el="152" ec="54" bec="0" bev="0" fileid="80" />
                <SequencePoint vc="0" uspid="2601" ordinal="22" offset="337" sl="154" sc="17" el="154" ec="44" bec="2" bev="0" fileid="80" />
                <SequencePoint vc="0" uspid="2602" ordinal="23" offset="356" sl="156" sc="21" el="156" ec="48" bec="0" bev="0" fileid="80" />
                <SequencePoint vc="0" uspid="2603" ordinal="24" offset="363" sl="157" sc="21" el="157" ec="35" bec="0" bev="0" fileid="80" />
                <SequencePoint vc="0" uspid="2604" ordinal="25" offset="370" sl="158" sc="17" el="158" ec="18" bec="0" bev="0" fileid="80" />
                <SequencePoint vc="0" uspid="2605" ordinal="26" offset="375" sl="159" sc="22" el="159" ec="52" bec="2" bev="0" fileid="80" />
                <SequencePoint vc="0" uspid="2606" ordinal="27" offset="394" sl="161" sc="21" el="161" ec="48" bec="0" bev="0" fileid="80" />
                <SequencePoint vc="0" uspid="2607" ordinal="28" offset="401" sl="162" sc="21" el="162" ec="38" bec="0" bev="0" fileid="80" />
                <SequencePoint vc="0" uspid="2608" ordinal="29" offset="408" sl="163" sc="17" el="163" ec="18" bec="0" bev="0" fileid="80" />
                <SequencePoint vc="0" uspid="2609" ordinal="30" offset="413" sl="164" sc="22" el="164" ec="53" bec="2" bev="0" fileid="80" />
                <SequencePoint vc="0" uspid="2610" ordinal="31" offset="432" sl="166" sc="21" el="166" ec="48" bec="0" bev="0" fileid="80" />
                <SequencePoint vc="0" uspid="2611" ordinal="32" offset="439" sl="167" sc="21" el="167" ec="39" bec="0" bev="0" fileid="80" />
                <SequencePoint vc="0" uspid="2612" ordinal="33" offset="446" sl="168" sc="17" el="168" ec="18" bec="0" bev="0" fileid="80" />
                <SequencePoint vc="0" uspid="2613" ordinal="34" offset="451" sl="169" sc="22" el="169" ec="50" bec="2" bev="0" fileid="80" />
                <SequencePoint vc="0" uspid="2614" ordinal="35" offset="470" sl="171" sc="21" el="171" ec="48" bec="0" bev="0" fileid="80" />
                <SequencePoint vc="0" uspid="2615" ordinal="36" offset="477" sl="172" sc="21" el="172" ec="36" bec="0" bev="0" fileid="80" />
                <SequencePoint vc="0" uspid="2616" ordinal="37" offset="484" sl="173" sc="21" el="173" ec="64" bec="0" bev="0" fileid="80" />
                <SequencePoint vc="0" uspid="2617" ordinal="38" offset="495" sl="174" sc="17" el="174" ec="18" bec="0" bev="0" fileid="80" />
                <SequencePoint vc="0" uspid="2618" ordinal="39" offset="500" sl="175" sc="22" el="175" ec="54" bec="2" bev="0" fileid="80" />
                <SequencePoint vc="0" uspid="2619" ordinal="40" offset="519" sl="177" sc="21" el="177" ec="48" bec="0" bev="0" fileid="80" />
                <SequencePoint vc="0" uspid="2620" ordinal="41" offset="526" sl="178" sc="21" el="178" ec="58" bec="0" bev="0" fileid="80" />
                <SequencePoint vc="0" uspid="2621" ordinal="42" offset="538" sl="179" sc="17" el="179" ec="18" bec="0" bev="0" fileid="80" />
                <SequencePoint vc="0" uspid="2622" ordinal="43" offset="543" sl="180" sc="22" el="180" ec="58" bec="2" bev="0" fileid="80" />
                <SequencePoint vc="0" uspid="2623" ordinal="44" offset="562" sl="182" sc="21" el="182" ec="48" bec="0" bev="0" fileid="80" />
                <SequencePoint vc="0" uspid="2624" ordinal="45" offset="569" sl="183" sc="21" el="183" ec="44" bec="0" bev="0" fileid="80" />
                <SequencePoint vc="0" uspid="2625" ordinal="46" offset="576" sl="184" sc="17" el="184" ec="18" bec="0" bev="0" fileid="80" />
                <SequencePoint vc="0" uspid="2626" ordinal="47" offset="581" sl="192" sc="22" el="192" ec="48" bec="2" bev="0" fileid="80" />
                <SequencePoint vc="0" uspid="2627" ordinal="48" offset="600" sl="194" sc="21" el="194" ec="48" bec="0" bev="0" fileid="80" />
                <SequencePoint vc="0" uspid="2628" ordinal="49" offset="607" sl="195" sc="21" el="195" ec="34" bec="0" bev="0" fileid="80" />
                <SequencePoint vc="0" uspid="2629" ordinal="50" offset="614" sl="196" sc="17" el="196" ec="18" bec="0" bev="0" fileid="80" />
                <SequencePoint vc="0" uspid="2630" ordinal="51" offset="619" sl="197" sc="22" el="197" ec="52" bec="2" bev="0" fileid="80" />
                <SequencePoint vc="0" uspid="2631" ordinal="52" offset="638" sl="199" sc="21" el="199" ec="48" bec="0" bev="0" fileid="80" />
                <SequencePoint vc="0" uspid="2632" ordinal="53" offset="645" sl="200" sc="21" el="200" ec="38" bec="0" bev="0" fileid="80" />
                <SequencePoint vc="0" uspid="2633" ordinal="54" offset="652" sl="201" sc="17" el="201" ec="18" bec="0" bev="0" fileid="80" />
                <SequencePoint vc="0" uspid="2634" ordinal="55" offset="657" sl="202" sc="22" el="202" ec="47" bec="2" bev="0" fileid="80" />
                <SequencePoint vc="0" uspid="2635" ordinal="56" offset="676" sl="204" sc="21" el="204" ec="48" bec="0" bev="0" fileid="80" />
                <SequencePoint vc="0" uspid="2636" ordinal="57" offset="683" sl="205" sc="21" el="205" ec="33" bec="0" bev="0" fileid="80" />
                <SequencePoint vc="0" uspid="2637" ordinal="58" offset="690" sl="206" sc="17" el="206" ec="18" bec="0" bev="0" fileid="80" />
                <SequencePoint vc="0" uspid="2638" ordinal="59" offset="695" sl="207" sc="22" el="207" ec="54" bec="2" bev="0" fileid="80" />
                <SequencePoint vc="0" uspid="2639" ordinal="60" offset="714" sl="209" sc="21" el="209" ec="48" bec="0" bev="0" fileid="80" />
                <SequencePoint vc="0" uspid="2640" ordinal="61" offset="721" sl="210" sc="21" el="210" ec="47" bec="0" bev="0" fileid="80" />
                <SequencePoint vc="0" uspid="2641" ordinal="62" offset="728" sl="211" sc="17" el="211" ec="18" bec="0" bev="0" fileid="80" />
                <SequencePoint vc="0" uspid="2642" ordinal="63" offset="733" sl="212" sc="22" el="212" ec="62" bec="2" bev="0" fileid="80" />
                <SequencePoint vc="0" uspid="2643" ordinal="64" offset="752" sl="214" sc="21" el="214" ec="48" bec="0" bev="0" fileid="80" />
                <SequencePoint vc="0" uspid="2644" ordinal="65" offset="759" sl="215" sc="21" el="215" ec="55" bec="0" bev="0" fileid="80" />
                <SequencePoint vc="0" uspid="2645" ordinal="66" offset="766" sl="216" sc="17" el="216" ec="18" bec="0" bev="0" fileid="80" />
                <SequencePoint vc="0" uspid="2646" ordinal="67" offset="771" sl="217" sc="22" el="217" ec="53" bec="2" bev="0" fileid="80" />
                <SequencePoint vc="0" uspid="2647" ordinal="68" offset="790" sl="219" sc="21" el="219" ec="46" bec="2" bev="0" fileid="80" />
                <SequencePoint vc="0" uspid="2648" ordinal="69" offset="799" sl="220" sc="25" el="220" ec="89" bec="0" bev="0" fileid="80" />
                <SequencePoint vc="0" uspid="2649" ordinal="70" offset="810" sl="222" sc="21" el="222" ec="42" bec="6" bev="0" fileid="80" />
                <SequencePoint vc="0" uspid="2650" ordinal="71" offset="866" sl="225" sc="29" el="225" ec="71" bec="0" bev="0" fileid="80" />
                <SequencePoint vc="0" uspid="2651" ordinal="72" offset="878" sl="226" sc="29" el="226" ec="35" bec="0" bev="0" fileid="80" />
                <SequencePoint vc="0" uspid="2652" ordinal="73" offset="883" sl="237" sc="29" el="237" ec="66" bec="0" bev="0" fileid="80" />
                <SequencePoint vc="0" uspid="2653" ordinal="74" offset="895" sl="238" sc="29" el="238" ec="35" bec="0" bev="0" fileid="80" />
                <SequencePoint vc="0" uspid="2654" ordinal="75" offset="900" sl="241" sc="29" el="241" ec="150" bec="0" bev="0" fileid="80" />
                <SequencePoint vc="0" uspid="2655" ordinal="76" offset="911" sl="245" sc="22" el="245" ec="53" bec="2" bev="0" fileid="80" />
                <SequencePoint vc="0" uspid="2656" ordinal="77" offset="933" sl="247" sc="21" el="247" ec="46" bec="2" bev="0" fileid="80" />
                <SequencePoint vc="0" uspid="2657" ordinal="78" offset="942" sl="248" sc="25" el="248" ec="89" bec="0" bev="0" fileid="80" />
                <SequencePoint vc="0" uspid="2658" ordinal="79" offset="953" sl="250" sc="21" el="250" ec="42" bec="4" bev="0" fileid="80" />
                <SequencePoint vc="0" uspid="2659" ordinal="80" offset="992" sl="253" sc="29" el="253" ec="52" bec="0" bev="0" fileid="80" />
                <SequencePoint vc="0" uspid="2660" ordinal="81" offset="1004" sl="254" sc="29" el="254" ec="35" bec="0" bev="0" fileid="80" />
                <SequencePoint vc="0" uspid="2661" ordinal="82" offset="1009" sl="257" sc="29" el="257" ec="53" bec="0" bev="0" fileid="80" />
                <SequencePoint vc="0" uspid="2662" ordinal="83" offset="1021" sl="258" sc="29" el="258" ec="35" bec="0" bev="0" fileid="80" />
                <SequencePoint vc="0" uspid="2663" ordinal="84" offset="1026" sl="262" sc="29" el="262" ec="97" bec="3" bev="0" fileid="80" />
                <SequencePoint vc="0" uspid="2664" ordinal="85" offset="1047" sl="263" sc="33" el="263" ec="160" bec="0" bev="0" fileid="80" />
                <SequencePoint vc="0" uspid="2665" ordinal="86" offset="1058" sl="265" sc="29" el="265" ec="62" bec="0" bev="0" fileid="80" />
                <SequencePoint vc="0" uspid="2666" ordinal="87" offset="1071" sl="266" sc="29" el="266" ec="35" bec="0" bev="0" fileid="80" />
                <SequencePoint vc="0" uspid="2667" ordinal="88" offset="1076" sl="269" sc="22" el="269" ec="51" bec="2" bev="0" fileid="80" />
                <SequencePoint vc="0" uspid="2668" ordinal="89" offset="1098" sl="271" sc="21" el="271" ec="46" bec="2" bev="0" fileid="80" />
                <SequencePoint vc="0" uspid="2669" ordinal="90" offset="1107" sl="272" sc="25" el="272" ec="87" bec="0" bev="0" fileid="80" />
                <SequencePoint vc="0" uspid="2670" ordinal="91" offset="1118" sl="274" sc="21" el="274" ec="95" bec="2" bev="0" fileid="80" />
                <SequencePoint vc="0" uspid="2671" ordinal="92" offset="1134" sl="275" sc="25" el="275" ec="95" bec="0" bev="0" fileid="80" />
                <SequencePoint vc="0" uspid="2672" ordinal="93" offset="1145" sl="277" sc="21" el="277" ec="47" bec="4" bev="0" fileid="80" />
                <SequencePoint vc="0" uspid="2673" ordinal="94" offset="1168" sl="280" sc="29" el="280" ec="58" bec="0" bev="0" fileid="80" />
                <SequencePoint vc="0" uspid="2674" ordinal="95" offset="1180" sl="281" sc="29" el="281" ec="63" bec="0" bev="0" fileid="80" />
                <SequencePoint vc="0" uspid="2675" ordinal="96" offset="1192" sl="282" sc="29" el="282" ec="35" bec="0" bev="0" fileid="80" />
                <SequencePoint vc="0" uspid="2676" ordinal="97" offset="1197" sl="285" sc="29" el="285" ec="58" bec="0" bev="0" fileid="80" />
                <SequencePoint vc="0" uspid="2677" ordinal="98" offset="1209" sl="286" sc="29" el="286" ec="64" bec="0" bev="0" fileid="80" />
                <SequencePoint vc="0" uspid="2678" ordinal="99" offset="1221" sl="287" sc="29" el="287" ec="35" bec="0" bev="0" fileid="80" />
                <SequencePoint vc="0" uspid="2679" ordinal="100" offset="1226" sl="290" sc="29" el="290" ec="59" bec="0" bev="0" fileid="80" />
                <SequencePoint vc="0" uspid="2680" ordinal="101" offset="1238" sl="291" sc="29" el="291" ec="63" bec="0" bev="0" fileid="80" />
                <SequencePoint vc="0" uspid="2681" ordinal="102" offset="1250" sl="292" sc="29" el="292" ec="35" bec="0" bev="0" fileid="80" />
                <SequencePoint vc="0" uspid="2682" ordinal="103" offset="1255" sl="295" sc="29" el="295" ec="59" bec="0" bev="0" fileid="80" />
                <SequencePoint vc="0" uspid="2683" ordinal="104" offset="1267" sl="296" sc="29" el="296" ec="64" bec="0" bev="0" fileid="80" />
                <SequencePoint vc="0" uspid="2684" ordinal="105" offset="1279" sl="297" sc="29" el="297" ec="35" bec="0" bev="0" fileid="80" />
                <SequencePoint vc="0" uspid="2685" ordinal="106" offset="1284" sl="300" sc="22" el="300" ec="51" bec="2" bev="0" fileid="80" />
                <SequencePoint vc="0" uspid="2686" ordinal="107" offset="1303" sl="302" sc="21" el="302" ec="48" bec="0" bev="0" fileid="80" />
                <SequencePoint vc="0" uspid="2687" ordinal="108" offset="1310" sl="303" sc="46" el="303" ec="64" bec="0" bev="0" fileid="80" />
                <SequencePoint vc="0" uspid="2688" ordinal="109" offset="1325" sl="303" sc="30" el="303" ec="42" bec="0" bev="0" fileid="80" />
                <SequencePoint vc="0" uspid="2689" ordinal="110" offset="1332" sl="304" sc="25" el="304" ec="67" bec="0" bev="0" fileid="80" />
                <SequencePoint vc="0" uspid="2690" ordinal="111" offset="1348" sl="303" sc="43" el="303" ec="45" bec="0" bev="0" fileid="80" />
                <SequencePoint vc="0" uspid="2691" ordinal="112" offset="1374" sl="306" sc="22" el="306" ec="48" bec="2" bev="0" fileid="80" />
                <SequencePoint vc="0" uspid="2692" ordinal="113" offset="1393" sl="308" sc="21" el="308" ec="46" bec="2" bev="0" fileid="80" />
                <SequencePoint vc="0" uspid="2693" ordinal="114" offset="1402" sl="309" sc="25" el="309" ec="84" bec="0" bev="0" fileid="80" />
                <SequencePoint vc="0" uspid="2694" ordinal="115" offset="1413" sl="311" sc="21" el="311" ec="58" bec="0" bev="0" fileid="80" />
                <SequencePoint vc="0" uspid="2695" ordinal="116" offset="1430" sl="312" sc="21" el="312" ec="114" bec="4" bev="0" fileid="80" />
                <SequencePoint vc="0" uspid="2696" ordinal="117" offset="1459" sl="313" sc="25" el="313" ec="120" bec="0" bev="0" fileid="80" />
                <SequencePoint vc="0" uspid="2697" ordinal="118" offset="1470" sl="315" sc="21" el="315" ec="42" bec="0" bev="0" fileid="80" />
                <SequencePoint vc="0" uspid="2698" ordinal="119" offset="1476" sl="316" sc="21" el="316" ec="43" bec="0" bev="0" fileid="80" />
                <SequencePoint vc="0" uspid="2699" ordinal="120" offset="1482" sl="317" sc="21" el="317" ec="69" bec="0" bev="0" fileid="80" />
                <SequencePoint vc="0" uspid="2700" ordinal="121" offset="1502" sl="318" sc="17" el="318" ec="18" bec="0" bev="0" fileid="80" />
                <SequencePoint vc="0" uspid="2701" ordinal="122" offset="1507" sl="319" sc="22" el="319" ec="50" bec="2" bev="0" fileid="80" />
                <SequencePoint vc="0" uspid="2702" ordinal="123" offset="1526" sl="321" sc="21" el="321" ec="46" bec="2" bev="0" fileid="80" />
                <SequencePoint vc="0" uspid="2703" ordinal="124" offset="1535" sl="322" sc="25" el="322" ec="86" bec="0" bev="0" fileid="80" />
                <SequencePoint vc="0" uspid="2704" ordinal="125" offset="1546" sl="324" sc="21" el="324" ec="58" bec="0" bev="0" fileid="80" />
                <SequencePoint vc="0" uspid="2705" ordinal="126" offset="1563" sl="325" sc="21" el="325" ec="114" bec="4" bev="0" fileid="80" />
                <SequencePoint vc="0" uspid="2706" ordinal="127" offset="1592" sl="326" sc="25" el="326" ec="122" bec="0" bev="0" fileid="80" />
                <SequencePoint vc="0" uspid="2707" ordinal="128" offset="1603" sl="328" sc="21" el="328" ec="42" bec="0" bev="0" fileid="80" />
                <SequencePoint vc="0" uspid="2708" ordinal="129" offset="1609" sl="329" sc="21" el="329" ec="43" bec="0" bev="0" fileid="80" />
                <SequencePoint vc="0" uspid="2709" ordinal="130" offset="1615" sl="330" sc="21" el="330" ec="69" bec="0" bev="0" fileid="80" />
                <SequencePoint vc="0" uspid="2710" ordinal="131" offset="1635" sl="331" sc="17" el="331" ec="18" bec="0" bev="0" fileid="80" />
                <SequencePoint vc="0" uspid="2711" ordinal="132" offset="1640" sl="332" sc="22" el="332" ec="48" bec="2" bev="0" fileid="80" />
                <SequencePoint vc="0" uspid="2712" ordinal="133" offset="1659" sl="334" sc="21" el="334" ec="46" bec="2" bev="0" fileid="80" />
                <SequencePoint vc="0" uspid="2713" ordinal="134" offset="1668" sl="335" sc="25" el="335" ec="84" bec="0" bev="0" fileid="80" />
                <SequencePoint vc="0" uspid="2714" ordinal="135" offset="1679" sl="337" sc="21" el="337" ec="71" bec="0" bev="0" fileid="80" />
                <SequencePoint vc="0" uspid="2715" ordinal="136" offset="1703" sl="338" sc="17" el="338" ec="18" bec="0" bev="0" fileid="80" />
                <SequencePoint vc="0" uspid="2716" ordinal="137" offset="1708" sl="339" sc="22" el="339" ec="50" bec="2" bev="0" fileid="80" />
                <SequencePoint vc="0" uspid="2717" ordinal="138" offset="1727" sl="341" sc="21" el="341" ec="46" bec="2" bev="0" fileid="80" />
                <SequencePoint vc="0" uspid="2718" ordinal="139" offset="1736" sl="342" sc="25" el="342" ec="86" bec="0" bev="0" fileid="80" />
                <SequencePoint vc="0" uspid="2719" ordinal="140" offset="1747" sl="344" sc="21" el="344" ec="71" bec="0" bev="0" fileid="80" />
                <SequencePoint vc="0" uspid="2720" ordinal="141" offset="1771" sl="345" sc="17" el="345" ec="18" bec="0" bev="0" fileid="80" />
                <SequencePoint vc="0" uspid="2721" ordinal="142" offset="1776" sl="346" sc="22" el="346" ec="49" bec="2" bev="0" fileid="80" />
                <SequencePoint vc="0" uspid="2722" ordinal="143" offset="1795" sl="348" sc="21" el="348" ec="46" bec="2" bev="0" fileid="80" />
                <SequencePoint vc="0" uspid="2723" ordinal="144" offset="1804" sl="349" sc="25" el="349" ec="85" bec="0" bev="0" fileid="80" />
                <SequencePoint vc="0" uspid="2724" ordinal="145" offset="1815" sl="351" sc="21" el="351" ec="71" bec="0" bev="0" fileid="80" />
                <SequencePoint vc="0" uspid="2725" ordinal="146" offset="1838" sl="352" sc="17" el="352" ec="18" bec="0" bev="0" fileid="80" />
                <SequencePoint vc="0" uspid="2726" ordinal="147" offset="1843" sl="353" sc="22" el="353" ec="51" bec="2" bev="0" fileid="80" />
                <SequencePoint vc="0" uspid="2727" ordinal="148" offset="1862" sl="355" sc="21" el="355" ec="46" bec="2" bev="0" fileid="80" />
                <SequencePoint vc="0" uspid="2728" ordinal="149" offset="1871" sl="356" sc="25" el="356" ec="87" bec="0" bev="0" fileid="80" />
                <SequencePoint vc="0" uspid="2729" ordinal="150" offset="1882" sl="358" sc="21" el="358" ec="71" bec="0" bev="0" fileid="80" />
                <SequencePoint vc="0" uspid="2730" ordinal="151" offset="1905" sl="359" sc="17" el="359" ec="18" bec="0" bev="0" fileid="80" />
                <SequencePoint vc="0" uspid="2731" ordinal="152" offset="1910" sl="360" sc="22" el="360" ec="52" bec="2" bev="0" fileid="80" />
                <SequencePoint vc="0" uspid="2732" ordinal="153" offset="1929" sl="362" sc="21" el="362" ec="46" bec="2" bev="0" fileid="80" />
                <SequencePoint vc="0" uspid="2733" ordinal="154" offset="1938" sl="363" sc="25" el="363" ec="88" bec="0" bev="0" fileid="80" />
                <SequencePoint vc="0" uspid="2734" ordinal="155" offset="1949" sl="365" sc="21" el="365" ec="74" bec="0" bev="0" fileid="80" />
                <SequencePoint vc="0" uspid="2735" ordinal="156" offset="1973" sl="366" sc="17" el="366" ec="18" bec="0" bev="0" fileid="80" />
                <SequencePoint vc="0" uspid="2736" ordinal="157" offset="1978" sl="367" sc="22" el="367" ec="54" bec="2" bev="0" fileid="80" />
                <SequencePoint vc="0" uspid="2737" ordinal="158" offset="1997" sl="369" sc="21" el="369" ec="46" bec="2" bev="0" fileid="80" />
                <SequencePoint vc="0" uspid="2738" ordinal="159" offset="2006" sl="370" sc="25" el="370" ec="90" bec="0" bev="0" fileid="80" />
                <SequencePoint vc="0" uspid="2739" ordinal="160" offset="2017" sl="372" sc="21" el="372" ec="74" bec="0" bev="0" fileid="80" />
                <SequencePoint vc="0" uspid="2740" ordinal="161" offset="2041" sl="373" sc="17" el="373" ec="18" bec="0" bev="0" fileid="80" />
                <SequencePoint vc="0" uspid="2741" ordinal="162" offset="2043" sl="377" sc="21" el="377" ec="141" bec="2" bev="0" fileid="80" />
                <SequencePoint vc="0" uspid="2742" ordinal="163" offset="2068" sl="379" sc="25" el="379" ec="50" bec="2" bev="0" fileid="80" />
                <SequencePoint vc="0" uspid="2743" ordinal="164" offset="2077" sl="380" sc="29" el="380" ec="95" bec="0" bev="0" fileid="80" />
                <SequencePoint vc="0" uspid="2744" ordinal="165" offset="2100" sl="382" sc="25" el="382" ec="56" bec="0" bev="0" fileid="80" />
                <SequencePoint vc="0" uspid="2745" ordinal="166" offset="2112" sl="384" sc="25" el="384" ec="70" bec="0" bev="0" fileid="80" />
                <SequencePoint vc="0" uspid="2746" ordinal="167" offset="2137" sl="385" sc="21" el="385" ec="22" bec="0" bev="0" fileid="80" />
                <SequencePoint vc="0" uspid="2747" ordinal="168" offset="2139" sl="389" sc="25" el="389" ec="52" bec="0" bev="0" fileid="80" />
                <SequencePoint vc="0" uspid="2748" ordinal="169" offset="2146" sl="390" sc="25" el="390" ec="56" bec="0" bev="0" fileid="80" />
                <SequencePoint vc="0" uspid="2749" ordinal="170" offset="2164" sl="144" sc="13" el="144" ec="40" bec="2" bev="0" fileid="80" />
                <SequencePoint vc="0" uspid="2750" ordinal="171" offset="2181" sl="395" sc="13" el="395" ec="28" bec="0" bev="0" fileid="80" />
              </SequencePoints>
              <BranchPoints>
                <BranchPoint vc="0" uspid="2751" ordinal="0" offset="33" sl="118" path="0" offsetend="38" fileid="80" />
                <BranchPoint vc="0" uspid="2752" ordinal="1" offset="33" sl="118" path="1" offsetend="222" fileid="80" />
                <BranchPoint vc="0" uspid="2753" ordinal="2" offset="56" sl="122" path="0" offsetend="58" fileid="80" />
                <BranchPoint vc="0" uspid="2754" ordinal="3" offset="56" sl="122" path="1" offsetend="75" fileid="80" />
                <BranchPoint vc="0" uspid="2755" ordinal="4" offset="82" sl="124" path="0" offsetend="84" fileid="80" />
                <BranchPoint vc="0" uspid="2756" ordinal="5" offset="82" sl="124" path="1" offsetend="101" fileid="80" />
                <BranchPoint vc="0" uspid="2757" ordinal="6" offset="115" sl="128" path="0" offsetend="117" fileid="80" />
                <BranchPoint vc="0" uspid="2758" ordinal="7" offset="115" sl="128" path="1" offsetend="192" fileid="80" />
                <BranchPoint vc="0" uspid="2759" ordinal="8" offset="143" sl="131" path="0" offsetend="145" fileid="80" />
                <BranchPoint vc="0" uspid="2760" ordinal="9" offset="143" sl="131" path="1" offsetend="192" fileid="80" />
                <BranchPoint vc="0" uspid="2761" ordinal="10" offset="152" sl="131" path="0" offsetend="154" fileid="80" />
                <BranchPoint vc="0" uspid="2762" ordinal="11" offset="152" sl="131" path="1" offsetend="192" fileid="80" />
                <BranchPoint vc="0" uspid="2763" ordinal="12" offset="173" sl="134" path="0" offsetend="175" fileid="80" />
                <BranchPoint vc="0" uspid="2764" ordinal="13" offset="173" sl="134" path="1" offsetend="192" fileid="80" />
                <BranchPoint vc="0" uspid="2765" ordinal="14" offset="217" sl="116" path="0" offsetend="222" fileid="80" />
                <BranchPoint vc="0" uspid="2766" ordinal="15" offset="217" sl="116" path="1" offsetend="11" fileid="80" />
                <BranchPoint vc="0" uspid="2767" ordinal="16" offset="292" sl="149" path="0" offsetend="294" fileid="80" />
                <BranchPoint vc="0" uspid="2768" ordinal="17" offset="292" sl="149" path="1" offsetend="317" fileid="80" />
                <BranchPoint vc="0" uspid="2769" ordinal="18" offset="354" sl="154" path="0" offsetend="356" fileid="80" />
                <BranchPoint vc="0" uspid="2770" ordinal="19" offset="354" sl="154" path="1" offsetend="375" fileid="80" />
                <BranchPoint vc="0" uspid="2771" ordinal="20" offset="392" sl="159" path="0" offsetend="394" fileid="80" />
                <BranchPoint vc="0" uspid="2772" ordinal="21" offset="392" sl="159" path="1" offsetend="413" fileid="80" />
                <BranchPoint vc="0" uspid="2773" ordinal="22" offset="430" sl="164" path="0" offsetend="432" fileid="80" />
                <BranchPoint vc="0" uspid="2774" ordinal="23" offset="430" sl="164" path="1" offsetend="451" fileid="80" />
                <BranchPoint vc="0" uspid="2775" ordinal="24" offset="468" sl="169" path="0" offsetend="470" fileid="80" />
                <BranchPoint vc="0" uspid="2776" ordinal="25" offset="468" sl="169" path="1" offsetend="500" fileid="80" />
                <BranchPoint vc="0" uspid="2777" ordinal="26" offset="517" sl="175" path="0" offsetend="519" fileid="80" />
                <BranchPoint vc="0" uspid="2778" ordinal="27" offset="517" sl="175" path="1" offsetend="543" fileid="80" />
                <BranchPoint vc="0" uspid="2779" ordinal="28" offset="560" sl="180" path="0" offsetend="562" fileid="80" />
                <BranchPoint vc="0" uspid="2780" ordinal="29" offset="560" sl="180" path="1" offsetend="581" fileid="80" />
                <BranchPoint vc="0" uspid="2781" ordinal="30" offset="598" sl="192" path="0" offsetend="600" fileid="80" />
                <BranchPoint vc="0" uspid="2782" ordinal="31" offset="598" sl="192" path="1" offsetend="619" fileid="80" />
                <BranchPoint vc="0" uspid="2783" ordinal="32" offset="636" sl="197" path="0" offsetend="638" fileid="80" />
                <BranchPoint vc="0" uspid="2784" ordinal="33" offset="636" sl="197" path="1" offsetend="657" fileid="80" />
                <BranchPoint vc="0" uspid="2785" ordinal="34" offset="674" sl="202" path="0" offsetend="676" fileid="80" />
                <BranchPoint vc="0" uspid="2786" ordinal="35" offset="674" sl="202" path="1" offsetend="695" fileid="80" />
                <BranchPoint vc="0" uspid="2787" ordinal="36" offset="712" sl="207" path="0" offsetend="714" fileid="80" />
                <BranchPoint vc="0" uspid="2788" ordinal="37" offset="712" sl="207" path="1" offsetend="733" fileid="80" />
                <BranchPoint vc="0" uspid="2789" ordinal="38" offset="750" sl="212" path="0" offsetend="752" fileid="80" />
                <BranchPoint vc="0" uspid="2790" ordinal="39" offset="750" sl="212" path="1" offsetend="771" fileid="80" />
                <BranchPoint vc="0" uspid="2791" ordinal="40" offset="788" sl="217" path="0" offsetend="790" fileid="80" />
                <BranchPoint vc="0" uspid="2792" ordinal="41" offset="788" sl="217" path="1" offsetend="911" fileid="80" />
                <BranchPoint vc="0" uspid="2793" ordinal="42" offset="797" sl="219" path="0" offsetend="799" fileid="80" />
                <BranchPoint vc="0" uspid="2794" ordinal="43" offset="797" sl="219" path="1" offsetend="810" fileid="80" />
                <BranchPoint vc="0" uspid="2795" ordinal="44" offset="831" sl="222" path="0" offsetend="833" fileid="80" />
                <BranchPoint vc="0" uspid="2796" ordinal="45" offset="831" sl="222" path="1" offsetend="866" fileid="80" />
                <BranchPoint vc="0" uspid="2797" ordinal="46" offset="845" sl="222" path="0" offsetend="850" fileid="80" />
                <BranchPoint vc="0" uspid="2798" ordinal="47" offset="845" sl="222" path="1" offsetend="2164" fileid="80" />
                <BranchPoint vc="0" uspid="2799" ordinal="48" offset="862" sl="222" path="0" offsetchain="864" offsetend="900" fileid="80" />
                <BranchPoint vc="0" uspid="2800" ordinal="49" offset="862" sl="222" path="1" offsetend="883" fileid="80" />
                <BranchPoint vc="0" uspid="2801" ordinal="50" offset="928" sl="245" path="0" offsetend="933" fileid="80" />
                <BranchPoint vc="0" uspid="2802" ordinal="51" offset="928" sl="245" path="1" offsetend="1076" fileid="80" />
                <BranchPoint vc="0" uspid="2803" ordinal="52" offset="940" sl="247" path="0" offsetend="942" fileid="80" />
                <BranchPoint vc="0" uspid="2804" ordinal="53" offset="940" sl="247" path="1" offsetend="953" fileid="80" />
                <BranchPoint vc="0" uspid="2805" ordinal="54" offset="974" sl="250" path="0" offsetend="976" fileid="80" />
                <BranchPoint vc="0" uspid="2806" ordinal="55" offset="974" sl="250" path="1" offsetend="992" fileid="80" />
                <BranchPoint vc="0" uspid="2807" ordinal="56" offset="988" sl="250" path="0" offsetchain="990" offsetend="1026" fileid="80" />
                <BranchPoint vc="0" uspid="2808" ordinal="57" offset="988" sl="250" path="1" offsetend="1009" fileid="80" />
                <BranchPoint vc="0" uspid="2809" ordinal="58" offset="1040" sl="262" path="0" offsetend="1042" fileid="80" />
                <BranchPoint vc="0" uspid="2810" ordinal="59" offset="1040" sl="262" path="1" offsetend="1047" fileid="80" />
                <BranchPoint vc="0" uspid="2811" ordinal="60" offset="1045" sl="262" path="0" offsetend="1047" fileid="80" />
                <BranchPoint vc="0" uspid="2812" ordinal="61" offset="1045" sl="262" path="1" offsetend="1058" fileid="80" />
                <BranchPoint vc="0" uspid="2813" ordinal="62" offset="1093" sl="269" path="0" offsetend="1098" fileid="80" />
                <BranchPoint vc="0" uspid="2814" ordinal="63" offset="1093" sl="269" path="1" offsetend="1284" fileid="80" />
                <BranchPoint vc="0" uspid="2815" ordinal="64" offset="1105" sl="271" path="0" offsetend="1107" fileid="80" />
                <BranchPoint vc="0" uspid="2816" ordinal="65" offset="1105" sl="271" path="1" offsetend="1118" fileid="80" />
                <BranchPoint vc="0" uspid="2817" ordinal="66" offset="1132" sl="274" path="0" offsetend="1134" fileid="80" />
                <BranchPoint vc="0" uspid="2818" ordinal="67" offset="1132" sl="274" path="1" offsetend="1145" fileid="80" />
                <BranchPoint vc="0" uspid="2819" ordinal="68" offset="1149" sl="277" path="0" offsetchain="1166" offsetend="1255" fileid="80" />
                <BranchPoint vc="0" uspid="2820" ordinal="69" offset="1149" sl="277" path="1" offsetend="1226" fileid="80" />
                <BranchPoint vc="0" uspid="2821" ordinal="70" offset="1149" sl="277" path="2" offsetend="1197" fileid="80" />
                <BranchPoint vc="0" uspid="2822" ordinal="71" offset="1149" sl="277" path="3" offsetend="1168" fileid="80" />
                <BranchPoint vc="0" uspid="2823" ordinal="72" offset="1301" sl="300" path="0" offsetend="1303" fileid="80" />
                <BranchPoint vc="0" uspid="2824" ordinal="73" offset="1301" sl="300" path="1" offsetend="1374" fileid="80" />
                <BranchPoint vc="0" uspid="2827" ordinal="76" offset="1391" sl="306" path="0" offsetend="1393" fileid="80" />
                <BranchPoint vc="0" uspid="2828" ordinal="77" offset="1391" sl="306" path="1" offsetend="1507" fileid="80" />
                <BranchPoint vc="0" uspid="2829" ordinal="78" offset="1400" sl="308" path="0" offsetend="1402" fileid="80" />
                <BranchPoint vc="0" uspid="2830" ordinal="79" offset="1400" sl="308" path="1" offsetend="1413" fileid="80" />
                <BranchPoint vc="0" uspid="2831" ordinal="80" offset="1435" sl="312" path="0" offsetend="1437" fileid="80" />
                <BranchPoint vc="0" uspid="2832" ordinal="81" offset="1435" sl="312" path="1" offsetend="1459" fileid="80" />
                <BranchPoint vc="0" uspid="2833" ordinal="82" offset="1446" sl="312" path="0" offsetend="1448" fileid="80" />
                <BranchPoint vc="0" uspid="2834" ordinal="83" offset="1446" sl="312" path="1" offsetend="1459" fileid="80" />
                <BranchPoint vc="0" uspid="2835" ordinal="84" offset="1457" sl="312" path="0" offsetend="1459" fileid="80" />
                <BranchPoint vc="0" uspid="2836" ordinal="85" offset="1457" sl="312" path="1" offsetend="1470" fileid="80" />
                <BranchPoint vc="0" uspid="2837" ordinal="86" offset="1524" sl="319" path="0" offsetend="1526" fileid="80" />
                <BranchPoint vc="0" uspid="2838" ordinal="87" offset="1524" sl="319" path="1" offsetend="1640" fileid="80" />
                <BranchPoint vc="0" uspid="2839" ordinal="88" offset="1533" sl="321" path="0" offsetend="1535" fileid="80" />
                <BranchPoint vc="0" uspid="2840" ordinal="89" offset="1533" sl="321" path="1" offsetend="1546" fileid="80" />
                <BranchPoint vc="0" uspid="2841" ordinal="90" offset="1568" sl="325" path="0" offsetend="1570" fileid="80" />
                <BranchPoint vc="0" uspid="2842" ordinal="91" offset="1568" sl="325" path="1" offsetend="1592" fileid="80" />
                <BranchPoint vc="0" uspid="2843" ordinal="92" offset="1579" sl="325" path="0" offsetend="1581" fileid="80" />
                <BranchPoint vc="0" uspid="2844" ordinal="93" offset="1579" sl="325" path="1" offsetend="1592" fileid="80" />
                <BranchPoint vc="0" uspid="2845" ordinal="94" offset="1590" sl="325" path="0" offsetend="1592" fileid="80" />
                <BranchPoint vc="0" uspid="2846" ordinal="95" offset="1590" sl="325" path="1" offsetend="1603" fileid="80" />
                <BranchPoint vc="0" uspid="2847" ordinal="96" offset="1657" sl="332" path="0" offsetend="1659" fileid="80" />
                <BranchPoint vc="0" uspid="2848" ordinal="97" offset="1657" sl="332" path="1" offsetend="1708" fileid="80" />
                <BranchPoint vc="0" uspid="2849" ordinal="98" offset="1666" sl="334" path="0" offsetend="1668" fileid="80" />
                <BranchPoint vc="0" uspid="2850" ordinal="99" offset="1666" sl="334" path="1" offsetend="1679" fileid="80" />
                <BranchPoint vc="0" uspid="2851" ordinal="100" offset="1725" sl="339" path="0" offsetend="1727" fileid="80" />
                <BranchPoint vc="0" uspid="2852" ordinal="101" offset="1725" sl="339" path="1" offsetend="1776" fileid="80" />
                <BranchPoint vc="0" uspid="2853" ordinal="102" offset="1734" sl="341" path="0" offsetend="1736" fileid="80" />
                <BranchPoint vc="0" uspid="2854" ordinal="103" offset="1734" sl="341" path="1" offsetend="1747" fileid="80" />
                <BranchPoint vc="0" uspid="2855" ordinal="104" offset="1793" sl="346" path="0" offsetend="1795" fileid="80" />
                <BranchPoint vc="0" uspid="2856" ordinal="105" offset="1793" sl="346" path="1" offsetend="1843" fileid="80" />
                <BranchPoint vc="0" uspid="2857" ordinal="106" offset="1802" sl="348" path="0" offsetend="1804" fileid="80" />
                <BranchPoint vc="0" uspid="2858" ordinal="107" offset="1802" sl="348" path="1" offsetend="1815" fileid="80" />
                <BranchPoint vc="0" uspid="2859" ordinal="108" offset="1860" sl="353" path="0" offsetend="1862" fileid="80" />
                <BranchPoint vc="0" uspid="2860" ordinal="109" offset="1860" sl="353" path="1" offsetend="1910" fileid="80" />
                <BranchPoint vc="0" uspid="2861" ordinal="110" offset="1869" sl="355" path="0" offsetend="1871" fileid="80" />
                <BranchPoint vc="0" uspid="2862" ordinal="111" offset="1869" sl="355" path="1" offsetend="1882" fileid="80" />
                <BranchPoint vc="0" uspid="2863" ordinal="112" offset="1927" sl="360" path="0" offsetend="1929" fileid="80" />
                <BranchPoint vc="0" uspid="2864" ordinal="113" offset="1927" sl="360" path="1" offsetend="1978" fileid="80" />
                <BranchPoint vc="0" uspid="2865" ordinal="114" offset="1936" sl="362" path="0" offsetend="1938" fileid="80" />
                <BranchPoint vc="0" uspid="2866" ordinal="115" offset="1936" sl="362" path="1" offsetend="1949" fileid="80" />
                <BranchPoint vc="0" uspid="2867" ordinal="116" offset="1995" sl="367" path="0" offsetend="1997" fileid="80" />
                <BranchPoint vc="0" uspid="2868" ordinal="117" offset="1995" sl="367" path="1" offsetend="2043" fileid="80" />
                <BranchPoint vc="0" uspid="2869" ordinal="118" offset="2004" sl="369" path="0" offsetend="2006" fileid="80" />
                <BranchPoint vc="0" uspid="2870" ordinal="119" offset="2004" sl="369" path="1" offsetend="2017" fileid="80" />
                <BranchPoint vc="0" uspid="2871" ordinal="120" offset="2066" sl="377" path="0" offsetend="2068" fileid="80" />
                <BranchPoint vc="0" uspid="2872" ordinal="121" offset="2066" sl="377" path="1" offsetend="2139" fileid="80" />
                <BranchPoint vc="0" uspid="2873" ordinal="122" offset="2075" sl="379" path="0" offsetend="2077" fileid="80" />
                <BranchPoint vc="0" uspid="2874" ordinal="123" offset="2075" sl="379" path="1" offsetend="2100" fileid="80" />
                <BranchPoint vc="0" uspid="2875" ordinal="124" offset="2176" sl="144" path="0" offsetend="2181" fileid="80" />
                <BranchPoint vc="0" uspid="2876" ordinal="125" offset="2176" sl="144" path="1" offsetend="235" fileid="80" />
              </BranchPoints>
              <MethodPoint xsi:type="SequencePoint" vc="0" uspid="2579" ordinal="0" offset="0" sl="114" sc="13" el="114" ec="64" bec="0" bev="0" fileid="80" />
            </Method>
            <Method visited="false" cyclomaticComplexity="3" nPathComplexity="4" sequenceCoverage="0" branchCoverage="0" crapScore="12" isConstructor="false" isStatic="true" isGetter="false" isSetter="false">
              <Summary numSequencePoints="5" visitedSequencePoints="0" numBranchPoints="5" visitedBranchPoints="0" sequenceCoverage="0" branchCoverage="0" maxCyclomaticComplexity="3" minCyclomaticComplexity="3" maxCrapScore="12" minCrapScore="12" visitedClasses="0" numClasses="0" visitedMethods="0" numMethods="1" />
              <MetadataToken>100663674</MetadataToken>
              <Name>System.Collections.Generic.KeyValuePair`2&lt;System.String,System.String&gt; Xunit.ConsoleClient.CommandLine::PopOption(System.Collections.Generic.Stack`1&lt;System.String&gt;)</Name>
              <FileRef uid="80" />
              <SequencePoints>
                <SequencePoint vc="0" uspid="2877" ordinal="0" offset="0" sl="400" sc="13" el="400" ec="42" bec="0" bev="0" fileid="80" />
                <SequencePoint vc="0" uspid="2878" ordinal="1" offset="6" sl="401" sc="13" el="401" ec="33" bec="0" bev="0" fileid="80" />
                <SequencePoint vc="0" uspid="2879" ordinal="2" offset="8" sl="403" sc="13" el="403" ec="100" bec="3" bev="0" fileid="80" />
                <SequencePoint vc="0" uspid="2880" ordinal="3" offset="36" sl="404" sc="17" el="404" ec="41" bec="0" bev="0" fileid="80" />
                <SequencePoint vc="0" uspid="2881" ordinal="4" offset="43" sl="406" sc="13" el="406" ec="68" bec="0" bev="0" fileid="80" />
              </SequencePoints>
              <BranchPoints>
                <BranchPoint vc="0" uspid="2882" ordinal="0" offset="15" sl="403" path="0" offsetend="17" fileid="80" />
                <BranchPoint vc="0" uspid="2883" ordinal="1" offset="15" sl="403" path="1" offsetend="43" fileid="80" />
                <BranchPoint vc="0" uspid="2884" ordinal="2" offset="34" sl="403" path="0" offsetend="36" fileid="80" />
                <BranchPoint vc="0" uspid="2885" ordinal="3" offset="34" sl="403" path="1" offsetend="43" fileid="80" />
              </BranchPoints>
              <MethodPoint xsi:type="SequencePoint" vc="0" uspid="2877" ordinal="0" offset="0" sl="400" sc="13" el="400" ec="42" bec="0" bev="0" fileid="80" />
            </Method>
            <Method visited="false" cyclomaticComplexity="2" nPathComplexity="2" sequenceCoverage="0" branchCoverage="0" crapScore="6" isConstructor="false" isStatic="true" isGetter="false" isSetter="false">
              <Summary numSequencePoints="5" visitedSequencePoints="0" numBranchPoints="3" visitedBranchPoints="0" sequenceCoverage="0" branchCoverage="0" maxCyclomaticComplexity="2" minCyclomaticComplexity="2" maxCrapScore="6" minCrapScore="6" visitedClasses="0" numClasses="0" visitedMethods="0" numMethods="1" />
              <MetadataToken>100663675</MetadataToken>
              <Name>System.Void Xunit.ConsoleClient.CommandLine::EnsurePathExists(System.String)</Name>
              <FileRef uid="80" />
              <SequencePoints>
                <SequencePoint vc="0" uspid="2886" ordinal="0" offset="0" sl="411" sc="13" el="411" ec="57" bec="0" bev="0" fileid="80" />
                <SequencePoint vc="0" uspid="2887" ordinal="1" offset="7" sl="413" sc="13" el="413" ec="49" bec="2" bev="0" fileid="80" />
                <SequencePoint vc="0" uspid="2888" ordinal="2" offset="15" sl="414" sc="17" el="414" ec="24" bec="0" bev="0" fileid="80" />
                <SequencePoint vc="0" uspid="2889" ordinal="3" offset="16" sl="416" sc="13" el="416" ec="50" bec="0" bev="0" fileid="80" />
                <SequencePoint vc="0" uspid="2890" ordinal="4" offset="23" sl="417" sc="9" el="417" ec="10" bec="0" bev="0" fileid="80" />
              </SequencePoints>
              <BranchPoints>
                <BranchPoint vc="0" uspid="2891" ordinal="0" offset="13" sl="413" path="0" offsetend="15" fileid="80" />
                <BranchPoint vc="0" uspid="2892" ordinal="1" offset="13" sl="413" path="1" offsetend="16" fileid="80" />
              </BranchPoints>
              <MethodPoint xsi:type="SequencePoint" vc="0" uspid="2886" ordinal="0" offset="0" sl="411" sc="13" el="411" ec="57" bec="0" bev="0" fileid="80" />
            </Method>
          </Methods>
        </Class>
        <Class>
          <Summary numSequencePoints="1" visitedSequencePoints="0" numBranchPoints="1" visitedBranchPoints="0" sequenceCoverage="0" branchCoverage="0" maxCyclomaticComplexity="1" minCyclomaticComplexity="1" maxCrapScore="2" minCrapScore="2" visitedClasses="0" numClasses="1" visitedMethods="0" numMethods="1" />
          <FullName>Xunit.ConsoleClient.CommandLine/&lt;&gt;c__DisplayClass63_0</FullName>
          <Methods>
            <Method visited="false" cyclomaticComplexity="1" nPathComplexity="0" sequenceCoverage="0" branchCoverage="0" crapScore="2" isConstructor="true" isStatic="false" isGetter="false" isSetter="false">
              <Summary numSequencePoints="0" visitedSequencePoints="0" numBranchPoints="0" visitedBranchPoints="0" sequenceCoverage="0" branchCoverage="0" maxCyclomaticComplexity="1" minCyclomaticComplexity="1" maxCrapScore="2" minCrapScore="2" visitedClasses="0" numClasses="0" visitedMethods="0" numMethods="0" />
              <MetadataToken>100663815</MetadataToken>
              <Name>System.Void Xunit.ConsoleClient.CommandLine/&lt;&gt;c__DisplayClass63_0::.ctor()</Name>
              <SequencePoints />
              <BranchPoints />
              <MethodPoint vc="0" uspid="2893" ordinal="0" offset="0" />
            </Method>
            <Method visited="false" cyclomaticComplexity="1" nPathComplexity="0" sequenceCoverage="0" branchCoverage="0" crapScore="2" isConstructor="false" isStatic="false" isGetter="false" isSetter="false">
              <Summary numSequencePoints="1" visitedSequencePoints="0" numBranchPoints="1" visitedBranchPoints="0" sequenceCoverage="0" branchCoverage="0" maxCyclomaticComplexity="1" minCyclomaticComplexity="1" maxCrapScore="2" minCrapScore="2" visitedClasses="0" numClasses="0" visitedMethods="0" numMethods="1" />
              <MetadataToken>100663816</MetadataToken>
              <Name>System.Boolean Xunit.ConsoleClient.CommandLine/&lt;&gt;c__DisplayClass63_0::&lt;ChooseReporter&gt;b__1(Xunit.IRunnerReporter)</Name>
              <FileRef uid="80" />
              <SequencePoints>
                <SequencePoint vc="0" uspid="2894" ordinal="0" offset="0" sl="64" sc="62" el="64" ec="93" bec="0" bev="0" fileid="80" />
              </SequencePoints>
              <BranchPoints />
              <MethodPoint xsi:type="SequencePoint" vc="0" uspid="2894" ordinal="0" offset="0" sl="64" sc="62" el="64" ec="93" bec="0" bev="0" fileid="80" />
            </Method>
          </Methods>
        </Class>
        <Class>
          <Summary numSequencePoints="1" visitedSequencePoints="0" numBranchPoints="1" visitedBranchPoints="0" sequenceCoverage="0" branchCoverage="0" maxCyclomaticComplexity="1" minCyclomaticComplexity="1" maxCrapScore="2" minCrapScore="2" visitedClasses="0" numClasses="1" visitedMethods="0" numMethods="1" />
          <FullName>Xunit.ConsoleClient.CommandLine/&lt;&gt;c</FullName>
          <Methods>
            <Method visited="false" cyclomaticComplexity="1" nPathComplexity="0" sequenceCoverage="0" branchCoverage="0" crapScore="2" isConstructor="true" isStatic="true" isGetter="false" isSetter="false">
              <Summary numSequencePoints="0" visitedSequencePoints="0" numBranchPoints="0" visitedBranchPoints="0" sequenceCoverage="0" branchCoverage="0" maxCyclomaticComplexity="1" minCyclomaticComplexity="1" maxCrapScore="2" minCrapScore="2" visitedClasses="0" numClasses="0" visitedMethods="0" numMethods="0" />
              <MetadataToken>100663817</MetadataToken>
              <Name>System.Void Xunit.ConsoleClient.CommandLine/&lt;&gt;c::.cctor()</Name>
              <SequencePoints />
              <BranchPoints />
              <MethodPoint vc="0" uspid="2895" ordinal="0" offset="0" />
            </Method>
            <Method visited="false" cyclomaticComplexity="1" nPathComplexity="0" sequenceCoverage="0" branchCoverage="0" crapScore="2" isConstructor="true" isStatic="false" isGetter="false" isSetter="false">
              <Summary numSequencePoints="0" visitedSequencePoints="0" numBranchPoints="0" visitedBranchPoints="0" sequenceCoverage="0" branchCoverage="0" maxCyclomaticComplexity="1" minCyclomaticComplexity="1" maxCrapScore="2" minCrapScore="2" visitedClasses="0" numClasses="0" visitedMethods="0" numMethods="0" />
              <MetadataToken>100663818</MetadataToken>
              <Name>System.Void Xunit.ConsoleClient.CommandLine/&lt;&gt;c::.ctor()</Name>
              <SequencePoints />
              <BranchPoints />
              <MethodPoint vc="0" uspid="2896" ordinal="0" offset="0" />
            </Method>
            <Method visited="false" cyclomaticComplexity="1" nPathComplexity="0" sequenceCoverage="0" branchCoverage="0" crapScore="2" isConstructor="false" isStatic="false" isGetter="false" isSetter="false">
              <Summary numSequencePoints="1" visitedSequencePoints="0" numBranchPoints="1" visitedBranchPoints="0" sequenceCoverage="0" branchCoverage="0" maxCyclomaticComplexity="1" minCyclomaticComplexity="1" maxCrapScore="2" minCrapScore="2" visitedClasses="0" numClasses="0" visitedMethods="0" numMethods="1" />
              <MetadataToken>100663819</MetadataToken>
              <Name>System.Boolean Xunit.ConsoleClient.CommandLine/&lt;&gt;c::&lt;ChooseReporter&gt;b__63_0(Xunit.IRunnerReporter)</Name>
              <FileRef uid="80" />
              <SequencePoints>
                <SequencePoint vc="0" uspid="2897" ordinal="0" offset="0" sl="73" sc="56" el="73" ec="82" bec="0" bev="0" fileid="80" />
              </SequencePoints>
              <BranchPoints />
              <MethodPoint xsi:type="SequencePoint" vc="0" uspid="2897" ordinal="0" offset="0" sl="73" sc="56" el="73" ec="82" bec="0" bev="0" fileid="80" />
            </Method>
          </Methods>
        </Class>
        <Class>
          <Summary numSequencePoints="1" visitedSequencePoints="0" numBranchPoints="1" visitedBranchPoints="0" sequenceCoverage="0" branchCoverage="0" maxCyclomaticComplexity="1" minCyclomaticComplexity="1" maxCrapScore="2" minCrapScore="2" visitedClasses="0" numClasses="1" visitedMethods="0" numMethods="1" />
          <FullName>Xunit.ConsoleClient.CommandLine/&lt;&gt;c__DisplayClass69_0</FullName>
          <Methods>
            <Method visited="false" cyclomaticComplexity="1" nPathComplexity="0" sequenceCoverage="0" branchCoverage="0" crapScore="2" isConstructor="true" isStatic="false" isGetter="false" isSetter="false">
              <Summary numSequencePoints="0" visitedSequencePoints="0" numBranchPoints="0" visitedBranchPoints="0" sequenceCoverage="0" branchCoverage="0" maxCyclomaticComplexity="1" minCyclomaticComplexity="1" maxCrapScore="2" minCrapScore="2" visitedClasses="0" numClasses="0" visitedMethods="0" numMethods="0" />
              <MetadataToken>100663820</MetadataToken>
              <Name>System.Void Xunit.ConsoleClient.CommandLine/&lt;&gt;c__DisplayClass69_0::.ctor()</Name>
              <SequencePoints />
              <BranchPoints />
              <MethodPoint vc="0" uspid="2898" ordinal="0" offset="0" />
            </Method>
            <Method visited="false" cyclomaticComplexity="1" nPathComplexity="0" sequenceCoverage="0" branchCoverage="0" crapScore="2" isConstructor="false" isStatic="false" isGetter="false" isSetter="false">
              <Summary numSequencePoints="1" visitedSequencePoints="0" numBranchPoints="1" visitedBranchPoints="0" sequenceCoverage="0" branchCoverage="0" maxCyclomaticComplexity="1" minCyclomaticComplexity="1" maxCrapScore="2" minCrapScore="2" visitedClasses="0" numClasses="0" visitedMethods="0" numMethods="1" />
              <MetadataToken>100663821</MetadataToken>
              <Name>System.Boolean Xunit.ConsoleClient.CommandLine/&lt;&gt;c__DisplayClass69_0::&lt;Parse&gt;b__0(Xunit.ConsoleClient.Transform)</Name>
              <FileRef uid="80" />
              <SequencePoints>
                <SequencePoint vc="0" uspid="2899" ordinal="0" offset="0" sl="377" sc="71" el="377" ec="139" bec="0" bev="0" fileid="80" />
              </SequencePoints>
              <BranchPoints />
              <MethodPoint xsi:type="SequencePoint" vc="0" uspid="2899" ordinal="0" offset="0" sl="377" sc="71" el="377" ec="139" bec="0" bev="0" fileid="80" />
            </Method>
          </Methods>
        </Class>
        <Class>
          <Summary numSequencePoints="246" visitedSequencePoints="0" numBranchPoints="136" visitedBranchPoints="0" sequenceCoverage="0" branchCoverage="0" maxCyclomaticComplexity="26" minCyclomaticComplexity="1" maxCrapScore="702" minCrapScore="2" visitedClasses="0" numClasses="1" visitedMethods="0" numMethods="12" />
          <FullName>Xunit.ConsoleClient.ConsoleRunner</FullName>
          <Methods>
            <Method visited="false" cyclomaticComplexity="1" nPathComplexity="0" sequenceCoverage="0" branchCoverage="0" crapScore="2" isConstructor="true" isStatic="false" isGetter="false" isSetter="false">
              <Summary numSequencePoints="4" visitedSequencePoints="0" numBranchPoints="1" visitedBranchPoints="0" sequenceCoverage="0" branchCoverage="0" maxCyclomaticComplexity="1" minCyclomaticComplexity="1" maxCrapScore="2" minCrapScore="2" visitedClasses="0" numClasses="0" visitedMethods="0" numMethods="1" />
              <MetadataToken>100663676</MetadataToken>
              <Name>System.Void Xunit.ConsoleClient.ConsoleRunner::.ctor(System.Object)</Name>
              <FileRef uid="84" />
              <SequencePoints>
                <SequencePoint vc="0" uspid="2900" ordinal="0" offset="0" sl="19" sc="9" el="19" ec="139" bec="0" bev="0" fileid="84" />
                <SequencePoint vc="0" uspid="2901" ordinal="1" offset="11" sl="24" sc="9" el="24" ec="49" bec="0" bev="0" fileid="84" />
                <SequencePoint vc="0" uspid="2902" ordinal="2" offset="17" sl="26" sc="13" el="26" ec="44" bec="0" bev="0" fileid="84" />
                <SequencePoint vc="0" uspid="2903" ordinal="3" offset="24" sl="27" sc="9" el="27" ec="10" bec="0" bev="0" fileid="84" />
              </SequencePoints>
              <BranchPoints />
              <MethodPoint xsi:type="SequencePoint" vc="0" uspid="2900" ordinal="0" offset="0" sl="19" sc="9" el="19" ec="139" bec="0" bev="0" fileid="84" />
            </Method>
            <Method visited="false" cyclomaticComplexity="20" nPathComplexity="131072" sequenceCoverage="0" branchCoverage="0" crapScore="420" isConstructor="false" isStatic="false" isGetter="false" isSetter="false">
              <Summary numSequencePoints="41" visitedSequencePoints="0" numBranchPoints="35" visitedBranchPoints="0" sequenceCoverage="0" branchCoverage="0" maxCyclomaticComplexity="20" minCyclomaticComplexity="20" maxCrapScore="420" minCrapScore="420" visitedClasses="0" numClasses="0" visitedMethods="0" numMethods="1" />
              <MetadataToken>100663677</MetadataToken>
              <Name>System.Int32 Xunit.ConsoleClient.ConsoleRunner::EntryPoint(System.String[])</Name>
              <FileRef uid="84" />
              <SequencePoints>
                <SequencePoint vc="0" uspid="2904" ordinal="0" offset="0" sl="31" sc="13" el="31" ec="51" bec="0" bev="0" fileid="84" />
                <SequencePoint vc="0" uspid="2905" ordinal="1" offset="12" sl="35" sc="17" el="35" ec="63" bec="0" bev="0" fileid="84" />
                <SequencePoint vc="0" uspid="2906" ordinal="2" offset="19" sl="37" sc="17" el="37" ec="118" bec="6" bev="0" fileid="84" />
                <SequencePoint vc="0" uspid="2907" ordinal="3" offset="83" sl="39" sc="21" el="39" ec="35" bec="0" bev="0" fileid="84" />
                <SequencePoint vc="0" uspid="2908" ordinal="4" offset="89" sl="40" sc="21" el="40" ec="43" bec="0" bev="0" fileid="84" />
                <SequencePoint vc="0" uspid="2909" ordinal="5" offset="96" sl="41" sc="21" el="41" ec="30" bec="0" bev="0" fileid="84" />
                <SequencePoint vc="0" uspid="2910" ordinal="6" offset="104" sl="44" sc="17" el="44" ec="63" bec="2" bev="0" fileid="84" />
                <SequencePoint vc="0" uspid="2911" ordinal="7" offset="127" sl="45" sc="21" el="45" ec="87" bec="0" bev="0" fileid="84" />
                <SequencePoint vc="0" uspid="2912" ordinal="8" offset="138" sl="51" sc="17" el="59" ec="19" bec="0" bev="0" fileid="84" />
                <SequencePoint vc="0" uspid="2913" ordinal="9" offset="155" sl="61" sc="17" el="61" ec="72" bec="0" bev="0" fileid="84" />
                <SequencePoint vc="0" uspid="2914" ordinal="10" offset="161" sl="62" sc="17" el="62" ec="125" bec="2" bev="0" fileid="84" />
                <SequencePoint vc="0" uspid="2915" ordinal="11" offset="189" sl="63" sc="21" el="63" ec="69" bec="0" bev="0" fileid="84" />
                <SequencePoint vc="0" uspid="2916" ordinal="12" offset="210" sl="65" sc="17" el="65" ec="70" bec="0" bev="0" fileid="84" />
                <SequencePoint vc="0" uspid="2917" ordinal="13" offset="223" sl="76" sc="17" el="76" ec="39" bec="2" bev="0" fileid="84" />
                <SequencePoint vc="0" uspid="2918" ordinal="14" offset="236" sl="77" sc="21" el="77" ec="39" bec="0" bev="0" fileid="84" />
                <SequencePoint vc="0" uspid="2919" ordinal="15" offset="242" sl="79" sc="17" el="79" ec="85" bec="0" bev="0" fileid="84" />
                <SequencePoint vc="0" uspid="2920" ordinal="16" offset="273" sl="80" sc="17" el="80" ec="114" bec="0" bev="0" fileid="84" />
                <SequencePoint vc="0" uspid="2921" ordinal="17" offset="296" sl="82" sc="17" el="82" ec="41" bec="2" bev="0" fileid="84" />
                <SequencePoint vc="0" uspid="2922" ordinal="18" offset="309" sl="83" sc="21" el="83" ec="35" bec="0" bev="0" fileid="84" />
                <SequencePoint vc="0" uspid="2923" ordinal="19" offset="315" sl="85" sc="17" el="88" ec="131" bec="0" bev="0" fileid="84" />
                <SequencePoint vc="0" uspid="2924" ordinal="20" offset="443" sl="90" sc="17" el="90" ec="28" bec="2" bev="0" fileid="84" />
                <SequencePoint vc="0" uspid="2925" ordinal="21" offset="453" sl="91" sc="21" el="91" ec="40" bec="0" bev="0" fileid="84" />
                <SequencePoint vc="0" uspid="2926" ordinal="22" offset="465" sl="93" sc="17" el="93" ec="38" bec="2" bev="0" fileid="84" />
                <SequencePoint vc="0" uspid="2927" ordinal="23" offset="478" sl="95" sc="21" el="95" ec="41" bec="0" bev="0" fileid="84" />
                <SequencePoint vc="0" uspid="2928" ordinal="24" offset="483" sl="96" sc="21" el="96" ec="67" bec="0" bev="0" fileid="84" />
                <SequencePoint vc="0" uspid="2929" ordinal="25" offset="493" sl="97" sc="21" el="97" ec="39" bec="0" bev="0" fileid="84" />
                <SequencePoint vc="0" uspid="2930" ordinal="26" offset="499" sl="98" sc="21" el="98" ec="41" bec="0" bev="0" fileid="84" />
                <SequencePoint vc="0" uspid="2931" ordinal="27" offset="504" sl="101" sc="17" el="101" ec="46" bec="2" bev="0" fileid="84" />
                <SequencePoint vc="0" uspid="2932" ordinal="28" offset="519" sl="103" sc="13" el="103" ec="33" bec="0" bev="0" fileid="84" />
                <SequencePoint vc="0" uspid="2933" ordinal="29" offset="521" sl="105" sc="17" el="105" ec="42" bec="2" bev="0" fileid="84" />
                <SequencePoint vc="0" uspid="2934" ordinal="30" offset="534" sl="106" sc="21" el="106" ec="72" bec="0" bev="0" fileid="84" />
                <SequencePoint vc="0" uspid="2935" ordinal="31" offset="546" sl="108" sc="17" el="108" ec="59" bec="0" bev="0" fileid="84" />
                <SequencePoint vc="0" uspid="2936" ordinal="32" offset="568" sl="110" sc="17" el="110" ec="60" bec="2" bev="0" fileid="84" />
                <SequencePoint vc="0" uspid="2937" ordinal="33" offset="581" sl="112" sc="21" el="112" ec="46" bec="2" bev="0" fileid="84" />
                <SequencePoint vc="0" uspid="2938" ordinal="34" offset="594" sl="113" sc="25" el="113" ec="81" bec="0" bev="0" fileid="84" />
                <SequencePoint vc="0" uspid="2939" ordinal="35" offset="605" sl="115" sc="21" el="115" ec="54" bec="0" bev="0" fileid="84" />
                <SequencePoint vc="0" uspid="2940" ordinal="36" offset="617" sl="118" sc="17" el="118" ec="56" bec="2" bev="0" fileid="84" />
                <SequencePoint vc="0" uspid="2941" ordinal="37" offset="634" sl="122" sc="17" el="122" ec="42" bec="2" bev="0" fileid="84" />
                <SequencePoint vc="0" uspid="2942" ordinal="38" offset="647" sl="123" sc="21" el="123" ec="48" bec="0" bev="0" fileid="84" />
                <SequencePoint vc="0" uspid="2943" ordinal="39" offset="657" sl="124" sc="13" el="124" ec="14" bec="0" bev="0" fileid="84" />
                <SequencePoint vc="0" uspid="2944" ordinal="40" offset="658" sl="125" sc="9" el="125" ec="10" bec="0" bev="0" fileid="84" />
              </SequencePoints>
              <BranchPoints>
                <BranchPoint vc="0" uspid="2945" ordinal="0" offset="21" sl="37" path="0" offsetend="23" fileid="84" />
                <BranchPoint vc="0" uspid="2946" ordinal="1" offset="21" sl="37" path="1" offsetend="83" fileid="84" />
                <BranchPoint vc="0" uspid="2947" ordinal="2" offset="36" sl="37" path="0" offsetend="38" fileid="84" />
                <BranchPoint vc="0" uspid="2948" ordinal="3" offset="36" sl="37" path="1" offsetend="83" fileid="84" />
                <BranchPoint vc="0" uspid="2949" ordinal="4" offset="51" sl="37" path="0" offsetend="53" fileid="84" />
                <BranchPoint vc="0" uspid="2950" ordinal="5" offset="51" sl="37" path="1" offsetend="83" fileid="84" />
                <BranchPoint vc="0" uspid="2951" ordinal="6" offset="66" sl="37" path="0" offsetend="68" fileid="84" />
                <BranchPoint vc="0" uspid="2952" ordinal="7" offset="66" sl="37" path="1" offsetend="83" fileid="84" />
                <BranchPoint vc="0" uspid="2953" ordinal="8" offset="81" sl="37" path="0" offsetend="83" fileid="84" />
                <BranchPoint vc="0" uspid="2954" ordinal="9" offset="81" sl="37" path="1" offsetend="104" fileid="84" />
                <BranchPoint vc="0" uspid="2955" ordinal="10" offset="125" sl="44" path="0" offsetend="127" fileid="84" />
                <BranchPoint vc="0" uspid="2956" ordinal="11" offset="125" sl="44" path="1" offsetend="138" fileid="84" />
                <BranchPoint vc="0" uspid="2957" ordinal="12" offset="187" sl="62" path="0" offsetend="189" fileid="84" />
                <BranchPoint vc="0" uspid="2958" ordinal="13" offset="187" sl="62" path="1" offsetend="210" fileid="84" />
                <BranchPoint vc="0" uspid="2959" ordinal="14" offset="234" sl="76" path="0" offsetend="236" fileid="84" />
                <BranchPoint vc="0" uspid="2960" ordinal="15" offset="234" sl="76" path="1" offsetend="242" fileid="84" />
                <BranchPoint vc="0" uspid="2961" ordinal="16" offset="307" sl="82" path="0" offsetend="309" fileid="84" />
                <BranchPoint vc="0" uspid="2962" ordinal="17" offset="307" sl="82" path="1" offsetend="315" fileid="84" />
                <BranchPoint vc="0" uspid="2963" ordinal="18" offset="451" sl="90" path="0" offsetend="453" fileid="84" />
                <BranchPoint vc="0" uspid="2964" ordinal="19" offset="451" sl="90" path="1" offsetend="465" fileid="84" />
                <BranchPoint vc="0" uspid="2965" ordinal="20" offset="476" sl="93" path="0" offsetend="478" fileid="84" />
                <BranchPoint vc="0" uspid="2966" ordinal="21" offset="476" sl="93" path="1" offsetend="504" fileid="84" />
                <BranchPoint vc="0" uspid="2967" ordinal="22" offset="506" sl="101" path="0" offsetend="508" fileid="84" />
                <BranchPoint vc="0" uspid="2968" ordinal="23" offset="506" sl="101" path="1" offsetend="511" fileid="84" />
                <BranchPoint vc="0" uspid="2969" ordinal="24" offset="532" sl="105" path="0" offsetend="534" fileid="84" />
                <BranchPoint vc="0" uspid="2970" ordinal="25" offset="532" sl="105" path="1" offsetend="546" fileid="84" />
                <BranchPoint vc="0" uspid="2971" ordinal="26" offset="579" sl="110" path="0" offsetend="581" fileid="84" />
                <BranchPoint vc="0" uspid="2972" ordinal="27" offset="579" sl="110" path="1" offsetend="617" fileid="84" />
                <BranchPoint vc="0" uspid="2973" ordinal="28" offset="592" sl="112" path="0" offsetend="594" fileid="84" />
                <BranchPoint vc="0" uspid="2974" ordinal="29" offset="592" sl="112" path="1" offsetend="605" fileid="84" />
                <BranchPoint vc="0" uspid="2975" ordinal="30" offset="624" sl="118" path="0" offsetend="626" fileid="84" />
                <BranchPoint vc="0" uspid="2976" ordinal="31" offset="624" sl="118" path="1" offsetend="629" fileid="84" />
                <BranchPoint vc="0" uspid="2977" ordinal="32" offset="645" sl="122" path="0" offsetend="647" fileid="84" />
                <BranchPoint vc="0" uspid="2978" ordinal="33" offset="645" sl="122" path="1" offsetend="657" fileid="84" />
              </BranchPoints>
              <MethodPoint xsi:type="SequencePoint" vc="0" uspid="2904" ordinal="0" offset="0" sl="31" sc="13" el="31" ec="51" bec="0" bev="0" fileid="84" />
            </Method>
            <Method visited="false" cyclomaticComplexity="12" nPathComplexity="256" sequenceCoverage="0" branchCoverage="0" crapScore="156" isConstructor="false" isStatic="false" isGetter="false" isSetter="false">
              <Summary numSequencePoints="25" visitedSequencePoints="0" numBranchPoints="17" visitedBranchPoints="0" sequenceCoverage="0" branchCoverage="0" maxCyclomaticComplexity="12" minCyclomaticComplexity="12" maxCrapScore="156" minCrapScore="156" visitedClasses="0" numClasses="0" visitedMethods="0" numMethods="1" />
              <MetadataToken>100663678</MetadataToken>
              <Name>System.Collections.Generic.List`1&lt;Xunit.IRunnerReporter&gt; Xunit.ConsoleClient.ConsoleRunner::GetAvailableRunnerReporters()</Name>
              <FileRef uid="84" />
              <SequencePoints>
                <SequencePoint vc="0" uspid="2979" ordinal="0" offset="6" sl="129" sc="13" el="129" ec="54" bec="0" bev="0" fileid="84" />
                <SequencePoint vc="0" uspid="2980" ordinal="1" offset="12" sl="131" sc="13" el="131" ec="101" bec="0" bev="0" fileid="84" />
                <SequencePoint vc="0" uspid="2981" ordinal="2" offset="48" sl="133" sc="37" el="133" ec="117" bec="2" bev="0" fileid="84" />
                <SequencePoint vc="0" uspid="2982" ordinal="3" offset="111" sl="133" sc="22" el="133" ec="33" bec="0" bev="0" fileid="84" />
                <SequencePoint vc="0" uspid="2983" ordinal="4" offset="119" sl="135" sc="17" el="135" ec="44" bec="0" bev="0" fileid="84" />
                <SequencePoint vc="0" uspid="2984" ordinal="5" offset="127" sl="142" sc="21" el="142" ec="111" bec="0" bev="0" fileid="84" />
                <SequencePoint vc="0" uspid="2985" ordinal="6" offset="144" sl="144" sc="21" el="144" ec="49" bec="0" bev="0" fileid="84" />
                <SequencePoint vc="0" uspid="2986" ordinal="7" offset="151" sl="145" sc="17" el="145" ec="18" bec="0" bev="0" fileid="84" />
                <SequencePoint vc="0" uspid="2987" ordinal="8" offset="153" sl="148" sc="21" el="148" ec="38" bec="0" bev="0" fileid="84" />
                <SequencePoint vc="0" uspid="2988" ordinal="9" offset="160" sl="149" sc="17" el="149" ec="18" bec="0" bev="0" fileid="84" />
                <SequencePoint vc="0" uspid="2989" ordinal="10" offset="162" sl="150" sc="17" el="150" ec="22" bec="0" bev="0" fileid="84" />
                <SequencePoint vc="0" uspid="2990" ordinal="11" offset="163" sl="152" sc="21" el="152" ec="30" bec="0" bev="0" fileid="84" />
                <SequencePoint vc="0" uspid="2991" ordinal="12" offset="168" sl="155" sc="38" el="155" ec="43" bec="0" bev="0" fileid="84" />
                <SequencePoint vc="0" uspid="2992" ordinal="13" offset="180" sl="155" sc="26" el="155" ec="34" bec="0" bev="0" fileid="84" />
                <SequencePoint vc="0" uspid="2993" ordinal="14" offset="187" sl="158" sc="21" el="158" ec="226" bec="8" bev="0" fileid="84" />
                <SequencePoint vc="0" uspid="2994" ordinal="15" offset="309" sl="161" sc="21" el="161" ec="65" bec="0" bev="0" fileid="84" />
                <SequencePoint vc="0" uspid="2995" ordinal="16" offset="324" sl="162" sc="21" el="162" ec="38" bec="2" bev="0" fileid="84" />
                <SequencePoint vc="0" uspid="2996" ordinal="17" offset="334" sl="164" sc="25" el="164" ec="79" bec="0" bev="0" fileid="84" />
                <SequencePoint vc="0" uspid="2997" ordinal="18" offset="346" sl="165" sc="25" el="165" ec="163" bec="0" bev="0" fileid="84" />
                <SequencePoint vc="0" uspid="2998" ordinal="19" offset="401" sl="166" sc="25" el="166" ec="52" bec="0" bev="0" fileid="84" />
                <SequencePoint vc="0" uspid="2999" ordinal="20" offset="411" sl="167" sc="25" el="167" ec="34" bec="0" bev="0" fileid="84" />
                <SequencePoint vc="0" uspid="3000" ordinal="21" offset="413" sl="170" sc="21" el="170" ec="77" bec="0" bev="0" fileid="84" />
                <SequencePoint vc="0" uspid="3001" ordinal="22" offset="443" sl="155" sc="35" el="155" ec="37" bec="0" bev="0" fileid="84" />
                <SequencePoint vc="0" uspid="3002" ordinal="23" offset="454" sl="133" sc="34" el="133" ec="36" bec="0" bev="0" fileid="84" />
                <SequencePoint vc="0" uspid="3003" ordinal="24" offset="477" sl="174" sc="13" el="174" ec="27" bec="0" bev="0" fileid="84" />
              </SequencePoints>
              <BranchPoints>
                <BranchPoint vc="0" uspid="3004" ordinal="0" offset="71" sl="133" path="0" offsetend="73" fileid="84" />
                <BranchPoint vc="0" uspid="3005" ordinal="1" offset="71" sl="133" path="1" offsetend="95" fileid="84" />
                <BranchPoint vc="0" uspid="3006" ordinal="2" offset="195" sl="158" path="0" offsetend="200" fileid="84" />
                <BranchPoint vc="0" uspid="3007" ordinal="3" offset="195" sl="158" path="1" offsetend="437" fileid="84" />
                <BranchPoint vc="0" uspid="3008" ordinal="4" offset="212" sl="158" path="0" offsetend="217" fileid="84" />
                <BranchPoint vc="0" uspid="3009" ordinal="5" offset="212" sl="158" path="1" offsetend="437" fileid="84" />
                <BranchPoint vc="0" uspid="3010" ordinal="6" offset="234" sl="158" path="0" offsetend="239" fileid="84" />
                <BranchPoint vc="0" uspid="3011" ordinal="7" offset="234" sl="158" path="1" offsetend="437" fileid="84" />
                <BranchPoint vc="0" uspid="3012" ordinal="8" offset="256" sl="158" path="0" offsetend="261" fileid="84" />
                <BranchPoint vc="0" uspid="3013" ordinal="9" offset="256" sl="158" path="1" offsetend="437" fileid="84" />
                <BranchPoint vc="0" uspid="3014" ordinal="10" offset="274" sl="158" path="0" offsetend="276" fileid="84" />
                <BranchPoint vc="0" uspid="3015" ordinal="11" offset="274" sl="158" path="1" offsetend="299" fileid="84" />
                <BranchPoint vc="0" uspid="3016" ordinal="12" offset="304" sl="158" path="0" offsetend="309" fileid="84" />
                <BranchPoint vc="0" uspid="3017" ordinal="13" offset="304" sl="158" path="1" offsetend="437" fileid="84" />
                <BranchPoint vc="0" uspid="3018" ordinal="14" offset="332" sl="162" path="0" offsetend="334" fileid="84" />
                <BranchPoint vc="0" uspid="3019" ordinal="15" offset="332" sl="162" path="1" offsetend="413" fileid="84" />
              </BranchPoints>
              <MethodPoint vc="0" uspid="3024" ordinal="0" offset="0" />
            </Method>
            <Method visited="false" cyclomaticComplexity="1" nPathComplexity="0" sequenceCoverage="0" branchCoverage="0" crapScore="2" isConstructor="false" isStatic="false" isGetter="false" isSetter="false">
              <Summary numSequencePoints="4" visitedSequencePoints="0" numBranchPoints="1" visitedBranchPoints="0" sequenceCoverage="0" branchCoverage="0" maxCyclomaticComplexity="1" minCyclomaticComplexity="1" maxCrapScore="2" minCrapScore="2" visitedClasses="0" numClasses="0" visitedMethods="0" numMethods="1" />
              <MetadataToken>100663679</MetadataToken>
              <Name>System.Void Xunit.ConsoleClient.ConsoleRunner::PrintHeader()</Name>
              <FileRef uid="84" />
              <SequencePoints>
                <SequencePoint vc="0" uspid="3025" ordinal="0" offset="0" sl="206" sc="13" el="206" ec="99" bec="0" bev="0" fileid="84" />
                <SequencePoint vc="0" uspid="3026" ordinal="1" offset="6" sl="210" sc="13" el="210" ec="141" bec="0" bev="0" fileid="84" />
                <SequencePoint vc="0" uspid="3027" ordinal="2" offset="32" sl="212" sc="13" el="212" ec="136" bec="0" bev="0" fileid="84" />
                <SequencePoint vc="0" uspid="3028" ordinal="3" offset="66" sl="213" sc="9" el="213" ec="10" bec="0" bev="0" fileid="84" />
              </SequencePoints>
              <BranchPoints />
              <MethodPoint xsi:type="SequencePoint" vc="0" uspid="3025" ordinal="0" offset="0" sl="206" sc="13" el="206" ec="99" bec="0" bev="0" fileid="84" />
            </Method>
            <Method visited="false" cyclomaticComplexity="7" nPathComplexity="16" sequenceCoverage="0" branchCoverage="0" crapScore="56" isConstructor="false" isStatic="false" isGetter="false" isSetter="false">
              <Summary numSequencePoints="63" visitedSequencePoints="0" numBranchPoints="9" visitedBranchPoints="0" sequenceCoverage="0" branchCoverage="0" maxCyclomaticComplexity="7" minCyclomaticComplexity="7" maxCrapScore="56" minCrapScore="56" visitedClasses="0" numClasses="0" visitedMethods="0" numMethods="1" />
              <MetadataToken>100663680</MetadataToken>
              <Name>System.Void Xunit.ConsoleClient.ConsoleRunner::PrintUsage(System.Collections.Generic.IReadOnlyList`1&lt;Xunit.IRunnerReporter&gt;)</Name>
              <FileRef uid="84" />
              <SequencePoints>
                <SequencePoint vc="0" uspid="3029" ordinal="0" offset="0" sl="220" sc="13" el="220" ec="49" bec="0" bev="0" fileid="84" />
                <SequencePoint vc="0" uspid="3030" ordinal="1" offset="6" sl="223" sc="13" el="223" ec="65" bec="0" bev="0" fileid="84" />
                <SequencePoint vc="0" uspid="3031" ordinal="2" offset="16" sl="224" sc="13" el="224" ec="33" bec="0" bev="0" fileid="84" />
                <SequencePoint vc="0" uspid="3032" ordinal="3" offset="21" sl="225" sc="13" el="225" ec="169" bec="0" bev="0" fileid="84" />
                <SequencePoint vc="0" uspid="3033" ordinal="4" offset="42" sl="226" sc="13" el="226" ec="33" bec="0" bev="0" fileid="84" />
                <SequencePoint vc="0" uspid="3034" ordinal="5" offset="47" sl="230" sc="13" el="230" ec="114" bec="0" bev="0" fileid="84" />
                <SequencePoint vc="0" uspid="3035" ordinal="6" offset="57" sl="232" sc="13" el="232" ec="33" bec="0" bev="0" fileid="84" />
                <SequencePoint vc="0" uspid="3036" ordinal="7" offset="62" sl="233" sc="13" el="233" ec="49" bec="0" bev="0" fileid="84" />
                <SequencePoint vc="0" uspid="3037" ordinal="8" offset="72" sl="234" sc="13" el="234" ec="95" bec="0" bev="0" fileid="84" />
                <SequencePoint vc="0" uspid="3038" ordinal="9" offset="82" sl="235" sc="13" el="235" ec="95" bec="0" bev="0" fileid="84" />
                <SequencePoint vc="0" uspid="3039" ordinal="10" offset="92" sl="236" sc="13" el="236" ec="97" bec="0" bev="0" fileid="84" />
                <SequencePoint vc="0" uspid="3040" ordinal="11" offset="102" sl="237" sc="13" el="237" ec="88" bec="0" bev="0" fileid="84" />
                <SequencePoint vc="0" uspid="3041" ordinal="12" offset="112" sl="238" sc="13" el="238" ec="97" bec="0" bev="0" fileid="84" />
                <SequencePoint vc="0" uspid="3042" ordinal="13" offset="122" sl="239" sc="13" el="239" ec="106" bec="0" bev="0" fileid="84" />
                <SequencePoint vc="0" uspid="3043" ordinal="14" offset="132" sl="240" sc="13" el="240" ec="106" bec="0" bev="0" fileid="84" />
                <SequencePoint vc="0" uspid="3044" ordinal="15" offset="142" sl="241" sc="13" el="241" ec="105" bec="0" bev="0" fileid="84" />
                <SequencePoint vc="0" uspid="3045" ordinal="16" offset="152" sl="242" sc="13" el="242" ec="114" bec="0" bev="0" fileid="84" />
                <SequencePoint vc="0" uspid="3046" ordinal="17" offset="162" sl="243" sc="13" el="243" ec="113" bec="0" bev="0" fileid="84" />
                <SequencePoint vc="0" uspid="3047" ordinal="18" offset="172" sl="244" sc="13" el="244" ec="118" bec="0" bev="0" fileid="84" />
                <SequencePoint vc="0" uspid="3048" ordinal="19" offset="182" sl="245" sc="13" el="245" ec="107" bec="0" bev="0" fileid="84" />
                <SequencePoint vc="0" uspid="3049" ordinal="20" offset="192" sl="246" sc="13" el="246" ec="114" bec="0" bev="0" fileid="84" />
                <SequencePoint vc="0" uspid="3050" ordinal="21" offset="202" sl="254" sc="13" el="254" ec="93" bec="0" bev="0" fileid="84" />
                <SequencePoint vc="0" uspid="3051" ordinal="22" offset="212" sl="255" sc="13" el="255" ec="113" bec="0" bev="0" fileid="84" />
                <SequencePoint vc="0" uspid="3052" ordinal="23" offset="222" sl="256" sc="13" el="256" ec="122" bec="0" bev="0" fileid="84" />
                <SequencePoint vc="0" uspid="3053" ordinal="24" offset="232" sl="260" sc="13" el="260" ec="100" bec="0" bev="0" fileid="84" />
                <SequencePoint vc="0" uspid="3054" ordinal="25" offset="242" sl="261" sc="13" el="261" ec="117" bec="0" bev="0" fileid="84" />
                <SequencePoint vc="0" uspid="3055" ordinal="26" offset="252" sl="262" sc="13" el="262" ec="110" bec="0" bev="0" fileid="84" />
                <SequencePoint vc="0" uspid="3056" ordinal="27" offset="262" sl="263" sc="13" el="263" ec="114" bec="0" bev="0" fileid="84" />
                <SequencePoint vc="0" uspid="3057" ordinal="28" offset="272" sl="264" sc="13" el="264" ec="112" bec="0" bev="0" fileid="84" />
                <SequencePoint vc="0" uspid="3058" ordinal="29" offset="282" sl="265" sc="13" el="265" ec="115" bec="0" bev="0" fileid="84" />
                <SequencePoint vc="0" uspid="3059" ordinal="30" offset="292" sl="266" sc="13" el="266" ec="130" bec="0" bev="0" fileid="84" />
                <SequencePoint vc="0" uspid="3060" ordinal="31" offset="302" sl="267" sc="13" el="267" ec="123" bec="0" bev="0" fileid="84" />
                <SequencePoint vc="0" uspid="3061" ordinal="32" offset="312" sl="268" sc="13" el="268" ec="114" bec="0" bev="0" fileid="84" />
                <SequencePoint vc="0" uspid="3062" ordinal="33" offset="322" sl="269" sc="13" el="269" ec="137" bec="0" bev="0" fileid="84" />
                <SequencePoint vc="0" uspid="3063" ordinal="34" offset="332" sl="270" sc="13" el="270" ec="123" bec="0" bev="0" fileid="84" />
                <SequencePoint vc="0" uspid="3064" ordinal="35" offset="342" sl="271" sc="13" el="271" ec="115" bec="0" bev="0" fileid="84" />
                <SequencePoint vc="0" uspid="3065" ordinal="36" offset="352" sl="272" sc="13" el="272" ec="118" bec="0" bev="0" fileid="84" />
                <SequencePoint vc="0" uspid="3066" ordinal="37" offset="362" sl="273" sc="13" el="273" ec="101" bec="0" bev="0" fileid="84" />
                <SequencePoint vc="0" uspid="3067" ordinal="38" offset="372" sl="274" sc="13" el="274" ec="114" bec="0" bev="0" fileid="84" />
                <SequencePoint vc="0" uspid="3068" ordinal="39" offset="382" sl="275" sc="13" el="275" ec="125" bec="0" bev="0" fileid="84" />
                <SequencePoint vc="0" uspid="3069" ordinal="40" offset="392" sl="276" sc="13" el="276" ec="101" bec="0" bev="0" fileid="84" />
                <SequencePoint vc="0" uspid="3070" ordinal="41" offset="402" sl="277" sc="13" el="277" ec="115" bec="0" bev="0" fileid="84" />
                <SequencePoint vc="0" uspid="3071" ordinal="42" offset="412" sl="278" sc="13" el="278" ec="107" bec="0" bev="0" fileid="84" />
                <SequencePoint vc="0" uspid="3072" ordinal="43" offset="422" sl="279" sc="13" el="279" ec="91" bec="0" bev="0" fileid="84" />
                <SequencePoint vc="0" uspid="3073" ordinal="44" offset="432" sl="280" sc="13" el="280" ec="114" bec="0" bev="0" fileid="84" />
                <SequencePoint vc="0" uspid="3074" ordinal="45" offset="442" sl="281" sc="13" el="281" ec="114" bec="0" bev="0" fileid="84" />
                <SequencePoint vc="0" uspid="3075" ordinal="46" offset="452" sl="282" sc="13" el="282" ec="91" bec="0" bev="0" fileid="84" />
                <SequencePoint vc="0" uspid="3076" ordinal="47" offset="462" sl="283" sc="13" el="283" ec="115" bec="0" bev="0" fileid="84" />
                <SequencePoint vc="0" uspid="3077" ordinal="48" offset="472" sl="284" sc="13" el="284" ec="118" bec="0" bev="0" fileid="84" />
                <SequencePoint vc="0" uspid="3078" ordinal="49" offset="482" sl="285" sc="13" el="285" ec="112" bec="0" bev="0" fileid="84" />
                <SequencePoint vc="0" uspid="3079" ordinal="50" offset="492" sl="287" sc="13" el="287" ec="88" bec="0" bev="0" fileid="84" />
                <SequencePoint vc="0" uspid="3080" ordinal="51" offset="502" sl="289" sc="13" el="289" ec="33" bec="0" bev="0" fileid="84" />
                <SequencePoint vc="0" uspid="3081" ordinal="52" offset="507" sl="291" sc="13" el="291" ec="113" bec="2" bev="0" fileid="84" />
                <SequencePoint vc="0" uspid="3082" ordinal="53" offset="550" sl="292" sc="13" el="292" ec="47" bec="2" bev="0" fileid="84" />
                <SequencePoint vc="0" uspid="3083" ordinal="54" offset="562" sl="294" sc="17" el="294" ec="77" bec="0" bev="0" fileid="84" />
                <SequencePoint vc="0" uspid="3084" ordinal="55" offset="572" sl="296" sc="42" el="296" ec="90" bec="2" bev="0" fileid="84" />
                <SequencePoint vc="0" uspid="3085" ordinal="56" offset="617" sl="296" sc="26" el="296" ec="38" bec="0" bev="0" fileid="84" />
                <SequencePoint vc="0" uspid="3086" ordinal="57" offset="624" sl="297" sc="21" el="297" ec="127" bec="0" bev="0" fileid="84" />
                <SequencePoint vc="0" uspid="3087" ordinal="58" offset="668" sl="296" sc="39" el="296" ec="41" bec="0" bev="0" fileid="84" />
                <SequencePoint vc="0" uspid="3088" ordinal="59" offset="688" sl="299" sc="17" el="299" ec="37" bec="0" bev="0" fileid="84" />
                <SequencePoint vc="0" uspid="3089" ordinal="60" offset="693" sl="302" sc="13" el="302" ec="81" bec="0" bev="0" fileid="84" />
                <SequencePoint vc="0" uspid="3090" ordinal="61" offset="703" sl="303" sc="13" el="305" ec="15" bec="2" bev="0" fileid="84" />
                <SequencePoint vc="0" uspid="3091" ordinal="62" offset="744" sl="306" sc="9" el="306" ec="10" bec="0" bev="0" fileid="84" />
              </SequencePoints>
              <BranchPoints>
                <BranchPoint vc="0" uspid="3092" ordinal="0" offset="514" sl="291" path="0" offsetend="516" fileid="84" />
                <BranchPoint vc="0" uspid="3093" ordinal="1" offset="514" sl="291" path="1" offsetend="539" fileid="84" />
                <BranchPoint vc="0" uspid="3094" ordinal="2" offset="557" sl="292" path="0" offsetend="562" fileid="84" />
                <BranchPoint vc="0" uspid="3095" ordinal="3" offset="557" sl="292" path="1" offsetend="693" fileid="84" />
                <BranchPoint vc="0" uspid="3096" ordinal="4" offset="579" sl="296" path="0" offsetend="581" fileid="84" />
                <BranchPoint vc="0" uspid="3097" ordinal="5" offset="579" sl="296" path="1" offsetend="604" fileid="84" />
                <BranchPoint vc="0" uspid="3100" ordinal="8" offset="714" sl="303" path="0" offsetend="716" fileid="84" />
                <BranchPoint vc="0" uspid="3101" ordinal="9" offset="714" sl="303" path="1" offsetend="739" fileid="84" />
              </BranchPoints>
              <MethodPoint xsi:type="SequencePoint" vc="0" uspid="3029" ordinal="0" offset="0" sl="220" sc="13" el="220" ec="49" bec="0" bev="0" fileid="84" />
            </Method>
            <Method visited="false" cyclomaticComplexity="16" nPathComplexity="2048" sequenceCoverage="0" branchCoverage="0" crapScore="272" isConstructor="false" isStatic="false" isGetter="false" isSetter="false">
              <Summary numSequencePoints="30" visitedSequencePoints="0" numBranchPoints="23" visitedBranchPoints="0" sequenceCoverage="0" branchCoverage="0" maxCyclomaticComplexity="16" minCyclomaticComplexity="16" maxCrapScore="272" minCrapScore="272" visitedClasses="0" numClasses="0" visitedMethods="0" numMethods="1" />
              <MetadataToken>100663681</MetadataToken>
              <Name>System.Int32 Xunit.ConsoleClient.ConsoleRunner::RunProject(Xunit.XunitProject,System.Boolean,System.Nullable`1&lt;System.Boolean&gt;,System.Nullable`1&lt;System.Boolean&gt;,System.Nullable`1&lt;System.Int32&gt;,System.Boolean,System.Boolean,System.Nullable`1&lt;Xunit.AppDomainSupport&gt;,System.Boolean,System.Boolean,System.Boolean)</Name>
              <FileRef uid="84" />
              <SequencePoints>
                <SequencePoint vc="0" uspid="3102" ordinal="0" offset="91" sl="320" sc="13" el="320" ec="47" bec="0" bev="0" fileid="84" />
                <SequencePoint vc="0" uspid="3103" ordinal="1" offset="98" sl="321" sc="13" el="321" ec="50" bec="0" bev="0" fileid="84" />
                <SequencePoint vc="0" uspid="3104" ordinal="2" offset="104" sl="322" sc="13" el="322" ec="80" bec="0" bev="0" fileid="84" />
                <SequencePoint vc="0" uspid="3105" ordinal="3" offset="116" sl="323" sc="13" el="323" ec="54" bec="0" bev="0" fileid="84" />
                <SequencePoint vc="0" uspid="3106" ordinal="4" offset="131" sl="325" sc="13" el="325" ec="49" bec="2" bev="0" fileid="84" />
                <SequencePoint vc="0" uspid="3107" ordinal="5" offset="140" sl="326" sc="17" el="326" ec="118" bec="2" bev="0" fileid="84" />
                <SequencePoint vc="0" uspid="3108" ordinal="6" offset="189" sl="328" sc="13" el="328" ec="26" bec="2" bev="0" fileid="84" />
                <SequencePoint vc="0" uspid="3109" ordinal="7" offset="197" sl="329" sc="17" el="329" ec="64" bec="0" bev="0" fileid="84" />
                <SequencePoint vc="0" uspid="3110" ordinal="8" offset="218" sl="331" sc="13" el="331" ec="73" bec="0" bev="0" fileid="84" />
                <SequencePoint vc="0" uspid="3111" ordinal="9" offset="224" sl="333" sc="13" el="333" ec="59" bec="2" bev="0" fileid="84" />
                <SequencePoint vc="0" uspid="3112" ordinal="10" offset="236" sl="335" sc="17" el="335" ec="297" bec="0" bev="0" fileid="84" />
                <SequencePoint vc="0" uspid="3113" ordinal="11" offset="264" sl="336" sc="17" el="336" ec="76" bec="0" bev="0" fileid="84" />
                <SequencePoint vc="0" uspid="3114" ordinal="12" offset="283" sl="337" sc="49" el="337" ec="88" bec="2" bev="0" fileid="84" />
                <SequencePoint vc="0" uspid="3115" ordinal="13" offset="328" sl="337" sc="26" el="337" ec="45" bec="0" bev="0" fileid="84" />
                <SequencePoint vc="0" uspid="3116" ordinal="14" offset="337" sl="338" sc="21" el="338" ec="60" bec="0" bev="0" fileid="84" />
                <SequencePoint vc="0" uspid="3117" ordinal="15" offset="350" sl="337" sc="46" el="337" ec="48" bec="0" bev="0" fileid="84" />
                <SequencePoint vc="0" uspid="3118" ordinal="16" offset="376" sl="342" sc="42" el="342" ec="60" bec="0" bev="0" fileid="84" />
                <SequencePoint vc="0" uspid="3119" ordinal="17" offset="396" sl="342" sc="26" el="342" ec="38" bec="0" bev="0" fileid="84" />
                <SequencePoint vc="0" uspid="3120" ordinal="18" offset="405" sl="344" sc="21" el="344" ec="256" bec="0" bev="0" fileid="84" />
                <SequencePoint vc="0" uspid="3121" ordinal="19" offset="492" sl="345" sc="21" el="345" ec="49" bec="2" bev="0" fileid="84" />
                <SequencePoint vc="0" uspid="3122" ordinal="20" offset="496" sl="346" sc="25" el="346" ec="64" bec="0" bev="0" fileid="84" />
                <SequencePoint vc="0" uspid="3123" ordinal="21" offset="509" sl="342" sc="39" el="342" ec="41" bec="0" bev="0" fileid="84" />
                <SequencePoint vc="0" uspid="3124" ordinal="22" offset="532" sl="350" sc="13" el="350" ec="30" bec="0" bev="0" fileid="84" />
                <SequencePoint vc="0" uspid="3125" ordinal="23" offset="538" sl="352" sc="13" el="352" ec="43" bec="2" bev="0" fileid="84" />
                <SequencePoint vc="0" uspid="3126" ordinal="24" offset="546" sl="353" sc="17" el="353" ec="121" bec="0" bev="0" fileid="84" />
                <SequencePoint vc="0" uspid="3127" ordinal="25" offset="591" sl="355" sc="13" el="355" ec="46" bec="2" bev="0" fileid="84" />
                <SequencePoint vc="0" uspid="3128" ordinal="26" offset="605" sl="356" sc="17" el="356" ec="148" bec="2" bev="0" fileid="84" />
                <SequencePoint vc="0" uspid="3129" ordinal="27" offset="675" sl="358" sc="13" el="358" ec="66" bec="0" bev="0" fileid="84" />
                <SequencePoint vc="0" uspid="3130" ordinal="28" offset="681" sl="360" sc="13" el="360" ec="84" bec="0" bev="0" fileid="84" />
                <SequencePoint vc="0" uspid="3131" ordinal="29" offset="699" sl="362" sc="13" el="362" ec="90" bec="4" bev="0" fileid="84" />
              </SequencePoints>
              <BranchPoints>
                <BranchPoint vc="0" uspid="3132" ordinal="0" offset="138" sl="325" path="0" offsetend="140" fileid="84" />
                <BranchPoint vc="0" uspid="3133" ordinal="1" offset="138" sl="325" path="1" offsetend="189" fileid="84" />
                <BranchPoint vc="0" uspid="3134" ordinal="2" offset="154" sl="326" path="0" offsetend="156" fileid="84" />
                <BranchPoint vc="0" uspid="3135" ordinal="3" offset="154" sl="326" path="1" offsetend="179" fileid="84" />
                <BranchPoint vc="0" uspid="3136" ordinal="4" offset="195" sl="328" path="0" offsetend="197" fileid="84" />
                <BranchPoint vc="0" uspid="3137" ordinal="5" offset="195" sl="328" path="1" offsetend="218" fileid="84" />
                <BranchPoint vc="0" uspid="3138" ordinal="6" offset="231" sl="333" path="0" offsetend="236" fileid="84" />
                <BranchPoint vc="0" uspid="3139" ordinal="7" offset="231" sl="333" path="1" offsetend="376" fileid="84" />
                <BranchPoint vc="0" uspid="3140" ordinal="8" offset="289" sl="337" path="0" offsetend="291" fileid="84" />
                <BranchPoint vc="0" uspid="3141" ordinal="9" offset="289" sl="337" path="1" offsetend="314" fileid="84" />
                <BranchPoint vc="0" uspid="3144" ordinal="12" offset="494" sl="345" path="0" offsetend="496" fileid="84" />
                <BranchPoint vc="0" uspid="3145" ordinal="13" offset="494" sl="345" path="1" offsetend="509" fileid="84" />
                <BranchPoint vc="0" uspid="3148" ordinal="16" offset="544" sl="352" path="0" offsetend="546" fileid="84" />
                <BranchPoint vc="0" uspid="3149" ordinal="17" offset="544" sl="352" path="1" offsetend="591" fileid="84" />
                <BranchPoint vc="0" uspid="3150" ordinal="18" offset="603" sl="355" path="0" offsetend="605" fileid="84" />
                <BranchPoint vc="0" uspid="3151" ordinal="19" offset="603" sl="355" path="1" offsetend="675" fileid="84" />
                <BranchPoint vc="0" uspid="3152" ordinal="20" offset="629" sl="356" path="0" offsetend="631" fileid="84" />
                <BranchPoint vc="0" uspid="3153" ordinal="21" offset="629" sl="356" path="1" offsetend="654" fileid="84" />
                <BranchPoint vc="0" uspid="3154" ordinal="22" offset="705" sl="362" path="0" offsetend="707" fileid="84" />
                <BranchPoint vc="0" uspid="3155" ordinal="23" offset="705" sl="362" path="1" offsetend="755" fileid="84" />
                <BranchPoint vc="0" uspid="3156" ordinal="24" offset="724" sl="362" path="0" offsetend="726" fileid="84" />
                <BranchPoint vc="0" uspid="3157" ordinal="25" offset="724" sl="362" path="1" offsetend="749" fileid="84" />
              </BranchPoints>
              <MethodPoint vc="0" uspid="3158" ordinal="0" offset="0" />
            </Method>
            <Method visited="false" cyclomaticComplexity="26" nPathComplexity="524288" sequenceCoverage="0" branchCoverage="0" crapScore="702" isConstructor="false" isStatic="false" isGetter="false" isSetter="false">
              <Summary numSequencePoints="63" visitedSequencePoints="0" numBranchPoints="39" visitedBranchPoints="0" sequenceCoverage="0" branchCoverage="0" maxCyclomaticComplexity="26" minCyclomaticComplexity="26" maxCrapScore="702" minCrapScore="702" visitedClasses="0" numClasses="0" visitedMethods="0" numMethods="1" />
              <MetadataToken>100663682</MetadataToken>
              <Name>System.Xml.Linq.XElement Xunit.ConsoleClient.ConsoleRunner::ExecuteAssembly(System.Object,Xunit.XunitProjectAssembly,System.Boolean,System.Boolean,System.Nullable`1&lt;System.Boolean&gt;,System.Nullable`1&lt;System.Int32&gt;,System.Boolean,System.Boolean,System.Nullable`1&lt;Xunit.AppDomainSupport&gt;,System.Boolean,System.Boolean,Xunit.XunitFilters,System.Boolean)</Name>
              <FileRef uid="84" />
              <SequencePoints>
                <SequencePoint vc="0" uspid="3159" ordinal="0" offset="0" sl="379" sc="13" el="379" ec="24" bec="2" bev="0" fileid="84" />
                <SequencePoint vc="0" uspid="3160" ordinal="1" offset="10" sl="380" sc="17" el="380" ec="29" bec="0" bev="0" fileid="84" />
                <SequencePoint vc="0" uspid="3161" ordinal="2" offset="12" sl="382" sc="13" el="382" ec="78" bec="2" bev="0" fileid="84" />
                <SequencePoint vc="0" uspid="3162" ordinal="3" offset="35" sl="386" sc="17" el="386" ec="142" bec="3" bev="0" fileid="84" />
                <SequencePoint vc="0" uspid="3163" ordinal="4" offset="65" sl="387" sc="21" el="387" ec="33" bec="0" bev="0" fileid="84" />
                <SequencePoint vc="0" uspid="3164" ordinal="5" offset="73" sl="390" sc="17" el="390" ec="69" bec="0" bev="0" fileid="84" />
                <SequencePoint vc="0" uspid="3165" ordinal="6" offset="90" sl="391" sc="17" el="391" ec="81" bec="2" bev="0" fileid="84" />
                <SequencePoint vc="0" uspid="3166" ordinal="7" offset="123" sl="392" sc="17" el="392" ec="97" bec="2" bev="0" fileid="84" />
                <SequencePoint vc="0" uspid="3167" ordinal="8" offset="156" sl="394" sc="17" el="394" ec="41" bec="2" bev="0" fileid="84" />
                <SequencePoint vc="0" uspid="3168" ordinal="9" offset="165" sl="395" sc="21" el="395" ec="67" bec="0" bev="0" fileid="84" />
                <SequencePoint vc="0" uspid="3169" ordinal="10" offset="178" sl="398" sc="17" el="398" ec="98" bec="0" bev="0" fileid="84" />
                <SequencePoint vc="0" uspid="3170" ordinal="11" offset="190" sl="399" sc="17" el="399" ec="98" bec="0" bev="0" fileid="84" />
                <SequencePoint vc="0" uspid="3171" ordinal="12" offset="202" sl="400" sc="17" el="400" ec="64" bec="0" bev="0" fileid="84" />
                <SequencePoint vc="0" uspid="3172" ordinal="13" offset="215" sl="401" sc="17" el="401" ec="45" bec="2" bev="0" fileid="84" />
                <SequencePoint vc="0" uspid="3173" ordinal="14" offset="224" sl="402" sc="21" el="402" ec="76" bec="0" bev="0" fileid="84" />
                <SequencePoint vc="0" uspid="3174" ordinal="15" offset="232" sl="403" sc="17" el="403" ec="57" bec="2" bev="0" fileid="84" />
                <SequencePoint vc="0" uspid="3175" ordinal="16" offset="241" sl="404" sc="21" el="404" ec="113" bec="0" bev="0" fileid="84" />
                <SequencePoint vc="0" uspid="3176" ordinal="17" offset="262" sl="406" sc="17" el="406" ec="103" bec="0" bev="0" fileid="84" />
                <SequencePoint vc="0" uspid="3177" ordinal="18" offset="274" sl="407" sc="17" el="407" ec="177" bec="0" bev="0" fileid="84" />
                <SequencePoint vc="0" uspid="3178" ordinal="19" offset="296" sl="408" sc="17" el="408" ec="202" bec="0" bev="0" fileid="84" />
                <SequencePoint vc="0" uspid="3179" ordinal="20" offset="318" sl="409" sc="17" el="409" ec="82" bec="0" bev="0" fileid="84" />
                <SequencePoint vc="0" uspid="3180" ordinal="21" offset="331" sl="410" sc="17" el="410" ec="77" bec="0" bev="0" fileid="84" />
                <SequencePoint vc="0" uspid="3181" ordinal="22" offset="344" sl="411" sc="17" el="411" ec="97" bec="0" bev="0" fileid="84" />
                <SequencePoint vc="0" uspid="3182" ordinal="23" offset="357" sl="413" sc="17" el="413" ec="126" bec="0" bev="0" fileid="84" />
                <SequencePoint vc="0" uspid="3183" ordinal="24" offset="372" sl="414" sc="24" el="414" ec="193" bec="0" bev="0" fileid="84" />
                <SequencePoint vc="0" uspid="3184" ordinal="25" offset="399" sl="415" sc="24" el="415" ec="79" bec="0" bev="0" fileid="84" />
                <SequencePoint vc="0" uspid="3185" ordinal="26" offset="418" sl="418" sc="21" el="418" ec="205" bec="2" bev="0" fileid="84" />
                <SequencePoint vc="0" uspid="3186" ordinal="27" offset="459" sl="420" sc="21" el="420" ec="77" bec="0" bev="0" fileid="84" />
                <SequencePoint vc="0" uspid="3187" ordinal="28" offset="470" sl="421" sc="21" el="421" ec="54" bec="0" bev="0" fileid="84" />
                <SequencePoint vc="0" uspid="3188" ordinal="29" offset="483" sl="423" sc="21" el="423" ec="77" bec="0" bev="0" fileid="84" />
                <SequencePoint vc="0" uspid="3189" ordinal="30" offset="497" sl="424" sc="21" el="424" ec="100" bec="0" bev="0" fileid="84" />
                <SequencePoint vc="0" uspid="3190" ordinal="31" offset="529" sl="425" sc="21" el="425" ec="66" bec="0" bev="0" fileid="84" />
                <SequencePoint vc="0" uspid="3191" ordinal="32" offset="538" sl="427" sc="21" el="427" ec="154" bec="0" bev="0" fileid="84" />
                <SequencePoint vc="0" uspid="3192" ordinal="33" offset="561" sl="430" sc="21" el="430" ec="45" bec="2" bev="0" fileid="84" />
                <SequencePoint vc="0" uspid="3193" ordinal="34" offset="565" sl="431" sc="25" el="431" ec="120" bec="0" bev="0" fileid="84" />
                <SequencePoint vc="0" uspid="3194" ordinal="35" offset="598" sl="434" sc="25" el="434" ec="39" bec="2" bev="0" fileid="84" />
                <SequencePoint vc="0" uspid="3195" ordinal="36" offset="601" sl="435" sc="29" el="435" ec="136" bec="0" bev="0" fileid="84" />
                <SequencePoint vc="0" uspid="3196" ordinal="37" offset="648" sl="437" sc="25" el="437" ec="121" bec="0" bev="0" fileid="84" />
                <SequencePoint vc="0" uspid="3197" ordinal="38" offset="667" sl="439" sc="25" el="439" ec="188" bec="0" bev="0" fileid="84" />
                <SequencePoint vc="0" uspid="3198" ordinal="39" offset="704" sl="440" sc="25" el="440" ec="53" bec="2" bev="0" fileid="84" />
                <SequencePoint vc="0" uspid="3199" ordinal="40" offset="707" sl="441" sc="29" el="441" ec="103" bec="0" bev="0" fileid="84" />
                <SequencePoint vc="0" uspid="3200" ordinal="41" offset="717" sl="442" sc="25" el="442" ec="52" bec="2" bev="0" fileid="84" />
                <SequencePoint vc="0" uspid="3201" ordinal="42" offset="722" sl="443" sc="29" el="443" ec="198" bec="0" bev="0" fileid="84" />
                <SequencePoint vc="0" uspid="3202" ordinal="43" offset="746" sl="444" sc="25" el="444" ec="39" bec="2" bev="0" fileid="84" />
                <SequencePoint vc="0" uspid="3203" ordinal="44" offset="750" sl="445" sc="29" el="445" ec="83" bec="0" bev="0" fileid="84" />
                <SequencePoint vc="0" uspid="3204" ordinal="45" offset="759" sl="447" sc="25" el="447" ec="95" bec="0" bev="0" fileid="84" />
                <SequencePoint vc="0" uspid="3205" ordinal="46" offset="771" sl="448" sc="25" el="448" ec="56" bec="0" bev="0" fileid="84" />
                <SequencePoint vc="0" uspid="3206" ordinal="47" offset="784" sl="450" sc="25" el="450" ec="151" bec="0" bev="0" fileid="84" />
                <SequencePoint vc="0" uspid="3207" ordinal="48" offset="810" sl="451" sc="25" el="451" ec="84" bec="3" bev="0" fileid="84" />
                <SequencePoint vc="0" uspid="3208" ordinal="49" offset="828" sl="453" sc="29" el="453" ec="83" bec="0" bev="0" fileid="84" />
                <SequencePoint vc="0" uspid="3209" ordinal="50" offset="838" sl="454" sc="29" el="454" ec="43" bec="0" bev="0" fileid="84" />
                <SequencePoint vc="0" uspid="3210" ordinal="51" offset="847" sl="457" sc="17" el="457" ec="18" bec="0" bev="0" fileid="84" />
                <SequencePoint vc="0" uspid="3211" ordinal="52" offset="889" sl="458" sc="13" el="458" ec="14" bec="0" bev="0" fileid="84" />
                <SequencePoint vc="0" uspid="3212" ordinal="53" offset="891" sl="461" sc="17" el="461" ec="31" bec="0" bev="0" fileid="84" />
                <SequencePoint vc="0" uspid="3213" ordinal="54" offset="898" sl="463" sc="17" el="463" ec="28" bec="0" bev="0" fileid="84" />
                <SequencePoint vc="0" uspid="3214" ordinal="55" offset="902" sl="466" sc="21" el="466" ec="79" bec="0" bev="0" fileid="84" />
                <SequencePoint vc="0" uspid="3215" ordinal="56" offset="936" sl="468" sc="21" el="468" ec="52" bec="2" bev="0" fileid="84" />
                <SequencePoint vc="0" uspid="3216" ordinal="57" offset="940" sl="469" sc="25" el="469" ec="57" bec="0" bev="0" fileid="84" />
                <SequencePoint vc="0" uspid="3217" ordinal="58" offset="952" sl="471" sc="21" el="471" ec="42" bec="0" bev="0" fileid="84" />
                <SequencePoint vc="0" uspid="3218" ordinal="59" offset="961" sl="464" sc="17" el="464" ec="34" bec="2" bev="0" fileid="84" />
                <SequencePoint vc="0" uspid="3219" ordinal="60" offset="965" sl="473" sc="13" el="473" ec="14" bec="0" bev="0" fileid="84" />
                <SequencePoint vc="0" uspid="3220" ordinal="61" offset="967" sl="475" sc="13" el="475" ec="36" bec="0" bev="0" fileid="84" />
                <SequencePoint vc="0" uspid="3221" ordinal="62" offset="969" sl="476" sc="9" el="476" ec="10" bec="0" bev="0" fileid="84" />
              </SequencePoints>
              <BranchPoints>
                <BranchPoint vc="0" uspid="3222" ordinal="0" offset="8" sl="379" path="0" offsetend="10" fileid="84" />
                <BranchPoint vc="0" uspid="3223" ordinal="1" offset="8" sl="379" path="1" offsetend="12" fileid="84" />
                <BranchPoint vc="0" uspid="3224" ordinal="2" offset="14" sl="382" path="0" offsetend="16" fileid="84" />
                <BranchPoint vc="0" uspid="3225" ordinal="3" offset="14" sl="382" path="1" offsetend="19" fileid="84" />
                <BranchPoint vc="0" uspid="3226" ordinal="4" offset="48" sl="386" path="0" offsetend="50" fileid="84" />
                <BranchPoint vc="0" uspid="3227" ordinal="5" offset="48" sl="386" path="1" offsetend="65" fileid="84" />
                <BranchPoint vc="0" uspid="3228" ordinal="6" offset="63" sl="386" path="0" offsetend="65" fileid="84" />
                <BranchPoint vc="0" uspid="3229" ordinal="7" offset="63" sl="386" path="1" offsetend="73" fileid="84" />
                <BranchPoint vc="0" uspid="3230" ordinal="8" offset="106" sl="391" path="0" offsetend="108" fileid="84" />
                <BranchPoint vc="0" uspid="3231" ordinal="9" offset="106" sl="391" path="1" offsetend="112" fileid="84" />
                <BranchPoint vc="0" uspid="3232" ordinal="10" offset="139" sl="392" path="0" offsetend="141" fileid="84" />
                <BranchPoint vc="0" uspid="3233" ordinal="11" offset="139" sl="392" path="1" offsetend="145" fileid="84" />
                <BranchPoint vc="0" uspid="3234" ordinal="12" offset="163" sl="394" path="0" offsetend="165" fileid="84" />
                <BranchPoint vc="0" uspid="3235" ordinal="13" offset="163" sl="394" path="1" offsetend="178" fileid="84" />
                <BranchPoint vc="0" uspid="3236" ordinal="14" offset="222" sl="401" path="0" offsetend="224" fileid="84" />
                <BranchPoint vc="0" uspid="3237" ordinal="15" offset="222" sl="401" path="1" offsetend="232" fileid="84" />
                <BranchPoint vc="0" uspid="3238" ordinal="16" offset="239" sl="403" path="0" offsetend="241" fileid="84" />
                <BranchPoint vc="0" uspid="3239" ordinal="17" offset="239" sl="403" path="1" offsetend="262" fileid="84" />
                <BranchPoint vc="0" uspid="3240" ordinal="18" offset="432" sl="418" path="0" offsetend="434" fileid="84" />
                <BranchPoint vc="0" uspid="3241" ordinal="19" offset="432" sl="418" path="1" offsetend="444" fileid="84" />
                <BranchPoint vc="0" uspid="3242" ordinal="20" offset="563" sl="430" path="0" offsetend="565" fileid="84" />
                <BranchPoint vc="0" uspid="3243" ordinal="21" offset="563" sl="430" path="1" offsetend="598" fileid="84" />
                <BranchPoint vc="0" uspid="3244" ordinal="22" offset="599" sl="434" path="0" offsetend="601" fileid="84" />
                <BranchPoint vc="0" uspid="3245" ordinal="23" offset="599" sl="434" path="1" offsetend="648" fileid="84" />
                <BranchPoint vc="0" uspid="3246" ordinal="24" offset="705" sl="440" path="0" offsetend="707" fileid="84" />
                <BranchPoint vc="0" uspid="3247" ordinal="25" offset="705" sl="440" path="1" offsetend="717" fileid="84" />
                <BranchPoint vc="0" uspid="3248" ordinal="26" offset="720" sl="442" path="0" offsetend="722" fileid="84" />
                <BranchPoint vc="0" uspid="3249" ordinal="27" offset="720" sl="442" path="1" offsetend="746" fileid="84" />
                <BranchPoint vc="0" uspid="3250" ordinal="28" offset="748" sl="444" path="0" offsetend="750" fileid="84" />
                <BranchPoint vc="0" uspid="3251" ordinal="29" offset="748" sl="444" path="1" offsetend="759" fileid="84" />
                <BranchPoint vc="0" uspid="3252" ordinal="30" offset="812" sl="451" path="0" offsetend="814" fileid="84" />
                <BranchPoint vc="0" uspid="3253" ordinal="31" offset="812" sl="451" path="1" offsetend="847" fileid="84" />
                <BranchPoint vc="0" uspid="3254" ordinal="32" offset="826" sl="451" path="0" offsetend="828" fileid="84" />
                <BranchPoint vc="0" uspid="3255" ordinal="33" offset="826" sl="451" path="1" offsetend="847" fileid="84" />
                <BranchPoint vc="0" uspid="3256" ordinal="34" offset="938" sl="468" path="0" offsetend="940" fileid="84" />
                <BranchPoint vc="0" uspid="3257" ordinal="35" offset="938" sl="468" path="1" offsetend="952" fileid="84" />
                <BranchPoint vc="0" uspid="3258" ordinal="36" offset="963" sl="464" path="0" offsetend="965" fileid="84" />
                <BranchPoint vc="0" uspid="3259" ordinal="37" offset="963" sl="464" path="1" offsetend="902" fileid="84" />
              </BranchPoints>
              <MethodPoint xsi:type="SequencePoint" vc="0" uspid="3159" ordinal="0" offset="0" sl="379" sc="13" el="379" ec="24" bec="2" bev="0" fileid="84" />
            </Method>
            <Method visited="false" cyclomaticComplexity="4" nPathComplexity="4" sequenceCoverage="0" branchCoverage="0" crapScore="20" isConstructor="false" isStatic="false" isGetter="false" isSetter="false">
              <Summary numSequencePoints="8" visitedSequencePoints="0" numBranchPoints="5" visitedBranchPoints="0" sequenceCoverage="0" branchCoverage="0" maxCyclomaticComplexity="4" minCyclomaticComplexity="4" maxCrapScore="20" minCrapScore="20" visitedClasses="0" numClasses="0" visitedMethods="0" numMethods="1" />
              <MetadataToken>100663683</MetadataToken>
              <Name>System.Boolean Xunit.ConsoleClient.ConsoleRunner::ValidateFileExists(System.Object,System.String)</Name>
              <FileRef uid="84" />
              <SequencePoints>
                <SequencePoint vc="0" uspid="3260" ordinal="0" offset="0" sl="480" sc="13" el="480" ec="78" bec="3" bev="0" fileid="84" />
                <SequencePoint vc="0" uspid="3261" ordinal="1" offset="16" sl="481" sc="17" el="481" ec="29" bec="0" bev="0" fileid="84" />
                <SequencePoint vc="0" uspid="3262" ordinal="2" offset="18" sl="483" sc="13" el="483" ec="31" bec="0" bev="0" fileid="84" />
                <SequencePoint vc="0" uspid="3263" ordinal="3" offset="30" sl="485" sc="17" el="485" ec="68" bec="0" bev="0" fileid="84" />
                <SequencePoint vc="0" uspid="3264" ordinal="4" offset="42" sl="486" sc="17" el="486" ec="66" bec="0" bev="0" fileid="84" />
                <SequencePoint vc="0" uspid="3265" ordinal="5" offset="58" sl="487" sc="17" el="487" ec="69" bec="0" bev="0" fileid="84" />
                <SequencePoint vc="0" uspid="3266" ordinal="6" offset="69" sl="488" sc="13" el="488" ec="14" bec="0" bev="0" fileid="84" />
                <SequencePoint vc="0" uspid="3267" ordinal="7" offset="81" sl="490" sc="13" el="490" ec="26" bec="0" bev="0" fileid="84" />
              </SequencePoints>
              <BranchPoints>
                <BranchPoint vc="0" uspid="3268" ordinal="0" offset="6" sl="480" path="0" offsetend="8" fileid="84" />
                <BranchPoint vc="0" uspid="3269" ordinal="1" offset="6" sl="480" path="1" offsetend="16" fileid="84" />
                <BranchPoint vc="0" uspid="3270" ordinal="2" offset="14" sl="480" path="0" offsetend="16" fileid="84" />
                <BranchPoint vc="0" uspid="3271" ordinal="3" offset="14" sl="480" path="1" offsetend="18" fileid="84" />
              </BranchPoints>
              <MethodPoint xsi:type="SequencePoint" vc="0" uspid="3260" ordinal="0" offset="0" sl="480" sc="13" el="480" ec="78" bec="3" bev="0" fileid="84" />
            </Method>
            <Method visited="false" cyclomaticComplexity="2" nPathComplexity="2" sequenceCoverage="0" branchCoverage="0" crapScore="6" isConstructor="false" isStatic="false" isGetter="false" isSetter="false">
              <Summary numSequencePoints="5" visitedSequencePoints="0" numBranchPoints="3" visitedBranchPoints="0" sequenceCoverage="0" branchCoverage="0" maxCyclomaticComplexity="2" minCyclomaticComplexity="2" maxCrapScore="6" minCrapScore="6" visitedClasses="0" numClasses="0" visitedMethods="0" numMethods="1" />
              <MetadataToken>100663684</MetadataToken>
              <Name>System.Void Xunit.ConsoleClient.ConsoleRunner::&lt;EntryPoint&gt;b__8_0(System.Object,System.ConsoleCancelEventArgs)</Name>
              <FileRef uid="84" />
              <SequencePoints>
                <SequencePoint vc="0" uspid="3272" ordinal="0" offset="0" sl="53" sc="21" el="53" ec="33" bec="2" bev="0" fileid="84" />
                <SequencePoint vc="0" uspid="3273" ordinal="1" offset="10" sl="55" sc="25" el="55" ec="93" bec="0" bev="0" fileid="84" />
                <SequencePoint vc="0" uspid="3274" ordinal="2" offset="20" sl="56" sc="25" el="56" ec="39" bec="0" bev="0" fileid="84" />
                <SequencePoint vc="0" uspid="3275" ordinal="3" offset="29" sl="57" sc="25" el="57" ec="41" bec="0" bev="0" fileid="84" />
                <SequencePoint vc="0" uspid="3276" ordinal="4" offset="36" sl="59" sc="17" el="59" ec="18" bec="0" bev="0" fileid="84" />
              </SequencePoints>
              <BranchPoints>
                <BranchPoint vc="0" uspid="3277" ordinal="0" offset="8" sl="53" path="0" offsetend="10" fileid="84" />
                <BranchPoint vc="0" uspid="3278" ordinal="1" offset="8" sl="53" path="1" offsetend="36" fileid="84" />
              </BranchPoints>
              <MethodPoint xsi:type="SequencePoint" vc="0" uspid="3272" ordinal="0" offset="0" sl="53" sc="21" el="53" ec="33" bec="2" bev="0" fileid="84" />
            </Method>
            <Method visited="false" cyclomaticComplexity="1" nPathComplexity="0" sequenceCoverage="0" branchCoverage="0" crapScore="2" isConstructor="false" isStatic="false" isGetter="false" isSetter="false">
              <Summary numSequencePoints="1" visitedSequencePoints="0" numBranchPoints="1" visitedBranchPoints="0" sequenceCoverage="0" branchCoverage="0" maxCyclomaticComplexity="1" minCyclomaticComplexity="1" maxCrapScore="2" minCrapScore="2" visitedClasses="0" numClasses="0" visitedMethods="0" numMethods="1" />
              <MetadataToken>100663685</MetadataToken>
              <Name>System.Boolean Xunit.ConsoleClient.ConsoleRunner::&lt;ExecuteAssembly&gt;b__13_0()</Name>
              <FileRef uid="84" />
              <SequencePoints>
                <SequencePoint vc="0" uspid="3279" ordinal="0" offset="0" sl="415" sc="72" el="415" ec="78" bec="0" bev="0" fileid="84" />
              </SequencePoints>
              <BranchPoints />
              <MethodPoint xsi:type="SequencePoint" vc="0" uspid="3279" ordinal="0" offset="0" sl="415" sc="72" el="415" ec="78" bec="0" bev="0" fileid="84" />
            </Method>
            <Method visited="false" cyclomaticComplexity="1" nPathComplexity="0" sequenceCoverage="0" branchCoverage="0" crapScore="2" isConstructor="false" isStatic="false" isGetter="false" isSetter="false">
              <Summary numSequencePoints="1" visitedSequencePoints="0" numBranchPoints="1" visitedBranchPoints="0" sequenceCoverage="0" branchCoverage="0" maxCyclomaticComplexity="1" minCyclomaticComplexity="1" maxCrapScore="2" minCrapScore="2" visitedClasses="0" numClasses="0" visitedMethods="0" numMethods="1" />
              <MetadataToken>100663686</MetadataToken>
              <Name>System.Boolean Xunit.ConsoleClient.ConsoleRunner::&lt;ExecuteAssembly&gt;b__13_1()</Name>
              <FileRef uid="84" />
              <SequencePoints>
                <SequencePoint vc="0" uspid="3280" ordinal="0" offset="0" sl="439" sc="119" el="439" ec="125" bec="0" bev="0" fileid="84" />
              </SequencePoints>
              <BranchPoints />
              <MethodPoint xsi:type="SequencePoint" vc="0" uspid="3280" ordinal="0" offset="0" sl="439" sc="119" el="439" ec="125" bec="0" bev="0" fileid="84" />
            </Method>
            <Method visited="false" cyclomaticComplexity="1" nPathComplexity="0" sequenceCoverage="0" branchCoverage="0" crapScore="2" isConstructor="false" isStatic="false" isGetter="false" isSetter="false">
              <Summary numSequencePoints="1" visitedSequencePoints="0" numBranchPoints="1" visitedBranchPoints="0" sequenceCoverage="0" branchCoverage="0" maxCyclomaticComplexity="1" minCyclomaticComplexity="1" maxCrapScore="2" minCrapScore="2" visitedClasses="0" numClasses="0" visitedMethods="0" numMethods="1" />
              <MetadataToken>100663687</MetadataToken>
              <Name>System.Void Xunit.ConsoleClient.ConsoleRunner::&lt;ExecuteAssembly&gt;b__13_2(System.String,Xunit.ExecutionSummary)</Name>
              <FileRef uid="84" />
              <SequencePoints>
                <SequencePoint vc="0" uspid="3281" ordinal="0" offset="0" sl="439" sc="146" el="439" ec="186" bec="0" bev="0" fileid="84" />
              </SequencePoints>
              <BranchPoints />
              <MethodPoint xsi:type="SequencePoint" vc="0" uspid="3281" ordinal="0" offset="0" sl="439" sc="146" el="439" ec="186" bec="0" bev="0" fileid="84" />
            </Method>
          </Methods>
        </Class>
        <Class>
          <Summary numSequencePoints="1" visitedSequencePoints="0" numBranchPoints="1" visitedBranchPoints="0" sequenceCoverage="0" branchCoverage="0" maxCyclomaticComplexity="1" minCyclomaticComplexity="1" maxCrapScore="2" minCrapScore="2" visitedClasses="0" numClasses="1" visitedMethods="0" numMethods="1" />
          <FullName>Xunit.ConsoleClient.ConsoleRunner/&lt;&gt;c__DisplayClass9_0</FullName>
          <Methods>
            <Method visited="false" cyclomaticComplexity="1" nPathComplexity="0" sequenceCoverage="0" branchCoverage="0" crapScore="2" isConstructor="true" isStatic="false" isGetter="false" isSetter="false">
              <Summary numSequencePoints="0" visitedSequencePoints="0" numBranchPoints="0" visitedBranchPoints="0" sequenceCoverage="0" branchCoverage="0" maxCyclomaticComplexity="1" minCyclomaticComplexity="1" maxCrapScore="2" minCrapScore="2" visitedClasses="0" numClasses="0" visitedMethods="0" numMethods="0" />
              <MetadataToken>100663822</MetadataToken>
              <Name>System.Void Xunit.ConsoleClient.ConsoleRunner/&lt;&gt;c__DisplayClass9_0::.ctor()</Name>
              <SequencePoints />
              <BranchPoints />
              <MethodPoint vc="0" uspid="3282" ordinal="0" offset="0" />
            </Method>
            <Method visited="false" cyclomaticComplexity="1" nPathComplexity="0" sequenceCoverage="0" branchCoverage="0" crapScore="2" isConstructor="false" isStatic="false" isGetter="false" isSetter="false">
              <Summary numSequencePoints="1" visitedSequencePoints="0" numBranchPoints="1" visitedBranchPoints="0" sequenceCoverage="0" branchCoverage="0" maxCyclomaticComplexity="1" minCyclomaticComplexity="1" maxCrapScore="2" minCrapScore="2" visitedClasses="0" numClasses="0" visitedMethods="0" numMethods="1" />
              <MetadataToken>100663823</MetadataToken>
              <Name>System.String Xunit.ConsoleClient.ConsoleRunner/&lt;&gt;c__DisplayClass9_0::&lt;GetAvailableRunnerReporters&gt;b__0(System.String)</Name>
              <FileRef uid="84" />
              <SequencePoints>
                <SequencePoint vc="0" uspid="3283" ordinal="0" offset="0" sl="133" sc="89" el="133" ec="116" bec="0" bev="0" fileid="84" />
              </SequencePoints>
              <BranchPoints />
              <MethodPoint xsi:type="SequencePoint" vc="0" uspid="3283" ordinal="0" offset="0" sl="133" sc="89" el="133" ec="116" bec="0" bev="0" fileid="84" />
            </Method>
          </Methods>
        </Class>
        <Class>
          <Summary numSequencePoints="8" visitedSequencePoints="0" numBranchPoints="8" visitedBranchPoints="0" sequenceCoverage="0" branchCoverage="0" maxCyclomaticComplexity="1" minCyclomaticComplexity="1" maxCrapScore="2" minCrapScore="2" visitedClasses="0" numClasses="1" visitedMethods="0" numMethods="8" />
          <FullName>Xunit.ConsoleClient.ConsoleRunner/&lt;&gt;c</FullName>
          <Methods>
            <Method visited="false" cyclomaticComplexity="1" nPathComplexity="0" sequenceCoverage="0" branchCoverage="0" crapScore="2" isConstructor="true" isStatic="true" isGetter="false" isSetter="false">
              <Summary numSequencePoints="0" visitedSequencePoints="0" numBranchPoints="0" visitedBranchPoints="0" sequenceCoverage="0" branchCoverage="0" maxCyclomaticComplexity="1" minCyclomaticComplexity="1" maxCrapScore="2" minCrapScore="2" visitedClasses="0" numClasses="0" visitedMethods="0" numMethods="0" />
              <MetadataToken>100663824</MetadataToken>
              <Name>System.Void Xunit.ConsoleClient.ConsoleRunner/&lt;&gt;c::.cctor()</Name>
              <SequencePoints />
              <BranchPoints />
              <MethodPoint vc="0" uspid="3284" ordinal="0" offset="0" />
            </Method>
            <Method visited="false" cyclomaticComplexity="1" nPathComplexity="0" sequenceCoverage="0" branchCoverage="0" crapScore="2" isConstructor="true" isStatic="false" isGetter="false" isSetter="false">
              <Summary numSequencePoints="0" visitedSequencePoints="0" numBranchPoints="0" visitedBranchPoints="0" sequenceCoverage="0" branchCoverage="0" maxCyclomaticComplexity="1" minCyclomaticComplexity="1" maxCrapScore="2" minCrapScore="2" visitedClasses="0" numClasses="0" visitedMethods="0" numMethods="0" />
              <MetadataToken>100663825</MetadataToken>
              <Name>System.Void Xunit.ConsoleClient.ConsoleRunner/&lt;&gt;c::.ctor()</Name>
              <SequencePoints />
              <BranchPoints />
              <MethodPoint vc="0" uspid="3285" ordinal="0" offset="0" />
            </Method>
            <Method visited="false" cyclomaticComplexity="1" nPathComplexity="0" sequenceCoverage="0" branchCoverage="0" crapScore="2" isConstructor="false" isStatic="false" isGetter="false" isSetter="false">
              <Summary numSequencePoints="1" visitedSequencePoints="0" numBranchPoints="1" visitedBranchPoints="0" sequenceCoverage="0" branchCoverage="0" maxCyclomaticComplexity="1" minCyclomaticComplexity="1" maxCrapScore="2" minCrapScore="2" visitedClasses="0" numClasses="0" visitedMethods="0" numMethods="1" />
              <MetadataToken>100663826</MetadataToken>
              <Name>System.Boolean Xunit.ConsoleClient.ConsoleRunner/&lt;&gt;c::&lt;GetAvailableRunnerReporters&gt;b__9_1(System.Type)</Name>
              <FileRef uid="84" />
              <SequencePoints>
                <SequencePoint vc="0" uspid="3286" ordinal="0" offset="0" sl="158" sc="196" el="158" ec="224" bec="0" bev="0" fileid="84" />
              </SequencePoints>
              <BranchPoints />
              <MethodPoint xsi:type="SequencePoint" vc="0" uspid="3286" ordinal="0" offset="0" sl="158" sc="196" el="158" ec="224" bec="0" bev="0" fileid="84" />
            </Method>
            <Method visited="false" cyclomaticComplexity="1" nPathComplexity="0" sequenceCoverage="0" branchCoverage="0" crapScore="2" isConstructor="false" isStatic="false" isGetter="false" isSetter="false">
              <Summary numSequencePoints="1" visitedSequencePoints="0" numBranchPoints="1" visitedBranchPoints="0" sequenceCoverage="0" branchCoverage="0" maxCyclomaticComplexity="1" minCyclomaticComplexity="1" maxCrapScore="2" minCrapScore="2" visitedClasses="0" numClasses="0" visitedMethods="0" numMethods="1" />
              <MetadataToken>100663827</MetadataToken>
              <Name>System.Boolean Xunit.ConsoleClient.ConsoleRunner/&lt;&gt;c::&lt;PrintUsage&gt;b__11_0(Xunit.IRunnerReporter)</Name>
              <FileRef uid="84" />
              <SequencePoints>
                <SequencePoint vc="0" uspid="3287" ordinal="0" offset="0" sl="291" sc="60" el="291" ec="102" bec="0" bev="0" fileid="84" />
              </SequencePoints>
              <BranchPoints />
              <MethodPoint xsi:type="SequencePoint" vc="0" uspid="3287" ordinal="0" offset="0" sl="291" sc="60" el="291" ec="102" bec="0" bev="0" fileid="84" />
            </Method>
            <Method visited="false" cyclomaticComplexity="1" nPathComplexity="0" sequenceCoverage="0" branchCoverage="0" crapScore="2" isConstructor="false" isStatic="false" isGetter="false" isSetter="false">
              <Summary numSequencePoints="1" visitedSequencePoints="0" numBranchPoints="1" visitedBranchPoints="0" sequenceCoverage="0" branchCoverage="0" maxCyclomaticComplexity="1" minCyclomaticComplexity="1" maxCrapScore="2" minCrapScore="2" visitedClasses="0" numClasses="0" visitedMethods="0" numMethods="1" />
              <MetadataToken>100663828</MetadataToken>
              <Name>System.String Xunit.ConsoleClient.ConsoleRunner/&lt;&gt;c::&lt;PrintUsage&gt;b__11_2(Xunit.IRunnerReporter)</Name>
              <FileRef uid="84" />
              <SequencePoints>
                <SequencePoint vc="0" uspid="3288" ordinal="0" offset="0" sl="296" sc="75" el="296" ec="89" bec="0" bev="0" fileid="84" />
              </SequencePoints>
              <BranchPoints />
              <MethodPoint xsi:type="SequencePoint" vc="0" uspid="3288" ordinal="0" offset="0" sl="296" sc="75" el="296" ec="89" bec="0" bev="0" fileid="84" />
            </Method>
            <Method visited="false" cyclomaticComplexity="1" nPathComplexity="0" sequenceCoverage="0" branchCoverage="0" crapScore="2" isConstructor="false" isStatic="false" isGetter="false" isSetter="false">
              <Summary numSequencePoints="1" visitedSequencePoints="0" numBranchPoints="1" visitedBranchPoints="0" sequenceCoverage="0" branchCoverage="0" maxCyclomaticComplexity="1" minCyclomaticComplexity="1" maxCrapScore="2" minCrapScore="2" visitedClasses="0" numClasses="0" visitedMethods="0" numMethods="1" />
              <MetadataToken>100663829</MetadataToken>
              <Name>System.Void Xunit.ConsoleClient.ConsoleRunner/&lt;&gt;c::&lt;PrintUsage&gt;b__11_1(Xunit.ConsoleClient.Transform)</Name>
              <FileRef uid="84" />
              <SequencePoints>
                <SequencePoint vc="0" uspid="3289" ordinal="0" offset="0" sl="304" sc="30" el="304" ec="150" bec="0" bev="0" fileid="84" />
              </SequencePoints>
              <BranchPoints />
              <MethodPoint xsi:type="SequencePoint" vc="0" uspid="3289" ordinal="0" offset="0" sl="304" sc="30" el="304" ec="150" bec="0" bev="0" fileid="84" />
            </Method>
            <Method visited="false" cyclomaticComplexity="1" nPathComplexity="0" sequenceCoverage="0" branchCoverage="0" crapScore="2" isConstructor="false" isStatic="false" isGetter="false" isSetter="false">
              <Summary numSequencePoints="1" visitedSequencePoints="0" numBranchPoints="1" visitedBranchPoints="0" sequenceCoverage="0" branchCoverage="0" maxCyclomaticComplexity="1" minCyclomaticComplexity="1" maxCrapScore="2" minCrapScore="2" visitedClasses="0" numClasses="0" visitedMethods="0" numMethods="1" />
              <MetadataToken>100663830</MetadataToken>
              <Name>System.Boolean Xunit.ConsoleClient.ConsoleRunner/&lt;&gt;c::&lt;RunProject&gt;b__12_0(Xunit.XunitProjectAssembly)</Name>
              <FileRef uid="84" />
              <SequencePoints>
                <SequencePoint vc="0" uspid="3290" ordinal="0" offset="0" sl="326" sc="65" el="326" ec="116" bec="0" bev="0" fileid="84" />
              </SequencePoints>
              <BranchPoints />
              <MethodPoint xsi:type="SequencePoint" vc="0" uspid="3290" ordinal="0" offset="0" sl="326" sc="65" el="326" ec="116" bec="0" bev="0" fileid="84" />
            </Method>
            <Method visited="false" cyclomaticComplexity="1" nPathComplexity="0" sequenceCoverage="0" branchCoverage="0" crapScore="2" isConstructor="false" isStatic="false" isGetter="false" isSetter="false">
              <Summary numSequencePoints="1" visitedSequencePoints="0" numBranchPoints="1" visitedBranchPoints="0" sequenceCoverage="0" branchCoverage="0" maxCyclomaticComplexity="1" minCyclomaticComplexity="1" maxCrapScore="2" minCrapScore="2" visitedClasses="0" numClasses="0" visitedMethods="0" numMethods="1" />
              <MetadataToken>100663831</MetadataToken>
              <Name>System.Boolean Xunit.ConsoleClient.ConsoleRunner/&lt;&gt;c::&lt;RunProject&gt;b__12_6(System.Xml.Linq.XElement)</Name>
              <FileRef uid="84" />
              <SequencePoints>
                <SequencePoint vc="0" uspid="3291" ordinal="0" offset="0" sl="337" sc="73" el="337" ec="87" bec="0" bev="0" fileid="84" />
              </SequencePoints>
              <BranchPoints />
              <MethodPoint xsi:type="SequencePoint" vc="0" uspid="3291" ordinal="0" offset="0" sl="337" sc="73" el="337" ec="87" bec="0" bev="0" fileid="84" />
            </Method>
            <Method visited="false" cyclomaticComplexity="1" nPathComplexity="0" sequenceCoverage="0" branchCoverage="0" crapScore="2" isConstructor="false" isStatic="false" isGetter="false" isSetter="false">
              <Summary numSequencePoints="1" visitedSequencePoints="0" numBranchPoints="1" visitedBranchPoints="0" sequenceCoverage="0" branchCoverage="0" maxCyclomaticComplexity="1" minCyclomaticComplexity="1" maxCrapScore="2" minCrapScore="2" visitedClasses="0" numClasses="0" visitedMethods="0" numMethods="1" />
              <MetadataToken>100663832</MetadataToken>
              <Name>System.String Xunit.ConsoleClient.ConsoleRunner/&lt;&gt;c::&lt;RunProject&gt;b__12_1(System.Collections.Generic.KeyValuePair`2&lt;System.String,Xunit.ExecutionSummary&gt;)</Name>
              <FileRef uid="84" />
              <SequencePoints>
                <SequencePoint vc="0" uspid="3292" ordinal="0" offset="0" sl="356" sc="128" el="356" ec="135" bec="0" bev="0" fileid="84" />
              </SequencePoints>
              <BranchPoints />
              <MethodPoint xsi:type="SequencePoint" vc="0" uspid="3292" ordinal="0" offset="0" sl="356" sc="128" el="356" ec="135" bec="0" bev="0" fileid="84" />
            </Method>
            <Method visited="false" cyclomaticComplexity="1" nPathComplexity="0" sequenceCoverage="0" branchCoverage="0" crapScore="2" isConstructor="false" isStatic="false" isGetter="false" isSetter="false">
              <Summary numSequencePoints="1" visitedSequencePoints="0" numBranchPoints="1" visitedBranchPoints="0" sequenceCoverage="0" branchCoverage="0" maxCyclomaticComplexity="1" minCyclomaticComplexity="1" maxCrapScore="2" minCrapScore="2" visitedClasses="0" numClasses="0" visitedMethods="0" numMethods="1" />
              <MetadataToken>100663833</MetadataToken>
              <Name>System.Int32 Xunit.ConsoleClient.ConsoleRunner/&lt;&gt;c::&lt;RunProject&gt;b__12_3(Xunit.ExecutionSummary)</Name>
              <FileRef uid="84" />
              <SequencePoints>
                <SequencePoint vc="0" uspid="3293" ordinal="0" offset="0" sl="362" sc="74" el="362" ec="88" bec="0" bev="0" fileid="84" />
              </SequencePoints>
              <BranchPoints />
              <MethodPoint xsi:type="SequencePoint" vc="0" uspid="3293" ordinal="0" offset="0" sl="362" sc="74" el="362" ec="88" bec="0" bev="0" fileid="84" />
            </Method>
          </Methods>
        </Class>
        <Class>
          <Summary numSequencePoints="2" visitedSequencePoints="0" numBranchPoints="2" visitedBranchPoints="0" sequenceCoverage="0" branchCoverage="0" maxCyclomaticComplexity="1" minCyclomaticComplexity="1" maxCrapScore="2" minCrapScore="2" visitedClasses="0" numClasses="1" visitedMethods="0" numMethods="2" />
          <FullName>Xunit.ConsoleClient.ConsoleRunner/&lt;&gt;c__DisplayClass12_0</FullName>
          <Methods>
            <Method visited="false" cyclomaticComplexity="1" nPathComplexity="0" sequenceCoverage="0" branchCoverage="0" crapScore="2" isConstructor="true" isStatic="false" isGetter="false" isSetter="false">
              <Summary numSequencePoints="0" visitedSequencePoints="0" numBranchPoints="0" visitedBranchPoints="0" sequenceCoverage="0" branchCoverage="0" maxCyclomaticComplexity="1" minCyclomaticComplexity="1" maxCrapScore="2" minCrapScore="2" visitedClasses="0" numClasses="0" visitedMethods="0" numMethods="0" />
              <MetadataToken>100663834</MetadataToken>
              <Name>System.Void Xunit.ConsoleClient.ConsoleRunner/&lt;&gt;c__DisplayClass12_0::.ctor()</Name>
              <SequencePoints />
              <BranchPoints />
              <MethodPoint vc="0" uspid="3294" ordinal="0" offset="0" />
            </Method>
            <Method visited="false" cyclomaticComplexity="1" nPathComplexity="0" sequenceCoverage="0" branchCoverage="0" crapScore="2" isConstructor="false" isStatic="false" isGetter="false" isSetter="false">
              <Summary numSequencePoints="1" visitedSequencePoints="0" numBranchPoints="1" visitedBranchPoints="0" sequenceCoverage="0" branchCoverage="0" maxCyclomaticComplexity="1" minCyclomaticComplexity="1" maxCrapScore="2" minCrapScore="2" visitedClasses="0" numClasses="0" visitedMethods="0" numMethods="1" />
              <MetadataToken>100663835</MetadataToken>
              <Name>System.Threading.Tasks.Task`1&lt;System.Xml.Linq.XElement&gt; Xunit.ConsoleClient.ConsoleRunner/&lt;&gt;c__DisplayClass12_0::&lt;RunProject&gt;b__4(Xunit.XunitProjectAssembly)</Name>
              <FileRef uid="84" />
              <SequencePoints>
                <SequencePoint vc="0" uspid="3295" ordinal="0" offset="19" sl="335" sc="67" el="335" ec="295" bec="0" bev="0" fileid="84" />
              </SequencePoints>
              <BranchPoints />
              <MethodPoint vc="0" uspid="3296" ordinal="0" offset="0" />
            </Method>
            <Method visited="false" cyclomaticComplexity="1" nPathComplexity="0" sequenceCoverage="0" branchCoverage="0" crapScore="2" isConstructor="false" isStatic="false" isGetter="false" isSetter="false">
              <Summary numSequencePoints="1" visitedSequencePoints="0" numBranchPoints="1" visitedBranchPoints="0" sequenceCoverage="0" branchCoverage="0" maxCyclomaticComplexity="1" minCyclomaticComplexity="1" maxCrapScore="2" minCrapScore="2" visitedClasses="0" numClasses="0" visitedMethods="0" numMethods="1" />
              <MetadataToken>100663836</MetadataToken>
              <Name>System.Void Xunit.ConsoleClient.ConsoleRunner/&lt;&gt;c__DisplayClass12_0::&lt;RunProject&gt;b__2(System.Action`1&lt;System.Xml.Linq.XElement&gt;)</Name>
              <FileRef uid="84" />
              <SequencePoints>
                <SequencePoint vc="0" uspid="3297" ordinal="0" offset="0" sl="360" sc="52" el="360" ec="82" bec="0" bev="0" fileid="84" />
              </SequencePoints>
              <BranchPoints />
              <MethodPoint xsi:type="SequencePoint" vc="0" uspid="3297" ordinal="0" offset="0" sl="360" sc="52" el="360" ec="82" bec="0" bev="0" fileid="84" />
            </Method>
          </Methods>
        </Class>
        <Class>
          <Summary numSequencePoints="1" visitedSequencePoints="0" numBranchPoints="1" visitedBranchPoints="0" sequenceCoverage="0" branchCoverage="0" maxCyclomaticComplexity="1" minCyclomaticComplexity="1" maxCrapScore="2" minCrapScore="2" visitedClasses="0" numClasses="1" visitedMethods="0" numMethods="1" />
          <FullName>Xunit.ConsoleClient.ConsoleRunner/&lt;&gt;c__DisplayClass12_1</FullName>
          <Methods>
            <Method visited="false" cyclomaticComplexity="1" nPathComplexity="0" sequenceCoverage="0" branchCoverage="0" crapScore="2" isConstructor="true" isStatic="false" isGetter="false" isSetter="false">
              <Summary numSequencePoints="0" visitedSequencePoints="0" numBranchPoints="0" visitedBranchPoints="0" sequenceCoverage="0" branchCoverage="0" maxCyclomaticComplexity="1" minCyclomaticComplexity="1" maxCrapScore="2" minCrapScore="2" visitedClasses="0" numClasses="0" visitedMethods="0" numMethods="0" />
              <MetadataToken>100663837</MetadataToken>
              <Name>System.Void Xunit.ConsoleClient.ConsoleRunner/&lt;&gt;c__DisplayClass12_1::.ctor()</Name>
              <SequencePoints />
              <BranchPoints />
              <MethodPoint vc="0" uspid="3298" ordinal="0" offset="0" />
            </Method>
            <Method visited="false" cyclomaticComplexity="1" nPathComplexity="0" sequenceCoverage="0" branchCoverage="0" crapScore="2" isConstructor="false" isStatic="false" isGetter="false" isSetter="false">
              <Summary numSequencePoints="1" visitedSequencePoints="0" numBranchPoints="1" visitedBranchPoints="0" sequenceCoverage="0" branchCoverage="0" maxCyclomaticComplexity="1" minCyclomaticComplexity="1" maxCrapScore="2" minCrapScore="2" visitedClasses="0" numClasses="0" visitedMethods="0" numMethods="1" />
              <MetadataToken>100663838</MetadataToken>
              <Name>System.Xml.Linq.XElement Xunit.ConsoleClient.ConsoleRunner/&lt;&gt;c__DisplayClass12_1::&lt;RunProject&gt;b__5()</Name>
              <FileRef uid="84" />
              <SequencePoints>
                <SequencePoint vc="0" uspid="3299" ordinal="0" offset="0" sl="335" sc="82" el="335" ec="294" bec="0" bev="0" fileid="84" />
              </SequencePoints>
              <BranchPoints />
              <MethodPoint xsi:type="SequencePoint" vc="0" uspid="3299" ordinal="0" offset="0" sl="335" sc="82" el="335" ec="294" bec="0" bev="0" fileid="84" />
            </Method>
          </Methods>
        </Class>
        <Class>
          <Summary numSequencePoints="5" visitedSequencePoints="0" numBranchPoints="1" visitedBranchPoints="0" sequenceCoverage="0" branchCoverage="0" maxCyclomaticComplexity="2" minCyclomaticComplexity="1" maxCrapScore="6" minCrapScore="2" visitedClasses="0" numClasses="1" visitedMethods="0" numMethods="1" />
          <FullName>Xunit.ConsoleClient.Program</FullName>
          <Methods>
            <Method visited="false" cyclomaticComplexity="2" nPathComplexity="0" sequenceCoverage="0" branchCoverage="0" crapScore="6" isConstructor="false" isStatic="true" isGetter="false" isSetter="false">
              <Summary numSequencePoints="5" visitedSequencePoints="0" numBranchPoints="1" visitedBranchPoints="0" sequenceCoverage="0" branchCoverage="0" maxCyclomaticComplexity="2" minCyclomaticComplexity="2" maxCrapScore="6" minCrapScore="6" visitedClasses="0" numClasses="0" visitedMethods="0" numMethods="1" />
              <MetadataToken>100663688</MetadataToken>
              <Name>System.Int32 Xunit.ConsoleClient.Program::Main(System.String[])</Name>
              <FileRef uid="89" />
              <SequencePoints>
                <SequencePoint vc="0" uspid="3300" ordinal="0" offset="0" sl="13" sc="13" el="13" ec="44" bec="0" bev="0" fileid="89" />
                <SequencePoint vc="0" uspid="3301" ordinal="1" offset="6" sl="14" sc="13" el="14" ec="174" bec="0" bev="0" fileid="89" />
                <SequencePoint vc="0" uspid="3302" ordinal="2" offset="35" sl="16" sc="13" el="16" ec="112" bec="0" bev="0" fileid="89" />
                <SequencePoint vc="0" uspid="3303" ordinal="3" offset="52" sl="17" sc="17" el="17" ec="72" bec="0" bev="0" fileid="89" />
                <SequencePoint vc="0" uspid="3304" ordinal="4" offset="77" sl="18" sc="9" el="18" ec="10" bec="0" bev="0" fileid="89" />
              </SequencePoints>
              <BranchPoints />
              <MethodPoint xsi:type="SequencePoint" vc="0" uspid="3300" ordinal="0" offset="0" sl="13" sc="13" el="13" ec="44" bec="0" bev="0" fileid="89" />
            </Method>
            <Method visited="false" cyclomaticComplexity="1" nPathComplexity="0" sequenceCoverage="0" branchCoverage="0" crapScore="2" isConstructor="true" isStatic="false" isGetter="false" isSetter="false">
              <Summary numSequencePoints="0" visitedSequencePoints="0" numBranchPoints="0" visitedBranchPoints="0" sequenceCoverage="0" branchCoverage="0" maxCyclomaticComplexity="1" minCyclomaticComplexity="1" maxCrapScore="2" minCrapScore="2" visitedClasses="0" numClasses="0" visitedMethods="0" numMethods="0" />
              <MetadataToken>100663689</MetadataToken>
              <Name>System.Void Xunit.ConsoleClient.Program::.ctor()</Name>
              <SequencePoints />
              <BranchPoints />
              <MethodPoint vc="0" uspid="3305" ordinal="0" offset="0" />
            </Method>
          </Methods>
        </Class>
        <Class>
          <Summary numSequencePoints="21" visitedSequencePoints="0" numBranchPoints="15" visitedBranchPoints="0" sequenceCoverage="0" branchCoverage="0" maxCyclomaticComplexity="7" minCyclomaticComplexity="1" maxCrapScore="56" minCrapScore="2" visitedClasses="0" numClasses="1" visitedMethods="0" numMethods="5" />
          <FullName>Xunit.ConsoleClient.DiagnosticMessageSink</FullName>
          <Methods>
            <Method visited="false" cyclomaticComplexity="1" nPathComplexity="0" sequenceCoverage="0" branchCoverage="0" crapScore="2" isConstructor="true" isStatic="false" isGetter="false" isSetter="false">
              <Summary numSequencePoints="7" visitedSequencePoints="0" numBranchPoints="1" visitedBranchPoints="0" sequenceCoverage="0" branchCoverage="0" maxCyclomaticComplexity="1" minCyclomaticComplexity="1" maxCrapScore="2" minCrapScore="2" visitedClasses="0" numClasses="0" visitedMethods="0" numMethods="1" />
              <MetadataToken>100663690</MetadataToken>
              <Name>System.Void Xunit.ConsoleClient.DiagnosticMessageSink::.ctor(System.Object,System.String,System.Boolean,System.Boolean,System.ConsoleColor)</Name>
              <FileRef uid="90" />
              <SequencePoints>
                <SequencePoint vc="0" uspid="3306" ordinal="0" offset="0" sl="14" sc="9" el="14" ec="141" bec="0" bev="0" fileid="90" />
                <SequencePoint vc="0" uspid="3307" ordinal="1" offset="6" sl="16" sc="13" el="16" ec="44" bec="0" bev="0" fileid="90" />
                <SequencePoint vc="0" uspid="3308" ordinal="2" offset="13" sl="17" sc="13" el="17" ec="60" bec="0" bev="0" fileid="90" />
                <SequencePoint vc="0" uspid="3309" ordinal="3" offset="20" sl="18" sc="13" el="18" ec="36" bec="0" bev="0" fileid="90" />
                <SequencePoint vc="0" uspid="3310" ordinal="4" offset="28" sl="19" sc="13" el="19" ec="46" bec="0" bev="0" fileid="90" />
                <SequencePoint vc="0" uspid="3311" ordinal="5" offset="36" sl="20" sc="13" el="20" ec="52" bec="0" bev="0" fileid="90" />
                <SequencePoint vc="0" uspid="3312" ordinal="6" offset="43" sl="21" sc="9" el="21" ec="10" bec="0" bev="0" fileid="90" />
              </SequencePoints>
              <BranchPoints />
              <MethodPoint xsi:type="SequencePoint" vc="0" uspid="3306" ordinal="0" offset="0" sl="14" sc="9" el="14" ec="141" bec="0" bev="0" fileid="90" />
            </Method>
            <Method visited="false" cyclomaticComplexity="1" nPathComplexity="0" sequenceCoverage="0" branchCoverage="0" crapScore="2" isConstructor="false" isStatic="true" isGetter="false" isSetter="false">
              <Summary numSequencePoints="1" visitedSequencePoints="0" numBranchPoints="1" visitedBranchPoints="0" sequenceCoverage="0" branchCoverage="0" maxCyclomaticComplexity="1" minCyclomaticComplexity="1" maxCrapScore="2" minCrapScore="2" visitedClasses="0" numClasses="0" visitedMethods="0" numMethods="1" />
              <MetadataToken>100663691</MetadataToken>
              <Name>Xunit.ConsoleClient.DiagnosticMessageSink Xunit.ConsoleClient.DiagnosticMessageSink::ForDiagnostics(System.Object,System.String,System.Boolean,System.Boolean)</Name>
              <FileRef uid="90" />
              <SequencePoints>
                <SequencePoint vc="0" uspid="3313" ordinal="0" offset="0" sl="24" sc="16" el="24" ec="122" bec="0" bev="0" fileid="90" />
              </SequencePoints>
              <BranchPoints />
              <MethodPoint xsi:type="SequencePoint" vc="0" uspid="3313" ordinal="0" offset="0" sl="24" sc="16" el="24" ec="122" bec="0" bev="0" fileid="90" />
            </Method>
            <Method visited="false" cyclomaticComplexity="1" nPathComplexity="0" sequenceCoverage="0" branchCoverage="0" crapScore="2" isConstructor="false" isStatic="true" isGetter="false" isSetter="false">
              <Summary numSequencePoints="1" visitedSequencePoints="0" numBranchPoints="1" visitedBranchPoints="0" sequenceCoverage="0" branchCoverage="0" maxCyclomaticComplexity="1" minCyclomaticComplexity="1" maxCrapScore="2" minCrapScore="2" visitedClasses="0" numClasses="0" visitedMethods="0" numMethods="1" />
              <MetadataToken>100663692</MetadataToken>
              <Name>Xunit.ConsoleClient.DiagnosticMessageSink Xunit.ConsoleClient.DiagnosticMessageSink::ForInternalDiagnostics(System.Object,System.Boolean,System.Boolean)</Name>
              <FileRef uid="90" />
              <SequencePoints>
                <SequencePoint vc="0" uspid="3314" ordinal="0" offset="0" sl="27" sc="16" el="27" ec="109" bec="0" bev="0" fileid="90" />
              </SequencePoints>
              <BranchPoints />
              <MethodPoint xsi:type="SequencePoint" vc="0" uspid="3314" ordinal="0" offset="0" sl="27" sc="16" el="27" ec="109" bec="0" bev="0" fileid="90" />
            </Method>
            <Method visited="false" cyclomaticComplexity="1" nPathComplexity="0" sequenceCoverage="0" branchCoverage="0" crapScore="2" isConstructor="false" isStatic="true" isGetter="false" isSetter="false">
              <Summary numSequencePoints="1" visitedSequencePoints="0" numBranchPoints="1" visitedBranchPoints="0" sequenceCoverage="0" branchCoverage="0" maxCyclomaticComplexity="1" minCyclomaticComplexity="1" maxCrapScore="2" minCrapScore="2" visitedClasses="0" numClasses="0" visitedMethods="0" numMethods="1" />
              <MetadataToken>100663693</MetadataToken>
              <Name>Xunit.ConsoleClient.DiagnosticMessageSink Xunit.ConsoleClient.DiagnosticMessageSink::ForInternalDiagnostics(System.Object,System.String,System.Boolean,System.Boolean)</Name>
              <FileRef uid="90" />
              <SequencePoints>
                <SequencePoint vc="0" uspid="3315" ordinal="0" offset="0" sl="30" sc="16" el="30" ec="124" bec="0" bev="0" fileid="90" />
              </SequencePoints>
              <BranchPoints />
              <MethodPoint xsi:type="SequencePoint" vc="0" uspid="3315" ordinal="0" offset="0" sl="30" sc="16" el="30" ec="124" bec="0" bev="0" fileid="90" />
            </Method>
            <Method visited="false" cyclomaticComplexity="7" nPathComplexity="32" sequenceCoverage="0" branchCoverage="0" crapScore="56" isConstructor="false" isStatic="false" isGetter="false" isSetter="false">
              <Summary numSequencePoints="11" visitedSequencePoints="0" numBranchPoints="11" visitedBranchPoints="0" sequenceCoverage="0" branchCoverage="0" maxCyclomaticComplexity="7" minCyclomaticComplexity="7" maxCrapScore="56" minCrapScore="56" visitedClasses="0" numClasses="0" visitedMethods="0" numMethods="1" />
              <MetadataToken>100663694</MetadataToken>
              <Name>System.Boolean Xunit.ConsoleClient.DiagnosticMessageSink::OnMessage(Xunit.Abstractions.IMessageSinkMessage)</Name>
              <FileRef uid="90" />
              <SequencePoints>
                <SequencePoint vc="0" uspid="3316" ordinal="0" offset="0" sl="34" sc="13" el="34" ec="84" bec="3" bev="0" fileid="90" />
                <SequencePoint vc="0" uspid="3317" ordinal="1" offset="24" sl="36" sc="17" el="36" ec="35" bec="0" bev="0" fileid="90" />
                <SequencePoint vc="0" uspid="3318" ordinal="2" offset="41" sl="38" sc="21" el="38" ec="34" bec="2" bev="0" fileid="90" />
                <SequencePoint vc="0" uspid="3319" ordinal="3" offset="49" sl="39" sc="25" el="39" ec="72" bec="0" bev="0" fileid="90" />
                <SequencePoint vc="0" uspid="3320" ordinal="4" offset="65" sl="41" sc="21" el="41" ec="53" bec="2" bev="0" fileid="90" />
                <SequencePoint vc="0" uspid="3321" ordinal="5" offset="73" sl="42" sc="25" el="42" ec="101" bec="0" bev="0" fileid="90" />
                <SequencePoint vc="0" uspid="3322" ordinal="6" offset="107" sl="44" sc="25" el="44" ec="78" bec="0" bev="0" fileid="90" />
                <SequencePoint vc="0" uspid="3323" ordinal="7" offset="128" sl="46" sc="21" el="46" ec="34" bec="2" bev="0" fileid="90" />
                <SequencePoint vc="0" uspid="3324" ordinal="8" offset="136" sl="47" sc="25" el="47" ec="52" bec="0" bev="0" fileid="90" />
                <SequencePoint vc="0" uspid="3325" ordinal="9" offset="146" sl="48" sc="17" el="48" ec="18" bec="0" bev="0" fileid="90" />
                <SequencePoint vc="0" uspid="3326" ordinal="10" offset="158" sl="51" sc="13" el="51" ec="25" bec="0" bev="0" fileid="90" />
              </SequencePoints>
              <BranchPoints>
                <BranchPoint vc="0" uspid="3327" ordinal="0" offset="6" sl="34" path="0" offsetend="11" fileid="90" />
                <BranchPoint vc="0" uspid="3328" ordinal="1" offset="6" sl="34" path="1" offsetend="158" fileid="90" />
                <BranchPoint vc="0" uspid="3329" ordinal="2" offset="19" sl="34" path="0" offsetend="24" fileid="90" />
                <BranchPoint vc="0" uspid="3330" ordinal="3" offset="19" sl="34" path="1" offsetend="158" fileid="90" />
                <BranchPoint vc="0" uspid="3331" ordinal="4" offset="47" sl="38" path="0" offsetend="49" fileid="90" />
                <BranchPoint vc="0" uspid="3332" ordinal="5" offset="47" sl="38" path="1" offsetend="65" fileid="90" />
                <BranchPoint vc="0" uspid="3333" ordinal="6" offset="71" sl="41" path="0" offsetend="73" fileid="90" />
                <BranchPoint vc="0" uspid="3334" ordinal="7" offset="71" sl="41" path="1" offsetend="107" fileid="90" />
                <BranchPoint vc="0" uspid="3335" ordinal="8" offset="134" sl="46" path="0" offsetend="136" fileid="90" />
                <BranchPoint vc="0" uspid="3336" ordinal="9" offset="134" sl="46" path="1" offsetend="146" fileid="90" />
              </BranchPoints>
              <MethodPoint xsi:type="SequencePoint" vc="0" uspid="3316" ordinal="0" offset="0" sl="34" sc="13" el="34" ec="84" bec="3" bev="0" fileid="90" />
            </Method>
          </Methods>
        </Class>
        <Class>
          <Summary numSequencePoints="2" visitedSequencePoints="0" numBranchPoints="1" visitedBranchPoints="0" sequenceCoverage="0" branchCoverage="0" maxCyclomaticComplexity="1" minCyclomaticComplexity="1" maxCrapScore="2" minCrapScore="2" visitedClasses="0" numClasses="1" visitedMethods="0" numMethods="1" />
          <FullName>Xunit.ConsoleClient.ConsoleLogger</FullName>
          <Methods>
            <Method visited="false" cyclomaticComplexity="1" nPathComplexity="0" sequenceCoverage="0" branchCoverage="0" crapScore="2" isConstructor="false" isStatic="false" isGetter="false" isSetter="false">
              <Summary numSequencePoints="2" visitedSequencePoints="0" numBranchPoints="1" visitedBranchPoints="0" sequenceCoverage="0" branchCoverage="0" maxCyclomaticComplexity="1" minCyclomaticComplexity="1" maxCrapScore="2" minCrapScore="2" visitedClasses="0" numClasses="0" visitedMethods="0" numMethods="1" />
              <MetadataToken>100663695</MetadataToken>
              <Name>System.Void Xunit.ConsoleClient.ConsoleLogger::WriteLine(System.String,System.Object[])</Name>
              <FileRef uid="91" />
              <SequencePoints>
                <SequencePoint vc="0" uspid="3337" ordinal="0" offset="0" sl="9" sc="13" el="9" ec="44" bec="0" bev="0" fileid="91" />
                <SequencePoint vc="0" uspid="3338" ordinal="1" offset="7" sl="10" sc="9" el="10" ec="10" bec="0" bev="0" fileid="91" />
              </SequencePoints>
              <BranchPoints />
              <MethodPoint xsi:type="SequencePoint" vc="0" uspid="3337" ordinal="0" offset="0" sl="9" sc="13" el="9" ec="44" bec="0" bev="0" fileid="91" />
            </Method>
            <Method visited="false" cyclomaticComplexity="1" nPathComplexity="0" sequenceCoverage="0" branchCoverage="0" crapScore="2" isConstructor="true" isStatic="false" isGetter="false" isSetter="false">
              <Summary numSequencePoints="0" visitedSequencePoints="0" numBranchPoints="0" visitedBranchPoints="0" sequenceCoverage="0" branchCoverage="0" maxCyclomaticComplexity="1" minCyclomaticComplexity="1" maxCrapScore="2" minCrapScore="2" visitedClasses="0" numClasses="0" visitedMethods="0" numMethods="0" />
              <MetadataToken>100663696</MetadataToken>
              <Name>System.Void Xunit.ConsoleClient.ConsoleLogger::.ctor()</Name>
              <SequencePoints />
              <BranchPoints />
              <MethodPoint vc="0" uspid="3339" ordinal="0" offset="0" />
            </Method>
          </Methods>
        </Class>
        <Class>
          <Summary numSequencePoints="0" visitedSequencePoints="0" numBranchPoints="0" visitedBranchPoints="0" sequenceCoverage="0" branchCoverage="0" maxCyclomaticComplexity="1" minCyclomaticComplexity="1" maxCrapScore="2" minCrapScore="2" visitedClasses="0" numClasses="0" visitedMethods="0" numMethods="0" />
          <FullName>Xunit.ConsoleClient.Transform</FullName>
          <Methods>
            <Method visited="false" cyclomaticComplexity="1" nPathComplexity="0" sequenceCoverage="0" branchCoverage="0" crapScore="2" isConstructor="true" isStatic="false" isGetter="false" isSetter="false">
              <Summary numSequencePoints="0" visitedSequencePoints="0" numBranchPoints="0" visitedBranchPoints="0" sequenceCoverage="0" branchCoverage="0" maxCyclomaticComplexity="1" minCyclomaticComplexity="1" maxCrapScore="2" minCrapScore="2" visitedClasses="0" numClasses="0" visitedMethods="0" numMethods="0" />
              <MetadataToken>100663697</MetadataToken>
              <Name>System.Void Xunit.ConsoleClient.Transform::.ctor()</Name>
              <SequencePoints />
              <BranchPoints />
              <MethodPoint vc="0" uspid="3340" ordinal="0" offset="0" />
            </Method>
          </Methods>
        </Class>
        <Class>
          <Summary numSequencePoints="24" visitedSequencePoints="0" numBranchPoints="16" visitedBranchPoints="0" sequenceCoverage="0" branchCoverage="0" maxCyclomaticComplexity="5" minCyclomaticComplexity="1" maxCrapScore="30" minCrapScore="2" visitedClasses="0" numClasses="1" visitedMethods="0" numMethods="6" />
          <FullName>Xunit.ConsoleClient.TransformFactory</FullName>
          <Methods>
            <Method visited="false" cyclomaticComplexity="1" nPathComplexity="0" sequenceCoverage="0" branchCoverage="0" crapScore="2" isConstructor="false" isStatic="true" isGetter="true" isSetter="false">
              <Summary numSequencePoints="1" visitedSequencePoints="0" numBranchPoints="1" visitedBranchPoints="0" sequenceCoverage="0" branchCoverage="0" maxCyclomaticComplexity="1" minCyclomaticComplexity="1" maxCrapScore="2" minCrapScore="2" visitedClasses="0" numClasses="0" visitedMethods="0" numMethods="1" />
              <MetadataToken>100663699</MetadataToken>
              <Name>System.Collections.Generic.List`1&lt;Xunit.ConsoleClient.Transform&gt; Xunit.ConsoleClient.TransformFactory::get_AvailableTransforms()</Name>
              <FileRef uid="92" />
              <SequencePoints>
                <SequencePoint vc="0" uspid="3341" ordinal="0" offset="0" sl="54" sc="16" el="54" ec="60" bec="0" bev="0" fileid="92" />
              </SequencePoints>
              <BranchPoints />
              <MethodPoint xsi:type="SequencePoint" vc="0" uspid="3341" ordinal="0" offset="0" sl="54" sc="16" el="54" ec="60" bec="0" bev="0" fileid="92" />
            </Method>
            <Method visited="false" cyclomaticComplexity="5" nPathComplexity="16" sequenceCoverage="0" branchCoverage="0" crapScore="30" isConstructor="true" isStatic="false" isGetter="false" isSetter="false">
              <Summary numSequencePoints="8" visitedSequencePoints="0" numBranchPoints="9" visitedBranchPoints="0" sequenceCoverage="0" branchCoverage="0" maxCyclomaticComplexity="5" minCyclomaticComplexity="5" maxCrapScore="30" minCrapScore="30" visitedClasses="0" numClasses="0" visitedMethods="0" numMethods="1" />
              <MetadataToken>100663698</MetadataToken>
              <Name>System.Void Xunit.ConsoleClient.TransformFactory::.ctor()</Name>
              <FileRef uid="92" />
              <SequencePoints>
                <SequencePoint vc="0" uspid="3342" ordinal="0" offset="0" sl="15" sc="9" el="15" ec="138" bec="0" bev="0" fileid="92" />
                <SequencePoint vc="0" uspid="3343" ordinal="1" offset="16" sl="19" sc="9" el="19" ec="37" bec="0" bev="0" fileid="92" />
                <SequencePoint vc="0" uspid="3344" ordinal="2" offset="22" sl="21" sc="13" el="26" ec="16" bec="0" bev="0" fileid="92" />
                <SequencePoint vc="0" uspid="3345" ordinal="3" offset="83" sl="27" sc="13" el="32" ec="16" bec="2" bev="0" fileid="92" />
                <SequencePoint vc="0" uspid="3346" ordinal="4" offset="163" sl="33" sc="13" el="38" ec="16" bec="2" bev="0" fileid="92" />
                <SequencePoint vc="0" uspid="3347" ordinal="5" offset="243" sl="39" sc="13" el="44" ec="16" bec="2" bev="0" fileid="92" />
                <SequencePoint vc="0" uspid="3348" ordinal="6" offset="323" sl="45" sc="13" el="50" ec="16" bec="2" bev="0" fileid="92" />
                <SequencePoint vc="0" uspid="3349" ordinal="7" offset="403" sl="51" sc="9" el="51" ec="10" bec="0" bev="0" fileid="92" />
              </SequencePoints>
              <BranchPoints>
                <BranchPoint vc="0" uspid="3350" ordinal="0" offset="128" sl="27" path="0" offsetend="130" fileid="92" />
                <BranchPoint vc="0" uspid="3351" ordinal="1" offset="128" sl="27" path="1" offsetend="153" fileid="92" />
                <BranchPoint vc="0" uspid="3352" ordinal="2" offset="208" sl="33" path="0" offsetend="210" fileid="92" />
                <BranchPoint vc="0" uspid="3353" ordinal="3" offset="208" sl="33" path="1" offsetend="233" fileid="92" />
                <BranchPoint vc="0" uspid="3354" ordinal="4" offset="288" sl="39" path="0" offsetend="290" fileid="92" />
                <BranchPoint vc="0" uspid="3355" ordinal="5" offset="288" sl="39" path="1" offsetend="313" fileid="92" />
                <BranchPoint vc="0" uspid="3356" ordinal="6" offset="368" sl="45" path="0" offsetend="370" fileid="92" />
                <BranchPoint vc="0" uspid="3357" ordinal="7" offset="368" sl="45" path="1" offsetend="393" fileid="92" />
              </BranchPoints>
              <MethodPoint xsi:type="SequencePoint" vc="0" uspid="3342" ordinal="0" offset="0" sl="15" sc="9" el="15" ec="138" bec="0" bev="0" fileid="92" />
            </Method>
            <Method visited="false" cyclomaticComplexity="2" nPathComplexity="2" sequenceCoverage="0" branchCoverage="0" crapScore="6" isConstructor="false" isStatic="true" isGetter="false" isSetter="false">
              <Summary numSequencePoints="1" visitedSequencePoints="0" numBranchPoints="3" visitedBranchPoints="0" sequenceCoverage="0" branchCoverage="0" maxCyclomaticComplexity="2" minCyclomaticComplexity="2" maxCrapScore="6" minCrapScore="6" visitedClasses="0" numClasses="0" visitedMethods="0" numMethods="1" />
              <MetadataToken>100663700</MetadataToken>
              <Name>System.Collections.Generic.List`1&lt;System.Action`1&lt;System.Xml.Linq.XElement&gt;&gt; Xunit.ConsoleClient.TransformFactory::GetXmlTransformers(Xunit.XunitProject)</Name>
              <FileRef uid="92" />
              <SequencePoints>
                <SequencePoint vc="0" uspid="3358" ordinal="0" offset="0" sl="57" sc="16" el="59" ec="32" bec="2" bev="0" fileid="92" />
              </SequencePoints>
              <BranchPoints>
                <BranchPoint vc="0" uspid="3359" ordinal="0" offset="12" sl="57" path="0" offsetend="14" fileid="92" />
                <BranchPoint vc="0" uspid="3360" ordinal="1" offset="12" sl="57" path="1" offsetend="37" fileid="92" />
              </BranchPoints>
              <MethodPoint xsi:type="SequencePoint" vc="0" uspid="3358" ordinal="0" offset="0" sl="57" sc="16" el="59" ec="32" bec="2" bev="0" fileid="92" />
            </Method>
            <Method visited="false" cyclomaticComplexity="2" nPathComplexity="0" sequenceCoverage="0" branchCoverage="0" crapScore="6" isConstructor="false" isStatic="true" isGetter="false" isSetter="false">
              <Summary numSequencePoints="3" visitedSequencePoints="0" numBranchPoints="1" visitedBranchPoints="0" sequenceCoverage="0" branchCoverage="0" maxCyclomaticComplexity="2" minCyclomaticComplexity="2" maxCrapScore="6" minCrapScore="6" visitedClasses="0" numClasses="0" visitedMethods="0" numMethods="1" />
              <MetadataToken>100663701</MetadataToken>
              <Name>System.Void Xunit.ConsoleClient.TransformFactory::Handler_DirectWrite(System.Xml.Linq.XElement,System.String)</Name>
              <FileRef uid="92" />
              <SequencePoints>
                <SequencePoint vc="0" uspid="3361" ordinal="0" offset="0" sl="63" sc="20" el="63" ec="60" bec="0" bev="0" fileid="92" />
                <SequencePoint vc="0" uspid="3362" ordinal="1" offset="7" sl="64" sc="17" el="64" ec="34" bec="0" bev="0" fileid="92" />
                <SequencePoint vc="0" uspid="3363" ordinal="2" offset="26" sl="65" sc="9" el="65" ec="10" bec="0" bev="0" fileid="92" />
              </SequencePoints>
              <BranchPoints />
              <MethodPoint xsi:type="SequencePoint" vc="0" uspid="3361" ordinal="0" offset="0" sl="63" sc="20" el="63" ec="60" bec="0" bev="0" fileid="92" />
            </Method>
            <Method visited="false" cyclomaticComplexity="5" nPathComplexity="0" sequenceCoverage="0" branchCoverage="0" crapScore="30" isConstructor="false" isStatic="true" isGetter="false" isSetter="false">
              <Summary numSequencePoints="9" visitedSequencePoints="0" numBranchPoints="1" visitedBranchPoints="0" sequenceCoverage="0" branchCoverage="0" maxCyclomaticComplexity="5" minCyclomaticComplexity="5" maxCrapScore="30" minCrapScore="30" visitedClasses="0" numClasses="0" visitedMethods="0" numMethods="1" />
              <MetadataToken>100663702</MetadataToken>
              <Name>System.Void Xunit.ConsoleClient.TransformFactory::Handler_XslTransform(System.String,System.String,System.Xml.Linq.XElement,System.String)</Name>
              <FileRef uid="92" />
              <SequencePoints>
                <SequencePoint vc="0" uspid="3364" ordinal="0" offset="0" sl="80" sc="13" el="80" ec="74" bec="0" bev="0" fileid="92" />
                <SequencePoint vc="0" uspid="3365" ordinal="1" offset="6" sl="82" sc="20" el="82" ec="106" bec="0" bev="0" fileid="92" />
                <SequencePoint vc="0" uspid="3366" ordinal="2" offset="25" sl="83" sc="20" el="83" ec="149" bec="0" bev="0" fileid="92" />
                <SequencePoint vc="0" uspid="3367" ordinal="3" offset="62" sl="84" sc="20" el="84" ec="65" bec="0" bev="0" fileid="92" />
                <SequencePoint vc="0" uspid="3368" ordinal="4" offset="69" sl="85" sc="20" el="85" ec="54" bec="0" bev="0" fileid="92" />
                <SequencePoint vc="0" uspid="3369" ordinal="5" offset="77" sl="87" sc="17" el="87" ec="47" bec="0" bev="0" fileid="92" />
                <SequencePoint vc="0" uspid="3370" ordinal="6" offset="84" sl="88" sc="17" el="88" ec="59" bec="0" bev="0" fileid="92" />
                <SequencePoint vc="0" uspid="3371" ordinal="7" offset="93" sl="89" sc="13" el="89" ec="14" bec="0" bev="0" fileid="92" />
                <SequencePoint vc="0" uspid="3372" ordinal="8" offset="137" sl="91" sc="9" el="91" ec="10" bec="0" bev="0" fileid="92" />
              </SequencePoints>
              <BranchPoints />
              <MethodPoint xsi:type="SequencePoint" vc="0" uspid="3364" ordinal="0" offset="0" sl="80" sc="13" el="80" ec="74" bec="0" bev="0" fileid="92" />
            </Method>
            <Method visited="false" cyclomaticComplexity="1" nPathComplexity="0" sequenceCoverage="0" branchCoverage="0" crapScore="2" isConstructor="true" isStatic="true" isGetter="false" isSetter="false">
              <Summary numSequencePoints="2" visitedSequencePoints="0" numBranchPoints="1" visitedBranchPoints="0" sequenceCoverage="0" branchCoverage="0" maxCyclomaticComplexity="1" minCyclomaticComplexity="1" maxCrapScore="2" minCrapScore="2" visitedClasses="0" numClasses="0" visitedMethods="0" numMethods="1" />
              <MetadataToken>100663703</MetadataToken>
              <Name>System.Void Xunit.ConsoleClient.TransformFactory::.cctor()</Name>
              <FileRef uid="92" />
              <SequencePoints>
                <SequencePoint vc="0" uspid="3373" ordinal="0" offset="0" sl="13" sc="9" el="13" ec="76" bec="0" bev="0" fileid="92" />
                <SequencePoint vc="0" uspid="3374" ordinal="1" offset="10" sl="17" sc="9" el="17" ec="52" bec="0" bev="0" fileid="92" />
              </SequencePoints>
              <BranchPoints />
              <MethodPoint xsi:type="SequencePoint" vc="0" uspid="3373" ordinal="0" offset="0" sl="13" sc="9" el="13" ec="76" bec="0" bev="0" fileid="92" />
            </Method>
          </Methods>
        </Class>
        <Class>
          <Summary numSequencePoints="5" visitedSequencePoints="0" numBranchPoints="5" visitedBranchPoints="0" sequenceCoverage="0" branchCoverage="0" maxCyclomaticComplexity="1" minCyclomaticComplexity="1" maxCrapScore="2" minCrapScore="2" visitedClasses="0" numClasses="1" visitedMethods="0" numMethods="5" />
          <FullName>Xunit.ConsoleClient.TransformFactory/&lt;&gt;c</FullName>
          <Methods>
            <Method visited="false" cyclomaticComplexity="1" nPathComplexity="0" sequenceCoverage="0" branchCoverage="0" crapScore="2" isConstructor="true" isStatic="true" isGetter="false" isSetter="false">
              <Summary numSequencePoints="0" visitedSequencePoints="0" numBranchPoints="0" visitedBranchPoints="0" sequenceCoverage="0" branchCoverage="0" maxCyclomaticComplexity="1" minCyclomaticComplexity="1" maxCrapScore="2" minCrapScore="2" visitedClasses="0" numClasses="0" visitedMethods="0" numMethods="0" />
              <MetadataToken>100663839</MetadataToken>
              <Name>System.Void Xunit.ConsoleClient.TransformFactory/&lt;&gt;c::.cctor()</Name>
              <SequencePoints />
              <BranchPoints />
              <MethodPoint vc="0" uspid="3375" ordinal="0" offset="0" />
            </Method>
            <Method visited="false" cyclomaticComplexity="1" nPathComplexity="0" sequenceCoverage="0" branchCoverage="0" crapScore="2" isConstructor="true" isStatic="false" isGetter="false" isSetter="false">
              <Summary numSequencePoints="0" visitedSequencePoints="0" numBranchPoints="0" visitedBranchPoints="0" sequenceCoverage="0" branchCoverage="0" maxCyclomaticComplexity="1" minCyclomaticComplexity="1" maxCrapScore="2" minCrapScore="2" visitedClasses="0" numClasses="0" visitedMethods="0" numMethods="0" />
              <MetadataToken>100663840</MetadataToken>
              <Name>System.Void Xunit.ConsoleClient.TransformFactory/&lt;&gt;c::.ctor()</Name>
              <SequencePoints />
              <BranchPoints />
              <MethodPoint vc="0" uspid="3376" ordinal="0" offset="0" />
            </Method>
            <Method visited="false" cyclomaticComplexity="1" nPathComplexity="0" sequenceCoverage="0" branchCoverage="0" crapScore="2" isConstructor="false" isStatic="false" isGetter="false" isSetter="false">
              <Summary numSequencePoints="1" visitedSequencePoints="0" numBranchPoints="1" visitedBranchPoints="0" sequenceCoverage="0" branchCoverage="0" maxCyclomaticComplexity="1" minCyclomaticComplexity="1" maxCrapScore="2" minCrapScore="2" visitedClasses="0" numClasses="0" visitedMethods="0" numMethods="1" />
              <MetadataToken>100663841</MetadataToken>
              <Name>System.Void Xunit.ConsoleClient.TransformFactory/&lt;&gt;c::&lt;.ctor&gt;b__3_0(System.Xml.Linq.XElement,System.String)</Name>
              <FileRef uid="92" />
              <SequencePoints>
                <SequencePoint vc="0" uspid="3377" ordinal="0" offset="0" sl="31" sc="58" el="31" ec="123" bec="0" bev="0" fileid="92" />
              </SequencePoints>
              <BranchPoints />
              <MethodPoint xsi:type="SequencePoint" vc="0" uspid="3377" ordinal="0" offset="0" sl="31" sc="58" el="31" ec="123" bec="0" bev="0" fileid="92" />
            </Method>
            <Method visited="false" cyclomaticComplexity="1" nPathComplexity="0" sequenceCoverage="0" branchCoverage="0" crapScore="2" isConstructor="false" isStatic="false" isGetter="false" isSetter="false">
              <Summary numSequencePoints="1" visitedSequencePoints="0" numBranchPoints="1" visitedBranchPoints="0" sequenceCoverage="0" branchCoverage="0" maxCyclomaticComplexity="1" minCyclomaticComplexity="1" maxCrapScore="2" minCrapScore="2" visitedClasses="0" numClasses="0" visitedMethods="0" numMethods="1" />
              <MetadataToken>100663842</MetadataToken>
              <Name>System.Void Xunit.ConsoleClient.TransformFactory/&lt;&gt;c::&lt;.ctor&gt;b__3_1(System.Xml.Linq.XElement,System.String)</Name>
              <FileRef uid="92" />
              <SequencePoints>
                <SequencePoint vc="0" uspid="3378" ordinal="0" offset="0" sl="37" sc="58" el="37" ec="120" bec="0" bev="0" fileid="92" />
              </SequencePoints>
              <BranchPoints />
              <MethodPoint xsi:type="SequencePoint" vc="0" uspid="3378" ordinal="0" offset="0" sl="37" sc="58" el="37" ec="120" bec="0" bev="0" fileid="92" />
            </Method>
            <Method visited="false" cyclomaticComplexity="1" nPathComplexity="0" sequenceCoverage="0" branchCoverage="0" crapScore="2" isConstructor="false" isStatic="false" isGetter="false" isSetter="false">
              <Summary numSequencePoints="1" visitedSequencePoints="0" numBranchPoints="1" visitedBranchPoints="0" sequenceCoverage="0" branchCoverage="0" maxCyclomaticComplexity="1" minCyclomaticComplexity="1" maxCrapScore="2" minCrapScore="2" visitedClasses="0" numClasses="0" visitedMethods="0" numMethods="1" />
              <MetadataToken>100663843</MetadataToken>
              <Name>System.Void Xunit.ConsoleClient.TransformFactory/&lt;&gt;c::&lt;.ctor&gt;b__3_2(System.Xml.Linq.XElement,System.String)</Name>
              <FileRef uid="92" />
              <SequencePoints>
                <SequencePoint vc="0" uspid="3379" ordinal="0" offset="0" sl="43" sc="58" el="43" ec="125" bec="0" bev="0" fileid="92" />
              </SequencePoints>
              <BranchPoints />
              <MethodPoint xsi:type="SequencePoint" vc="0" uspid="3379" ordinal="0" offset="0" sl="43" sc="58" el="43" ec="125" bec="0" bev="0" fileid="92" />
            </Method>
            <Method visited="false" cyclomaticComplexity="1" nPathComplexity="0" sequenceCoverage="0" branchCoverage="0" crapScore="2" isConstructor="false" isStatic="false" isGetter="false" isSetter="false">
              <Summary numSequencePoints="1" visitedSequencePoints="0" numBranchPoints="1" visitedBranchPoints="0" sequenceCoverage="0" branchCoverage="0" maxCyclomaticComplexity="1" minCyclomaticComplexity="1" maxCrapScore="2" minCrapScore="2" visitedClasses="0" numClasses="0" visitedMethods="0" numMethods="1" />
              <MetadataToken>100663844</MetadataToken>
              <Name>System.Void Xunit.ConsoleClient.TransformFactory/&lt;&gt;c::&lt;.ctor&gt;b__3_3(System.Xml.Linq.XElement,System.String)</Name>
              <FileRef uid="92" />
              <SequencePoints>
                <SequencePoint vc="0" uspid="3380" ordinal="0" offset="0" sl="49" sc="58" el="49" ec="125" bec="0" bev="0" fileid="92" />
              </SequencePoints>
              <BranchPoints />
              <MethodPoint xsi:type="SequencePoint" vc="0" uspid="3380" ordinal="0" offset="0" sl="49" sc="58" el="49" ec="125" bec="0" bev="0" fileid="92" />
            </Method>
            <Method visited="false" cyclomaticComplexity="1" nPathComplexity="0" sequenceCoverage="0" branchCoverage="0" crapScore="2" isConstructor="false" isStatic="false" isGetter="false" isSetter="false">
              <Summary numSequencePoints="1" visitedSequencePoints="0" numBranchPoints="1" visitedBranchPoints="0" sequenceCoverage="0" branchCoverage="0" maxCyclomaticComplexity="1" minCyclomaticComplexity="1" maxCrapScore="2" minCrapScore="2" visitedClasses="0" numClasses="0" visitedMethods="0" numMethods="1" />
              <MetadataToken>100663845</MetadataToken>
              <Name>System.Action`1&lt;System.Xml.Linq.XElement&gt; Xunit.ConsoleClient.TransformFactory/&lt;&gt;c::&lt;GetXmlTransformers&gt;b__6_0(System.Collections.Generic.KeyValuePair`2&lt;System.String,System.String&gt;)</Name>
              <FileRef uid="92" />
              <SequencePoints>
                <SequencePoint vc="0" uspid="3381" ordinal="0" offset="12" sl="58" sc="41" el="58" ec="143" bec="0" bev="0" fileid="92" />
              </SequencePoints>
              <BranchPoints />
              <MethodPoint vc="0" uspid="3382" ordinal="0" offset="0" />
            </Method>
          </Methods>
        </Class>
        <Class>
          <Summary numSequencePoints="1" visitedSequencePoints="0" numBranchPoints="1" visitedBranchPoints="0" sequenceCoverage="0" branchCoverage="0" maxCyclomaticComplexity="1" minCyclomaticComplexity="1" maxCrapScore="2" minCrapScore="2" visitedClasses="0" numClasses="1" visitedMethods="0" numMethods="1" />
          <FullName>Xunit.ConsoleClient.TransformFactory/&lt;&gt;c__DisplayClass6_0</FullName>
          <Methods>
            <Method visited="false" cyclomaticComplexity="1" nPathComplexity="0" sequenceCoverage="0" branchCoverage="0" crapScore="2" isConstructor="true" isStatic="false" isGetter="false" isSetter="false">
              <Summary numSequencePoints="0" visitedSequencePoints="0" numBranchPoints="0" visitedBranchPoints="0" sequenceCoverage="0" branchCoverage="0" maxCyclomaticComplexity="1" minCyclomaticComplexity="1" maxCrapScore="2" minCrapScore="2" visitedClasses="0" numClasses="0" visitedMethods="0" numMethods="0" />
              <MetadataToken>100663846</MetadataToken>
              <Name>System.Void Xunit.ConsoleClient.TransformFactory/&lt;&gt;c__DisplayClass6_0::.ctor()</Name>
              <SequencePoints />
              <BranchPoints />
              <MethodPoint vc="0" uspid="3383" ordinal="0" offset="0" />
            </Method>
            <Method visited="false" cyclomaticComplexity="1" nPathComplexity="0" sequenceCoverage="0" branchCoverage="0" crapScore="2" isConstructor="false" isStatic="false" isGetter="false" isSetter="false">
              <Summary numSequencePoints="1" visitedSequencePoints="0" numBranchPoints="1" visitedBranchPoints="0" sequenceCoverage="0" branchCoverage="0" maxCyclomaticComplexity="1" minCyclomaticComplexity="1" maxCrapScore="2" minCrapScore="2" visitedClasses="0" numClasses="0" visitedMethods="0" numMethods="1" />
              <MetadataToken>100663847</MetadataToken>
              <Name>System.Void Xunit.ConsoleClient.TransformFactory/&lt;&gt;c__DisplayClass6_0::&lt;GetXmlTransformers&gt;b__1(System.Xml.Linq.XElement)</Name>
              <FileRef uid="92" />
              <SequencePoints>
                <SequencePoint vc="0" uspid="3384" ordinal="0" offset="0" sl="58" sc="69" el="58" ec="142" bec="0" bev="0" fileid="92" />
              </SequencePoints>
              <BranchPoints />
              <MethodPoint xsi:type="SequencePoint" vc="0" uspid="3384" ordinal="0" offset="0" sl="58" sc="69" el="58" ec="142" bec="0" bev="0" fileid="92" />
            </Method>
          </Methods>
        </Class>
      </Classes>
    </Module>
    <Module skippedDueTo="Filter" hash="C9-B3-C3-8D-F4-E8-85-E1-6A-71-28-63-AF-3C-A9-B7-AF-AB-CF-81">
      <ModulePath>C:\Program Files\dotnet\shared\Microsoft.NETCore.App\2.0.9\System.Runtime.dll</ModulePath>
      <ModuleTime>2018-06-14T14:46:02Z</ModuleTime>
      <ModuleName>System.Runtime</ModuleName>
      <Classes />
    </Module>
    <Module skippedDueTo="MissingPdb" hash="5A-F0-9A-D5-20-73-4E-6A-81-98-7B-D7-6D-2F-8E-FF-A5-1D-FA-2A">
      <ModulePath>c:\Projects\NetworkAdapterManager\packages\xunit.runner.console.2.4.1\tools\netcoreapp2.0\xunit.abstractions.dll</ModulePath>
      <ModuleTime>2018-10-29T02:17:04Z</ModuleTime>
      <ModuleName>xunit.abstractions</ModuleName>
      <Classes />
    </Module>
    <Module skippedDueTo="Filter" hash="74-4A-1E-37-8A-56-AD-22-E1-AE-C2-C4-38-52-DF-D7-65-36-22-E1">
      <ModulePath>C:\Program Files\dotnet\shared\Microsoft.NETCore.App\2.0.9\System.Console.dll</ModulePath>
      <ModuleTime>2018-06-14T14:45:50Z</ModuleTime>
      <ModuleName>System.Console</ModuleName>
      <Classes />
    </Module>
    <Module skippedDueTo="Filter" hash="51-46-EE-B5-4C-D2-83-B9-17-D1-76-EA-17-3C-AD-CE-A3-AD-E1-51">
      <ModulePath>C:\Program Files\dotnet\shared\Microsoft.NETCore.App\2.0.9\System.Diagnostics.StackTrace.dll</ModulePath>
      <ModuleTime>2018-06-14T14:45:52Z</ModuleTime>
      <ModuleName>System.Diagnostics.StackTrace</ModuleName>
      <Classes />
    </Module>
    <Module skippedDueTo="Filter" hash="D9-A1-4C-AD-59-02-C0-91-11-DD-50-86-CB-86-59-93-CF-A9-C5-DD">
      <ModulePath>C:\Program Files\dotnet\shared\Microsoft.NETCore.App\2.0.9\System.Reflection.Metadata.dll</ModulePath>
      <ModuleTime>2018-06-14T14:46:00Z</ModuleTime>
      <ModuleName>System.Reflection.Metadata</ModuleName>
      <Classes />
    </Module>
    <Module skippedDueTo="Filter" hash="9D-9F-49-BB-7E-31-58-51-30-B9-D0-CB-BE-03-BB-C4-18-34-53-A3">
      <ModulePath>C:\Program Files\dotnet\shared\Microsoft.NETCore.App\2.0.9\System.IO.FileSystem.dll</ModulePath>
      <ModuleTime>2018-06-14T14:45:54Z</ModuleTime>
      <ModuleName>System.IO.FileSystem</ModuleName>
      <Classes />
    </Module>
    <Module skippedDueTo="Filter" hash="95-30-22-0A-6C-BD-BB-12-77-7C-3F-8D-C0-09-B4-34-B6-A6-B9-D7">
      <ModulePath>C:\Program Files\dotnet\shared\Microsoft.NETCore.App\2.0.9\System.Runtime.Extensions.dll</ModulePath>
      <ModuleTime>2018-06-14T14:46:00Z</ModuleTime>
      <ModuleName>System.Runtime.Extensions</ModuleName>
      <Classes />
    </Module>
    <Module skippedDueTo="Filter" hash="BD-5E-3F-DA-25-37-84-84-A2-83-F9-1C-6B-D0-47-53-FC-DD-BA-D8">
      <ModulePath>C:\Program Files\dotnet\shared\Microsoft.NETCore.App\2.0.9\System.Runtime.InteropServices.dll</ModulePath>
      <ModuleTime>2018-06-14T14:46:00Z</ModuleTime>
      <ModuleName>System.Runtime.InteropServices</ModuleName>
      <Classes />
    </Module>
    <Module skippedDueTo="Filter" hash="19-63-EA-88-2C-51-9E-C5-94-B6-A8-06-00-8E-32-C9-B8-B6-24-D7">
      <ModulePath>C:\Program Files\dotnet\shared\Microsoft.NETCore.App\2.0.9\System.Collections.Immutable.dll</ModulePath>
      <ModuleTime>2018-06-14T14:45:50Z</ModuleTime>
      <ModuleName>System.Collections.Immutable</ModuleName>
      <Classes />
    </Module>
    <Module skippedDueTo="Filter" hash="D5-20-E1-C3-5E-DE-A6-C5-F5-86-74-29-6F-F7-A6-AF-1C-3F-D6-54">
      <ModulePath>C:\Program Files\dotnet\shared\Microsoft.NETCore.App\2.0.9\System.Threading.dll</ModulePath>
      <ModuleTime>2018-06-14T14:46:04Z</ModuleTime>
      <ModuleName>System.Threading</ModuleName>
      <Classes />
    </Module>
    <Module skippedDueTo="Filter" hash="3F-C7-D3-D3-97-73-5C-34-58-79-AF-46-3D-55-61-BD-C1-AC-E5-9E">
      <ModulePath>C:\Program Files\dotnet\shared\Microsoft.NETCore.App\2.0.9\System.IO.Compression.dll</ModulePath>
      <ModuleTime>2018-06-14T14:45:52Z</ModuleTime>
      <ModuleName>System.IO.Compression</ModuleName>
      <Classes />
    </Module>
    <Module skippedDueTo="Filter" hash="08-D2-18-64-16-A7-72-72-15-AF-0E-0D-7D-66-22-10-E3-A4-E9-54">
      <ModulePath>C:\Program Files\dotnet\shared\Microsoft.NETCore.App\2.0.9\System.Buffers.dll</ModulePath>
      <ModuleTime>2018-06-14T14:45:50Z</ModuleTime>
      <ModuleName>System.Buffers</ModuleName>
      <Classes />
    </Module>
    <Module skippedDueTo="Filter" hash="42-AF-93-A6-0A-B6-13-72-72-49-D1-44-EF-CF-75-27-80-71-CA-15">
      <ModulePath>C:\Program Files\dotnet\shared\Microsoft.NETCore.App\2.0.9\System.Text.Encoding.Extensions.dll</ModulePath>
      <ModuleTime>2018-06-14T14:46:02Z</ModuleTime>
      <ModuleName>System.Text.Encoding.Extensions</ModuleName>
      <Classes />
    </Module>
  </Modules>
</CoverageSession>